[2026-09-21 03:37:26] START screen_selection | h=1m | gmm | K=2
[2026-09-21 03:37:27] DONE  screen_selection | h=1m | gmm | K=2 | 1.0s
[2026-09-21 03:37:27] START screen_selection | h=1m | gmm | K=3
[2026-09-21 03:37:30] DONE  screen_selection | h=1m | gmm | K=3 | 2.8s
[2026-09-21 03:37:30] START screen_selection | h=1m | gmm | K=4
[2026-09-21 03:37:35] DONE  screen_selection | h=1m | gmm | K=4 | 5.4s
[2026-09-21 03:37:35] START screen_selection | h=1m | gmm | K=5
[2026-09-21 03:37:40] DONE  screen_selection | h=1m | gmm | K=5 | 5.2s
[2026-09-21 03:37:40] START screen_selection | h=1m | gmm | K=6
[2026-09-21 03:37:43] DONE  screen_selection | h=1m | gmm | K=6 | 2.8s
[2026-09-21 03:37:43] START screen_selection | h=1m | gmm | K=7
[2026-09-21 03:37:46] DONE  screen_selection | h=1m | gmm | K=7 | 2.5s
[2026-09-21 03:37:46] START screen_selection | h=1m | gaussian_hmm | K=2 | seed=42
[2026-09-21 03:39:22] DONE  screen_selection | h=1m | gaussian_hmm | K=2 | seed=42 | 96.3s | converged=True
[2026-09-21 03:39:22] START screen_selection | h=1m | gaussian_hmm | K=2 | seed=43
[2026-09-21 03:41:07] DONE  screen_selection | h=1m | gaussian_hmm | K=2 | seed=43 | 105.1s | converged=True
[2026-09-21 03:41:07] START screen_selection | h=1m | gaussian_hmm | K=2 | seed=44
[2026-09-21 03:42:57] DONE  screen_selection | h=1m | gaussian_hmm | K=2 | seed=44 | 110.2s | converged=True
[2026-09-21 03:43:35] START screen_selection | h=1m | gaussian_hmm | K=3 | seed=42
[2026-09-21 03:46:40] DONE  screen_selection | h=1m | gaussian_hmm | K=3 | seed=42 | 185.2s | converged=True
[2026-09-21 03:46:40] START screen_selection | h=1m | gaussian_hmm | K=3 | seed=43
[2026-09-21 03:49:41] DONE  screen_selection | h=1m | gaussian_hmm | K=3 | seed=43 | 180.7s | converged=True
[2026-09-21 03:49:41] START screen_selection | h=1m | gaussian_hmm | K=3 | seed=44
[2026-09-21 03:52:42] DONE  screen_selection | h=1m | gaussian_hmm | K=3 | seed=44 | 181.5s | converged=True
[2026-09-21 03:53:10] START screen_selection | h=1m | gaussian_hmm | K=4 | seed=42
[2026-09-21 03:57:58] DONE  screen_selection | h=1m | gaussian_hmm | K=4 | seed=42 | 288.2s | converged=False
[2026-09-21 03:57:58] START screen_selection | h=1m | gaussian_hmm | K=4 | seed=43
[2026-09-21 04:02:54] DONE  screen_selection | h=1m | gaussian_hmm | K=4 | seed=43 | 295.9s | converged=False
[2026-09-21 04:02:54] START screen_selection | h=1m | gaussian_hmm | K=4 | seed=44
[2026-09-21 04:07:56] DONE  screen_selection | h=1m | gaussian_hmm | K=4 | seed=44 | 302.0s | converged=False
[2026-09-21 04:08:28] START screen_selection | h=1m | gaussian_hmm | K=5 | seed=42
[2026-09-21 04:13:25] DONE  screen_selection | h=1m | gaussian_hmm | K=5 | seed=42 | 296.8s | converged=True
[2026-09-21 04:13:25] START screen_selection | h=1m | gaussian_hmm | K=5 | seed=43
[2026-09-21 04:18:13] DONE  screen_selection | h=1m | gaussian_hmm | K=5 | seed=43 | 287.6s | converged=True
[2026-09-21 04:18:13] START screen_selection | h=1m | gaussian_hmm | K=5 | seed=44
[2026-09-21 04:23:07] DONE  screen_selection | h=1m | gaussian_hmm | K=5 | seed=44 | 294.7s | converged=True
[2026-09-21 04:23:47] START screen_selection | h=1m | gaussian_hmm | K=6 | seed=42
[2026-09-21 04:28:48] DONE  screen_selection | h=1m | gaussian_hmm | K=6 | seed=42 | 301.6s | converged=True
[2026-09-21 04:28:48] START screen_selection | h=1m | gaussian_hmm | K=6 | seed=43
[2026-09-21 04:33:43] DONE  screen_selection | h=1m | gaussian_hmm | K=6 | seed=43 | 295.4s | converged=True
[2026-09-21 04:33:43] START screen_selection | h=1m | gaussian_hmm | K=6 | seed=44
[2026-09-21 04:38:33] DONE  screen_selection | h=1m | gaussian_hmm | K=6 | seed=44 | 289.2s | converged=True
[2026-09-21 04:39:03] START screen_selection | h=1m | gaussian_hmm | K=7 | seed=42
[2026-09-21 04:43:56] DONE  screen_selection | h=1m | gaussian_hmm | K=7 | seed=42 | 292.4s | converged=True
[2026-09-21 04:43:56] START screen_selection | h=1m | gaussian_hmm | K=7 | seed=43
[2026-09-21 04:48:54] DONE  screen_selection | h=1m | gaussian_hmm | K=7 | seed=43 | 298.9s | converged=True
[2026-09-21 04:48:54] START screen_selection | h=1m | gaussian_hmm | K=7 | seed=44
[2026-09-21 04:53:45] DONE  screen_selection | h=1m | gaussian_hmm | K=7 | seed=44 | 290.3s | converged=True
[2026-09-21 04:54:23] START screen_selection | h=2m | gmm | K=2
[2026-09-21 04:54:24] DONE  screen_selection | h=2m | gmm | K=2 | 0.8s
[2026-09-21 04:54:24] START screen_selection | h=2m | gmm | K=3
[2026-09-21 04:54:25] DONE  screen_selection | h=2m | gmm | K=3 | 1.1s
[2026-09-21 04:54:25] START screen_selection | h=2m | gmm | K=4
[2026-09-21 04:54:27] DONE  screen_selection | h=2m | gmm | K=4 | 2.5s
[2026-09-21 04:54:27] START screen_selection | h=2m | gmm | K=5
[2026-09-21 04:54:29] DONE  screen_selection | h=2m | gmm | K=5 | 1.6s
[2026-09-21 04:54:29] START screen_selection | h=2m | gmm | K=6
[2026-09-21 04:54:32] DONE  screen_selection | h=2m | gmm | K=6 | 3.0s
[2026-09-21 04:54:32] START screen_selection | h=2m | gmm | K=7
[2026-09-21 04:54:34] DONE  screen_selection | h=2m | gmm | K=7 | 1.9s
[2026-09-21 04:54:34] START screen_selection | h=2m | gaussian_hmm | K=2 | seed=42
[2026-09-21 04:55:27] DONE  screen_selection | h=2m | gaussian_hmm | K=2 | seed=42 | 53.1s | converged=True
[2026-09-21 04:55:27] START screen_selection | h=2m | gaussian_hmm | K=2 | seed=43
[2026-09-21 04:56:13] DONE  screen_selection | h=2m | gaussian_hmm | K=2 | seed=43 | 46.2s | converged=True
[2026-09-21 04:56:13] START screen_selection | h=2m | gaussian_hmm | K=2 | seed=44
[2026-09-21 04:57:04] DONE  screen_selection | h=2m | gaussian_hmm | K=2 | seed=44 | 51.3s | converged=True
[2026-09-21 04:57:23] START screen_selection | h=2m | gaussian_hmm | K=3 | seed=42
[2026-09-21 04:58:48] DONE  screen_selection | h=2m | gaussian_hmm | K=3 | seed=42 | 85.1s | converged=True
[2026-09-21 04:58:48] START screen_selection | h=2m | gaussian_hmm | K=3 | seed=43
[2026-09-21 05:00:08] DONE  screen_selection | h=2m | gaussian_hmm | K=3 | seed=43 | 80.0s | converged=True
[2026-09-21 05:00:08] START screen_selection | h=2m | gaussian_hmm | K=3 | seed=44
[2026-09-21 05:01:37] DONE  screen_selection | h=2m | gaussian_hmm | K=3 | seed=44 | 89.0s | converged=True
[2026-09-21 05:01:51] START screen_selection | h=2m | gaussian_hmm | K=4 | seed=42
[2026-09-21 05:04:11] DONE  screen_selection | h=2m | gaussian_hmm | K=4 | seed=42 | 139.8s | converged=False
[2026-09-21 05:04:11] START screen_selection | h=2m | gaussian_hmm | K=4 | seed=43
[2026-09-21 05:06:21] DONE  screen_selection | h=2m | gaussian_hmm | K=4 | seed=43 | 130.2s | converged=False
[2026-09-21 05:06:21] START screen_selection | h=2m | gaussian_hmm | K=4 | seed=44
[2026-09-21 05:08:30] DONE  screen_selection | h=2m | gaussian_hmm | K=4 | seed=44 | 128.2s | converged=False
[2026-09-21 05:08:46] START screen_selection | h=2m | gaussian_hmm | K=5 | seed=42
[2026-09-21 05:10:59] DONE  screen_selection | h=2m | gaussian_hmm | K=5 | seed=42 | 133.6s | converged=False
[2026-09-21 05:10:59] START screen_selection | h=2m | gaussian_hmm | K=5 | seed=43
[2026-09-21 05:13:10] DONE  screen_selection | h=2m | gaussian_hmm | K=5 | seed=43 | 130.4s | converged=False
[2026-09-21 05:13:10] START screen_selection | h=2m | gaussian_hmm | K=5 | seed=44
[2026-09-21 05:15:22] DONE  screen_selection | h=2m | gaussian_hmm | K=5 | seed=44 | 132.8s | converged=False
[2026-09-21 05:15:42] START screen_selection | h=2m | gaussian_hmm | K=6 | seed=42
[2026-09-21 05:17:48] DONE  screen_selection | h=2m | gaussian_hmm | K=6 | seed=42 | 125.7s | converged=False
[2026-09-21 05:17:48] START screen_selection | h=2m | gaussian_hmm | K=6 | seed=43
[2026-09-21 05:20:13] DONE  screen_selection | h=2m | gaussian_hmm | K=6 | seed=43 | 145.2s | converged=False
[2026-09-21 05:20:13] START screen_selection | h=2m | gaussian_hmm | K=6 | seed=44
[2026-09-21 05:22:34] DONE  screen_selection | h=2m | gaussian_hmm | K=6 | seed=44 | 140.9s | converged=False
[2026-09-21 05:22:55] START screen_selection | h=2m | gaussian_hmm | K=7 | seed=42
[2026-09-21 05:24:58] DONE  screen_selection | h=2m | gaussian_hmm | K=7 | seed=42 | 123.3s | converged=True
[2026-09-21 05:24:58] START screen_selection | h=2m | gaussian_hmm | K=7 | seed=43
[2026-09-21 05:27:12] DONE  screen_selection | h=2m | gaussian_hmm | K=7 | seed=43 | 133.2s | converged=True
[2026-09-21 05:27:12] START screen_selection | h=2m | gaussian_hmm | K=7 | seed=44
[2026-09-21 05:29:27] DONE  screen_selection | h=2m | gaussian_hmm | K=7 | seed=44 | 135.3s | converged=True
[2026-09-21 05:29:43] START confirm_selection | h=1m | student_t_shared | K=2 | seed=62
[2026-09-21 05:34:07] DONE  confirm_selection | h=1m | student_t_shared | K=2 | seed=62 | 263.8s | converged=True
[2026-09-21 05:34:07] START confirm_selection | h=1m | student_t_shared | K=2 | seed=63
[2026-09-21 05:38:33] DONE  confirm_selection | h=1m | student_t_shared | K=2 | seed=63 | 266.6s | converged=True
[2026-09-21 05:38:33] START confirm_selection | h=1m | student_t_shared | K=2 | seed=64
[2026-09-21 05:42:24] DONE  confirm_selection | h=1m | student_t_shared | K=2 | seed=64 | 230.2s | converged=True
[2026-09-21 05:43:04] START confirm_selection | h=1m | student_t_shared | K=3 | seed=62
[2026-09-21 05:48:04] DONE  confirm_selection | h=1m | student_t_shared | K=3 | seed=62 | 300.2s | converged=True
[2026-09-21 05:48:04] START confirm_selection | h=1m | student_t_shared | K=3 | seed=63
[2026-09-21 05:53:02] DONE  confirm_selection | h=1m | student_t_shared | K=3 | seed=63 | 298.0s | converged=True
[2026-09-21 05:53:02] START confirm_selection | h=1m | student_t_shared | K=3 | seed=64
[2026-09-21 05:58:11] DONE  confirm_selection | h=1m | student_t_shared | K=3 | seed=64 | 309.2s | converged=True
[2026-09-21 05:58:49] START confirm_selection | h=1m | student_t_shared | K=4 | seed=62
[2026-09-21 06:03:39] DONE  confirm_selection | h=1m | student_t_shared | K=4 | seed=62 | 289.8s | converged=True
[2026-09-21 06:03:39] START confirm_selection | h=1m | student_t_shared | K=4 | seed=63
[2026-09-21 06:08:50] DONE  confirm_selection | h=1m | student_t_shared | K=4 | seed=63 | 311.2s | converged=True
[2026-09-21 06:08:50] START confirm_selection | h=1m | student_t_shared | K=4 | seed=64
[2026-09-21 06:13:58] DONE  confirm_selection | h=1m | student_t_shared | K=4 | seed=64 | 307.9s | converged=True
[2026-09-21 06:14:33] START confirm_selection | h=1m | student_t_shared | K=5 | seed=62
[2026-09-21 06:19:45] DONE  confirm_selection | h=1m | student_t_shared | K=5 | seed=62 | 311.8s | converged=True
[2026-09-21 06:19:45] START confirm_selection | h=1m | student_t_shared | K=5 | seed=63
[2026-09-21 06:24:45] DONE  confirm_selection | h=1m | student_t_shared | K=5 | seed=63 | 299.6s | converged=True
[2026-09-21 06:24:45] START confirm_selection | h=1m | student_t_shared | K=5 | seed=64
[2026-09-21 06:29:50] DONE  confirm_selection | h=1m | student_t_shared | K=5 | seed=64 | 305.2s | converged=True
[2026-09-21 06:30:33] START confirm_selection | h=1m | student_t_shared | K=6 | seed=62
[2026-09-21 06:35:47] DONE  confirm_selection | h=1m | student_t_shared | K=6 | seed=62 | 313.6s | converged=True
[2026-09-21 06:35:47] START confirm_selection | h=1m | student_t_shared | K=6 | seed=63
[2026-09-21 06:40:44] DONE  confirm_selection | h=1m | student_t_shared | K=6 | seed=63 | 297.1s | converged=True
[2026-09-21 06:40:44] START confirm_selection | h=1m | student_t_shared | K=6 | seed=64
[2026-09-21 06:45:48] DONE  confirm_selection | h=1m | student_t_shared | K=6 | seed=64 | 304.0s | converged=True
[2026-09-21 06:46:29] START confirm_selection | h=1m | student_t_shared | K=7 | seed=62
[2026-09-21 06:51:28] DONE  confirm_selection | h=1m | student_t_shared | K=7 | seed=62 | 299.5s | converged=False
[2026-09-21 06:51:28] START confirm_selection | h=1m | student_t_shared | K=7 | seed=63
[2026-09-21 06:56:41] DONE  confirm_selection | h=1m | student_t_shared | K=7 | seed=63 | 312.9s | converged=False
[2026-09-21 06:56:41] START confirm_selection | h=1m | student_t_shared | K=7 | seed=64
[2026-09-21 07:01:49] DONE  confirm_selection | h=1m | student_t_shared | K=7 | seed=64 | 307.9s | converged=False
[2026-09-21 07:02:34] START confirm_selection | h=1m | student_t_state | K=2 | seed=62
[2026-09-21 07:06:48] DONE  confirm_selection | h=1m | student_t_state | K=2 | seed=62 | 254.5s | converged=True
[2026-09-21 07:06:48] START confirm_selection | h=1m | student_t_state | K=2 | seed=63
[2026-09-21 07:10:49] DONE  confirm_selection | h=1m | student_t_state | K=2 | seed=63 | 240.8s | converged=True
[2026-09-21 07:10:49] START confirm_selection | h=1m | student_t_state | K=2 | seed=64
[2026-09-21 07:15:37] DONE  confirm_selection | h=1m | student_t_state | K=2 | seed=64 | 287.5s | converged=True
[2026-09-21 07:16:14] START confirm_selection | h=1m | student_t_state | K=3 | seed=62
[2026-09-21 07:21:15] DONE  confirm_selection | h=1m | student_t_state | K=3 | seed=62 | 300.9s | converged=True
[2026-09-21 07:21:15] START confirm_selection | h=1m | student_t_state | K=3 | seed=63
[2026-09-21 07:23:10] FAIL  confirm_selection | h=1m | student_t_state | K=3 | seed=63 | AcceleratorError: CUDA error: an illegal memory access was encountered
Search for `cudaErrorIllegalAddress' in https://docs.nvidia.com/cuda/cuda-runtime-api/group__CUDART__TYPES.html for more information.
CUDA kernel errors might be asynchronously reported at some other API call, so the stacktrace below might be incorrect.
For debugging consider passing CUDA_LAUNCH_BLOCKING=1

[2026-09-21 07:23:10] START confirm_selection | h=1m | student_t_state | K=3 | seed=64
[2026-09-21 07:23:11] FAIL  confirm_selection | h=1m | student_t_state | K=3 | seed=64 | AcceleratorError: CUDA error: an illegal memory access was encountered
Search for `cudaErrorIllegalAddress' in https://docs.nvidia.com/cuda/cuda-runtime-api/group__CUDART__TYPES.html for more information.
CUDA kernel errors might be asynchronously reported at some other API call, so the stacktrace below might be incorrect.
For debugging consider passing CUDA_LAUNCH_BLOCKING=1
The CUDA driver logged these messages, which may provide useful details:
Sticky error detected
Returning 700 (CUDA_ERROR_ILLEGAL_ADDRESS) from cuStreamIsCapturing


[2026-09-22 19:32:08] CACHE confirm_selection | h=1m | student_t_state | K=2 | seed=62
[2026-09-22 19:32:08] CACHE confirm_selection | h=1m | student_t_state | K=2 | seed=63
[2026-09-22 19:32:08] CACHE confirm_selection | h=1m | student_t_state | K=2 | seed=64
[2026-09-22 19:32:34] CACHE confirm_selection | h=1m | student_t_state | K=3 | seed=62
[2026-09-22 19:32:34] START confirm_selection | h=1m | student_t_state | K=3 | seed=63
[2026-09-22 19:37:13] DONE  confirm_selection | h=1m | student_t_state | K=3 | seed=63 | 279.0s | converged=True
[2026-09-22 19:37:13] START confirm_selection | h=1m | student_t_state | K=3 | seed=64
[2026-09-22 19:41:44] DONE  confirm_selection | h=1m | student_t_state | K=3 | seed=64 | 271.4s | converged=True
[2026-09-22 19:42:09] START confirm_selection | h=1m | student_t_state | K=4 | seed=62
[2026-09-22 19:46:43] DONE  confirm_selection | h=1m | student_t_state | K=4 | seed=62 | 273.5s | converged=True
[2026-09-22 19:46:43] START confirm_selection | h=1m | student_t_state | K=4 | seed=63
[2026-09-22 19:51:15] DONE  confirm_selection | h=1m | student_t_state | K=4 | seed=63 | 272.1s | converged=True
[2026-09-22 19:51:15] START confirm_selection | h=1m | student_t_state | K=4 | seed=64
[2026-09-22 19:55:47] DONE  confirm_selection | h=1m | student_t_state | K=4 | seed=64 | 271.5s | converged=True
[2026-09-22 19:56:12] START confirm_selection | h=1m | student_t_state | K=5 | seed=62
[2026-09-22 20:00:45] DONE  confirm_selection | h=1m | student_t_state | K=5 | seed=62 | 273.3s | converged=True
[2026-09-22 20:00:45] START confirm_selection | h=1m | student_t_state | K=5 | seed=63
[2026-09-22 20:05:18] DONE  confirm_selection | h=1m | student_t_state | K=5 | seed=63 | 273.2s | converged=True
[2026-09-22 20:05:18] START confirm_selection | h=1m | student_t_state | K=5 | seed=64
[2026-09-22 20:09:52] DONE  confirm_selection | h=1m | student_t_state | K=5 | seed=64 | 273.5s | converged=True
[2026-09-22 20:10:17] START confirm_selection | h=1m | student_t_state | K=6 | seed=62
[2026-09-22 20:14:51] DONE  confirm_selection | h=1m | student_t_state | K=6 | seed=62 | 273.8s | converged=True
[2026-09-22 20:14:51] START confirm_selection | h=1m | student_t_state | K=6 | seed=63
[2026-09-22 20:19:25] DONE  confirm_selection | h=1m | student_t_state | K=6 | seed=63 | 274.0s | converged=True
[2026-09-22 20:19:25] START confirm_selection | h=1m | student_t_state | K=6 | seed=64
[2026-09-22 20:23:58] DONE  confirm_selection | h=1m | student_t_state | K=6 | seed=64 | 273.2s | converged=True
[2026-09-22 20:24:24] START confirm_selection | h=1m | student_t_state | K=7 | seed=62
[2026-09-22 20:28:59] DONE  confirm_selection | h=1m | student_t_state | K=7 | seed=62 | 275.1s | converged=False
[2026-09-22 20:28:59] START confirm_selection | h=1m | student_t_state | K=7 | seed=63
[2026-09-22 20:33:35] DONE  confirm_selection | h=1m | student_t_state | K=7 | seed=63 | 276.3s | converged=False
[2026-09-22 20:33:35] START confirm_selection | h=1m | student_t_state | K=7 | seed=64
[2026-09-22 20:38:08] DONE  confirm_selection | h=1m | student_t_state | K=7 | seed=64 | 273.6s | converged=True
[2026-09-22 20:38:34] START confirm_selection | h=2m | student_t_shared | K=2 | seed=62
[2026-09-22 20:40:19] DONE  confirm_selection | h=2m | student_t_shared | K=2 | seed=62 | 104.9s | converged=True
[2026-09-22 20:40:19] START confirm_selection | h=2m | student_t_shared | K=2 | seed=63
[2026-09-22 20:41:49] DONE  confirm_selection | h=2m | student_t_shared | K=2 | seed=63 | 90.1s | converged=True
[2026-09-22 20:41:49] START confirm_selection | h=2m | student_t_shared | K=2 | seed=64
[2026-09-22 20:43:23] DONE  confirm_selection | h=2m | student_t_shared | K=2 | seed=64 | 93.9s | converged=True
[2026-09-22 20:43:37] START confirm_selection | h=2m | student_t_shared | K=3 | seed=62
[2026-09-22 20:45:44] DONE  confirm_selection | h=2m | student_t_shared | K=3 | seed=62 | 126.5s | converged=False
[2026-09-22 20:45:44] START confirm_selection | h=2m | student_t_shared | K=3 | seed=63
[2026-09-22 20:47:47] DONE  confirm_selection | h=2m | student_t_shared | K=3 | seed=63 | 123.8s | converged=False
[2026-09-22 20:47:47] START confirm_selection | h=2m | student_t_shared | K=3 | seed=64
[2026-09-22 20:49:51] DONE  confirm_selection | h=2m | student_t_shared | K=3 | seed=64 | 123.7s | converged=False
[2026-09-22 20:50:04] START confirm_selection | h=2m | student_t_shared | K=4 | seed=62
[2026-09-22 20:52:07] DONE  confirm_selection | h=2m | student_t_shared | K=4 | seed=62 | 123.0s | converged=False
[2026-09-22 20:52:07] START confirm_selection | h=2m | student_t_shared | K=4 | seed=63
[2026-09-22 20:54:12] DONE  confirm_selection | h=2m | student_t_shared | K=4 | seed=63 | 124.6s | converged=False
[2026-09-22 20:54:12] START confirm_selection | h=2m | student_t_shared | K=4 | seed=64
[2026-09-22 20:56:16] DONE  confirm_selection | h=2m | student_t_shared | K=4 | seed=64 | 124.3s | converged=False
[2026-09-22 20:56:29] START confirm_selection | h=2m | student_t_shared | K=5 | seed=62
[2026-09-22 20:58:35] DONE  confirm_selection | h=2m | student_t_shared | K=5 | seed=62 | 126.0s | converged=False
[2026-09-22 20:58:35] START confirm_selection | h=2m | student_t_shared | K=5 | seed=63
[2026-09-22 21:00:41] DONE  confirm_selection | h=2m | student_t_shared | K=5 | seed=63 | 125.5s | converged=False
[2026-09-22 21:00:41] START confirm_selection | h=2m | student_t_shared | K=5 | seed=64
[2026-09-22 21:02:47] DONE  confirm_selection | h=2m | student_t_shared | K=5 | seed=64 | 126.2s | converged=False
[2026-09-22 21:03:00] START confirm_selection | h=2m | student_t_shared | K=6 | seed=62
[2026-09-22 21:05:06] DONE  confirm_selection | h=2m | student_t_shared | K=6 | seed=62 | 125.7s | converged=True
[2026-09-22 21:05:06] START confirm_selection | h=2m | student_t_shared | K=6 | seed=63
[2026-09-22 21:07:10] DONE  confirm_selection | h=2m | student_t_shared | K=6 | seed=63 | 124.2s | converged=False
[2026-09-22 21:07:10] START confirm_selection | h=2m | student_t_shared | K=6 | seed=64
[2026-09-22 21:09:16] DONE  confirm_selection | h=2m | student_t_shared | K=6 | seed=64 | 125.6s | converged=True
[2026-09-22 21:09:29] START confirm_selection | h=2m | student_t_shared | K=7 | seed=62
[2026-09-22 21:11:35] DONE  confirm_selection | h=2m | student_t_shared | K=7 | seed=62 | 126.4s | converged=False
[2026-09-22 21:11:35] START confirm_selection | h=2m | student_t_shared | K=7 | seed=63
[2026-09-22 21:13:42] DONE  confirm_selection | h=2m | student_t_shared | K=7 | seed=63 | 126.9s | converged=False
[2026-09-22 21:13:42] START confirm_selection | h=2m | student_t_shared | K=7 | seed=64
[2026-09-22 21:15:48] DONE  confirm_selection | h=2m | student_t_shared | K=7 | seed=64 | 126.5s | converged=False
[2026-09-22 21:16:02] START confirm_selection | h=2m | student_t_state | K=2 | seed=62
[2026-09-22 21:18:03] DONE  confirm_selection | h=2m | student_t_state | K=2 | seed=62 | 121.2s | converged=True
[2026-09-22 21:18:03] START confirm_selection | h=2m | student_t_state | K=2 | seed=63
[2026-09-22 21:20:02] DONE  confirm_selection | h=2m | student_t_state | K=2 | seed=63 | 119.3s | converged=True
[2026-09-22 21:20:02] START confirm_selection | h=2m | student_t_state | K=2 | seed=64
[2026-09-22 21:22:01] DONE  confirm_selection | h=2m | student_t_state | K=2 | seed=64 | 118.5s | converged=True
[2026-09-22 21:22:14] START confirm_selection | h=2m | student_t_state | K=3 | seed=62
[2026-09-22 21:24:17] DONE  confirm_selection | h=2m | student_t_state | K=3 | seed=62 | 123.7s | converged=True
[2026-09-22 21:24:17] START confirm_selection | h=2m | student_t_state | K=3 | seed=63
[2026-09-22 21:26:23] DONE  confirm_selection | h=2m | student_t_state | K=3 | seed=63 | 125.4s | converged=True
[2026-09-22 21:26:23] START confirm_selection | h=2m | student_t_state | K=3 | seed=64
[2026-09-22 21:28:29] DONE  confirm_selection | h=2m | student_t_state | K=3 | seed=64 | 126.2s | converged=True
[2026-09-22 21:28:43] START confirm_selection | h=2m | student_t_state | K=4 | seed=62
[2026-09-22 21:30:48] DONE  confirm_selection | h=2m | student_t_state | K=4 | seed=62 | 125.5s | converged=True
[2026-09-22 21:30:48] START confirm_selection | h=2m | student_t_state | K=4 | seed=63
[2026-09-22 21:32:54] DONE  confirm_selection | h=2m | student_t_state | K=4 | seed=63 | 125.4s | converged=True
[2026-09-22 21:32:54] START confirm_selection | h=2m | student_t_state | K=4 | seed=64
[2026-09-22 21:35:00] DONE  confirm_selection | h=2m | student_t_state | K=4 | seed=64 | 126.9s | converged=True
[2026-09-22 21:35:14] START confirm_selection | h=2m | student_t_state | K=5 | seed=62
[2026-09-22 21:37:24] DONE  confirm_selection | h=2m | student_t_state | K=5 | seed=62 | 130.8s | converged=True
[2026-09-22 21:37:24] START confirm_selection | h=2m | student_t_state | K=5 | seed=63
[2026-09-22 21:39:38] DONE  confirm_selection | h=2m | student_t_state | K=5 | seed=63 | 133.9s | converged=True
[2026-09-22 21:39:38] START confirm_selection | h=2m | student_t_state | K=5 | seed=64
[2026-09-22 21:41:46] DONE  confirm_selection | h=2m | student_t_state | K=5 | seed=64 | 127.4s | converged=True
[2026-09-22 21:41:59] START confirm_selection | h=2m | student_t_state | K=6 | seed=62
[2026-09-22 21:44:05] DONE  confirm_selection | h=2m | student_t_state | K=6 | seed=62 | 126.4s | converged=True
[2026-09-22 21:44:05] START confirm_selection | h=2m | student_t_state | K=6 | seed=63
[2026-09-22 21:46:13] DONE  confirm_selection | h=2m | student_t_state | K=6 | seed=63 | 127.2s | converged=True
[2026-09-22 21:46:13] START confirm_selection | h=2m | student_t_state | K=6 | seed=64
[2026-09-22 21:48:20] DONE  confirm_selection | h=2m | student_t_state | K=6 | seed=64 | 127.4s | converged=True
[2026-09-22 21:48:33] START confirm_selection | h=2m | student_t_state | K=7 | seed=62
[2026-09-22 21:50:44] DONE  confirm_selection | h=2m | student_t_state | K=7 | seed=62 | 130.9s | converged=True
[2026-09-22 21:50:44] START confirm_selection | h=2m | student_t_state | K=7 | seed=63
[2026-09-22 21:52:54] DONE  confirm_selection | h=2m | student_t_state | K=7 | seed=63 | 129.2s | converged=True
[2026-09-22 21:52:54] START confirm_selection | h=2m | student_t_state | K=7 | seed=64
[2026-09-22 21:55:02] DONE  confirm_selection | h=2m | student_t_state | K=7 | seed=64 | 128.2s | converged=True
[2026-09-22 21:55:24] START refit | h=1m | gaussian_hmm | K=4 | seed=142
[2026-09-22 22:06:14] DONE  refit | h=1m | gaussian_hmm | K=4 | seed=142 | 650.8s | converged=True
[2026-09-22 22:06:14] START refit | h=1m | gaussian_hmm | K=4 | seed=143
[2026-09-22 22:17:08] DONE  refit | h=1m | gaussian_hmm | K=4 | seed=143 | 653.1s | converged=True
[2026-09-22 22:17:08] START refit | h=1m | gaussian_hmm | K=4 | seed=144
[2026-09-22 22:27:52] DONE  refit | h=1m | gaussian_hmm | K=4 | seed=144 | 644.2s | converged=True
[2026-09-22 22:27:52] START refit | h=1m | gaussian_hmm | K=4 | seed=145
[2026-09-22 22:38:53] DONE  refit | h=1m | gaussian_hmm | K=4 | seed=145 | 661.2s | converged=True
[2026-09-22 22:38:53] START refit | h=1m | gaussian_hmm | K=4 | seed=146
[2026-09-22 22:50:19] DONE  refit | h=1m | gaussian_hmm | K=4 | seed=146 | 686.4s | converged=True
[2026-09-22 22:51:01] START refit | h=1m | student_t_shared | K=6 | seed=142
[2026-09-22 23:03:00] DONE  refit | h=1m | student_t_shared | K=6 | seed=142 | 719.8s | converged=True
[2026-09-22 23:03:00] START refit | h=1m | student_t_shared | K=6 | seed=143
[2026-09-23 01:15:59] CACHE refit | h=1m | student_t_shared | K=6 | seed=142
[2026-09-23 01:15:59] START refit | h=1m | student_t_shared | K=6 | seed=143
[2026-09-23 01:25:00] DONE  refit | h=1m | student_t_shared | K=6 | seed=143 | 541.0s | converged=True
[2026-09-23 01:25:00] START refit | h=1m | student_t_shared | K=6 | seed=144
[2026-09-23 01:34:17] DONE  refit | h=1m | student_t_shared | K=6 | seed=144 | 556.7s | converged=True
[2026-09-23 01:34:17] START refit | h=1m | student_t_shared | K=6 | seed=145
[2026-09-23 01:43:23] DONE  refit | h=1m | student_t_shared | K=6 | seed=145 | 546.5s | converged=True
[2026-09-23 01:43:23] START refit | h=1m | student_t_shared | K=6 | seed=146
[2026-09-23 01:52:17] DONE  refit | h=1m | student_t_shared | K=6 | seed=146 | 533.9s | converged=True
[2026-09-23 01:52:46] START refit | h=1m | student_t_state | K=7 | seed=142
[2026-09-23 02:04:47] DONE  refit | h=1m | student_t_state | K=7 | seed=142 | 721.3s | converged=True
[2026-09-23 02:04:47] START refit | h=1m | student_t_state | K=7 | seed=143
[2026-09-23 02:16:28] DONE  refit | h=1m | student_t_state | K=7 | seed=143 | 700.7s | converged=True
[2026-09-23 02:16:28] START refit | h=1m | student_t_state | K=7 | seed=144
[2026-09-23 02:28:04] DONE  refit | h=1m | student_t_state | K=7 | seed=144 | 696.4s | converged=True
[2026-09-23 02:28:04] START refit | h=1m | student_t_state | K=7 | seed=145
[2026-09-23 02:39:44] DONE  refit | h=1m | student_t_state | K=7 | seed=145 | 700.2s | converged=True
[2026-09-23 02:39:44] START refit | h=1m | student_t_state | K=7 | seed=146
[2026-09-23 02:51:25] DONE  refit | h=1m | student_t_state | K=7 | seed=146 | 700.3s | converged=True
[2026-09-23 02:51:55] START refit | h=2m | gaussian_hmm | K=4 | seed=142
[2026-09-23 02:56:11] DONE  refit | h=2m | gaussian_hmm | K=4 | seed=142 | 256.0s | converged=True
[2026-09-23 02:56:11] START refit | h=2m | gaussian_hmm | K=4 | seed=143
[2026-09-23 03:00:25] DONE  refit | h=2m | gaussian_hmm | K=4 | seed=143 | 253.8s | converged=True
[2026-09-23 03:00:25] START refit | h=2m | gaussian_hmm | K=4 | seed=144
[2026-09-23 03:04:42] DONE  refit | h=2m | gaussian_hmm | K=4 | seed=144 | 256.5s | converged=True
[2026-09-23 03:04:42] START refit | h=2m | gaussian_hmm | K=4 | seed=145
[2026-09-23 03:08:38] DONE  refit | h=2m | gaussian_hmm | K=4 | seed=145 | 236.3s | converged=True
[2026-09-23 03:08:38] START refit | h=2m | gaussian_hmm | K=4 | seed=146
[2026-09-23 03:12:54] DONE  refit | h=2m | gaussian_hmm | K=4 | seed=146 | 256.4s | converged=True
[2026-09-23 03:13:07] START refit | h=2m | student_t_shared | K=5 | seed=142
[2026-09-23 03:18:11] DONE  refit | h=2m | student_t_shared | K=5 | seed=142 | 303.9s | converged=True
[2026-09-23 03:18:11] START refit | h=2m | student_t_shared | K=5 | seed=143
[2026-09-23 03:22:56] DONE  refit | h=2m | student_t_shared | K=5 | seed=143 | 285.8s | converged=True
[2026-09-23 03:22:56] START refit | h=2m | student_t_shared | K=5 | seed=144
[2026-09-23 03:28:01] DONE  refit | h=2m | student_t_shared | K=5 | seed=144 | 305.0s | converged=True
[2026-09-23 03:28:01] START refit | h=2m | student_t_shared | K=5 | seed=145
[2026-09-23 03:32:56] DONE  refit | h=2m | student_t_shared | K=5 | seed=145 | 294.4s | converged=True
[2026-09-23 03:32:56] START refit | h=2m | student_t_shared | K=5 | seed=146
[2026-09-23 03:37:52] DONE  refit | h=2m | student_t_shared | K=5 | seed=146 | 296.5s | converged=True
[2026-09-23 03:38:06] START refit | h=2m | student_t_state | K=7 | seed=142
[2026-09-23 03:43:09] DONE  refit | h=2m | student_t_state | K=7 | seed=142 | 303.5s | converged=True
[2026-09-23 03:43:09] START refit | h=2m | student_t_state | K=7 | seed=143
[2026-09-23 03:48:12] DONE  refit | h=2m | student_t_state | K=7 | seed=143 | 302.6s | converged=False
[2026-09-23 03:48:12] START refit | h=2m | student_t_state | K=7 | seed=144
[2026-09-23 03:53:16] DONE  refit | h=2m | student_t_state | K=7 | seed=144 | 304.5s | converged=True
[2026-09-23 03:53:16] START refit | h=2m | student_t_state | K=7 | seed=145
[2026-09-23 03:58:21] DONE  refit | h=2m | student_t_state | K=7 | seed=145 | 304.8s | converged=True
[2026-09-23 03:58:21] START refit | h=2m | student_t_state | K=7 | seed=146
[2026-09-23 04:03:25] DONE  refit | h=2m | student_t_state | K=7 | seed=146 | 303.6s | converged=False
