[2026-09-17 02:23:43] START screen_selection | h=1m | gmm | K=2
[2026-09-17 02:23:44] DONE  screen_selection | h=1m | gmm | K=2 | 1.1s
[2026-09-17 02:23:44] START screen_selection | h=1m | gmm | K=3
[2026-09-17 02:23:46] DONE  screen_selection | h=1m | gmm | K=3 | 1.4s
[2026-09-17 02:23:46] START screen_selection | h=1m | gmm | K=4
[2026-09-17 02:23:48] DONE  screen_selection | h=1m | gmm | K=4 | 2.6s
[2026-09-17 02:23:48] START screen_selection | h=1m | gmm | K=5
[2026-09-17 02:23:51] DONE  screen_selection | h=1m | gmm | K=5 | 2.2s
[2026-09-17 02:23:51] START screen_selection | h=1m | gmm | K=6
[2026-09-17 02:23:54] DONE  screen_selection | h=1m | gmm | K=6 | 3.3s
[2026-09-17 02:23:54] START screen_selection | h=1m | gmm | K=7
[2026-09-17 02:23:57] DONE  screen_selection | h=1m | gmm | K=7 | 3.3s
[2026-09-17 02:23:58] START screen_selection | h=1m | gaussian_hmm | K=2 | seed=42
[2026-09-17 02:28:05] DONE  screen_selection | h=1m | gaussian_hmm | K=2 | seed=42 | 247.6s | converged=True
[2026-09-17 02:28:05] START screen_selection | h=1m | gaussian_hmm | K=2 | seed=43
[2026-09-17 02:32:04] DONE  screen_selection | h=1m | gaussian_hmm | K=2 | seed=43 | 238.7s | converged=True
[2026-09-17 02:32:04] START screen_selection | h=1m | gaussian_hmm | K=2 | seed=44
[2026-09-17 02:36:33] DONE  screen_selection | h=1m | gaussian_hmm | K=2 | seed=44 | 269.5s | converged=True
[2026-09-17 02:37:02] START screen_selection | h=1m | gaussian_hmm | K=3 | seed=42
[2026-09-17 02:44:39] DONE  screen_selection | h=1m | gaussian_hmm | K=3 | seed=42 | 457.1s | converged=True
[2026-09-17 02:44:39] START screen_selection | h=1m | gaussian_hmm | K=3 | seed=43
[2026-09-17 02:51:51] DONE  screen_selection | h=1m | gaussian_hmm | K=3 | seed=43 | 432.6s | converged=True
[2026-09-17 02:51:51] START screen_selection | h=1m | gaussian_hmm | K=3 | seed=44
[2026-09-17 02:59:12] DONE  screen_selection | h=1m | gaussian_hmm | K=3 | seed=44 | 440.8s | converged=True
[2026-09-17 02:59:40] START screen_selection | h=1m | gaussian_hmm | K=4 | seed=42
[2026-09-17 03:11:47] DONE  screen_selection | h=1m | gaussian_hmm | K=4 | seed=42 | 726.8s | converged=False
[2026-09-17 03:11:47] START screen_selection | h=1m | gaussian_hmm | K=4 | seed=43
[2026-09-17 03:24:00] DONE  screen_selection | h=1m | gaussian_hmm | K=4 | seed=43 | 733.3s | converged=False
[2026-09-17 03:24:00] START screen_selection | h=1m | gaussian_hmm | K=4 | seed=44
[2026-09-17 03:36:14] DONE  screen_selection | h=1m | gaussian_hmm | K=4 | seed=44 | 733.2s | converged=False
[2026-09-17 03:36:42] START screen_selection | h=1m | gaussian_hmm | K=5 | seed=42
[2026-09-17 03:48:42] DONE  screen_selection | h=1m | gaussian_hmm | K=5 | seed=42 | 720.2s | converged=True
[2026-09-17 03:48:42] START screen_selection | h=1m | gaussian_hmm | K=5 | seed=43
[2026-09-17 04:01:08] DONE  screen_selection | h=1m | gaussian_hmm | K=5 | seed=43 | 745.9s | converged=True
[2026-09-17 04:01:08] START screen_selection | h=1m | gaussian_hmm | K=5 | seed=44
[2026-09-17 04:13:39] DONE  screen_selection | h=1m | gaussian_hmm | K=5 | seed=44 | 750.8s | converged=True
[2026-09-17 04:14:05] START screen_selection | h=1m | gaussian_hmm | K=6 | seed=42
[2026-09-17 04:26:08] DONE  screen_selection | h=1m | gaussian_hmm | K=6 | seed=42 | 723.5s | converged=True
[2026-09-17 04:26:08] START screen_selection | h=1m | gaussian_hmm | K=6 | seed=43
[2026-09-17 04:38:33] DONE  screen_selection | h=1m | gaussian_hmm | K=6 | seed=43 | 745.1s | converged=False
[2026-09-17 04:38:33] START screen_selection | h=1m | gaussian_hmm | K=6 | seed=44
[2026-09-17 04:50:58] DONE  screen_selection | h=1m | gaussian_hmm | K=6 | seed=44 | 744.7s | converged=True
[2026-09-17 04:51:36] START screen_selection | h=1m | gaussian_hmm | K=7 | seed=42
[2026-09-17 05:03:49] DONE  screen_selection | h=1m | gaussian_hmm | K=7 | seed=42 | 732.4s | converged=True
[2026-09-17 05:03:49] START screen_selection | h=1m | gaussian_hmm | K=7 | seed=43
[2026-09-17 05:15:29] DONE  screen_selection | h=1m | gaussian_hmm | K=7 | seed=43 | 700.1s | converged=True
[2026-09-17 05:15:29] START screen_selection | h=1m | gaussian_hmm | K=7 | seed=44
[2026-09-17 05:27:56] DONE  screen_selection | h=1m | gaussian_hmm | K=7 | seed=44 | 746.8s | converged=True
[2026-09-17 05:28:30] START screen_selection | h=2m | gmm | K=2
[2026-09-17 05:28:31] DONE  screen_selection | h=2m | gmm | K=2 | 0.5s
[2026-09-17 05:28:31] START screen_selection | h=2m | gmm | K=3
[2026-09-17 05:28:31] DONE  screen_selection | h=2m | gmm | K=3 | 0.5s
[2026-09-17 05:28:31] START screen_selection | h=2m | gmm | K=4
[2026-09-17 05:28:32] DONE  screen_selection | h=2m | gmm | K=4 | 1.0s
[2026-09-17 05:28:32] START screen_selection | h=2m | gmm | K=5
[2026-09-17 05:28:33] DONE  screen_selection | h=2m | gmm | K=5 | 0.9s
[2026-09-17 05:28:33] START screen_selection | h=2m | gmm | K=6
[2026-09-17 05:28:34] DONE  screen_selection | h=2m | gmm | K=6 | 1.0s
[2026-09-17 05:28:34] START screen_selection | h=2m | gmm | K=7
[2026-09-17 05:28:37] DONE  screen_selection | h=2m | gmm | K=7 | 2.5s
[2026-09-17 05:28:38] START screen_selection | h=2m | gaussian_hmm | K=2 | seed=42
[2026-09-17 05:30:21] DONE  screen_selection | h=2m | gaussian_hmm | K=2 | seed=42 | 102.4s | converged=True
[2026-09-17 05:30:21] START screen_selection | h=2m | gaussian_hmm | K=2 | seed=43
[2026-09-17 05:32:15] DONE  screen_selection | h=2m | gaussian_hmm | K=2 | seed=43 | 114.1s | converged=True
[2026-09-17 05:32:15] START screen_selection | h=2m | gaussian_hmm | K=2 | seed=44
[2026-09-17 05:34:08] DONE  screen_selection | h=2m | gaussian_hmm | K=2 | seed=44 | 112.9s | converged=True
[2026-09-17 05:34:20] START screen_selection | h=2m | gaussian_hmm | K=3 | seed=42
[2026-09-17 05:37:14] DONE  screen_selection | h=2m | gaussian_hmm | K=3 | seed=42 | 174.0s | converged=True
[2026-09-17 05:37:14] START screen_selection | h=2m | gaussian_hmm | K=3 | seed=43
[2026-09-17 05:40:01] DONE  screen_selection | h=2m | gaussian_hmm | K=3 | seed=43 | 167.1s | converged=True
[2026-09-17 05:40:01] START screen_selection | h=2m | gaussian_hmm | K=3 | seed=44
[2026-09-17 05:42:54] DONE  screen_selection | h=2m | gaussian_hmm | K=3 | seed=44 | 173.2s | converged=True
[2026-09-17 05:43:11] START screen_selection | h=2m | gaussian_hmm | K=4 | seed=42
[2026-09-17 05:48:02] DONE  screen_selection | h=2m | gaussian_hmm | K=4 | seed=42 | 291.5s | converged=False
[2026-09-17 05:48:02] START screen_selection | h=2m | gaussian_hmm | K=4 | seed=43
[2026-09-17 05:53:29] DONE  screen_selection | h=2m | gaussian_hmm | K=4 | seed=43 | 326.5s | converged=False
[2026-09-17 05:53:29] START screen_selection | h=2m | gaussian_hmm | K=4 | seed=44
[2026-09-17 05:58:41] DONE  screen_selection | h=2m | gaussian_hmm | K=4 | seed=44 | 312.2s | converged=False
[2026-09-17 05:59:01] START screen_selection | h=2m | gaussian_hmm | K=5 | seed=42
[2026-09-17 06:04:08] DONE  screen_selection | h=2m | gaussian_hmm | K=5 | seed=42 | 306.4s | converged=False
[2026-09-17 06:04:08] START screen_selection | h=2m | gaussian_hmm | K=5 | seed=43
[2026-09-17 06:09:26] DONE  screen_selection | h=2m | gaussian_hmm | K=5 | seed=43 | 318.8s | converged=False
[2026-09-17 06:09:26] START screen_selection | h=2m | gaussian_hmm | K=5 | seed=44
[2026-09-17 06:14:33] DONE  screen_selection | h=2m | gaussian_hmm | K=5 | seed=44 | 306.9s | converged=False
[2026-09-17 06:14:55] START screen_selection | h=2m | gaussian_hmm | K=6 | seed=42
[2026-09-17 06:20:11] DONE  screen_selection | h=2m | gaussian_hmm | K=6 | seed=42 | 315.9s | converged=False
[2026-09-17 06:20:11] START screen_selection | h=2m | gaussian_hmm | K=6 | seed=43
[2026-09-17 06:25:26] DONE  screen_selection | h=2m | gaussian_hmm | K=6 | seed=43 | 314.8s | converged=False
[2026-09-17 06:25:26] START screen_selection | h=2m | gaussian_hmm | K=6 | seed=44
[2026-09-17 06:30:26] DONE  screen_selection | h=2m | gaussian_hmm | K=6 | seed=44 | 300.3s | converged=False
[2026-09-17 06:30:45] START screen_selection | h=2m | gaussian_hmm | K=7 | seed=42
[2026-09-17 06:36:12] DONE  screen_selection | h=2m | gaussian_hmm | K=7 | seed=42 | 327.5s | converged=True
[2026-09-17 06:36:12] START screen_selection | h=2m | gaussian_hmm | K=7 | seed=43
[2026-09-17 06:41:35] DONE  screen_selection | h=2m | gaussian_hmm | K=7 | seed=43 | 322.7s | converged=True
[2026-09-17 06:41:35] START screen_selection | h=2m | gaussian_hmm | K=7 | seed=44
[2026-09-17 06:46:36] DONE  screen_selection | h=2m | gaussian_hmm | K=7 | seed=44 | 301.5s | converged=True
[2026-09-17 06:46:56] START confirm_selection | h=1m | student_t_shared | K=2 | seed=62
[2026-09-17 06:57:23] DONE  confirm_selection | h=1m | student_t_shared | K=2 | seed=62 | 627.6s | converged=True
[2026-09-17 06:57:23] START confirm_selection | h=1m | student_t_shared | K=2 | seed=63
[2026-09-17 07:09:23] DONE  confirm_selection | h=1m | student_t_shared | K=2 | seed=63 | 720.2s | converged=True
[2026-09-17 07:09:23] START confirm_selection | h=1m | student_t_shared | K=2 | seed=64
[2026-09-17 07:20:01] DONE  confirm_selection | h=1m | student_t_shared | K=2 | seed=64 | 637.2s | converged=True
[2026-09-17 07:20:38] START confirm_selection | h=1m | student_t_shared | K=3 | seed=62
[2026-09-17 07:32:45] DONE  confirm_selection | h=1m | student_t_shared | K=3 | seed=62 | 727.2s | converged=True
[2026-09-17 07:32:45] START confirm_selection | h=1m | student_t_shared | K=3 | seed=63
[2026-09-17 07:45:02] DONE  confirm_selection | h=1m | student_t_shared | K=3 | seed=63 | 736.4s | converged=True
[2026-09-17 07:45:02] START confirm_selection | h=1m | student_t_shared | K=3 | seed=64
[2026-09-17 07:57:18] DONE  confirm_selection | h=1m | student_t_shared | K=3 | seed=64 | 736.6s | converged=True
[2026-09-17 07:57:52] START confirm_selection | h=1m | student_t_shared | K=4 | seed=62
[2026-09-17 08:10:07] DONE  confirm_selection | h=1m | student_t_shared | K=4 | seed=62 | 734.6s | converged=True
[2026-09-17 08:10:07] START confirm_selection | h=1m | student_t_shared | K=4 | seed=63
[2026-09-17 08:22:27] DONE  confirm_selection | h=1m | student_t_shared | K=4 | seed=63 | 740.8s | converged=True
[2026-09-17 08:22:27] START confirm_selection | h=1m | student_t_shared | K=4 | seed=64
[2026-09-17 08:35:32] DONE  confirm_selection | h=1m | student_t_shared | K=4 | seed=64 | 784.4s | converged=True
[2026-09-17 08:36:08] START confirm_selection | h=1m | student_t_shared | K=5 | seed=62
[2026-09-17 08:49:30] DONE  confirm_selection | h=1m | student_t_shared | K=5 | seed=62 | 801.9s | converged=True
[2026-09-17 08:49:30] START confirm_selection | h=1m | student_t_shared | K=5 | seed=63
[2026-09-17 09:02:19] DONE  confirm_selection | h=1m | student_t_shared | K=5 | seed=63 | 768.5s | converged=True
[2026-09-17 09:02:19] START confirm_selection | h=1m | student_t_shared | K=5 | seed=64
[2026-09-17 09:15:19] DONE  confirm_selection | h=1m | student_t_shared | K=5 | seed=64 | 780.0s | converged=True
[2026-09-17 09:15:50] START confirm_selection | h=1m | student_t_shared | K=6 | seed=62
[2026-09-17 09:29:10] DONE  confirm_selection | h=1m | student_t_shared | K=6 | seed=62 | 800.4s | converged=True
[2026-09-17 09:29:10] START confirm_selection | h=1m | student_t_shared | K=6 | seed=63
[2026-09-17 09:42:25] DONE  confirm_selection | h=1m | student_t_shared | K=6 | seed=63 | 795.1s | converged=True
[2026-09-17 09:42:25] START confirm_selection | h=1m | student_t_shared | K=6 | seed=64
[2026-09-17 09:55:33] DONE  confirm_selection | h=1m | student_t_shared | K=6 | seed=64 | 788.0s | converged=True
[2026-09-17 09:56:01] START confirm_selection | h=1m | student_t_shared | K=7 | seed=62
[2026-09-17 10:09:23] DONE  confirm_selection | h=1m | student_t_shared | K=7 | seed=62 | 802.4s | converged=False
[2026-09-17 10:09:23] START confirm_selection | h=1m | student_t_shared | K=7 | seed=63
[2026-09-17 10:22:39] DONE  confirm_selection | h=1m | student_t_shared | K=7 | seed=63 | 796.0s | converged=False
[2026-09-17 10:22:39] START confirm_selection | h=1m | student_t_shared | K=7 | seed=64
[2026-09-17 10:35:48] DONE  confirm_selection | h=1m | student_t_shared | K=7 | seed=64 | 789.4s | converged=False
[2026-09-17 10:36:16] START confirm_selection | h=1m | student_t_state | K=2 | seed=62
[2026-09-17 10:49:34] DONE  confirm_selection | h=1m | student_t_state | K=2 | seed=62 | 797.9s | converged=True
[2026-09-17 10:49:34] START confirm_selection | h=1m | student_t_state | K=2 | seed=63
[2026-09-17 10:59:23] DONE  confirm_selection | h=1m | student_t_state | K=2 | seed=63 | 589.2s | converged=True
[2026-09-17 10:59:23] START confirm_selection | h=1m | student_t_state | K=2 | seed=64
[2026-09-17 11:10:31] DONE  confirm_selection | h=1m | student_t_state | K=2 | seed=64 | 667.7s | converged=True
[2026-09-17 11:11:00] START confirm_selection | h=1m | student_t_state | K=3 | seed=62
[2026-09-17 11:24:27] DONE  confirm_selection | h=1m | student_t_state | K=3 | seed=62 | 807.1s | converged=True
[2026-09-17 11:24:27] START confirm_selection | h=1m | student_t_state | K=3 | seed=63
[2026-09-17 11:37:52] DONE  confirm_selection | h=1m | student_t_state | K=3 | seed=63 | 805.3s | converged=True
[2026-09-17 11:37:52] START confirm_selection | h=1m | student_t_state | K=3 | seed=64
[2026-09-17 11:50:52] DONE  confirm_selection | h=1m | student_t_state | K=3 | seed=64 | 780.0s | converged=True
[2026-09-17 11:51:24] START confirm_selection | h=1m | student_t_state | K=4 | seed=62
[2026-09-17 12:05:02] DONE  confirm_selection | h=1m | student_t_state | K=4 | seed=62 | 817.8s | converged=True
[2026-09-17 12:05:02] START confirm_selection | h=1m | student_t_state | K=4 | seed=63
[2026-09-17 12:18:07] DONE  confirm_selection | h=1m | student_t_state | K=4 | seed=63 | 785.1s | converged=True
[2026-09-17 12:18:07] START confirm_selection | h=1m | student_t_state | K=4 | seed=64
[2026-09-17 12:31:36] DONE  confirm_selection | h=1m | student_t_state | K=4 | seed=64 | 809.2s | converged=True
[2026-09-17 12:32:07] START confirm_selection | h=1m | student_t_state | K=5 | seed=62
[2026-09-17 12:45:45] DONE  confirm_selection | h=1m | student_t_state | K=5 | seed=62 | 818.3s | converged=True
[2026-09-17 12:45:45] START confirm_selection | h=1m | student_t_state | K=5 | seed=63
[2026-09-17 12:59:09] DONE  confirm_selection | h=1m | student_t_state | K=5 | seed=63 | 803.6s | converged=True
[2026-09-17 12:59:09] START confirm_selection | h=1m | student_t_state | K=5 | seed=64
[2026-09-17 13:12:44] DONE  confirm_selection | h=1m | student_t_state | K=5 | seed=64 | 815.1s | converged=True
[2026-09-17 13:13:14] START confirm_selection | h=1m | student_t_state | K=6 | seed=62
[2026-09-17 13:26:32] DONE  confirm_selection | h=1m | student_t_state | K=6 | seed=62 | 798.1s | converged=True
[2026-09-17 13:26:32] START confirm_selection | h=1m | student_t_state | K=6 | seed=63
[2026-09-17 13:40:06] DONE  confirm_selection | h=1m | student_t_state | K=6 | seed=63 | 814.7s | converged=True
[2026-09-17 13:40:06] START confirm_selection | h=1m | student_t_state | K=6 | seed=64
[2026-09-17 13:54:02] DONE  confirm_selection | h=1m | student_t_state | K=6 | seed=64 | 836.2s | converged=True
[2026-09-17 13:54:29] START confirm_selection | h=1m | student_t_state | K=7 | seed=62
[2026-09-17 14:08:06] DONE  confirm_selection | h=1m | student_t_state | K=7 | seed=62 | 817.2s | converged=False
[2026-09-17 14:08:06] START confirm_selection | h=1m | student_t_state | K=7 | seed=63
[2026-09-17 14:22:03] DONE  confirm_selection | h=1m | student_t_state | K=7 | seed=63 | 836.6s | converged=False
[2026-09-17 14:22:03] START confirm_selection | h=1m | student_t_state | K=7 | seed=64
[2026-09-17 14:35:36] DONE  confirm_selection | h=1m | student_t_state | K=7 | seed=64 | 813.7s | converged=False
[2026-09-17 14:36:03] START confirm_selection | h=2m | student_t_shared | K=2 | seed=62
[2026-09-17 14:39:37] DONE  confirm_selection | h=2m | student_t_shared | K=2 | seed=62 | 214.6s | converged=True
[2026-09-17 14:39:37] START confirm_selection | h=2m | student_t_shared | K=2 | seed=63
[2026-09-17 14:45:27] DONE  confirm_selection | h=2m | student_t_shared | K=2 | seed=63 | 350.2s | converged=True
[2026-09-17 14:45:27] START confirm_selection | h=2m | student_t_shared | K=2 | seed=64
[2026-09-17 14:48:41] DONE  confirm_selection | h=2m | student_t_shared | K=2 | seed=64 | 194.0s | converged=True
[2026-09-17 14:48:58] START confirm_selection | h=2m | student_t_shared | K=3 | seed=62
[2026-09-17 14:54:48] DONE  confirm_selection | h=2m | student_t_shared | K=3 | seed=62 | 350.3s | converged=True
[2026-09-17 14:54:48] START confirm_selection | h=2m | student_t_shared | K=3 | seed=63
[2026-09-17 15:00:44] DONE  confirm_selection | h=2m | student_t_shared | K=3 | seed=63 | 355.7s | converged=True
[2026-09-17 15:00:44] START confirm_selection | h=2m | student_t_shared | K=3 | seed=64
[2026-09-17 15:06:26] DONE  confirm_selection | h=2m | student_t_shared | K=3 | seed=64 | 342.6s | converged=True
[2026-09-17 15:06:42] START confirm_selection | h=2m | student_t_shared | K=4 | seed=62
[2026-09-17 15:12:12] DONE  confirm_selection | h=2m | student_t_shared | K=4 | seed=62 | 329.5s | converged=False
[2026-09-17 15:12:12] START confirm_selection | h=2m | student_t_shared | K=4 | seed=63
[2026-09-17 15:17:24] DONE  confirm_selection | h=2m | student_t_shared | K=4 | seed=63 | 312.2s | converged=True
[2026-09-17 15:17:24] START confirm_selection | h=2m | student_t_shared | K=4 | seed=64
[2026-09-17 15:22:41] DONE  confirm_selection | h=2m | student_t_shared | K=4 | seed=64 | 316.5s | converged=False
[2026-09-17 15:22:54] START confirm_selection | h=2m | student_t_shared | K=5 | seed=62
[2026-09-17 15:28:28] DONE  confirm_selection | h=2m | student_t_shared | K=5 | seed=62 | 333.8s | converged=True
[2026-09-17 15:28:28] START confirm_selection | h=2m | student_t_shared | K=5 | seed=63
[2026-09-17 15:33:43] DONE  confirm_selection | h=2m | student_t_shared | K=5 | seed=63 | 315.3s | converged=True
[2026-09-17 15:33:43] START confirm_selection | h=2m | student_t_shared | K=5 | seed=64
[2026-09-17 15:38:57] DONE  confirm_selection | h=2m | student_t_shared | K=5 | seed=64 | 314.1s | converged=True
[2026-09-17 15:39:10] START confirm_selection | h=2m | student_t_shared | K=6 | seed=62
[2026-09-17 15:44:27] DONE  confirm_selection | h=2m | student_t_shared | K=6 | seed=62 | 316.9s | converged=True
[2026-09-17 15:44:27] START confirm_selection | h=2m | student_t_shared | K=6 | seed=63
[2026-09-17 15:49:49] DONE  confirm_selection | h=2m | student_t_shared | K=6 | seed=63 | 322.3s | converged=True
[2026-09-17 15:49:49] START confirm_selection | h=2m | student_t_shared | K=6 | seed=64
[2026-09-17 15:55:17] DONE  confirm_selection | h=2m | student_t_shared | K=6 | seed=64 | 328.0s | converged=False
[2026-09-17 15:55:29] START confirm_selection | h=2m | student_t_shared | K=7 | seed=62
[2026-09-17 16:00:45] DONE  confirm_selection | h=2m | student_t_shared | K=7 | seed=62 | 315.6s | converged=False
[2026-09-17 16:00:45] START confirm_selection | h=2m | student_t_shared | K=7 | seed=63
[2026-09-17 16:06:08] DONE  confirm_selection | h=2m | student_t_shared | K=7 | seed=63 | 323.6s | converged=False
[2026-09-17 16:06:08] START confirm_selection | h=2m | student_t_shared | K=7 | seed=64
[2026-09-17 16:11:27] DONE  confirm_selection | h=2m | student_t_shared | K=7 | seed=64 | 319.0s | converged=False
[2026-09-17 16:11:40] START confirm_selection | h=2m | student_t_state | K=2 | seed=62
[2026-09-17 16:16:20] DONE  confirm_selection | h=2m | student_t_state | K=2 | seed=62 | 279.6s | converged=True
[2026-09-17 16:16:20] START confirm_selection | h=2m | student_t_state | K=2 | seed=63
[2026-09-17 16:20:34] DONE  confirm_selection | h=2m | student_t_state | K=2 | seed=63 | 254.2s | converged=True
[2026-09-17 16:20:34] START confirm_selection | h=2m | student_t_state | K=2 | seed=64
[2026-09-17 16:25:11] DONE  confirm_selection | h=2m | student_t_state | K=2 | seed=64 | 277.4s | converged=True
[2026-09-17 16:25:27] START confirm_selection | h=2m | student_t_state | K=3 | seed=62
[2026-09-17 16:30:50] DONE  confirm_selection | h=2m | student_t_state | K=3 | seed=62 | 323.1s | converged=True
[2026-09-17 16:30:50] START confirm_selection | h=2m | student_t_state | K=3 | seed=63
[2026-09-17 16:36:13] DONE  confirm_selection | h=2m | student_t_state | K=3 | seed=63 | 322.8s | converged=True
[2026-09-17 16:36:13] START confirm_selection | h=2m | student_t_state | K=3 | seed=64
[2026-09-17 16:41:21] DONE  confirm_selection | h=2m | student_t_state | K=3 | seed=64 | 308.4s | converged=True
[2026-09-17 16:41:34] START confirm_selection | h=2m | student_t_state | K=4 | seed=62
[2026-09-17 16:46:45] DONE  confirm_selection | h=2m | student_t_state | K=4 | seed=62 | 310.9s | converged=True
[2026-09-17 16:46:45] START confirm_selection | h=2m | student_t_state | K=4 | seed=63
[2026-09-17 16:52:07] DONE  confirm_selection | h=2m | student_t_state | K=4 | seed=63 | 322.0s | converged=True
[2026-09-17 16:52:07] START confirm_selection | h=2m | student_t_state | K=4 | seed=64
[2026-09-17 16:57:30] DONE  confirm_selection | h=2m | student_t_state | K=4 | seed=64 | 323.4s | converged=True
[2026-09-17 16:57:44] START confirm_selection | h=2m | student_t_state | K=5 | seed=62
[2026-09-17 17:03:03] DONE  confirm_selection | h=2m | student_t_state | K=5 | seed=62 | 319.0s | converged=True
[2026-09-17 17:03:03] START confirm_selection | h=2m | student_t_state | K=5 | seed=63
[2026-09-17 17:08:20] DONE  confirm_selection | h=2m | student_t_state | K=5 | seed=63 | 316.7s | converged=True
[2026-09-17 17:08:20] START confirm_selection | h=2m | student_t_state | K=5 | seed=64
[2026-09-17 17:13:31] DONE  confirm_selection | h=2m | student_t_state | K=5 | seed=64 | 311.8s | converged=True
[2026-09-17 17:13:47] START confirm_selection | h=2m | student_t_state | K=6 | seed=62
[2026-09-17 17:19:14] DONE  confirm_selection | h=2m | student_t_state | K=6 | seed=62 | 326.4s | converged=True
[2026-09-17 17:19:14] START confirm_selection | h=2m | student_t_state | K=6 | seed=63
[2026-09-17 17:24:28] DONE  confirm_selection | h=2m | student_t_state | K=6 | seed=63 | 313.9s | converged=True
[2026-09-17 17:24:28] START confirm_selection | h=2m | student_t_state | K=6 | seed=64
[2026-09-17 17:29:44] DONE  confirm_selection | h=2m | student_t_state | K=6 | seed=64 | 316.6s | converged=True
[2026-09-17 17:29:59] START confirm_selection | h=2m | student_t_state | K=7 | seed=62
[2026-09-17 17:35:21] DONE  confirm_selection | h=2m | student_t_state | K=7 | seed=62 | 322.1s | converged=True
[2026-09-17 17:35:21] START confirm_selection | h=2m | student_t_state | K=7 | seed=63
[2026-09-17 17:40:41] DONE  confirm_selection | h=2m | student_t_state | K=7 | seed=63 | 319.6s | converged=True
[2026-09-17 17:40:41] START confirm_selection | h=2m | student_t_state | K=7 | seed=64
[2026-09-17 17:45:57] DONE  confirm_selection | h=2m | student_t_state | K=7 | seed=64 | 316.4s | converged=True
[2026-09-17 17:46:23] START refit | h=1m | gaussian_hmm | K=7 | seed=142
[2026-09-17 18:26:08] DONE  refit | h=1m | gaussian_hmm | K=7 | seed=142 | 2384.8s | converged=True
[2026-09-17 18:26:08] START refit | h=1m | gaussian_hmm | K=7 | seed=143
[2026-09-17 19:04:08] DONE  refit | h=1m | gaussian_hmm | K=7 | seed=143 | 2279.9s | converged=True
[2026-09-17 19:04:08] START refit | h=1m | gaussian_hmm | K=7 | seed=144
[2026-09-17 19:42:58] DONE  refit | h=1m | gaussian_hmm | K=7 | seed=144 | 2330.7s | converged=True
[2026-09-17 19:42:58] START refit | h=1m | gaussian_hmm | K=7 | seed=145
[2026-09-17 20:21:08] DONE  refit | h=1m | gaussian_hmm | K=7 | seed=145 | 2289.7s | converged=True
[2026-09-17 20:21:08] START refit | h=1m | gaussian_hmm | K=7 | seed=146
[2026-09-17 21:00:05] DONE  refit | h=1m | gaussian_hmm | K=7 | seed=146 | 2337.5s | converged=True
[2026-09-17 21:00:38] START refit | h=1m | student_t_shared | K=7 | seed=142
[2026-09-17 21:39:56] DONE  refit | h=1m | student_t_shared | K=7 | seed=142 | 2358.7s | converged=True
[2026-09-17 21:39:56] START refit | h=1m | student_t_shared | K=7 | seed=143
[2026-09-18 02:27:00] CACHE refit | h=1m | student_t_shared | K=7 | seed=142
[2026-09-18 02:27:00] START refit | h=1m | student_t_shared | K=7 | seed=143
[2026-09-18 03:06:34] DONE  refit | h=1m | student_t_shared | K=7 | seed=143 | 2374.0s | converged=True
[2026-09-18 03:06:34] START refit | h=1m | student_t_shared | K=7 | seed=144
[2026-09-18 03:46:05] DONE  refit | h=1m | student_t_shared | K=7 | seed=144 | 2370.6s | converged=True
[2026-09-18 03:46:05] START refit | h=1m | student_t_shared | K=7 | seed=145
[2026-09-18 04:26:46] DONE  refit | h=1m | student_t_shared | K=7 | seed=145 | 2441.2s | converged=True
[2026-09-18 04:26:46] START refit | h=1m | student_t_shared | K=7 | seed=146
[2026-09-18 05:07:52] DONE  refit | h=1m | student_t_shared | K=7 | seed=146 | 2466.0s | converged=True
[2026-09-18 05:08:42] START refit | h=1m | student_t_state | K=7 | seed=142
[2026-09-18 05:49:45] DONE  refit | h=1m | student_t_state | K=7 | seed=142 | 2463.7s | converged=True
[2026-09-18 05:49:45] START refit | h=1m | student_t_state | K=7 | seed=143
[2026-09-18 06:29:06] DONE  refit | h=1m | student_t_state | K=7 | seed=143 | 2361.2s | converged=True
[2026-09-18 06:29:06] START refit | h=1m | student_t_state | K=7 | seed=144
[2026-09-18 07:08:02] DONE  refit | h=1m | student_t_state | K=7 | seed=144 | 2336.1s | converged=True
[2026-09-18 07:08:02] START refit | h=1m | student_t_state | K=7 | seed=145
[2026-09-18 07:47:30] DONE  refit | h=1m | student_t_state | K=7 | seed=145 | 2367.1s | converged=True
[2026-09-18 07:47:30] START refit | h=1m | student_t_state | K=7 | seed=146
[2026-09-18 08:26:18] DONE  refit | h=1m | student_t_state | K=7 | seed=146 | 2328.2s | converged=True
[2026-09-18 08:27:07] START refit | h=2m | gaussian_hmm | K=7 | seed=142
[2026-09-18 08:44:32] DONE  refit | h=2m | gaussian_hmm | K=7 | seed=142 | 1045.2s | converged=True
[2026-09-18 08:44:32] START refit | h=2m | gaussian_hmm | K=7 | seed=143
[2026-09-18 09:02:22] DONE  refit | h=2m | gaussian_hmm | K=7 | seed=143 | 1069.7s | converged=True
[2026-09-18 09:02:22] START refit | h=2m | gaussian_hmm | K=7 | seed=144
[2026-09-18 09:19:40] DONE  refit | h=2m | gaussian_hmm | K=7 | seed=144 | 1038.4s | converged=True
[2026-09-18 09:19:40] START refit | h=2m | gaussian_hmm | K=7 | seed=145
[2026-09-18 09:36:53] DONE  refit | h=2m | gaussian_hmm | K=7 | seed=145 | 1033.1s | converged=True
[2026-09-18 09:36:53] START refit | h=2m | gaussian_hmm | K=7 | seed=146
[2026-09-18 09:54:01] DONE  refit | h=2m | gaussian_hmm | K=7 | seed=146 | 1027.2s | converged=True
[2026-09-18 09:54:14] START refit | h=2m | student_t_shared | K=7 | seed=142
[2026-09-18 10:11:05] DONE  refit | h=2m | student_t_shared | K=7 | seed=142 | 1010.4s | converged=True
[2026-09-18 10:11:05] START refit | h=2m | student_t_shared | K=7 | seed=143
[2026-09-18 10:28:10] DONE  refit | h=2m | student_t_shared | K=7 | seed=143 | 1025.5s | converged=True
[2026-09-18 10:28:10] START refit | h=2m | student_t_shared | K=7 | seed=144
[2026-09-18 10:44:26] DONE  refit | h=2m | student_t_shared | K=7 | seed=144 | 975.5s | converged=True
[2026-09-18 10:44:26] START refit | h=2m | student_t_shared | K=7 | seed=145
[2026-09-18 11:00:43] DONE  refit | h=2m | student_t_shared | K=7 | seed=145 | 976.9s | converged=True
[2026-09-18 11:00:43] START refit | h=2m | student_t_shared | K=7 | seed=146
[2026-09-18 11:17:29] DONE  refit | h=2m | student_t_shared | K=7 | seed=146 | 1006.5s | converged=True
[2026-09-18 11:17:48] START refit | h=2m | student_t_state | K=7 | seed=142
[2026-09-18 11:34:20] DONE  refit | h=2m | student_t_state | K=7 | seed=142 | 992.1s | converged=False
[2026-09-18 11:34:20] START refit | h=2m | student_t_state | K=7 | seed=143
[2026-09-18 11:51:39] DONE  refit | h=2m | student_t_state | K=7 | seed=143 | 1039.0s | converged=False
[2026-09-18 11:51:39] START refit | h=2m | student_t_state | K=7 | seed=144
[2026-09-18 12:07:53] DONE  refit | h=2m | student_t_state | K=7 | seed=144 | 973.7s | converged=False
[2026-09-18 12:07:53] START refit | h=2m | student_t_state | K=7 | seed=145
[2026-09-18 12:24:45] DONE  refit | h=2m | student_t_state | K=7 | seed=145 | 1012.0s | converged=False
[2026-09-18 12:24:45] START refit | h=2m | student_t_state | K=7 | seed=146
[2026-09-18 12:40:29] DONE  refit | h=2m | student_t_state | K=7 | seed=146 | 944.4s | converged=False
