[2026-09-17 02:23:30] SCREEN horizon 1m START
[2026-09-17 05:43:44] SCREEN horizon 1m DONE | Gaussian-HMM K=7 | gain=0.209373
[2026-09-17 05:43:44] SCREEN horizon 2m START
[2026-09-17 07:02:55] SCREEN horizon 2m DONE | Gaussian-HMM K=7 | gain=0.177869
[2026-09-17 07:02:55] CONFIRM horizon 1m | student_t_shared START
[2026-09-17 11:07:16] CONFIRM horizon 1m | student_t_shared DONE | K=7
[2026-09-17 11:07:16] CONFIRM horizon 1m | student_t_state START
[2026-09-17 15:30:59] CONFIRM horizon 1m | student_t_state DONE | K=7
[2026-09-17 15:30:59] CONFIRM horizon 2m | student_t_shared START
[2026-09-17 17:07:16] CONFIRM horizon 2m | student_t_shared DONE | K=7
[2026-09-17 17:07:16] CONFIRM horizon 2m | student_t_state START
[2026-09-17 18:48:09] CONFIRM horizon 2m | student_t_state DONE | K=7
[2026-09-17 18:48:14] REFIT horizon 1m | student_t | K=1 START
[2026-09-17 18:48:14] REFIT horizon 1m | student_t | K=1 DONE
[2026-09-17 18:48:14] REFIT horizon 1m | gaussian | K=1 START
[2026-09-17 18:48:14] REFIT horizon 1m | gaussian | K=1 DONE
[2026-09-17 18:48:14] REFIT horizon 1m | gmm | K=4 START
[2026-09-17 18:48:18] REFIT horizon 1m | gmm | K=4 DONE
[2026-09-17 18:48:18] REFIT horizon 1m | gaussian_hmm | K=7 START
[2026-09-18 02:26:45] SCREEN horizon 1m START
[2026-09-18 02:26:45] SCREEN horizon 1m DONE | Gaussian-HMM K=7 | gain=0.209373
[2026-09-18 02:26:45] SCREEN horizon 2m START
[2026-09-18 02:26:45] SCREEN horizon 2m DONE | Gaussian-HMM K=7 | gain=0.177869
[2026-09-18 02:26:45] CONFIRM horizon 1m | student_t_shared START
[2026-09-18 02:26:45] CONFIRM horizon 1m | student_t_shared DONE | K=7
[2026-09-18 02:26:45] CONFIRM horizon 1m | student_t_state START
[2026-09-18 02:26:45] CONFIRM horizon 1m | student_t_state DONE | K=7
[2026-09-18 02:26:45] CONFIRM horizon 2m | student_t_shared START
[2026-09-18 02:26:45] CONFIRM horizon 2m | student_t_shared DONE | K=7
[2026-09-18 02:26:45] CONFIRM horizon 2m | student_t_state START
[2026-09-18 02:26:45] CONFIRM horizon 2m | student_t_state DONE | K=7
[2026-09-18 02:26:51] REFIT horizon 1m | student_t | K=1 START
[2026-09-18 02:26:51] REFIT horizon 1m | student_t | K=1 DONE
[2026-09-18 02:26:51] REFIT horizon 1m | gaussian | K=1 START
[2026-09-18 02:26:51] REFIT horizon 1m | gaussian | K=1 DONE
[2026-09-18 02:26:51] REFIT horizon 1m | gmm | K=4 START
[2026-09-18 02:26:51] REFIT horizon 1m | gmm | K=4 DONE
[2026-09-18 02:26:51] REFIT horizon 1m | gaussian_hmm | K=7 START
[2026-09-18 03:11:45] REFIT horizon 1m | gaussian_hmm | K=7 DONE
[2026-09-18 03:11:45] REFIT horizon 1m | student_t_shared | K=7 START
[2026-09-18 06:55:53] REFIT horizon 1m | student_t_shared | K=7 DONE
[2026-09-18 06:55:53] REFIT horizon 1m | student_t_state | K=7 START
[2026-09-18 10:36:37] REFIT horizon 1m | student_t_state | K=7 DONE
[2026-09-18 10:36:39] REFIT horizon 2m | student_t | K=1 START
[2026-09-18 10:36:39] REFIT horizon 2m | student_t | K=1 DONE
[2026-09-18 10:36:39] REFIT horizon 2m | gaussian | K=1 START
[2026-09-18 10:36:39] REFIT horizon 2m | gaussian | K=1 DONE
[2026-09-18 10:36:39] REFIT horizon 2m | gmm | K=4 START
[2026-09-18 10:36:42] REFIT horizon 2m | gmm | K=4 DONE
[2026-09-18 10:36:42] REFIT horizon 2m | gaussian_hmm | K=7 START
[2026-09-18 12:02:02] REFIT horizon 2m | gaussian_hmm | K=7 DONE
[2026-09-18 12:02:02] REFIT horizon 2m | student_t_shared | K=7 START
[2026-09-18 13:16:01] REFIT horizon 2m | student_t_shared | K=7 DONE
[2026-09-18 13:16:01] REFIT horizon 2m | student_t_state | K=7 START
[2026-09-18 14:44:16] REFIT horizon 2m | student_t_state | K=7 DONE
[2026-09-18 14:44:16] FOLD 5/2 DONE
[2026-09-18 14:44:16] SCREEN horizon 1m START
[2026-09-18 17:44:19] SCREEN horizon 1m DONE | Gaussian-HMM K=7 | gain=0.183398
[2026-09-18 17:44:19] SCREEN horizon 2m START
[2026-09-18 19:01:16] SCREEN horizon 2m DONE | Gaussian-HMM K=6 | gain=0.164174
[2026-09-18 19:01:16] CONFIRM horizon 1m | student_t_shared START
[2026-09-19 03:14:35] SCREEN horizon 1m START
[2026-09-19 03:14:35] SCREEN horizon 1m DONE | Gaussian-HMM K=7 | gain=0.183398
[2026-09-19 03:14:35] SCREEN horizon 2m START
[2026-09-19 03:14:35] SCREEN horizon 2m DONE | Gaussian-HMM K=6 | gain=0.164174
[2026-09-19 03:14:35] CONFIRM horizon 1m | student_t_shared START
[2026-09-19 03:58:41] CONFIRM horizon 1m | student_t_shared DONE | K=7
[2026-09-19 03:58:41] CONFIRM horizon 1m | student_t_state START
[2026-09-19 07:25:57] CONFIRM horizon 1m | student_t_state DONE | K=7
[2026-09-19 07:25:57] CONFIRM horizon 2m | student_t_shared START
[2026-09-19 08:52:19] CONFIRM horizon 2m | student_t_shared DONE | K=7
[2026-09-19 08:52:19] CONFIRM horizon 2m | student_t_state START
[2026-09-19 10:19:52] CONFIRM horizon 2m | student_t_state DONE | K=7
[2026-09-19 10:19:57] REFIT horizon 1m | student_t | K=1 START
[2026-09-19 10:19:57] REFIT horizon 1m | student_t | K=1 DONE
[2026-09-19 10:19:57] REFIT horizon 1m | gaussian | K=1 START
[2026-09-19 10:19:57] REFIT horizon 1m | gaussian | K=1 DONE
[2026-09-19 10:19:57] REFIT horizon 1m | gmm | K=5 START
[2026-09-19 10:20:05] REFIT horizon 1m | gmm | K=5 DONE
[2026-09-19 10:20:05] REFIT horizon 1m | gaussian_hmm | K=7 START
[2026-09-19 13:23:29] REFIT horizon 1m | gaussian_hmm | K=7 DONE
[2026-09-19 13:23:29] REFIT horizon 1m | student_t_shared | K=7 START
[2026-09-19 19:09:01] SCREEN horizon 1m START
[2026-09-19 19:09:01] SCREEN horizon 1m DONE | Gaussian-HMM K=7 | gain=0.183398
[2026-09-19 19:09:01] SCREEN horizon 2m START
[2026-09-19 19:09:01] SCREEN horizon 2m DONE | Gaussian-HMM K=6 | gain=0.164174
[2026-09-19 19:09:01] CONFIRM horizon 1m | student_t_shared START
[2026-09-19 19:09:02] CONFIRM horizon 1m | student_t_shared DONE | K=7
[2026-09-19 19:09:02] CONFIRM horizon 1m | student_t_state START
[2026-09-19 19:09:02] CONFIRM horizon 1m | student_t_state DONE | K=7
[2026-09-19 19:09:02] CONFIRM horizon 2m | student_t_shared START
[2026-09-19 19:09:02] CONFIRM horizon 2m | student_t_shared DONE | K=7
[2026-09-19 19:09:02] CONFIRM horizon 2m | student_t_state START
[2026-09-19 19:09:02] CONFIRM horizon 2m | student_t_state DONE | K=7
[2026-09-19 19:09:07] REFIT horizon 1m | student_t | K=1 START
[2026-09-19 19:09:07] REFIT horizon 1m | student_t | K=1 DONE
[2026-09-19 19:09:07] REFIT horizon 1m | gaussian | K=1 START
[2026-09-19 19:09:07] REFIT horizon 1m | gaussian | K=1 DONE
[2026-09-19 19:09:07] REFIT horizon 1m | gmm | K=5 START
[2026-09-19 19:09:07] REFIT horizon 1m | gmm | K=5 DONE
[2026-09-19 19:09:07] REFIT horizon 1m | gaussian_hmm | K=7 START
[2026-09-19 19:09:07] REFIT horizon 1m | gaussian_hmm | K=7 DONE
[2026-09-19 19:09:07] REFIT horizon 1m | student_t_shared | K=7 START
[2026-09-19 20:13:49] REFIT horizon 1m | student_t_shared | K=7 DONE
[2026-09-19 20:13:49] REFIT horizon 1m | student_t_state | K=7 START
[2026-09-20 03:53:10] SCREEN horizon 1m START
[2026-09-20 03:53:10] SCREEN horizon 1m DONE | Gaussian-HMM K=7 | gain=0.183398
[2026-09-20 03:53:10] SCREEN horizon 2m START
[2026-09-20 03:53:10] SCREEN horizon 2m DONE | Gaussian-HMM K=6 | gain=0.164174
[2026-09-20 03:53:10] CONFIRM horizon 1m | student_t_shared START
[2026-09-20 03:53:10] CONFIRM horizon 1m | student_t_shared DONE | K=7
[2026-09-20 03:53:10] CONFIRM horizon 1m | student_t_state START
[2026-09-20 03:53:10] CONFIRM horizon 1m | student_t_state DONE | K=7
[2026-09-20 03:53:10] CONFIRM horizon 2m | student_t_shared START
[2026-09-20 03:53:10] CONFIRM horizon 2m | student_t_shared DONE | K=7
[2026-09-20 03:53:10] CONFIRM horizon 2m | student_t_state START
[2026-09-20 03:53:10] CONFIRM horizon 2m | student_t_state DONE | K=7
[2026-09-20 03:53:17] REFIT horizon 1m | student_t | K=1 START
[2026-09-20 03:53:17] REFIT horizon 1m | student_t | K=1 DONE
[2026-09-20 03:53:17] REFIT horizon 1m | gaussian | K=1 START
[2026-09-20 03:53:17] REFIT horizon 1m | gaussian | K=1 DONE
[2026-09-20 03:53:17] REFIT horizon 1m | gmm | K=5 START
[2026-09-20 03:53:17] REFIT horizon 1m | gmm | K=5 DONE
[2026-09-20 03:53:17] REFIT horizon 1m | gaussian_hmm | K=7 START
[2026-09-20 03:53:17] REFIT horizon 1m | gaussian_hmm | K=7 DONE
[2026-09-20 03:53:17] REFIT horizon 1m | student_t_shared | K=7 START
[2026-09-20 03:53:17] REFIT horizon 1m | student_t_shared | K=7 DONE
[2026-09-20 03:53:17] REFIT horizon 1m | student_t_state | K=7 START
[2026-09-20 04:24:16] REFIT horizon 1m | student_t_state | K=7 DONE
[2026-09-20 04:24:20] REFIT horizon 2m | student_t | K=1 START
[2026-09-20 04:24:20] REFIT horizon 2m | student_t | K=1 DONE
[2026-09-20 04:24:20] REFIT horizon 2m | gaussian | K=1 START
[2026-09-20 04:24:20] REFIT horizon 2m | gaussian | K=1 DONE
[2026-09-20 04:24:20] REFIT horizon 2m | gmm | K=5 START
[2026-09-20 04:24:23] REFIT horizon 2m | gmm | K=5 DONE
[2026-09-20 04:24:23] REFIT horizon 2m | gaussian_hmm | K=6 START
[2026-09-20 05:31:18] REFIT horizon 2m | gaussian_hmm | K=6 DONE
[2026-09-20 05:31:18] REFIT horizon 2m | student_t_shared | K=7 START
[2026-09-20 06:38:17] REFIT horizon 2m | student_t_shared | K=7 DONE
[2026-09-20 06:38:17] REFIT horizon 2m | student_t_state | K=7 START
[2026-09-20 07:45:04] REFIT horizon 2m | student_t_state | K=7 DONE
[2026-09-20 07:45:04] FOLD 6/2 DONE
