Running immutable CUDA job policy_daily__f06_07
[2026-09-17 02:23:23] LOAD source data START
[2026-09-17 02:23:24] LOAD source data DONE | rows=525,635
[2026-09-17 02:23:24] AUDIT timestamp/rollover START
[2026-09-17 02:23:24] AUDIT timestamp/rollover DONE
[2026-09-17 02:23:24] BUILD returns START | horizons=[1, 2]
[2026-09-17 02:23:38] BUILD returns DONE | 1m=518,222, 2m=258,485
[2026-09-17 02:23:39] FOLD 7/2 START
[2026-09-17 02:23:39] SCREEN horizon 1m START
[2026-09-17 02:23:43] START screen_selection | h=1m | gmm | K=2
[2026-09-17 02:23:44] DONE  screen_selection | h=1m | gmm | K=2 | 1.1s
[2026-09-17 02:23:44] START screen_selection | h=1m | gmm | K=3
[2026-09-17 02:23:46] DONE  screen_selection | h=1m | gmm | K=3 | 1.4s
[2026-09-17 02:23:46] START screen_selection | h=1m | gmm | K=4
[2026-09-17 02:23:48] DONE  screen_selection | h=1m | gmm | K=4 | 2.6s
[2026-09-17 02:23:48] START screen_selection | h=1m | gmm | K=5
[2026-09-17 02:23:51] DONE  screen_selection | h=1m | gmm | K=5 | 2.2s
[2026-09-17 02:23:51] START screen_selection | h=1m | gmm | K=6
[2026-09-17 02:23:54] DONE  screen_selection | h=1m | gmm | K=6 | 3.3s
[2026-09-17 02:23:54] START screen_selection | h=1m | gmm | K=7
[2026-09-17 02:23:57] DONE  screen_selection | h=1m | gmm | K=7 | 3.3s
[2026-09-17 02:23:58] START screen_selection | h=1m | gaussian_hmm | K=2 | seed=42
[2026-09-17 02:28:05] DONE  screen_selection | h=1m | gaussian_hmm | K=2 | seed=42 | 247.6s | converged=True
[2026-09-17 02:28:05] START screen_selection | h=1m | gaussian_hmm | K=2 | seed=43
[2026-09-17 02:32:04] DONE  screen_selection | h=1m | gaussian_hmm | K=2 | seed=43 | 238.7s | converged=True
[2026-09-17 02:32:04] START screen_selection | h=1m | gaussian_hmm | K=2 | seed=44
[2026-09-17 02:36:33] DONE  screen_selection | h=1m | gaussian_hmm | K=2 | seed=44 | 269.5s | converged=True
[2026-09-17 02:37:02] START screen_selection | h=1m | gaussian_hmm | K=3 | seed=42
[2026-09-17 02:44:39] DONE  screen_selection | h=1m | gaussian_hmm | K=3 | seed=42 | 457.1s | converged=True
[2026-09-17 02:44:39] START screen_selection | h=1m | gaussian_hmm | K=3 | seed=43
[2026-09-17 02:51:51] DONE  screen_selection | h=1m | gaussian_hmm | K=3 | seed=43 | 432.6s | converged=True
[2026-09-17 02:51:51] START screen_selection | h=1m | gaussian_hmm | K=3 | seed=44
[2026-09-17 02:59:12] DONE  screen_selection | h=1m | gaussian_hmm | K=3 | seed=44 | 440.8s | converged=True
[2026-09-17 02:59:40] START screen_selection | h=1m | gaussian_hmm | K=4 | seed=42
[2026-09-17 03:11:47] DONE  screen_selection | h=1m | gaussian_hmm | K=4 | seed=42 | 726.8s | converged=False
[2026-09-17 03:11:47] START screen_selection | h=1m | gaussian_hmm | K=4 | seed=43
[2026-09-17 03:24:00] DONE  screen_selection | h=1m | gaussian_hmm | K=4 | seed=43 | 733.3s | converged=False
[2026-09-17 03:24:00] START screen_selection | h=1m | gaussian_hmm | K=4 | seed=44
[2026-09-17 03:36:14] DONE  screen_selection | h=1m | gaussian_hmm | K=4 | seed=44 | 733.2s | converged=False
[2026-09-17 03:36:42] START screen_selection | h=1m | gaussian_hmm | K=5 | seed=42
[2026-09-17 03:48:42] DONE  screen_selection | h=1m | gaussian_hmm | K=5 | seed=42 | 720.2s | converged=True
[2026-09-17 03:48:42] START screen_selection | h=1m | gaussian_hmm | K=5 | seed=43
[2026-09-17 04:01:08] DONE  screen_selection | h=1m | gaussian_hmm | K=5 | seed=43 | 745.9s | converged=True
[2026-09-17 04:01:08] START screen_selection | h=1m | gaussian_hmm | K=5 | seed=44
[2026-09-17 04:13:39] DONE  screen_selection | h=1m | gaussian_hmm | K=5 | seed=44 | 750.8s | converged=True
[2026-09-17 04:14:05] START screen_selection | h=1m | gaussian_hmm | K=6 | seed=42
[2026-09-17 04:26:08] DONE  screen_selection | h=1m | gaussian_hmm | K=6 | seed=42 | 723.5s | converged=True
[2026-09-17 04:26:08] START screen_selection | h=1m | gaussian_hmm | K=6 | seed=43
[2026-09-17 04:38:33] DONE  screen_selection | h=1m | gaussian_hmm | K=6 | seed=43 | 745.1s | converged=False
[2026-09-17 04:38:33] START screen_selection | h=1m | gaussian_hmm | K=6 | seed=44
[2026-09-17 04:50:58] DONE  screen_selection | h=1m | gaussian_hmm | K=6 | seed=44 | 744.7s | converged=True
[2026-09-17 04:51:36] START screen_selection | h=1m | gaussian_hmm | K=7 | seed=42
[2026-09-17 05:03:49] DONE  screen_selection | h=1m | gaussian_hmm | K=7 | seed=42 | 732.4s | converged=True
[2026-09-17 05:03:49] START screen_selection | h=1m | gaussian_hmm | K=7 | seed=43
[2026-09-17 05:15:29] DONE  screen_selection | h=1m | gaussian_hmm | K=7 | seed=43 | 700.1s | converged=True
[2026-09-17 05:15:29] START screen_selection | h=1m | gaussian_hmm | K=7 | seed=44
[2026-09-17 05:27:56] DONE  screen_selection | h=1m | gaussian_hmm | K=7 | seed=44 | 746.8s | converged=True
[2026-09-17 05:28:29] SCREEN horizon 1m DONE | Gaussian-HMM K=7 | gain=0.129556
[2026-09-17 05:28:29] SCREEN horizon 2m START
[2026-09-17 05:28:30] START screen_selection | h=2m | gmm | K=2
[2026-09-17 05:28:31] DONE  screen_selection | h=2m | gmm | K=2 | 0.5s
[2026-09-17 05:28:31] START screen_selection | h=2m | gmm | K=3
[2026-09-17 05:28:31] DONE  screen_selection | h=2m | gmm | K=3 | 0.5s
[2026-09-17 05:28:31] START screen_selection | h=2m | gmm | K=4
[2026-09-17 05:28:32] DONE  screen_selection | h=2m | gmm | K=4 | 1.0s
[2026-09-17 05:28:32] START screen_selection | h=2m | gmm | K=5
[2026-09-17 05:28:33] DONE  screen_selection | h=2m | gmm | K=5 | 0.9s
[2026-09-17 05:28:33] START screen_selection | h=2m | gmm | K=6
[2026-09-17 05:28:34] DONE  screen_selection | h=2m | gmm | K=6 | 1.0s
[2026-09-17 05:28:34] START screen_selection | h=2m | gmm | K=7
[2026-09-17 05:28:37] DONE  screen_selection | h=2m | gmm | K=7 | 2.5s
[2026-09-17 05:28:38] START screen_selection | h=2m | gaussian_hmm | K=2 | seed=42
[2026-09-17 05:30:21] DONE  screen_selection | h=2m | gaussian_hmm | K=2 | seed=42 | 102.4s | converged=True
[2026-09-17 05:30:21] START screen_selection | h=2m | gaussian_hmm | K=2 | seed=43
[2026-09-17 05:32:15] DONE  screen_selection | h=2m | gaussian_hmm | K=2 | seed=43 | 114.1s | converged=True
[2026-09-17 05:32:15] START screen_selection | h=2m | gaussian_hmm | K=2 | seed=44
[2026-09-17 05:34:08] DONE  screen_selection | h=2m | gaussian_hmm | K=2 | seed=44 | 112.9s | converged=True
[2026-09-17 05:34:20] START screen_selection | h=2m | gaussian_hmm | K=3 | seed=42
[2026-09-17 05:37:14] DONE  screen_selection | h=2m | gaussian_hmm | K=3 | seed=42 | 174.0s | converged=True
[2026-09-17 05:37:14] START screen_selection | h=2m | gaussian_hmm | K=3 | seed=43
[2026-09-17 05:40:01] DONE  screen_selection | h=2m | gaussian_hmm | K=3 | seed=43 | 167.1s | converged=True
[2026-09-17 05:40:01] START screen_selection | h=2m | gaussian_hmm | K=3 | seed=44
[2026-09-17 05:42:54] DONE  screen_selection | h=2m | gaussian_hmm | K=3 | seed=44 | 173.2s | converged=True
[2026-09-17 05:43:11] START screen_selection | h=2m | gaussian_hmm | K=4 | seed=42
[2026-09-17 05:48:02] DONE  screen_selection | h=2m | gaussian_hmm | K=4 | seed=42 | 291.5s | converged=False
[2026-09-17 05:48:02] START screen_selection | h=2m | gaussian_hmm | K=4 | seed=43
[2026-09-17 05:53:29] DONE  screen_selection | h=2m | gaussian_hmm | K=4 | seed=43 | 326.5s | converged=False
[2026-09-17 05:53:29] START screen_selection | h=2m | gaussian_hmm | K=4 | seed=44
[2026-09-17 05:58:41] DONE  screen_selection | h=2m | gaussian_hmm | K=4 | seed=44 | 312.2s | converged=False
[2026-09-17 05:59:01] START screen_selection | h=2m | gaussian_hmm | K=5 | seed=42
[2026-09-17 06:04:08] DONE  screen_selection | h=2m | gaussian_hmm | K=5 | seed=42 | 306.4s | converged=False
[2026-09-17 06:04:08] START screen_selection | h=2m | gaussian_hmm | K=5 | seed=43
[2026-09-17 06:09:26] DONE  screen_selection | h=2m | gaussian_hmm | K=5 | seed=43 | 318.8s | converged=False
[2026-09-17 06:09:26] START screen_selection | h=2m | gaussian_hmm | K=5 | seed=44
[2026-09-17 06:14:33] DONE  screen_selection | h=2m | gaussian_hmm | K=5 | seed=44 | 306.9s | converged=False
[2026-09-17 06:14:55] START screen_selection | h=2m | gaussian_hmm | K=6 | seed=42
[2026-09-17 06:20:11] DONE  screen_selection | h=2m | gaussian_hmm | K=6 | seed=42 | 315.9s | converged=False
[2026-09-17 06:20:11] START screen_selection | h=2m | gaussian_hmm | K=6 | seed=43
[2026-09-17 06:25:26] DONE  screen_selection | h=2m | gaussian_hmm | K=6 | seed=43 | 314.8s | converged=False
[2026-09-17 06:25:26] START screen_selection | h=2m | gaussian_hmm | K=6 | seed=44
[2026-09-17 06:30:26] DONE  screen_selection | h=2m | gaussian_hmm | K=6 | seed=44 | 300.3s | converged=False
[2026-09-17 06:30:45] START screen_selection | h=2m | gaussian_hmm | K=7 | seed=42
[2026-09-17 06:36:12] DONE  screen_selection | h=2m | gaussian_hmm | K=7 | seed=42 | 327.5s | converged=True
[2026-09-17 06:36:12] START screen_selection | h=2m | gaussian_hmm | K=7 | seed=43
[2026-09-17 06:41:35] DONE  screen_selection | h=2m | gaussian_hmm | K=7 | seed=43 | 322.7s | converged=True
[2026-09-17 06:41:35] START screen_selection | h=2m | gaussian_hmm | K=7 | seed=44
[2026-09-17 06:46:36] DONE  screen_selection | h=2m | gaussian_hmm | K=7 | seed=44 | 301.5s | converged=True
[2026-09-17 06:46:56] SCREEN horizon 2m DONE | Gaussian-HMM K=7 | gain=0.100678
[2026-09-17 06:46:56] CONFIRM horizon 1m | student_t_shared START
[2026-09-17 06:46:56] START confirm_selection | h=1m | student_t_shared | K=2 | seed=62
[2026-09-17 06:57:23] DONE  confirm_selection | h=1m | student_t_shared | K=2 | seed=62 | 627.6s | converged=True
[2026-09-17 06:57:23] START confirm_selection | h=1m | student_t_shared | K=2 | seed=63
[2026-09-17 07:09:23] DONE  confirm_selection | h=1m | student_t_shared | K=2 | seed=63 | 720.2s | converged=True
[2026-09-17 07:09:23] START confirm_selection | h=1m | student_t_shared | K=2 | seed=64
[2026-09-17 07:20:01] DONE  confirm_selection | h=1m | student_t_shared | K=2 | seed=64 | 637.2s | converged=True
[2026-09-17 07:20:38] START confirm_selection | h=1m | student_t_shared | K=3 | seed=62
[2026-09-17 07:32:45] DONE  confirm_selection | h=1m | student_t_shared | K=3 | seed=62 | 727.2s | converged=True
[2026-09-17 07:32:45] START confirm_selection | h=1m | student_t_shared | K=3 | seed=63
[2026-09-17 07:45:02] DONE  confirm_selection | h=1m | student_t_shared | K=3 | seed=63 | 736.4s | converged=True
[2026-09-17 07:45:02] START confirm_selection | h=1m | student_t_shared | K=3 | seed=64
[2026-09-17 07:57:18] DONE  confirm_selection | h=1m | student_t_shared | K=3 | seed=64 | 736.6s | converged=True
[2026-09-17 07:57:52] START confirm_selection | h=1m | student_t_shared | K=4 | seed=62
[2026-09-17 08:10:07] DONE  confirm_selection | h=1m | student_t_shared | K=4 | seed=62 | 734.6s | converged=True
[2026-09-17 08:10:07] START confirm_selection | h=1m | student_t_shared | K=4 | seed=63
[2026-09-17 08:22:27] DONE  confirm_selection | h=1m | student_t_shared | K=4 | seed=63 | 740.8s | converged=True
[2026-09-17 08:22:27] START confirm_selection | h=1m | student_t_shared | K=4 | seed=64
[2026-09-17 08:35:32] DONE  confirm_selection | h=1m | student_t_shared | K=4 | seed=64 | 784.4s | converged=True
[2026-09-17 08:36:08] START confirm_selection | h=1m | student_t_shared | K=5 | seed=62
[2026-09-17 08:49:30] DONE  confirm_selection | h=1m | student_t_shared | K=5 | seed=62 | 801.9s | converged=True
[2026-09-17 08:49:30] START confirm_selection | h=1m | student_t_shared | K=5 | seed=63
[2026-09-17 09:02:19] DONE  confirm_selection | h=1m | student_t_shared | K=5 | seed=63 | 768.5s | converged=True
[2026-09-17 09:02:19] START confirm_selection | h=1m | student_t_shared | K=5 | seed=64
[2026-09-17 09:15:19] DONE  confirm_selection | h=1m | student_t_shared | K=5 | seed=64 | 780.0s | converged=True
[2026-09-17 09:15:50] START confirm_selection | h=1m | student_t_shared | K=6 | seed=62
[2026-09-17 09:29:10] DONE  confirm_selection | h=1m | student_t_shared | K=6 | seed=62 | 800.4s | converged=True
[2026-09-17 09:29:10] START confirm_selection | h=1m | student_t_shared | K=6 | seed=63
[2026-09-17 09:42:25] DONE  confirm_selection | h=1m | student_t_shared | K=6 | seed=63 | 795.1s | converged=True
[2026-09-17 09:42:25] START confirm_selection | h=1m | student_t_shared | K=6 | seed=64
[2026-09-17 09:55:33] DONE  confirm_selection | h=1m | student_t_shared | K=6 | seed=64 | 788.0s | converged=True
[2026-09-17 09:56:01] START confirm_selection | h=1m | student_t_shared | K=7 | seed=62
[2026-09-17 10:09:23] DONE  confirm_selection | h=1m | student_t_shared | K=7 | seed=62 | 802.4s | converged=False
[2026-09-17 10:09:23] START confirm_selection | h=1m | student_t_shared | K=7 | seed=63
[2026-09-17 10:22:39] DONE  confirm_selection | h=1m | student_t_shared | K=7 | seed=63 | 796.0s | converged=False
[2026-09-17 10:22:39] START confirm_selection | h=1m | student_t_shared | K=7 | seed=64
[2026-09-17 10:35:48] DONE  confirm_selection | h=1m | student_t_shared | K=7 | seed=64 | 789.4s | converged=False
[2026-09-17 10:36:16] CONFIRM horizon 1m | student_t_shared DONE | K=7
[2026-09-17 10:36:16] CONFIRM horizon 1m | student_t_state START
[2026-09-17 10:36:16] START confirm_selection | h=1m | student_t_state | K=2 | seed=62
[2026-09-17 10:49:34] DONE  confirm_selection | h=1m | student_t_state | K=2 | seed=62 | 797.9s | converged=True
[2026-09-17 10:49:34] START confirm_selection | h=1m | student_t_state | K=2 | seed=63
[2026-09-17 10:59:23] DONE  confirm_selection | h=1m | student_t_state | K=2 | seed=63 | 589.2s | converged=True
[2026-09-17 10:59:23] START confirm_selection | h=1m | student_t_state | K=2 | seed=64
[2026-09-17 11:10:31] DONE  confirm_selection | h=1m | student_t_state | K=2 | seed=64 | 667.7s | converged=True
[2026-09-17 11:11:00] START confirm_selection | h=1m | student_t_state | K=3 | seed=62
[2026-09-17 11:24:27] DONE  confirm_selection | h=1m | student_t_state | K=3 | seed=62 | 807.1s | converged=True
[2026-09-17 11:24:27] START confirm_selection | h=1m | student_t_state | K=3 | seed=63
[2026-09-17 11:37:52] DONE  confirm_selection | h=1m | student_t_state | K=3 | seed=63 | 805.3s | converged=True
[2026-09-17 11:37:52] START confirm_selection | h=1m | student_t_state | K=3 | seed=64
[2026-09-17 11:50:52] DONE  confirm_selection | h=1m | student_t_state | K=3 | seed=64 | 780.0s | converged=True
[2026-09-17 11:51:24] START confirm_selection | h=1m | student_t_state | K=4 | seed=62
[2026-09-17 12:05:02] DONE  confirm_selection | h=1m | student_t_state | K=4 | seed=62 | 817.8s | converged=True
[2026-09-17 12:05:02] START confirm_selection | h=1m | student_t_state | K=4 | seed=63
[2026-09-17 12:18:07] DONE  confirm_selection | h=1m | student_t_state | K=4 | seed=63 | 785.1s | converged=True
[2026-09-17 12:18:07] START confirm_selection | h=1m | student_t_state | K=4 | seed=64
[2026-09-17 12:31:36] DONE  confirm_selection | h=1m | student_t_state | K=4 | seed=64 | 809.2s | converged=True
[2026-09-17 12:32:07] START confirm_selection | h=1m | student_t_state | K=5 | seed=62
[2026-09-17 12:45:45] DONE  confirm_selection | h=1m | student_t_state | K=5 | seed=62 | 818.3s | converged=True
[2026-09-17 12:45:45] START confirm_selection | h=1m | student_t_state | K=5 | seed=63
[2026-09-17 12:59:09] DONE  confirm_selection | h=1m | student_t_state | K=5 | seed=63 | 803.6s | converged=True
[2026-09-17 12:59:09] START confirm_selection | h=1m | student_t_state | K=5 | seed=64
[2026-09-17 13:12:44] DONE  confirm_selection | h=1m | student_t_state | K=5 | seed=64 | 815.1s | converged=True
[2026-09-17 13:13:14] START confirm_selection | h=1m | student_t_state | K=6 | seed=62
[2026-09-17 13:26:32] DONE  confirm_selection | h=1m | student_t_state | K=6 | seed=62 | 798.1s | converged=True
[2026-09-17 13:26:32] START confirm_selection | h=1m | student_t_state | K=6 | seed=63
[2026-09-17 13:40:06] DONE  confirm_selection | h=1m | student_t_state | K=6 | seed=63 | 814.7s | converged=True
[2026-09-17 13:40:06] START confirm_selection | h=1m | student_t_state | K=6 | seed=64
[2026-09-17 13:54:02] DONE  confirm_selection | h=1m | student_t_state | K=6 | seed=64 | 836.2s | converged=True
[2026-09-17 13:54:29] START confirm_selection | h=1m | student_t_state | K=7 | seed=62
[2026-09-17 14:08:06] DONE  confirm_selection | h=1m | student_t_state | K=7 | seed=62 | 817.2s | converged=False
[2026-09-17 14:08:06] START confirm_selection | h=1m | student_t_state | K=7 | seed=63
[2026-09-17 14:22:03] DONE  confirm_selection | h=1m | student_t_state | K=7 | seed=63 | 836.6s | converged=False
[2026-09-17 14:22:03] START confirm_selection | h=1m | student_t_state | K=7 | seed=64
[2026-09-17 14:35:36] DONE  confirm_selection | h=1m | student_t_state | K=7 | seed=64 | 813.7s | converged=False
[2026-09-17 14:36:03] CONFIRM horizon 1m | student_t_state DONE | K=7
[2026-09-17 14:36:03] CONFIRM horizon 2m | student_t_shared START
[2026-09-17 14:36:03] START confirm_selection | h=2m | student_t_shared | K=2 | seed=62
[2026-09-17 14:39:37] DONE  confirm_selection | h=2m | student_t_shared | K=2 | seed=62 | 214.6s | converged=True
[2026-09-17 14:39:37] START confirm_selection | h=2m | student_t_shared | K=2 | seed=63
[2026-09-17 14:45:27] DONE  confirm_selection | h=2m | student_t_shared | K=2 | seed=63 | 350.2s | converged=True
[2026-09-17 14:45:27] START confirm_selection | h=2m | student_t_shared | K=2 | seed=64
[2026-09-17 14:48:41] DONE  confirm_selection | h=2m | student_t_shared | K=2 | seed=64 | 194.0s | converged=True
[2026-09-17 14:48:58] START confirm_selection | h=2m | student_t_shared | K=3 | seed=62
[2026-09-17 14:54:48] DONE  confirm_selection | h=2m | student_t_shared | K=3 | seed=62 | 350.3s | converged=True
[2026-09-17 14:54:48] START confirm_selection | h=2m | student_t_shared | K=3 | seed=63
[2026-09-17 15:00:44] DONE  confirm_selection | h=2m | student_t_shared | K=3 | seed=63 | 355.7s | converged=True
[2026-09-17 15:00:44] START confirm_selection | h=2m | student_t_shared | K=3 | seed=64
[2026-09-17 15:06:26] DONE  confirm_selection | h=2m | student_t_shared | K=3 | seed=64 | 342.6s | converged=True
[2026-09-17 15:06:42] START confirm_selection | h=2m | student_t_shared | K=4 | seed=62
[2026-09-17 15:12:12] DONE  confirm_selection | h=2m | student_t_shared | K=4 | seed=62 | 329.5s | converged=False
[2026-09-17 15:12:12] START confirm_selection | h=2m | student_t_shared | K=4 | seed=63
[2026-09-17 15:17:24] DONE  confirm_selection | h=2m | student_t_shared | K=4 | seed=63 | 312.2s | converged=True
[2026-09-17 15:17:24] START confirm_selection | h=2m | student_t_shared | K=4 | seed=64
[2026-09-17 15:22:41] DONE  confirm_selection | h=2m | student_t_shared | K=4 | seed=64 | 316.5s | converged=False
[2026-09-17 15:22:54] START confirm_selection | h=2m | student_t_shared | K=5 | seed=62
[2026-09-17 15:28:28] DONE  confirm_selection | h=2m | student_t_shared | K=5 | seed=62 | 333.8s | converged=True
[2026-09-17 15:28:28] START confirm_selection | h=2m | student_t_shared | K=5 | seed=63
[2026-09-17 15:33:43] DONE  confirm_selection | h=2m | student_t_shared | K=5 | seed=63 | 315.3s | converged=True
[2026-09-17 15:33:43] START confirm_selection | h=2m | student_t_shared | K=5 | seed=64
[2026-09-17 15:38:57] DONE  confirm_selection | h=2m | student_t_shared | K=5 | seed=64 | 314.1s | converged=True
[2026-09-17 15:39:10] START confirm_selection | h=2m | student_t_shared | K=6 | seed=62
[2026-09-17 15:44:27] DONE  confirm_selection | h=2m | student_t_shared | K=6 | seed=62 | 316.9s | converged=True
[2026-09-17 15:44:27] START confirm_selection | h=2m | student_t_shared | K=6 | seed=63
[2026-09-17 15:49:49] DONE  confirm_selection | h=2m | student_t_shared | K=6 | seed=63 | 322.3s | converged=True
[2026-09-17 15:49:49] START confirm_selection | h=2m | student_t_shared | K=6 | seed=64
[2026-09-17 15:55:17] DONE  confirm_selection | h=2m | student_t_shared | K=6 | seed=64 | 328.0s | converged=False
[2026-09-17 15:55:29] START confirm_selection | h=2m | student_t_shared | K=7 | seed=62
[2026-09-17 16:00:45] DONE  confirm_selection | h=2m | student_t_shared | K=7 | seed=62 | 315.6s | converged=False
[2026-09-17 16:00:45] START confirm_selection | h=2m | student_t_shared | K=7 | seed=63
[2026-09-17 16:06:08] DONE  confirm_selection | h=2m | student_t_shared | K=7 | seed=63 | 323.6s | converged=False
[2026-09-17 16:06:08] START confirm_selection | h=2m | student_t_shared | K=7 | seed=64
[2026-09-17 16:11:27] DONE  confirm_selection | h=2m | student_t_shared | K=7 | seed=64 | 319.0s | converged=False
[2026-09-17 16:11:40] CONFIRM horizon 2m | student_t_shared DONE | K=7
[2026-09-17 16:11:40] CONFIRM horizon 2m | student_t_state START
[2026-09-17 16:11:40] START confirm_selection | h=2m | student_t_state | K=2 | seed=62
[2026-09-17 16:16:20] DONE  confirm_selection | h=2m | student_t_state | K=2 | seed=62 | 279.6s | converged=True
[2026-09-17 16:16:20] START confirm_selection | h=2m | student_t_state | K=2 | seed=63
[2026-09-17 16:20:34] DONE  confirm_selection | h=2m | student_t_state | K=2 | seed=63 | 254.2s | converged=True
[2026-09-17 16:20:34] START confirm_selection | h=2m | student_t_state | K=2 | seed=64
[2026-09-17 16:25:11] DONE  confirm_selection | h=2m | student_t_state | K=2 | seed=64 | 277.4s | converged=True
[2026-09-17 16:25:27] START confirm_selection | h=2m | student_t_state | K=3 | seed=62
[2026-09-17 16:30:50] DONE  confirm_selection | h=2m | student_t_state | K=3 | seed=62 | 323.1s | converged=True
[2026-09-17 16:30:50] START confirm_selection | h=2m | student_t_state | K=3 | seed=63
[2026-09-17 16:36:13] DONE  confirm_selection | h=2m | student_t_state | K=3 | seed=63 | 322.8s | converged=True
[2026-09-17 16:36:13] START confirm_selection | h=2m | student_t_state | K=3 | seed=64
[2026-09-17 16:41:21] DONE  confirm_selection | h=2m | student_t_state | K=3 | seed=64 | 308.4s | converged=True
[2026-09-17 16:41:34] START confirm_selection | h=2m | student_t_state | K=4 | seed=62
[2026-09-17 16:46:45] DONE  confirm_selection | h=2m | student_t_state | K=4 | seed=62 | 310.9s | converged=True
[2026-09-17 16:46:45] START confirm_selection | h=2m | student_t_state | K=4 | seed=63
[2026-09-17 16:52:07] DONE  confirm_selection | h=2m | student_t_state | K=4 | seed=63 | 322.0s | converged=True
[2026-09-17 16:52:07] START confirm_selection | h=2m | student_t_state | K=4 | seed=64
[2026-09-17 16:57:30] DONE  confirm_selection | h=2m | student_t_state | K=4 | seed=64 | 323.4s | converged=True
[2026-09-17 16:57:44] START confirm_selection | h=2m | student_t_state | K=5 | seed=62
[2026-09-17 17:03:03] DONE  confirm_selection | h=2m | student_t_state | K=5 | seed=62 | 319.0s | converged=True
[2026-09-17 17:03:03] START confirm_selection | h=2m | student_t_state | K=5 | seed=63
[2026-09-17 17:08:20] DONE  confirm_selection | h=2m | student_t_state | K=5 | seed=63 | 316.7s | converged=True
[2026-09-17 17:08:20] START confirm_selection | h=2m | student_t_state | K=5 | seed=64
[2026-09-17 17:13:31] DONE  confirm_selection | h=2m | student_t_state | K=5 | seed=64 | 311.8s | converged=True
[2026-09-17 17:13:47] START confirm_selection | h=2m | student_t_state | K=6 | seed=62
[2026-09-17 17:19:14] DONE  confirm_selection | h=2m | student_t_state | K=6 | seed=62 | 326.4s | converged=True
[2026-09-17 17:19:14] START confirm_selection | h=2m | student_t_state | K=6 | seed=63
[2026-09-17 17:24:28] DONE  confirm_selection | h=2m | student_t_state | K=6 | seed=63 | 313.9s | converged=True
[2026-09-17 17:24:28] START confirm_selection | h=2m | student_t_state | K=6 | seed=64
[2026-09-17 17:29:44] DONE  confirm_selection | h=2m | student_t_state | K=6 | seed=64 | 316.6s | converged=True
[2026-09-17 17:29:59] START confirm_selection | h=2m | student_t_state | K=7 | seed=62
[2026-09-17 17:35:21] DONE  confirm_selection | h=2m | student_t_state | K=7 | seed=62 | 322.1s | converged=True
[2026-09-17 17:35:21] START confirm_selection | h=2m | student_t_state | K=7 | seed=63
[2026-09-17 17:40:41] DONE  confirm_selection | h=2m | student_t_state | K=7 | seed=63 | 319.6s | converged=True
[2026-09-17 17:40:41] START confirm_selection | h=2m | student_t_state | K=7 | seed=64
[2026-09-17 17:45:57] DONE  confirm_selection | h=2m | student_t_state | K=7 | seed=64 | 316.4s | converged=True
[2026-09-17 17:46:11] CONFIRM horizon 2m | student_t_state DONE | K=7
[2026-09-17 17:46:17] REFIT horizon 1m | student_t | K=1 START
[2026-09-17 17:46:17] REFIT horizon 1m | student_t | K=1 DONE
[2026-09-17 17:46:17] REFIT horizon 1m | gaussian | K=1 START
[2026-09-17 17:46:17] REFIT horizon 1m | gaussian | K=1 DONE
[2026-09-17 17:46:17] REFIT horizon 1m | gmm | K=5 START
[2026-09-17 17:46:23] REFIT horizon 1m | gmm | K=5 DONE
[2026-09-17 17:46:23] REFIT horizon 1m | gaussian_hmm | K=7 START
[2026-09-17 17:46:23] START refit | h=1m | gaussian_hmm | K=7 | seed=142
[2026-09-17 18:26:08] DONE  refit | h=1m | gaussian_hmm | K=7 | seed=142 | 2384.8s | converged=True
[2026-09-17 18:26:08] START refit | h=1m | gaussian_hmm | K=7 | seed=143
[2026-09-17 19:04:08] DONE  refit | h=1m | gaussian_hmm | K=7 | seed=143 | 2279.9s | converged=True
[2026-09-17 19:04:08] START refit | h=1m | gaussian_hmm | K=7 | seed=144
[2026-09-17 19:42:58] DONE  refit | h=1m | gaussian_hmm | K=7 | seed=144 | 2330.7s | converged=True
[2026-09-17 19:42:58] START refit | h=1m | gaussian_hmm | K=7 | seed=145
[2026-09-17 20:21:08] DONE  refit | h=1m | gaussian_hmm | K=7 | seed=145 | 2289.7s | converged=True
[2026-09-17 20:21:08] START refit | h=1m | gaussian_hmm | K=7 | seed=146
[2026-09-17 21:00:05] DONE  refit | h=1m | gaussian_hmm | K=7 | seed=146 | 2337.5s | converged=True
[2026-09-17 21:00:38] REFIT horizon 1m | gaussian_hmm | K=7 DONE
[2026-09-17 21:00:38] REFIT horizon 1m | student_t_shared | K=7 START
[2026-09-17 21:00:38] START refit | h=1m | student_t_shared | K=7 | seed=142
[2026-09-17 21:39:56] DONE  refit | h=1m | student_t_shared | K=7 | seed=142 | 2358.7s | converged=True
[2026-09-17 21:39:56] START refit | h=1m | student_t_shared | K=7 | seed=143
Running immutable CUDA job policy_daily__f06_07
[2026-09-18 02:26:40] LOAD source data START
[2026-09-18 02:26:41] LOAD source data DONE | rows=525,635
[2026-09-18 02:26:41] AUDIT timestamp/rollover START
[2026-09-18 02:26:41] AUDIT timestamp/rollover DONE
[2026-09-18 02:26:41] BUILD returns START | horizons=[1, 2]
[2026-09-18 02:26:53] BUILD returns DONE | 1m=518,222, 2m=258,485
[2026-09-18 02:26:53] FOLD 7/2 START
[2026-09-18 02:26:53] SCREEN horizon 1m START
[2026-09-18 02:26:54] SCREEN horizon 1m DONE | Gaussian-HMM K=7 | gain=0.129556
[2026-09-18 02:26:54] SCREEN horizon 2m START
[2026-09-18 02:26:54] SCREEN horizon 2m DONE | Gaussian-HMM K=7 | gain=0.100678
[2026-09-18 02:26:54] CONFIRM horizon 1m | student_t_shared START
[2026-09-18 02:26:54] CONFIRM horizon 1m | student_t_shared DONE | K=7
[2026-09-18 02:26:54] CONFIRM horizon 1m | student_t_state START
[2026-09-18 02:26:54] CONFIRM horizon 1m | student_t_state DONE | K=7
[2026-09-18 02:26:54] CONFIRM horizon 2m | student_t_shared START
[2026-09-18 02:26:54] CONFIRM horizon 2m | student_t_shared DONE | K=7
[2026-09-18 02:26:54] CONFIRM horizon 2m | student_t_state START
[2026-09-18 02:26:54] CONFIRM horizon 2m | student_t_state DONE | K=7
[2026-09-18 02:27:00] REFIT horizon 1m | student_t | K=1 START
[2026-09-18 02:27:00] REFIT horizon 1m | student_t | K=1 DONE
[2026-09-18 02:27:00] REFIT horizon 1m | gaussian | K=1 START
[2026-09-18 02:27:00] REFIT horizon 1m | gaussian | K=1 DONE
[2026-09-18 02:27:00] REFIT horizon 1m | gmm | K=5 START
[2026-09-18 02:27:00] REFIT horizon 1m | gmm | K=5 DONE
[2026-09-18 02:27:00] REFIT horizon 1m | gaussian_hmm | K=7 START
[2026-09-18 02:27:00] REFIT horizon 1m | gaussian_hmm | K=7 DONE
[2026-09-18 02:27:00] REFIT horizon 1m | student_t_shared | K=7 START
[2026-09-18 02:27:00] CACHE refit | h=1m | student_t_shared | K=7 | seed=142
[2026-09-18 02:27:00] START refit | h=1m | student_t_shared | K=7 | seed=143
[2026-09-18 03:06:34] DONE  refit | h=1m | student_t_shared | K=7 | seed=143 | 2374.0s | converged=True
[2026-09-18 03:06:34] START refit | h=1m | student_t_shared | K=7 | seed=144
[2026-09-18 03:46:05] DONE  refit | h=1m | student_t_shared | K=7 | seed=144 | 2370.6s | converged=True
[2026-09-18 03:46:05] START refit | h=1m | student_t_shared | K=7 | seed=145
[2026-09-18 04:26:46] DONE  refit | h=1m | student_t_shared | K=7 | seed=145 | 2441.2s | converged=True
[2026-09-18 04:26:46] START refit | h=1m | student_t_shared | K=7 | seed=146
[2026-09-18 05:07:52] DONE  refit | h=1m | student_t_shared | K=7 | seed=146 | 2466.0s | converged=True
[2026-09-18 05:08:42] REFIT horizon 1m | student_t_shared | K=7 DONE
[2026-09-18 05:08:42] REFIT horizon 1m | student_t_state | K=7 START
[2026-09-18 05:08:42] START refit | h=1m | student_t_state | K=7 | seed=142
[2026-09-18 05:49:45] DONE  refit | h=1m | student_t_state | K=7 | seed=142 | 2463.7s | converged=True
[2026-09-18 05:49:45] START refit | h=1m | student_t_state | K=7 | seed=143
[2026-09-18 06:29:06] DONE  refit | h=1m | student_t_state | K=7 | seed=143 | 2361.2s | converged=True
[2026-09-18 06:29:06] START refit | h=1m | student_t_state | K=7 | seed=144
[2026-09-18 07:08:02] DONE  refit | h=1m | student_t_state | K=7 | seed=144 | 2336.1s | converged=True
[2026-09-18 07:08:02] START refit | h=1m | student_t_state | K=7 | seed=145
[2026-09-18 07:47:30] DONE  refit | h=1m | student_t_state | K=7 | seed=145 | 2367.1s | converged=True
[2026-09-18 07:47:30] START refit | h=1m | student_t_state | K=7 | seed=146
[2026-09-18 08:26:18] DONE  refit | h=1m | student_t_state | K=7 | seed=146 | 2328.2s | converged=True
[2026-09-18 08:27:03] REFIT horizon 1m | student_t_state | K=7 DONE
[2026-09-18 08:27:05] REFIT horizon 2m | student_t | K=1 START
[2026-09-18 08:27:05] REFIT horizon 2m | student_t | K=1 DONE
[2026-09-18 08:27:05] REFIT horizon 2m | gaussian | K=1 START
[2026-09-18 08:27:05] REFIT horizon 2m | gaussian | K=1 DONE
[2026-09-18 08:27:05] REFIT horizon 2m | gmm | K=5 START
[2026-09-18 08:27:07] REFIT horizon 2m | gmm | K=5 DONE
[2026-09-18 08:27:07] REFIT horizon 2m | gaussian_hmm | K=7 START
[2026-09-18 08:27:07] START refit | h=2m | gaussian_hmm | K=7 | seed=142
[2026-09-18 08:44:32] DONE  refit | h=2m | gaussian_hmm | K=7 | seed=142 | 1045.2s | converged=True
[2026-09-18 08:44:32] START refit | h=2m | gaussian_hmm | K=7 | seed=143
[2026-09-18 09:02:22] DONE  refit | h=2m | gaussian_hmm | K=7 | seed=143 | 1069.7s | converged=True
[2026-09-18 09:02:22] START refit | h=2m | gaussian_hmm | K=7 | seed=144
[2026-09-18 09:19:40] DONE  refit | h=2m | gaussian_hmm | K=7 | seed=144 | 1038.4s | converged=True
[2026-09-18 09:19:40] START refit | h=2m | gaussian_hmm | K=7 | seed=145
[2026-09-18 09:36:53] DONE  refit | h=2m | gaussian_hmm | K=7 | seed=145 | 1033.1s | converged=True
[2026-09-18 09:36:53] START refit | h=2m | gaussian_hmm | K=7 | seed=146
[2026-09-18 09:54:01] DONE  refit | h=2m | gaussian_hmm | K=7 | seed=146 | 1027.2s | converged=True
[2026-09-18 09:54:14] REFIT horizon 2m | gaussian_hmm | K=7 DONE
[2026-09-18 09:54:14] REFIT horizon 2m | student_t_shared | K=7 START
[2026-09-18 09:54:14] START refit | h=2m | student_t_shared | K=7 | seed=142
[2026-09-18 10:11:05] DONE  refit | h=2m | student_t_shared | K=7 | seed=142 | 1010.4s | converged=True
[2026-09-18 10:11:05] START refit | h=2m | student_t_shared | K=7 | seed=143
[2026-09-18 10:28:10] DONE  refit | h=2m | student_t_shared | K=7 | seed=143 | 1025.5s | converged=True
[2026-09-18 10:28:10] START refit | h=2m | student_t_shared | K=7 | seed=144
[2026-09-18 10:44:26] DONE  refit | h=2m | student_t_shared | K=7 | seed=144 | 975.5s | converged=True
[2026-09-18 10:44:26] START refit | h=2m | student_t_shared | K=7 | seed=145
[2026-09-18 11:00:43] DONE  refit | h=2m | student_t_shared | K=7 | seed=145 | 976.9s | converged=True
[2026-09-18 11:00:43] START refit | h=2m | student_t_shared | K=7 | seed=146
[2026-09-18 11:17:29] DONE  refit | h=2m | student_t_shared | K=7 | seed=146 | 1006.5s | converged=True
[2026-09-18 11:17:48] REFIT horizon 2m | student_t_shared | K=7 DONE
[2026-09-18 11:17:48] REFIT horizon 2m | student_t_state | K=7 START
[2026-09-18 11:17:48] START refit | h=2m | student_t_state | K=7 | seed=142
[2026-09-18 11:34:20] DONE  refit | h=2m | student_t_state | K=7 | seed=142 | 992.1s | converged=False
[2026-09-18 11:34:20] START refit | h=2m | student_t_state | K=7 | seed=143
[2026-09-18 11:51:39] DONE  refit | h=2m | student_t_state | K=7 | seed=143 | 1039.0s | converged=False
[2026-09-18 11:51:39] START refit | h=2m | student_t_state | K=7 | seed=144
[2026-09-18 12:07:53] DONE  refit | h=2m | student_t_state | K=7 | seed=144 | 973.7s | converged=False
[2026-09-18 12:07:53] START refit | h=2m | student_t_state | K=7 | seed=145
[2026-09-18 12:24:45] DONE  refit | h=2m | student_t_state | K=7 | seed=145 | 1012.0s | converged=False
[2026-09-18 12:24:45] START refit | h=2m | student_t_state | K=7 | seed=146
[2026-09-18 12:40:29] DONE  refit | h=2m | student_t_state | K=7 | seed=146 | 944.4s | converged=False
[2026-09-18 12:40:45] REFIT horizon 2m | student_t_state | K=7 DONE
[2026-09-18 12:40:45] FOLD 7/2 DONE
[2026-09-18 12:40:45] FOLD 8/2 START
[2026-09-18 12:40:45] SCREEN horizon 1m START
[2026-09-18 12:40:49] START screen_selection | h=1m | gmm | K=2
[2026-09-18 12:40:53] DONE  screen_selection | h=1m | gmm | K=2 | 4.3s
[2026-09-18 12:40:53] START screen_selection | h=1m | gmm | K=3
[2026-09-18 12:40:54] DONE  screen_selection | h=1m | gmm | K=3 | 1.3s
[2026-09-18 12:40:54] START screen_selection | h=1m | gmm | K=4
[2026-09-18 12:40:56] DONE  screen_selection | h=1m | gmm | K=4 | 2.2s
[2026-09-18 12:40:56] START screen_selection | h=1m | gmm | K=5
[2026-09-18 12:40:59] DONE  screen_selection | h=1m | gmm | K=5 | 2.1s
[2026-09-18 12:40:59] START screen_selection | h=1m | gmm | K=6
[2026-09-18 12:41:02] DONE  screen_selection | h=1m | gmm | K=6 | 3.0s
[2026-09-18 12:41:02] START screen_selection | h=1m | gmm | K=7
[2026-09-18 12:41:05] DONE  screen_selection | h=1m | gmm | K=7 | 3.2s
[2026-09-18 12:41:05] START screen_selection | h=1m | gaussian_hmm | K=2 | seed=42
[2026-09-18 12:44:16] DONE  screen_selection | h=1m | gaussian_hmm | K=2 | seed=42 | 191.5s | converged=True
[2026-09-18 12:44:16] START screen_selection | h=1m | gaussian_hmm | K=2 | seed=43
[2026-09-18 12:48:13] DONE  screen_selection | h=1m | gaussian_hmm | K=2 | seed=43 | 236.3s | converged=True
[2026-09-18 12:48:13] START screen_selection | h=1m | gaussian_hmm | K=2 | seed=44
[2026-09-18 12:51:48] DONE  screen_selection | h=1m | gaussian_hmm | K=2 | seed=44 | 215.2s | converged=True
[2026-09-18 12:52:16] START screen_selection | h=1m | gaussian_hmm | K=3 | seed=42
[2026-09-18 12:58:18] DONE  screen_selection | h=1m | gaussian_hmm | K=3 | seed=42 | 362.0s | converged=True
[2026-09-18 12:58:18] START screen_selection | h=1m | gaussian_hmm | K=3 | seed=43
[2026-09-18 13:04:55] DONE  screen_selection | h=1m | gaussian_hmm | K=3 | seed=43 | 397.0s | converged=True
[2026-09-18 13:04:55] START screen_selection | h=1m | gaussian_hmm | K=3 | seed=44
[2026-09-18 13:11:35] DONE  screen_selection | h=1m | gaussian_hmm | K=3 | seed=44 | 399.6s | converged=True
[2026-09-18 13:12:00] START screen_selection | h=1m | gaussian_hmm | K=4 | seed=42
[2026-09-18 13:23:23] DONE  screen_selection | h=1m | gaussian_hmm | K=4 | seed=42 | 683.1s | converged=False
[2026-09-18 13:23:23] START screen_selection | h=1m | gaussian_hmm | K=4 | seed=43
[2026-09-18 13:34:40] DONE  screen_selection | h=1m | gaussian_hmm | K=4 | seed=43 | 676.7s | converged=False
[2026-09-18 13:34:40] START screen_selection | h=1m | gaussian_hmm | K=4 | seed=44
[2026-09-18 13:45:48] DONE  screen_selection | h=1m | gaussian_hmm | K=4 | seed=44 | 668.4s | converged=False
[2026-09-18 13:46:17] START screen_selection | h=1m | gaussian_hmm | K=5 | seed=42
[2026-09-18 13:57:13] DONE  screen_selection | h=1m | gaussian_hmm | K=5 | seed=42 | 656.8s | converged=True
[2026-09-18 13:57:13] START screen_selection | h=1m | gaussian_hmm | K=5 | seed=43
[2026-09-18 14:08:16] DONE  screen_selection | h=1m | gaussian_hmm | K=5 | seed=43 | 662.8s | converged=True
[2026-09-18 14:08:16] START screen_selection | h=1m | gaussian_hmm | K=5 | seed=44
[2026-09-18 14:19:28] DONE  screen_selection | h=1m | gaussian_hmm | K=5 | seed=44 | 672.2s | converged=True
[2026-09-18 14:19:56] START screen_selection | h=1m | gaussian_hmm | K=6 | seed=42
[2026-09-18 14:31:21] DONE  screen_selection | h=1m | gaussian_hmm | K=6 | seed=42 | 684.8s | converged=True
[2026-09-18 14:31:21] START screen_selection | h=1m | gaussian_hmm | K=6 | seed=43
[2026-09-18 14:43:22] DONE  screen_selection | h=1m | gaussian_hmm | K=6 | seed=43 | 720.5s | converged=True
[2026-09-18 14:43:22] START screen_selection | h=1m | gaussian_hmm | K=6 | seed=44
[2026-09-18 14:54:56] DONE  screen_selection | h=1m | gaussian_hmm | K=6 | seed=44 | 694.3s | converged=True
[2026-09-18 14:55:20] START screen_selection | h=1m | gaussian_hmm | K=7 | seed=42
[2026-09-18 15:05:43] DONE  screen_selection | h=1m | gaussian_hmm | K=7 | seed=42 | 623.0s | converged=True
[2026-09-18 15:05:43] START screen_selection | h=1m | gaussian_hmm | K=7 | seed=43
[2026-09-18 15:17:23] DONE  screen_selection | h=1m | gaussian_hmm | K=7 | seed=43 | 700.0s | converged=True
[2026-09-18 15:17:23] START screen_selection | h=1m | gaussian_hmm | K=7 | seed=44
[2026-09-18 15:28:07] DONE  screen_selection | h=1m | gaussian_hmm | K=7 | seed=44 | 644.6s | converged=True
[2026-09-18 15:28:31] SCREEN horizon 1m DONE | Gaussian-HMM K=4 | gain=0.127576
[2026-09-18 15:28:31] SCREEN horizon 2m START
[2026-09-18 15:28:33] START screen_selection | h=2m | gmm | K=2
[2026-09-18 15:28:33] DONE  screen_selection | h=2m | gmm | K=2 | 0.5s
[2026-09-18 15:28:33] START screen_selection | h=2m | gmm | K=3
[2026-09-18 15:28:34] DONE  screen_selection | h=2m | gmm | K=3 | 0.5s
[2026-09-18 15:28:34] START screen_selection | h=2m | gmm | K=4
[2026-09-18 15:28:35] DONE  screen_selection | h=2m | gmm | K=4 | 1.0s
[2026-09-18 15:28:35] START screen_selection | h=2m | gmm | K=5
[2026-09-18 15:28:36] DONE  screen_selection | h=2m | gmm | K=5 | 1.0s
[2026-09-18 15:28:36] START screen_selection | h=2m | gmm | K=6
[2026-09-18 15:28:37] DONE  screen_selection | h=2m | gmm | K=6 | 1.0s
[2026-09-18 15:28:37] START screen_selection | h=2m | gmm | K=7
[2026-09-18 15:28:38] DONE  screen_selection | h=2m | gmm | K=7 | 1.1s
[2026-09-18 15:28:38] START screen_selection | h=2m | gaussian_hmm | K=2 | seed=42
[2026-09-18 15:30:38] DONE  screen_selection | h=2m | gaussian_hmm | K=2 | seed=42 | 119.9s | converged=True
[2026-09-18 15:30:38] START screen_selection | h=2m | gaussian_hmm | K=2 | seed=43
[2026-09-18 15:32:38] DONE  screen_selection | h=2m | gaussian_hmm | K=2 | seed=43 | 120.5s | converged=True
[2026-09-18 15:32:38] START screen_selection | h=2m | gaussian_hmm | K=2 | seed=44
[2026-09-18 15:34:39] DONE  screen_selection | h=2m | gaussian_hmm | K=2 | seed=44 | 121.0s | converged=True
[2026-09-18 15:34:51] START screen_selection | h=2m | gaussian_hmm | K=3 | seed=42
[2026-09-18 15:38:44] DONE  screen_selection | h=2m | gaussian_hmm | K=3 | seed=42 | 233.3s | converged=True
[2026-09-18 15:38:44] START screen_selection | h=2m | gaussian_hmm | K=3 | seed=43
[2026-09-18 15:42:23] DONE  screen_selection | h=2m | gaussian_hmm | K=3 | seed=43 | 218.8s | converged=True
[2026-09-18 15:42:23] START screen_selection | h=2m | gaussian_hmm | K=3 | seed=44
[2026-09-18 15:45:46] DONE  screen_selection | h=2m | gaussian_hmm | K=3 | seed=44 | 202.8s | converged=True
[2026-09-18 15:46:00] START screen_selection | h=2m | gaussian_hmm | K=4 | seed=42
[2026-09-18 15:51:34] DONE  screen_selection | h=2m | gaussian_hmm | K=4 | seed=42 | 333.9s | converged=False
[2026-09-18 15:51:34] START screen_selection | h=2m | gaussian_hmm | K=4 | seed=43
[2026-09-18 15:57:08] DONE  screen_selection | h=2m | gaussian_hmm | K=4 | seed=43 | 334.5s | converged=False
[2026-09-18 15:57:08] START screen_selection | h=2m | gaussian_hmm | K=4 | seed=44
[2026-09-18 16:02:34] DONE  screen_selection | h=2m | gaussian_hmm | K=4 | seed=44 | 325.0s | converged=False
[2026-09-18 16:02:45] START screen_selection | h=2m | gaussian_hmm | K=5 | seed=42
[2026-09-18 16:08:24] DONE  screen_selection | h=2m | gaussian_hmm | K=5 | seed=42 | 338.5s | converged=False
[2026-09-18 16:08:24] START screen_selection | h=2m | gaussian_hmm | K=5 | seed=43
[2026-09-18 16:13:30] DONE  screen_selection | h=2m | gaussian_hmm | K=5 | seed=43 | 306.4s | converged=False
[2026-09-18 16:13:30] START screen_selection | h=2m | gaussian_hmm | K=5 | seed=44
[2026-09-18 16:18:51] DONE  screen_selection | h=2m | gaussian_hmm | K=5 | seed=44 | 320.6s | converged=False
[2026-09-18 16:19:03] START screen_selection | h=2m | gaussian_hmm | K=6 | seed=42
[2026-09-18 16:24:10] DONE  screen_selection | h=2m | gaussian_hmm | K=6 | seed=42 | 306.6s | converged=False
[2026-09-18 16:24:10] START screen_selection | h=2m | gaussian_hmm | K=6 | seed=43
[2026-09-18 16:28:50] DONE  screen_selection | h=2m | gaussian_hmm | K=6 | seed=43 | 279.5s | converged=False
[2026-09-18 16:28:50] START screen_selection | h=2m | gaussian_hmm | K=6 | seed=44
[2026-09-18 16:33:42] DONE  screen_selection | h=2m | gaussian_hmm | K=6 | seed=44 | 292.5s | converged=False
[2026-09-18 16:34:00] START screen_selection | h=2m | gaussian_hmm | K=7 | seed=42
[2026-09-18 16:39:21] DONE  screen_selection | h=2m | gaussian_hmm | K=7 | seed=42 | 321.3s | converged=True
[2026-09-18 16:39:21] START screen_selection | h=2m | gaussian_hmm | K=7 | seed=43
[2026-09-18 16:44:57] DONE  screen_selection | h=2m | gaussian_hmm | K=7 | seed=43 | 336.3s | converged=True
[2026-09-18 16:44:57] START screen_selection | h=2m | gaussian_hmm | K=7 | seed=44
[2026-09-18 16:50:06] DONE  screen_selection | h=2m | gaussian_hmm | K=7 | seed=44 | 309.0s | converged=True
[2026-09-18 16:50:18] SCREEN horizon 2m DONE | Gaussian-HMM K=4 | gain=0.102469
[2026-09-18 16:50:18] CONFIRM horizon 1m | student_t_shared START
[2026-09-18 16:50:18] START confirm_selection | h=1m | student_t_shared | K=2 | seed=62
[2026-09-18 16:59:59] DONE  confirm_selection | h=1m | student_t_shared | K=2 | seed=62 | 580.7s | converged=True
[2026-09-18 16:59:59] START confirm_selection | h=1m | student_t_shared | K=2 | seed=63
[2026-09-18 17:10:04] DONE  confirm_selection | h=1m | student_t_shared | K=2 | seed=63 | 605.1s | converged=True
[2026-09-18 17:10:04] START confirm_selection | h=1m | student_t_shared | K=2 | seed=64
[2026-09-18 17:18:07] DONE  confirm_selection | h=1m | student_t_shared | K=2 | seed=64 | 483.4s | converged=True
[2026-09-18 17:18:34] START confirm_selection | h=1m | student_t_shared | K=3 | seed=62
[2026-09-18 17:30:29] DONE  confirm_selection | h=1m | student_t_shared | K=3 | seed=62 | 715.3s | converged=True
[2026-09-18 17:30:29] START confirm_selection | h=1m | student_t_shared | K=3 | seed=63
[2026-09-18 17:42:22] DONE  confirm_selection | h=1m | student_t_shared | K=3 | seed=63 | 713.3s | converged=True
[2026-09-18 17:42:22] START confirm_selection | h=1m | student_t_shared | K=3 | seed=64
[2026-09-18 17:53:58] DONE  confirm_selection | h=1m | student_t_shared | K=3 | seed=64 | 696.4s | converged=True
[2026-09-18 17:54:24] START confirm_selection | h=1m | student_t_shared | K=4 | seed=62
[2026-09-18 18:05:36] DONE  confirm_selection | h=1m | student_t_shared | K=4 | seed=62 | 671.8s | converged=True
[2026-09-18 18:05:36] START confirm_selection | h=1m | student_t_shared | K=4 | seed=63
[2026-09-18 18:16:13] DONE  confirm_selection | h=1m | student_t_shared | K=4 | seed=63 | 636.9s | converged=True
[2026-09-18 18:16:13] START confirm_selection | h=1m | student_t_shared | K=4 | seed=64
[2026-09-18 18:27:28] DONE  confirm_selection | h=1m | student_t_shared | K=4 | seed=64 | 675.3s | converged=True
[2026-09-18 18:28:00] START confirm_selection | h=1m | student_t_shared | K=5 | seed=62
[2026-09-18 18:39:06] DONE  confirm_selection | h=1m | student_t_shared | K=5 | seed=62 | 666.1s | converged=True
[2026-09-18 18:39:06] START confirm_selection | h=1m | student_t_shared | K=5 | seed=63
[2026-09-18 18:50:01] DONE  confirm_selection | h=1m | student_t_shared | K=5 | seed=63 | 655.0s | converged=True
[2026-09-18 18:50:01] START confirm_selection | h=1m | student_t_shared | K=5 | seed=64
[2026-09-18 19:00:40] DONE  confirm_selection | h=1m | student_t_shared | K=5 | seed=64 | 638.8s | converged=True
[2026-09-18 19:01:09] START confirm_selection | h=1m | student_t_shared | K=6 | seed=62
[2026-09-18 19:12:37] DONE  confirm_selection | h=1m | student_t_shared | K=6 | seed=62 | 687.8s | converged=True
[2026-09-18 19:12:37] START confirm_selection | h=1m | student_t_shared | K=6 | seed=63
[2026-09-18 19:23:29] DONE  confirm_selection | h=1m | student_t_shared | K=6 | seed=63 | 652.1s | converged=True
[2026-09-18 19:23:29] START confirm_selection | h=1m | student_t_shared | K=6 | seed=64
[2026-09-18 19:33:43] DONE  confirm_selection | h=1m | student_t_shared | K=6 | seed=64 | 614.3s | converged=True
[2026-09-18 19:34:30] START confirm_selection | h=1m | student_t_shared | K=7 | seed=62
[2026-09-18 19:44:56] DONE  confirm_selection | h=1m | student_t_shared | K=7 | seed=62 | 626.8s | converged=False
[2026-09-18 19:44:56] START confirm_selection | h=1m | student_t_shared | K=7 | seed=63
[2026-09-18 19:56:09] DONE  confirm_selection | h=1m | student_t_shared | K=7 | seed=63 | 672.6s | converged=True
[2026-09-18 19:56:09] START confirm_selection | h=1m | student_t_shared | K=7 | seed=64
[2026-09-18 20:07:25] DONE  confirm_selection | h=1m | student_t_shared | K=7 | seed=64 | 675.8s | converged=False
[2026-09-18 20:08:03] CONFIRM horizon 1m | student_t_shared DONE | K=7
[2026-09-18 20:08:03] CONFIRM horizon 1m | student_t_state START
[2026-09-18 20:08:03] START confirm_selection | h=1m | student_t_state | K=2 | seed=62
[2026-09-18 20:17:18] DONE  confirm_selection | h=1m | student_t_state | K=2 | seed=62 | 555.4s | converged=True
[2026-09-18 20:17:18] START confirm_selection | h=1m | student_t_state | K=2 | seed=63
[2026-09-18 20:26:07] DONE  confirm_selection | h=1m | student_t_state | K=2 | seed=63 | 529.2s | converged=True
[2026-09-18 20:26:07] START confirm_selection | h=1m | student_t_state | K=2 | seed=64
[2026-09-18 20:36:47] DONE  confirm_selection | h=1m | student_t_state | K=2 | seed=64 | 640.0s | converged=True
[2026-09-18 20:37:16] START confirm_selection | h=1m | student_t_state | K=3 | seed=62
[2026-09-18 20:47:42] DONE  confirm_selection | h=1m | student_t_state | K=3 | seed=62 | 625.4s | converged=True
[2026-09-18 20:47:42] START confirm_selection | h=1m | student_t_state | K=3 | seed=63
[2026-09-18 20:58:45] DONE  confirm_selection | h=1m | student_t_state | K=3 | seed=63 | 663.4s | converged=True
[2026-09-18 20:58:45] START confirm_selection | h=1m | student_t_state | K=3 | seed=64
[2026-09-18 21:10:24] DONE  confirm_selection | h=1m | student_t_state | K=3 | seed=64 | 698.6s | converged=True
[2026-09-18 21:10:58] START confirm_selection | h=1m | student_t_state | K=4 | seed=62
[2026-09-18 21:22:23] DONE  confirm_selection | h=1m | student_t_state | K=4 | seed=62 | 685.2s | converged=True
[2026-09-18 21:22:23] START confirm_selection | h=1m | student_t_state | K=4 | seed=63
[2026-09-18 21:33:21] DONE  confirm_selection | h=1m | student_t_state | K=4 | seed=63 | 658.6s | converged=True
[2026-09-18 21:33:21] START confirm_selection | h=1m | student_t_state | K=4 | seed=64
[2026-09-18 21:44:11] DONE  confirm_selection | h=1m | student_t_state | K=4 | seed=64 | 649.1s | converged=True
[2026-09-18 21:44:46] START confirm_selection | h=1m | student_t_state | K=5 | seed=62
[2026-09-18 21:56:18] DONE  confirm_selection | h=1m | student_t_state | K=5 | seed=62 | 692.2s | converged=True
[2026-09-18 21:56:18] START confirm_selection | h=1m | student_t_state | K=5 | seed=63
[2026-09-18 22:07:17] DONE  confirm_selection | h=1m | student_t_state | K=5 | seed=63 | 659.6s | converged=True
[2026-09-18 22:07:17] START confirm_selection | h=1m | student_t_state | K=5 | seed=64
Running immutable CUDA job policy_daily__f06_07
[2026-09-19 03:14:28] LOAD source data START
[2026-09-19 03:14:29] LOAD source data DONE | rows=525,635
[2026-09-19 03:14:29] AUDIT timestamp/rollover START
[2026-09-19 03:14:29] AUDIT timestamp/rollover DONE
[2026-09-19 03:14:29] BUILD returns START | horizons=[1, 2]
[2026-09-19 03:14:44] BUILD returns DONE | 1m=518,222, 2m=258,485
Resume fold 7/2
[2026-09-19 03:14:45] FOLD 8/2 START
[2026-09-19 03:14:45] SCREEN horizon 1m START
[2026-09-19 03:14:45] SCREEN horizon 1m DONE | Gaussian-HMM K=4 | gain=0.127576
[2026-09-19 03:14:45] SCREEN horizon 2m START
[2026-09-19 03:14:45] SCREEN horizon 2m DONE | Gaussian-HMM K=4 | gain=0.102469
[2026-09-19 03:14:45] CONFIRM horizon 1m | student_t_shared START
[2026-09-19 03:14:45] CONFIRM horizon 1m | student_t_shared DONE | K=7
[2026-09-19 03:14:45] CONFIRM horizon 1m | student_t_state START
[2026-09-19 03:14:45] CACHE confirm_selection | h=1m | student_t_state | K=2 | seed=62
[2026-09-19 03:14:45] CACHE confirm_selection | h=1m | student_t_state | K=2 | seed=63
[2026-09-19 03:14:45] CACHE confirm_selection | h=1m | student_t_state | K=2 | seed=64
[2026-09-19 03:15:16] CACHE confirm_selection | h=1m | student_t_state | K=3 | seed=62
[2026-09-19 03:15:16] CACHE confirm_selection | h=1m | student_t_state | K=3 | seed=63
[2026-09-19 03:15:16] CACHE confirm_selection | h=1m | student_t_state | K=3 | seed=64
[2026-09-19 03:15:47] CACHE confirm_selection | h=1m | student_t_state | K=4 | seed=62
[2026-09-19 03:15:47] CACHE confirm_selection | h=1m | student_t_state | K=4 | seed=63
[2026-09-19 03:15:47] CACHE confirm_selection | h=1m | student_t_state | K=4 | seed=64
[2026-09-19 03:16:20] CACHE confirm_selection | h=1m | student_t_state | K=5 | seed=62
[2026-09-19 03:16:20] CACHE confirm_selection | h=1m | student_t_state | K=5 | seed=63
[2026-09-19 03:16:20] START confirm_selection | h=1m | student_t_state | K=5 | seed=64
[2026-09-19 03:28:38] DONE  confirm_selection | h=1m | student_t_state | K=5 | seed=64 | 738.1s | converged=True
[2026-09-19 03:29:07] START confirm_selection | h=1m | student_t_state | K=6 | seed=62
[2026-09-19 03:42:01] DONE  confirm_selection | h=1m | student_t_state | K=6 | seed=62 | 773.6s | converged=True
[2026-09-19 03:42:01] START confirm_selection | h=1m | student_t_state | K=6 | seed=63
[2026-09-19 03:52:07] DONE  confirm_selection | h=1m | student_t_state | K=6 | seed=63 | 605.6s | converged=True
[2026-09-19 03:52:07] START confirm_selection | h=1m | student_t_state | K=6 | seed=64
[2026-09-19 04:01:27] DONE  confirm_selection | h=1m | student_t_state | K=6 | seed=64 | 560.6s | converged=True
[2026-09-19 04:02:00] START confirm_selection | h=1m | student_t_state | K=7 | seed=62
[2026-09-19 04:11:30] DONE  confirm_selection | h=1m | student_t_state | K=7 | seed=62 | 570.4s | converged=False
[2026-09-19 04:11:30] START confirm_selection | h=1m | student_t_state | K=7 | seed=63
[2026-09-19 04:21:03] DONE  confirm_selection | h=1m | student_t_state | K=7 | seed=63 | 572.5s | converged=False
[2026-09-19 04:21:03] START confirm_selection | h=1m | student_t_state | K=7 | seed=64
[2026-09-19 04:30:49] DONE  confirm_selection | h=1m | student_t_state | K=7 | seed=64 | 586.0s | converged=True
[2026-09-19 04:31:22] CONFIRM horizon 1m | student_t_state DONE | K=7
[2026-09-19 04:31:22] CONFIRM horizon 2m | student_t_shared START
[2026-09-19 04:31:22] START confirm_selection | h=2m | student_t_shared | K=2 | seed=62
[2026-09-19 04:35:09] DONE  confirm_selection | h=2m | student_t_shared | K=2 | seed=62 | 227.5s | converged=True
[2026-09-19 04:35:09] START confirm_selection | h=2m | student_t_shared | K=2 | seed=63
[2026-09-19 04:38:20] DONE  confirm_selection | h=2m | student_t_shared | K=2 | seed=63 | 190.5s | converged=True
[2026-09-19 04:38:20] START confirm_selection | h=2m | student_t_shared | K=2 | seed=64
[2026-09-19 04:41:49] DONE  confirm_selection | h=2m | student_t_shared | K=2 | seed=64 | 209.1s | converged=True
[2026-09-19 04:42:06] START confirm_selection | h=2m | student_t_shared | K=3 | seed=62
[2026-09-19 04:46:32] DONE  confirm_selection | h=2m | student_t_shared | K=3 | seed=62 | 265.7s | converged=True
[2026-09-19 04:46:32] START confirm_selection | h=2m | student_t_shared | K=3 | seed=63
[2026-09-19 04:50:57] DONE  confirm_selection | h=2m | student_t_shared | K=3 | seed=63 | 265.6s | converged=True
[2026-09-19 04:50:57] START confirm_selection | h=2m | student_t_shared | K=3 | seed=64
[2026-09-19 04:55:34] DONE  confirm_selection | h=2m | student_t_shared | K=3 | seed=64 | 277.0s | converged=True
[2026-09-19 04:55:49] START confirm_selection | h=2m | student_t_shared | K=4 | seed=62
[2026-09-19 05:00:14] DONE  confirm_selection | h=2m | student_t_shared | K=4 | seed=62 | 265.0s | converged=False
[2026-09-19 05:00:14] START confirm_selection | h=2m | student_t_shared | K=4 | seed=63
[2026-09-19 05:04:34] DONE  confirm_selection | h=2m | student_t_shared | K=4 | seed=63 | 259.6s | converged=False
[2026-09-19 05:04:34] START confirm_selection | h=2m | student_t_shared | K=4 | seed=64
[2026-09-19 05:08:50] DONE  confirm_selection | h=2m | student_t_shared | K=4 | seed=64 | 256.3s | converged=False
[2026-09-19 05:09:05] START confirm_selection | h=2m | student_t_shared | K=5 | seed=62
[2026-09-19 05:13:34] DONE  confirm_selection | h=2m | student_t_shared | K=5 | seed=62 | 268.4s | converged=False
[2026-09-19 05:13:34] START confirm_selection | h=2m | student_t_shared | K=5 | seed=63
[2026-09-19 05:18:03] DONE  confirm_selection | h=2m | student_t_shared | K=5 | seed=63 | 269.8s | converged=False
[2026-09-19 05:18:03] START confirm_selection | h=2m | student_t_shared | K=5 | seed=64
[2026-09-19 05:22:33] DONE  confirm_selection | h=2m | student_t_shared | K=5 | seed=64 | 269.4s | converged=True
[2026-09-19 05:22:50] START confirm_selection | h=2m | student_t_shared | K=6 | seed=62
[2026-09-19 05:27:20] DONE  confirm_selection | h=2m | student_t_shared | K=6 | seed=62 | 270.6s | converged=True
[2026-09-19 05:27:20] START confirm_selection | h=2m | student_t_shared | K=6 | seed=63
[2026-09-19 05:31:51] DONE  confirm_selection | h=2m | student_t_shared | K=6 | seed=63 | 270.9s | converged=False
[2026-09-19 05:31:51] START confirm_selection | h=2m | student_t_shared | K=6 | seed=64
[2026-09-19 05:36:21] DONE  confirm_selection | h=2m | student_t_shared | K=6 | seed=64 | 269.5s | converged=True
[2026-09-19 05:36:37] START confirm_selection | h=2m | student_t_shared | K=7 | seed=62
[2026-09-19 05:41:14] DONE  confirm_selection | h=2m | student_t_shared | K=7 | seed=62 | 276.2s | converged=False
[2026-09-19 05:41:14] START confirm_selection | h=2m | student_t_shared | K=7 | seed=63
[2026-09-19 05:45:30] DONE  confirm_selection | h=2m | student_t_shared | K=7 | seed=63 | 256.9s | converged=False
[2026-09-19 05:45:30] START confirm_selection | h=2m | student_t_shared | K=7 | seed=64
[2026-09-19 05:50:03] DONE  confirm_selection | h=2m | student_t_shared | K=7 | seed=64 | 272.9s | converged=False
[2026-09-19 05:50:19] CONFIRM horizon 2m | student_t_shared DONE | K=6
[2026-09-19 05:50:19] CONFIRM horizon 2m | student_t_state START
[2026-09-19 05:50:19] START confirm_selection | h=2m | student_t_state | K=2 | seed=62
[2026-09-19 05:54:38] DONE  confirm_selection | h=2m | student_t_state | K=2 | seed=62 | 258.2s | converged=True
[2026-09-19 05:54:38] START confirm_selection | h=2m | student_t_state | K=2 | seed=63
[2026-09-19 05:58:42] DONE  confirm_selection | h=2m | student_t_state | K=2 | seed=63 | 244.3s | converged=True
[2026-09-19 05:58:42] START confirm_selection | h=2m | student_t_state | K=2 | seed=64
[2026-09-19 06:03:02] DONE  confirm_selection | h=2m | student_t_state | K=2 | seed=64 | 259.7s | converged=True
[2026-09-19 06:03:17] START confirm_selection | h=2m | student_t_state | K=3 | seed=62
[2026-09-19 06:07:53] DONE  confirm_selection | h=2m | student_t_state | K=3 | seed=62 | 276.0s | converged=True
[2026-09-19 06:07:53] START confirm_selection | h=2m | student_t_state | K=3 | seed=63
[2026-09-19 06:12:27] DONE  confirm_selection | h=2m | student_t_state | K=3 | seed=63 | 273.2s | converged=True
[2026-09-19 06:12:27] START confirm_selection | h=2m | student_t_state | K=3 | seed=64
[2026-09-19 06:16:54] DONE  confirm_selection | h=2m | student_t_state | K=3 | seed=64 | 267.3s | converged=True
[2026-09-19 06:17:12] START confirm_selection | h=2m | student_t_state | K=4 | seed=62
[2026-09-19 06:21:39] DONE  confirm_selection | h=2m | student_t_state | K=4 | seed=62 | 267.9s | converged=True
[2026-09-19 06:21:39] START confirm_selection | h=2m | student_t_state | K=4 | seed=63
[2026-09-19 06:26:09] DONE  confirm_selection | h=2m | student_t_state | K=4 | seed=63 | 269.1s | converged=True
[2026-09-19 06:26:09] START confirm_selection | h=2m | student_t_state | K=4 | seed=64
[2026-09-19 06:30:35] DONE  confirm_selection | h=2m | student_t_state | K=4 | seed=64 | 266.7s | converged=True
[2026-09-19 06:30:52] START confirm_selection | h=2m | student_t_state | K=5 | seed=62
[2026-09-19 06:35:21] DONE  confirm_selection | h=2m | student_t_state | K=5 | seed=62 | 268.9s | converged=True
[2026-09-19 06:35:21] START confirm_selection | h=2m | student_t_state | K=5 | seed=63
[2026-09-19 06:39:55] DONE  confirm_selection | h=2m | student_t_state | K=5 | seed=63 | 274.4s | converged=True
[2026-09-19 06:39:55] START confirm_selection | h=2m | student_t_state | K=5 | seed=64
[2026-09-19 06:44:23] DONE  confirm_selection | h=2m | student_t_state | K=5 | seed=64 | 267.8s | converged=True
[2026-09-19 06:44:40] START confirm_selection | h=2m | student_t_state | K=6 | seed=62
[2026-09-19 06:49:17] DONE  confirm_selection | h=2m | student_t_state | K=6 | seed=62 | 277.2s | converged=True
[2026-09-19 06:49:17] START confirm_selection | h=2m | student_t_state | K=6 | seed=63
[2026-09-19 06:53:41] DONE  confirm_selection | h=2m | student_t_state | K=6 | seed=63 | 263.2s | converged=True
[2026-09-19 06:53:41] START confirm_selection | h=2m | student_t_state | K=6 | seed=64
[2026-09-19 06:58:16] DONE  confirm_selection | h=2m | student_t_state | K=6 | seed=64 | 275.8s | converged=True
[2026-09-19 06:58:32] START confirm_selection | h=2m | student_t_state | K=7 | seed=62
[2026-09-19 07:03:00] DONE  confirm_selection | h=2m | student_t_state | K=7 | seed=62 | 267.9s | converged=True
[2026-09-19 07:03:00] START confirm_selection | h=2m | student_t_state | K=7 | seed=63
[2026-09-19 07:07:39] DONE  confirm_selection | h=2m | student_t_state | K=7 | seed=63 | 278.8s | converged=True
[2026-09-19 07:07:39] START confirm_selection | h=2m | student_t_state | K=7 | seed=64
[2026-09-19 07:12:13] DONE  confirm_selection | h=2m | student_t_state | K=7 | seed=64 | 273.9s | converged=True
[2026-09-19 07:12:30] CONFIRM horizon 2m | student_t_state DONE | K=7
[2026-09-19 07:12:36] REFIT horizon 1m | student_t | K=1 START
[2026-09-19 07:12:36] REFIT horizon 1m | student_t | K=1 DONE
[2026-09-19 07:12:36] REFIT horizon 1m | gaussian | K=1 START
[2026-09-19 07:12:36] REFIT horizon 1m | gaussian | K=1 DONE
[2026-09-19 07:12:36] REFIT horizon 1m | gmm | K=5 START
[2026-09-19 07:12:41] REFIT horizon 1m | gmm | K=5 DONE
[2026-09-19 07:12:41] REFIT horizon 1m | gaussian_hmm | K=4 START
[2026-09-19 07:12:41] START refit | h=1m | gaussian_hmm | K=4 | seed=142
[2026-09-19 07:34:06] DONE  refit | h=1m | gaussian_hmm | K=4 | seed=142 | 1284.7s | converged=True
[2026-09-19 07:34:06] START refit | h=1m | gaussian_hmm | K=4 | seed=143
[2026-09-19 07:55:28] DONE  refit | h=1m | gaussian_hmm | K=4 | seed=143 | 1282.2s | converged=True
[2026-09-19 07:55:28] START refit | h=1m | gaussian_hmm | K=4 | seed=144
[2026-09-19 08:16:40] DONE  refit | h=1m | gaussian_hmm | K=4 | seed=144 | 1272.7s | converged=True
[2026-09-19 08:16:40] START refit | h=1m | gaussian_hmm | K=4 | seed=145
[2026-09-19 08:38:02] DONE  refit | h=1m | gaussian_hmm | K=4 | seed=145 | 1282.0s | converged=True
[2026-09-19 08:38:02] START refit | h=1m | gaussian_hmm | K=4 | seed=146
[2026-09-19 08:59:34] DONE  refit | h=1m | gaussian_hmm | K=4 | seed=146 | 1291.9s | converged=True
[2026-09-19 09:00:07] REFIT horizon 1m | gaussian_hmm | K=4 DONE
[2026-09-19 09:00:07] REFIT horizon 1m | student_t_shared | K=7 START
[2026-09-19 09:00:07] START refit | h=1m | student_t_shared | K=7 | seed=142
[2026-09-19 09:29:45] DONE  refit | h=1m | student_t_shared | K=7 | seed=142 | 1778.2s | converged=True
[2026-09-19 09:29:45] START refit | h=1m | student_t_shared | K=7 | seed=143
[2026-09-19 09:59:23] DONE  refit | h=1m | student_t_shared | K=7 | seed=143 | 1778.1s | converged=True
[2026-09-19 09:59:23] START refit | h=1m | student_t_shared | K=7 | seed=144
[2026-09-19 10:29:01] DONE  refit | h=1m | student_t_shared | K=7 | seed=144 | 1777.6s | converged=True
[2026-09-19 10:29:01] START refit | h=1m | student_t_shared | K=7 | seed=145
[2026-09-19 10:58:58] DONE  refit | h=1m | student_t_shared | K=7 | seed=145 | 1797.2s | converged=True
[2026-09-19 10:58:58] START refit | h=1m | student_t_shared | K=7 | seed=146
[2026-09-19 11:28:33] DONE  refit | h=1m | student_t_shared | K=7 | seed=146 | 1774.3s | converged=True
[2026-09-19 11:29:11] REFIT horizon 1m | student_t_shared | K=7 DONE
[2026-09-19 11:29:11] REFIT horizon 1m | student_t_state | K=7 START
[2026-09-19 11:29:11] START refit | h=1m | student_t_state | K=7 | seed=142
[2026-09-19 11:58:57] DONE  refit | h=1m | student_t_state | K=7 | seed=142 | 1785.9s | converged=True
[2026-09-19 11:58:57] START refit | h=1m | student_t_state | K=7 | seed=143
[2026-09-19 12:29:12] DONE  refit | h=1m | student_t_state | K=7 | seed=143 | 1815.0s | converged=True
[2026-09-19 12:29:12] START refit | h=1m | student_t_state | K=7 | seed=144
[2026-09-19 12:59:12] DONE  refit | h=1m | student_t_state | K=7 | seed=144 | 1800.0s | converged=True
[2026-09-19 12:59:12] START refit | h=1m | student_t_state | K=7 | seed=145
[2026-09-19 13:29:07] DONE  refit | h=1m | student_t_state | K=7 | seed=145 | 1795.7s | converged=True
[2026-09-19 13:29:07] START refit | h=1m | student_t_state | K=7 | seed=146
[2026-09-19 13:59:13] DONE  refit | h=1m | student_t_state | K=7 | seed=146 | 1806.1s | converged=True
[2026-09-19 13:59:52] REFIT horizon 1m | student_t_state | K=7 DONE
[2026-09-19 13:59:56] REFIT horizon 2m | student_t | K=1 START
[2026-09-19 13:59:56] REFIT horizon 2m | student_t | K=1 DONE
[2026-09-19 13:59:56] REFIT horizon 2m | gaussian | K=1 START
[2026-09-19 13:59:56] REFIT horizon 2m | gaussian | K=1 DONE
[2026-09-19 13:59:56] REFIT horizon 2m | gmm | K=5 START
[2026-09-19 13:59:58] REFIT horizon 2m | gmm | K=5 DONE
[2026-09-19 13:59:58] REFIT horizon 2m | gaussian_hmm | K=4 START
[2026-09-19 13:59:58] START refit | h=2m | gaussian_hmm | K=4 | seed=142
[2026-09-19 14:11:24] DONE  refit | h=2m | gaussian_hmm | K=4 | seed=142 | 685.8s | converged=True
[2026-09-19 14:11:24] START refit | h=2m | gaussian_hmm | K=4 | seed=143
[2026-09-19 14:23:13] DONE  refit | h=2m | gaussian_hmm | K=4 | seed=143 | 709.0s | converged=True
[2026-09-19 14:23:13] START refit | h=2m | gaussian_hmm | K=4 | seed=144
[2026-09-19 14:34:52] DONE  refit | h=2m | gaussian_hmm | K=4 | seed=144 | 698.8s | converged=True
[2026-09-19 14:34:52] START refit | h=2m | gaussian_hmm | K=4 | seed=145
[2026-09-19 14:45:21] DONE  refit | h=2m | gaussian_hmm | K=4 | seed=145 | 629.4s | converged=True
[2026-09-19 14:45:21] START refit | h=2m | gaussian_hmm | K=4 | seed=146
[2026-09-19 14:56:32] DONE  refit | h=2m | gaussian_hmm | K=4 | seed=146 | 670.4s | converged=True
[2026-09-19 14:56:48] REFIT horizon 2m | gaussian_hmm | K=4 DONE
[2026-09-19 14:56:48] REFIT horizon 2m | student_t_shared | K=6 START
[2026-09-19 14:56:48] START refit | h=2m | student_t_shared | K=6 | seed=142
[2026-09-19 15:09:07] DONE  refit | h=2m | student_t_shared | K=6 | seed=142 | 739.4s | converged=True
[2026-09-19 15:09:07] START refit | h=2m | student_t_shared | K=6 | seed=143
[2026-09-19 15:22:54] DONE  refit | h=2m | student_t_shared | K=6 | seed=143 | 826.9s | converged=True
[2026-09-19 15:22:54] START refit | h=2m | student_t_shared | K=6 | seed=144
[2026-09-19 15:33:56] DONE  refit | h=2m | student_t_shared | K=6 | seed=144 | 662.4s | converged=True
[2026-09-19 15:33:56] START refit | h=2m | student_t_shared | K=6 | seed=145
Running immutable CUDA job policy_daily__f06_07
[2026-09-19 19:08:54] LOAD source data START
[2026-09-19 19:08:55] LOAD source data DONE | rows=525,635
[2026-09-19 19:08:55] AUDIT timestamp/rollover START
[2026-09-19 19:08:56] AUDIT timestamp/rollover DONE
[2026-09-19 19:08:56] BUILD returns START | horizons=[1, 2]
[2026-09-19 19:09:09] BUILD returns DONE | 1m=518,222, 2m=258,485
Resume fold 7/2
[2026-09-19 19:09:10] FOLD 8/2 START
[2026-09-19 19:09:10] SCREEN horizon 1m START
[2026-09-19 19:09:10] SCREEN horizon 1m DONE | Gaussian-HMM K=4 | gain=0.127576
[2026-09-19 19:09:10] SCREEN horizon 2m START
[2026-09-19 19:09:10] SCREEN horizon 2m DONE | Gaussian-HMM K=4 | gain=0.102469
[2026-09-19 19:09:10] CONFIRM horizon 1m | student_t_shared START
[2026-09-19 19:09:10] CONFIRM horizon 1m | student_t_shared DONE | K=7
[2026-09-19 19:09:10] CONFIRM horizon 1m | student_t_state START
[2026-09-19 19:09:10] CONFIRM horizon 1m | student_t_state DONE | K=7
[2026-09-19 19:09:10] CONFIRM horizon 2m | student_t_shared START
[2026-09-19 19:09:10] CONFIRM horizon 2m | student_t_shared DONE | K=6
[2026-09-19 19:09:10] CONFIRM horizon 2m | student_t_state START
[2026-09-19 19:09:10] CONFIRM horizon 2m | student_t_state DONE | K=7
[2026-09-19 19:09:15] REFIT horizon 1m | student_t | K=1 START
[2026-09-19 19:09:15] REFIT horizon 1m | student_t | K=1 DONE
[2026-09-19 19:09:15] REFIT horizon 1m | gaussian | K=1 START
[2026-09-19 19:09:15] REFIT horizon 1m | gaussian | K=1 DONE
[2026-09-19 19:09:15] REFIT horizon 1m | gmm | K=5 START
[2026-09-19 19:09:15] REFIT horizon 1m | gmm | K=5 DONE
[2026-09-19 19:09:15] REFIT horizon 1m | gaussian_hmm | K=4 START
[2026-09-19 19:09:15] REFIT horizon 1m | gaussian_hmm | K=4 DONE
[2026-09-19 19:09:15] REFIT horizon 1m | student_t_shared | K=7 START
[2026-09-19 19:09:15] REFIT horizon 1m | student_t_shared | K=7 DONE
[2026-09-19 19:09:15] REFIT horizon 1m | student_t_state | K=7 START
[2026-09-19 19:09:15] REFIT horizon 1m | student_t_state | K=7 DONE
[2026-09-19 19:09:17] REFIT horizon 2m | student_t | K=1 START
[2026-09-19 19:09:17] REFIT horizon 2m | student_t | K=1 DONE
[2026-09-19 19:09:17] REFIT horizon 2m | gaussian | K=1 START
[2026-09-19 19:09:17] REFIT horizon 2m | gaussian | K=1 DONE
[2026-09-19 19:09:17] REFIT horizon 2m | gmm | K=5 START
[2026-09-19 19:09:17] REFIT horizon 2m | gmm | K=5 DONE
[2026-09-19 19:09:17] REFIT horizon 2m | gaussian_hmm | K=4 START
[2026-09-19 19:09:17] REFIT horizon 2m | gaussian_hmm | K=4 DONE
[2026-09-19 19:09:17] REFIT horizon 2m | student_t_shared | K=6 START
[2026-09-19 19:09:17] CACHE refit | h=2m | student_t_shared | K=6 | seed=142
[2026-09-19 19:09:17] CACHE refit | h=2m | student_t_shared | K=6 | seed=143
[2026-09-19 19:09:17] CACHE refit | h=2m | student_t_shared | K=6 | seed=144
[2026-09-19 19:09:17] START refit | h=2m | student_t_shared | K=6 | seed=145
[2026-09-19 19:24:33] DONE  refit | h=2m | student_t_shared | K=6 | seed=145 | 915.8s | converged=True
[2026-09-19 19:24:33] START refit | h=2m | student_t_shared | K=6 | seed=146
[2026-09-19 19:38:39] DONE  refit | h=2m | student_t_shared | K=6 | seed=146 | 845.7s | converged=True
[2026-09-19 19:38:54] REFIT horizon 2m | student_t_shared | K=6 DONE
[2026-09-19 19:38:54] REFIT horizon 2m | student_t_state | K=7 START
[2026-09-19 19:38:54] START refit | h=2m | student_t_state | K=7 | seed=142
[2026-09-19 19:53:40] DONE  refit | h=2m | student_t_state | K=7 | seed=142 | 885.7s | converged=True
[2026-09-19 19:53:40] START refit | h=2m | student_t_state | K=7 | seed=143
[2026-09-19 20:08:03] DONE  refit | h=2m | student_t_state | K=7 | seed=143 | 863.5s | converged=False
[2026-09-19 20:08:03] START refit | h=2m | student_t_state | K=7 | seed=144
[2026-09-19 20:22:07] DONE  refit | h=2m | student_t_state | K=7 | seed=144 | 844.2s | converged=True
[2026-09-19 20:22:07] START refit | h=2m | student_t_state | K=7 | seed=145
[2026-09-19 20:36:33] DONE  refit | h=2m | student_t_state | K=7 | seed=145 | 865.2s | converged=True
[2026-09-19 20:36:33] START refit | h=2m | student_t_state | K=7 | seed=146
[2026-09-19 20:51:01] DONE  refit | h=2m | student_t_state | K=7 | seed=146 | 868.2s | converged=False
[2026-09-19 20:51:20] REFIT horizon 2m | student_t_state | K=7 DONE
[2026-09-19 20:51:20] FOLD 8/2 DONE
{
  "best_gaussian_horizon": 1,
  "runner_up_horizon": 2,
  "winner_vs_runner_mean": 0.027514007922663054,
  "winner_vs_runner_ci20": [
    0.02354811644938068,
    0.03184580193744673
  ],
  "bootstrap_horizon_advantage_conclusive": true,
  "winner_practical_convergence_rate": 1.0,
  "winner_k_upper_boundary_rate": 0.5,
  "preferred_research_horizon": 1,
  "lock_configuration_for_v1": true,
  "decision_vi": "Khung 1 ph\u00fat \u0111\u1ee7 \u0111i\u1ec1u ki\u1ec7n l\u00e0m c\u1ea5u h\u00ecnh k\u1ebf ti\u1ebfp.",
  "best_mean_hmm_family": "student_t_state",
  "preferred_hmm_family": "student_t_state",
  "family_gain_vs_gaussian_ci20": [
    0.0020962457535394527,
    0.007785253572559298
  ],
  "heavy_tail_replacement_conclusive": true,
  "family_fold_counts": {
    "student_t_state": 2,
    "student_t_shared": 2,
    "gaussian_hmm": 2
  }
}
Report: C:\Users\Admin\Downloads\ARSH_v0.5_CUDA_worker\runs_v05_revised\policy_daily\policy_daily__f06_07\report.html
