Running immutable CUDA job policy_session__f06_07
[2026-09-20 06:12:03] LOAD source data START
[2026-09-20 06:12:04] LOAD source data DONE | rows=525,635
[2026-09-20 06:12:04] AUDIT timestamp/rollover START
[2026-09-20 06:12:05] AUDIT timestamp/rollover DONE
[2026-09-20 06:12:05] BUILD returns START | horizons=[1, 2]
[2026-09-20 06:12:19] BUILD returns DONE | 1m=518,222, 2m=258,485
[2026-09-20 06:12:19] FOLD 7/2 START
[2026-09-20 06:12:19] SCREEN horizon 1m START
[2026-09-20 06:12:24] START screen_selection | h=1m | gmm | K=2
[2026-09-20 06:12:25] DONE  screen_selection | h=1m | gmm | K=2 | 1.1s
[2026-09-20 06:12:25] START screen_selection | h=1m | gmm | K=3
[2026-09-20 06:12:26] DONE  screen_selection | h=1m | gmm | K=3 | 1.3s
[2026-09-20 06:12:26] START screen_selection | h=1m | gmm | K=4
[2026-09-20 06:12:30] DONE  screen_selection | h=1m | gmm | K=4 | 3.5s
[2026-09-20 06:12:30] START screen_selection | h=1m | gmm | K=5
[2026-09-20 06:12:31] DONE  screen_selection | h=1m | gmm | K=5 | 1.9s
[2026-09-20 06:12:31] START screen_selection | h=1m | gmm | K=6
[2026-09-20 06:12:34] DONE  screen_selection | h=1m | gmm | K=6 | 2.3s
[2026-09-20 06:12:34] START screen_selection | h=1m | gmm | K=7
[2026-09-20 06:12:37] DONE  screen_selection | h=1m | gmm | K=7 | 3.4s
[2026-09-20 06:12:37] START screen_selection | h=1m | gaussian_hmm | K=2 | seed=42
[2026-09-20 06:14:41] DONE  screen_selection | h=1m | gaussian_hmm | K=2 | seed=42 | 123.7s | converged=True
[2026-09-20 06:14:41] START screen_selection | h=1m | gaussian_hmm | K=2 | seed=43
[2026-09-20 06:16:44] DONE  screen_selection | h=1m | gaussian_hmm | K=2 | seed=43 | 123.2s | converged=True
[2026-09-20 06:16:44] START screen_selection | h=1m | gaussian_hmm | K=2 | seed=44
[2026-09-20 06:18:46] DONE  screen_selection | h=1m | gaussian_hmm | K=2 | seed=44 | 121.8s | converged=True
[2026-09-20 06:19:14] START screen_selection | h=1m | gaussian_hmm | K=3 | seed=42
[2026-09-20 06:23:05] DONE  screen_selection | h=1m | gaussian_hmm | K=3 | seed=42 | 231.1s | converged=True
[2026-09-20 06:23:05] START screen_selection | h=1m | gaussian_hmm | K=3 | seed=43
[2026-09-20 06:26:57] DONE  screen_selection | h=1m | gaussian_hmm | K=3 | seed=43 | 232.6s | converged=True
[2026-09-20 06:26:57] START screen_selection | h=1m | gaussian_hmm | K=3 | seed=44
[2026-09-20 06:30:46] DONE  screen_selection | h=1m | gaussian_hmm | K=3 | seed=44 | 228.8s | converged=True
[2026-09-20 06:31:23] START screen_selection | h=1m | gaussian_hmm | K=4 | seed=42
[2026-09-20 06:38:04] DONE  screen_selection | h=1m | gaussian_hmm | K=4 | seed=42 | 401.0s | converged=False
[2026-09-20 06:38:04] START screen_selection | h=1m | gaussian_hmm | K=4 | seed=43
[2026-09-20 06:44:35] DONE  screen_selection | h=1m | gaussian_hmm | K=4 | seed=43 | 391.3s | converged=False
[2026-09-20 06:44:35] START screen_selection | h=1m | gaussian_hmm | K=4 | seed=44
[2026-09-20 06:50:52] DONE  screen_selection | h=1m | gaussian_hmm | K=4 | seed=44 | 377.1s | converged=False
[2026-09-20 06:51:26] START screen_selection | h=1m | gaussian_hmm | K=5 | seed=42
[2026-09-20 06:57:54] DONE  screen_selection | h=1m | gaussian_hmm | K=5 | seed=42 | 387.7s | converged=True
[2026-09-20 06:57:54] START screen_selection | h=1m | gaussian_hmm | K=5 | seed=43
[2026-09-20 07:04:27] DONE  screen_selection | h=1m | gaussian_hmm | K=5 | seed=43 | 393.6s | converged=True
[2026-09-20 07:04:27] START screen_selection | h=1m | gaussian_hmm | K=5 | seed=44
[2026-09-20 07:10:40] DONE  screen_selection | h=1m | gaussian_hmm | K=5 | seed=44 | 372.2s | converged=True
[2026-09-20 07:11:20] START screen_selection | h=1m | gaussian_hmm | K=6 | seed=42
[2026-09-20 07:17:52] DONE  screen_selection | h=1m | gaussian_hmm | K=6 | seed=42 | 392.5s | converged=True
[2026-09-20 07:17:52] START screen_selection | h=1m | gaussian_hmm | K=6 | seed=43
[2026-09-20 07:24:14] DONE  screen_selection | h=1m | gaussian_hmm | K=6 | seed=43 | 382.2s | converged=False
[2026-09-20 07:24:14] START screen_selection | h=1m | gaussian_hmm | K=6 | seed=44
[2026-09-20 07:30:31] DONE  screen_selection | h=1m | gaussian_hmm | K=6 | seed=44 | 376.5s | converged=True
[2026-09-20 07:31:04] START screen_selection | h=1m | gaussian_hmm | K=7 | seed=42
[2026-09-20 07:37:38] DONE  screen_selection | h=1m | gaussian_hmm | K=7 | seed=42 | 394.0s | converged=True
[2026-09-20 07:37:38] START screen_selection | h=1m | gaussian_hmm | K=7 | seed=43
[2026-09-20 07:44:10] DONE  screen_selection | h=1m | gaussian_hmm | K=7 | seed=43 | 392.5s | converged=True
[2026-09-20 07:44:10] START screen_selection | h=1m | gaussian_hmm | K=7 | seed=44
[2026-09-20 07:50:00] DONE  screen_selection | h=1m | gaussian_hmm | K=7 | seed=44 | 349.8s | converged=True
[2026-09-20 07:50:32] SCREEN horizon 1m DONE | Gaussian-HMM K=7 | gain=0.127092
[2026-09-20 07:50:32] SCREEN horizon 2m START
[2026-09-20 07:50:34] START screen_selection | h=2m | gmm | K=2
[2026-09-20 07:50:34] DONE  screen_selection | h=2m | gmm | K=2 | 0.5s
[2026-09-20 07:50:34] START screen_selection | h=2m | gmm | K=3
[2026-09-20 07:50:35] DONE  screen_selection | h=2m | gmm | K=3 | 0.5s
[2026-09-20 07:50:35] START screen_selection | h=2m | gmm | K=4
[2026-09-20 07:50:36] DONE  screen_selection | h=2m | gmm | K=4 | 1.0s
[2026-09-20 07:50:36] START screen_selection | h=2m | gmm | K=5
[2026-09-20 07:50:39] DONE  screen_selection | h=2m | gmm | K=5 | 3.3s
[2026-09-20 07:50:39] START screen_selection | h=2m | gmm | K=6
[2026-09-20 07:50:42] DONE  screen_selection | h=2m | gmm | K=6 | 3.2s
[2026-09-20 07:50:42] START screen_selection | h=2m | gmm | K=7
[2026-09-20 07:50:46] DONE  screen_selection | h=2m | gmm | K=7 | 3.5s
[2026-09-20 07:50:46] START screen_selection | h=2m | gaussian_hmm | K=2 | seed=42
[2026-09-20 07:51:57] DONE  screen_selection | h=2m | gaussian_hmm | K=2 | seed=42 | 71.0s | converged=True
[2026-09-20 07:51:57] START screen_selection | h=2m | gaussian_hmm | K=2 | seed=43
[2026-09-20 07:52:53] DONE  screen_selection | h=2m | gaussian_hmm | K=2 | seed=43 | 55.6s | converged=True
[2026-09-20 07:52:53] START screen_selection | h=2m | gaussian_hmm | K=2 | seed=44
[2026-09-20 07:53:49] DONE  screen_selection | h=2m | gaussian_hmm | K=2 | seed=44 | 56.2s | converged=True
[2026-09-20 07:54:03] START screen_selection | h=2m | gaussian_hmm | K=3 | seed=42
[2026-09-20 07:55:44] DONE  screen_selection | h=2m | gaussian_hmm | K=3 | seed=42 | 100.2s | converged=True
[2026-09-20 07:55:44] START screen_selection | h=2m | gaussian_hmm | K=3 | seed=43
[2026-09-20 07:57:17] DONE  screen_selection | h=2m | gaussian_hmm | K=3 | seed=43 | 93.2s | converged=True
[2026-09-20 07:57:17] START screen_selection | h=2m | gaussian_hmm | K=3 | seed=44
[2026-09-20 07:58:49] DONE  screen_selection | h=2m | gaussian_hmm | K=3 | seed=44 | 92.0s | converged=True
[2026-09-20 07:59:06] START screen_selection | h=2m | gaussian_hmm | K=4 | seed=42
[2026-09-20 08:01:57] DONE  screen_selection | h=2m | gaussian_hmm | K=4 | seed=42 | 170.6s | converged=False
[2026-09-20 08:01:57] START screen_selection | h=2m | gaussian_hmm | K=4 | seed=43
[2026-09-20 08:04:52] DONE  screen_selection | h=2m | gaussian_hmm | K=4 | seed=43 | 175.1s | converged=False
[2026-09-20 08:04:52] START screen_selection | h=2m | gaussian_hmm | K=4 | seed=44
[2026-09-20 08:07:36] DONE  screen_selection | h=2m | gaussian_hmm | K=4 | seed=44 | 164.2s | converged=False
[2026-09-20 08:07:49] START screen_selection | h=2m | gaussian_hmm | K=5 | seed=42
[2026-09-20 08:10:36] DONE  screen_selection | h=2m | gaussian_hmm | K=5 | seed=42 | 167.5s | converged=True
[2026-09-20 08:10:36] START screen_selection | h=2m | gaussian_hmm | K=5 | seed=43
[2026-09-20 08:13:19] DONE  screen_selection | h=2m | gaussian_hmm | K=5 | seed=43 | 162.6s | converged=True
[2026-09-20 08:13:19] START screen_selection | h=2m | gaussian_hmm | K=5 | seed=44
[2026-09-20 08:15:59] DONE  screen_selection | h=2m | gaussian_hmm | K=5 | seed=44 | 160.4s | converged=True
[2026-09-20 08:16:20] START screen_selection | h=2m | gaussian_hmm | K=6 | seed=42
[2026-09-20 08:19:00] DONE  screen_selection | h=2m | gaussian_hmm | K=6 | seed=42 | 159.9s | converged=True
[2026-09-20 08:19:00] START screen_selection | h=2m | gaussian_hmm | K=6 | seed=43
[2026-09-20 08:21:40] DONE  screen_selection | h=2m | gaussian_hmm | K=6 | seed=43 | 160.1s | converged=False
[2026-09-20 08:21:40] START screen_selection | h=2m | gaussian_hmm | K=6 | seed=44
[2026-09-20 08:24:30] DONE  screen_selection | h=2m | gaussian_hmm | K=6 | seed=44 | 170.5s | converged=True
[2026-09-20 08:24:44] START screen_selection | h=2m | gaussian_hmm | K=7 | seed=42
[2026-09-20 08:27:40] DONE  screen_selection | h=2m | gaussian_hmm | K=7 | seed=42 | 175.5s | converged=True
[2026-09-20 08:27:40] START screen_selection | h=2m | gaussian_hmm | K=7 | seed=43
[2026-09-20 08:30:25] DONE  screen_selection | h=2m | gaussian_hmm | K=7 | seed=43 | 165.1s | converged=True
[2026-09-20 08:30:25] START screen_selection | h=2m | gaussian_hmm | K=7 | seed=44
[2026-09-20 08:33:09] DONE  screen_selection | h=2m | gaussian_hmm | K=7 | seed=44 | 164.7s | converged=True
[2026-09-20 08:33:30] SCREEN horizon 2m DONE | Gaussian-HMM K=7 | gain=0.096934
[2026-09-20 08:33:30] CONFIRM horizon 1m | student_t_shared START
[2026-09-20 08:33:30] START confirm_selection | h=1m | student_t_shared | K=2 | seed=62
[2026-09-20 08:38:41] DONE  confirm_selection | h=1m | student_t_shared | K=2 | seed=62 | 310.8s | converged=True
[2026-09-20 08:38:41] START confirm_selection | h=1m | student_t_shared | K=2 | seed=63
[2026-09-20 08:45:00] DONE  confirm_selection | h=1m | student_t_shared | K=2 | seed=63 | 378.8s | converged=True
[2026-09-20 08:45:00] START confirm_selection | h=1m | student_t_shared | K=2 | seed=64
[2026-09-20 08:50:30] DONE  confirm_selection | h=1m | student_t_shared | K=2 | seed=64 | 330.8s | converged=True
[2026-09-20 08:51:03] START confirm_selection | h=1m | student_t_shared | K=3 | seed=62
[2026-09-20 08:57:24] DONE  confirm_selection | h=1m | student_t_shared | K=3 | seed=62 | 381.5s | converged=True
[2026-09-20 08:57:24] START confirm_selection | h=1m | student_t_shared | K=3 | seed=63
[2026-09-20 09:03:34] DONE  confirm_selection | h=1m | student_t_shared | K=3 | seed=63 | 369.8s | converged=True
[2026-09-20 09:03:34] START confirm_selection | h=1m | student_t_shared | K=3 | seed=64
[2026-09-20 09:09:56] DONE  confirm_selection | h=1m | student_t_shared | K=3 | seed=64 | 382.5s | converged=True
[2026-09-20 09:10:36] START confirm_selection | h=1m | student_t_shared | K=4 | seed=62
[2026-09-20 09:16:54] DONE  confirm_selection | h=1m | student_t_shared | K=4 | seed=62 | 378.0s | converged=True
[2026-09-20 09:16:54] START confirm_selection | h=1m | student_t_shared | K=4 | seed=63
[2026-09-20 09:23:13] DONE  confirm_selection | h=1m | student_t_shared | K=4 | seed=63 | 378.9s | converged=True
[2026-09-20 09:23:13] START confirm_selection | h=1m | student_t_shared | K=4 | seed=64
[2026-09-20 09:29:18] DONE  confirm_selection | h=1m | student_t_shared | K=4 | seed=64 | 365.0s | converged=True
[2026-09-20 09:29:55] START confirm_selection | h=1m | student_t_shared | K=5 | seed=62
[2026-09-20 09:36:07] DONE  confirm_selection | h=1m | student_t_shared | K=5 | seed=62 | 371.5s | converged=True
[2026-09-20 09:36:07] START confirm_selection | h=1m | student_t_shared | K=5 | seed=63
[2026-09-20 09:42:15] DONE  confirm_selection | h=1m | student_t_shared | K=5 | seed=63 | 368.4s | converged=True
[2026-09-20 09:42:15] START confirm_selection | h=1m | student_t_shared | K=5 | seed=64
[2026-09-20 09:48:41] DONE  confirm_selection | h=1m | student_t_shared | K=5 | seed=64 | 386.3s | converged=True
[2026-09-20 09:49:24] START confirm_selection | h=1m | student_t_shared | K=6 | seed=62
[2026-09-20 09:55:30] DONE  confirm_selection | h=1m | student_t_shared | K=6 | seed=62 | 365.4s | converged=True
[2026-09-20 09:55:30] START confirm_selection | h=1m | student_t_shared | K=6 | seed=63
[2026-09-20 10:01:51] DONE  confirm_selection | h=1m | student_t_shared | K=6 | seed=63 | 381.2s | converged=True
[2026-09-20 10:01:51] START confirm_selection | h=1m | student_t_shared | K=6 | seed=64
[2026-09-20 10:08:01] DONE  confirm_selection | h=1m | student_t_shared | K=6 | seed=64 | 369.7s | converged=True
[2026-09-20 10:08:35] START confirm_selection | h=1m | student_t_shared | K=7 | seed=62
[2026-09-20 10:14:59] DONE  confirm_selection | h=1m | student_t_shared | K=7 | seed=62 | 383.2s | converged=False
[2026-09-20 10:14:59] START confirm_selection | h=1m | student_t_shared | K=7 | seed=63
[2026-09-20 10:21:18] DONE  confirm_selection | h=1m | student_t_shared | K=7 | seed=63 | 379.9s | converged=False
[2026-09-20 10:21:18] START confirm_selection | h=1m | student_t_shared | K=7 | seed=64
[2026-09-20 10:27:42] DONE  confirm_selection | h=1m | student_t_shared | K=7 | seed=64 | 384.0s | converged=False
[2026-09-20 10:28:14] CONFIRM horizon 1m | student_t_shared DONE | K=7
[2026-09-20 10:28:14] CONFIRM horizon 1m | student_t_state START
[2026-09-20 10:28:14] START confirm_selection | h=1m | student_t_state | K=2 | seed=62
[2026-09-20 10:34:15] DONE  confirm_selection | h=1m | student_t_state | K=2 | seed=62 | 360.7s | converged=True
[2026-09-20 10:34:15] START confirm_selection | h=1m | student_t_state | K=2 | seed=63
[2026-09-20 10:39:05] DONE  confirm_selection | h=1m | student_t_state | K=2 | seed=63 | 289.9s | converged=True
[2026-09-20 10:39:05] START confirm_selection | h=1m | student_t_state | K=2 | seed=64
[2026-09-20 10:44:12] DONE  confirm_selection | h=1m | student_t_state | K=2 | seed=64 | 307.5s | converged=True
[2026-09-20 10:44:49] START confirm_selection | h=1m | student_t_state | K=3 | seed=62
[2026-09-20 10:50:53] DONE  confirm_selection | h=1m | student_t_state | K=3 | seed=62 | 364.2s | converged=True
[2026-09-20 10:50:53] START confirm_selection | h=1m | student_t_state | K=3 | seed=63
[2026-09-20 10:57:07] DONE  confirm_selection | h=1m | student_t_state | K=3 | seed=63 | 374.2s | converged=True
[2026-09-20 10:57:07] START confirm_selection | h=1m | student_t_state | K=3 | seed=64
[2026-09-20 11:03:04] DONE  confirm_selection | h=1m | student_t_state | K=3 | seed=64 | 357.1s | converged=True
[2026-09-20 11:03:36] START confirm_selection | h=1m | student_t_state | K=4 | seed=62
[2026-09-20 11:09:46] DONE  confirm_selection | h=1m | student_t_state | K=4 | seed=62 | 370.0s | converged=True
[2026-09-20 11:09:46] START confirm_selection | h=1m | student_t_state | K=4 | seed=63
[2026-09-20 11:15:47] DONE  confirm_selection | h=1m | student_t_state | K=4 | seed=63 | 360.7s | converged=True
[2026-09-20 11:15:47] START confirm_selection | h=1m | student_t_state | K=4 | seed=64
[2026-09-20 11:21:48] DONE  confirm_selection | h=1m | student_t_state | K=4 | seed=64 | 361.5s | converged=True
[2026-09-20 11:22:30] START confirm_selection | h=1m | student_t_state | K=5 | seed=62
[2026-09-20 11:28:40] DONE  confirm_selection | h=1m | student_t_state | K=5 | seed=62 | 369.5s | converged=True
[2026-09-20 11:28:40] START confirm_selection | h=1m | student_t_state | K=5 | seed=63
[2026-09-20 11:34:48] DONE  confirm_selection | h=1m | student_t_state | K=5 | seed=63 | 368.2s | converged=True
[2026-09-20 11:34:48] START confirm_selection | h=1m | student_t_state | K=5 | seed=64
[2026-09-20 11:41:09] DONE  confirm_selection | h=1m | student_t_state | K=5 | seed=64 | 380.7s | converged=True
[2026-09-20 11:41:50] START confirm_selection | h=1m | student_t_state | K=6 | seed=62
[2026-09-20 11:48:20] DONE  confirm_selection | h=1m | student_t_state | K=6 | seed=62 | 389.8s | converged=True
[2026-09-20 11:48:20] START confirm_selection | h=1m | student_t_state | K=6 | seed=63
[2026-09-20 11:54:40] DONE  confirm_selection | h=1m | student_t_state | K=6 | seed=63 | 379.8s | converged=True
[2026-09-20 11:54:40] START confirm_selection | h=1m | student_t_state | K=6 | seed=64
[2026-09-20 12:01:13] DONE  confirm_selection | h=1m | student_t_state | K=6 | seed=64 | 393.3s | converged=True
[2026-09-20 12:01:49] START confirm_selection | h=1m | student_t_state | K=7 | seed=62
[2026-09-20 12:08:18] DONE  confirm_selection | h=1m | student_t_state | K=7 | seed=62 | 389.8s | converged=False
[2026-09-20 12:08:18] START confirm_selection | h=1m | student_t_state | K=7 | seed=63
[2026-09-20 12:14:46] DONE  confirm_selection | h=1m | student_t_state | K=7 | seed=63 | 387.4s | converged=False
[2026-09-20 12:14:46] START confirm_selection | h=1m | student_t_state | K=7 | seed=64
[2026-09-20 12:21:10] DONE  confirm_selection | h=1m | student_t_state | K=7 | seed=64 | 384.5s | converged=False
[2026-09-20 12:21:44] CONFIRM horizon 1m | student_t_state DONE | K=7
[2026-09-20 12:21:44] CONFIRM horizon 2m | student_t_shared START
[2026-09-20 12:21:44] START confirm_selection | h=2m | student_t_shared | K=2 | seed=62
[2026-09-20 12:23:30] DONE  confirm_selection | h=2m | student_t_shared | K=2 | seed=62 | 105.2s | converged=True
[2026-09-20 12:23:30] START confirm_selection | h=2m | student_t_shared | K=2 | seed=63
[2026-09-20 12:26:10] DONE  confirm_selection | h=2m | student_t_shared | K=2 | seed=63 | 160.0s | converged=True
[2026-09-20 12:26:10] START confirm_selection | h=2m | student_t_shared | K=2 | seed=64
[2026-09-20 12:27:59] DONE  confirm_selection | h=2m | student_t_shared | K=2 | seed=64 | 109.0s | converged=True
[2026-09-20 12:28:20] START confirm_selection | h=2m | student_t_shared | K=3 | seed=62
[2026-09-20 12:31:06] DONE  confirm_selection | h=2m | student_t_shared | K=3 | seed=62 | 165.9s | converged=True
[2026-09-20 12:31:06] START confirm_selection | h=2m | student_t_shared | K=3 | seed=63
[2026-09-20 12:34:02] DONE  confirm_selection | h=2m | student_t_shared | K=3 | seed=63 | 176.4s | converged=True
[2026-09-20 12:34:02] START confirm_selection | h=2m | student_t_shared | K=3 | seed=64
[2026-09-20 12:36:54] DONE  confirm_selection | h=2m | student_t_shared | K=3 | seed=64 | 171.8s | converged=True
[2026-09-20 12:37:08] START confirm_selection | h=2m | student_t_shared | K=4 | seed=62
[2026-09-20 12:39:55] DONE  confirm_selection | h=2m | student_t_shared | K=4 | seed=62 | 166.2s | converged=False
[2026-09-20 12:39:55] START confirm_selection | h=2m | student_t_shared | K=4 | seed=63
[2026-09-20 12:42:44] DONE  confirm_selection | h=2m | student_t_shared | K=4 | seed=63 | 169.3s | converged=False
[2026-09-20 12:42:44] START confirm_selection | h=2m | student_t_shared | K=4 | seed=64
[2026-09-20 12:45:24] DONE  confirm_selection | h=2m | student_t_shared | K=4 | seed=64 | 160.6s | converged=False
[2026-09-20 12:45:40] START confirm_selection | h=2m | student_t_shared | K=5 | seed=62
[2026-09-20 12:48:27] DONE  confirm_selection | h=2m | student_t_shared | K=5 | seed=62 | 167.9s | converged=True
[2026-09-20 12:48:27] START confirm_selection | h=2m | student_t_shared | K=5 | seed=63
[2026-09-20 12:51:13] DONE  confirm_selection | h=2m | student_t_shared | K=5 | seed=63 | 165.8s | converged=True
[2026-09-20 12:51:13] START confirm_selection | h=2m | student_t_shared | K=5 | seed=64
[2026-09-20 12:54:10] DONE  confirm_selection | h=2m | student_t_shared | K=5 | seed=64 | 177.2s | converged=True
[2026-09-20 12:54:32] START confirm_selection | h=2m | student_t_shared | K=6 | seed=62
[2026-09-20 12:57:17] DONE  confirm_selection | h=2m | student_t_shared | K=6 | seed=62 | 164.6s | converged=True
[2026-09-20 12:57:17] START confirm_selection | h=2m | student_t_shared | K=6 | seed=63
[2026-09-20 12:59:59] DONE  confirm_selection | h=2m | student_t_shared | K=6 | seed=63 | 162.3s | converged=True
[2026-09-20 12:59:59] START confirm_selection | h=2m | student_t_shared | K=6 | seed=64
[2026-09-20 13:02:32] DONE  confirm_selection | h=2m | student_t_shared | K=6 | seed=64 | 153.1s | converged=False
[2026-09-20 13:02:57] START confirm_selection | h=2m | student_t_shared | K=7 | seed=62
[2026-09-20 13:05:55] DONE  confirm_selection | h=2m | student_t_shared | K=7 | seed=62 | 178.0s | converged=True
[2026-09-20 13:05:55] START confirm_selection | h=2m | student_t_shared | K=7 | seed=63
[2026-09-20 13:08:38] DONE  confirm_selection | h=2m | student_t_shared | K=7 | seed=63 | 162.9s | converged=False
[2026-09-20 13:08:38] START confirm_selection | h=2m | student_t_shared | K=7 | seed=64
[2026-09-20 13:11:32] DONE  confirm_selection | h=2m | student_t_shared | K=7 | seed=64 | 174.0s | converged=False
[2026-09-20 13:11:50] CONFIRM horizon 2m | student_t_shared DONE | K=7
[2026-09-20 13:11:50] CONFIRM horizon 2m | student_t_state START
[2026-09-20 13:11:50] START confirm_selection | h=2m | student_t_state | K=2 | seed=62
[2026-09-20 13:14:18] DONE  confirm_selection | h=2m | student_t_state | K=2 | seed=62 | 148.4s | converged=True
[2026-09-20 13:14:18] START confirm_selection | h=2m | student_t_state | K=2 | seed=63
[2026-09-20 13:16:31] DONE  confirm_selection | h=2m | student_t_state | K=2 | seed=63 | 133.1s | converged=True
[2026-09-20 13:16:31] START confirm_selection | h=2m | student_t_state | K=2 | seed=64
[2026-09-20 13:18:50] DONE  confirm_selection | h=2m | student_t_state | K=2 | seed=64 | 138.4s | converged=True
[2026-09-20 13:19:10] START confirm_selection | h=2m | student_t_state | K=3 | seed=62
[2026-09-20 13:21:59] DONE  confirm_selection | h=2m | student_t_state | K=3 | seed=62 | 169.2s | converged=True
[2026-09-20 13:21:59] START confirm_selection | h=2m | student_t_state | K=3 | seed=63
[2026-09-20 13:24:39] DONE  confirm_selection | h=2m | student_t_state | K=3 | seed=63 | 160.0s | converged=True
[2026-09-20 13:24:39] START confirm_selection | h=2m | student_t_state | K=3 | seed=64
[2026-09-20 13:27:16] DONE  confirm_selection | h=2m | student_t_state | K=3 | seed=64 | 157.4s | converged=True
[2026-09-20 13:27:41] START confirm_selection | h=2m | student_t_state | K=4 | seed=62
[2026-09-20 13:30:30] DONE  confirm_selection | h=2m | student_t_state | K=4 | seed=62 | 169.9s | converged=True
[2026-09-20 13:30:30] START confirm_selection | h=2m | student_t_state | K=4 | seed=63
[2026-09-20 13:33:07] DONE  confirm_selection | h=2m | student_t_state | K=4 | seed=63 | 156.1s | converged=True
[2026-09-20 13:33:07] START confirm_selection | h=2m | student_t_state | K=4 | seed=64
[2026-09-20 13:35:46] DONE  confirm_selection | h=2m | student_t_state | K=4 | seed=64 | 159.3s | converged=True
[2026-09-20 13:36:06] START confirm_selection | h=2m | student_t_state | K=5 | seed=62
[2026-09-20 13:38:54] DONE  confirm_selection | h=2m | student_t_state | K=5 | seed=62 | 168.8s | converged=True
[2026-09-20 13:38:54] START confirm_selection | h=2m | student_t_state | K=5 | seed=63
[2026-09-20 13:41:33] DONE  confirm_selection | h=2m | student_t_state | K=5 | seed=63 | 158.3s | converged=True
[2026-09-20 13:41:33] START confirm_selection | h=2m | student_t_state | K=5 | seed=64
[2026-09-20 13:44:17] DONE  confirm_selection | h=2m | student_t_state | K=5 | seed=64 | 164.2s | converged=True
[2026-09-20 13:44:32] START confirm_selection | h=2m | student_t_state | K=6 | seed=62
[2026-09-20 13:47:15] DONE  confirm_selection | h=2m | student_t_state | K=6 | seed=62 | 163.0s | converged=True
[2026-09-20 13:47:15] START confirm_selection | h=2m | student_t_state | K=6 | seed=63
[2026-09-20 13:50:05] DONE  confirm_selection | h=2m | student_t_state | K=6 | seed=63 | 170.1s | converged=True
[2026-09-20 13:50:05] START confirm_selection | h=2m | student_t_state | K=6 | seed=64
[2026-09-20 13:52:43] DONE  confirm_selection | h=2m | student_t_state | K=6 | seed=64 | 157.1s | converged=True
[2026-09-20 13:52:59] START confirm_selection | h=2m | student_t_state | K=7 | seed=62
[2026-09-20 13:55:52] DONE  confirm_selection | h=2m | student_t_state | K=7 | seed=62 | 173.5s | converged=True
[2026-09-20 13:55:52] START confirm_selection | h=2m | student_t_state | K=7 | seed=63
[2026-09-20 13:58:36] DONE  confirm_selection | h=2m | student_t_state | K=7 | seed=63 | 163.7s | converged=True
[2026-09-20 13:58:36] START confirm_selection | h=2m | student_t_state | K=7 | seed=64
[2026-09-20 14:01:20] DONE  confirm_selection | h=2m | student_t_state | K=7 | seed=64 | 164.2s | converged=True
[2026-09-20 14:01:41] CONFIRM horizon 2m | student_t_state DONE | K=7
[2026-09-20 14:01:53] REFIT horizon 1m | student_t | K=1 START
[2026-09-20 14:01:53] REFIT horizon 1m | student_t | K=1 DONE
[2026-09-20 14:01:53] REFIT horizon 1m | gaussian | K=1 START
[2026-09-20 14:01:53] REFIT horizon 1m | gaussian | K=1 DONE
[2026-09-20 14:01:53] REFIT horizon 1m | gmm | K=5 START
[2026-09-20 14:02:00] REFIT horizon 1m | gmm | K=5 DONE
[2026-09-20 14:02:00] REFIT horizon 1m | gaussian_hmm | K=7 START
[2026-09-20 14:02:00] START refit | h=1m | gaussian_hmm | K=7 | seed=142
[2026-09-20 14:21:23] DONE  refit | h=1m | gaussian_hmm | K=7 | seed=142 | 1162.5s | converged=True
[2026-09-20 14:21:23] START refit | h=1m | gaussian_hmm | K=7 | seed=143
[2026-09-20 14:40:19] DONE  refit | h=1m | gaussian_hmm | K=7 | seed=143 | 1136.3s | converged=True
[2026-09-20 14:40:19] START refit | h=1m | gaussian_hmm | K=7 | seed=144
[2026-09-20 14:59:24] DONE  refit | h=1m | gaussian_hmm | K=7 | seed=144 | 1145.0s | converged=True
[2026-09-20 14:59:24] START refit | h=1m | gaussian_hmm | K=7 | seed=145
Running immutable CUDA job policy_session__f06_07
[2026-09-20 17:48:45] LOAD source data START
[2026-09-20 17:48:46] LOAD source data DONE | rows=525,635
[2026-09-20 17:48:46] AUDIT timestamp/rollover START
[2026-09-20 17:48:46] AUDIT timestamp/rollover DONE
[2026-09-20 17:48:46] BUILD returns START | horizons=[1, 2]
[2026-09-20 17:49:00] BUILD returns DONE | 1m=518,222, 2m=258,485
[2026-09-20 17:49:00] FOLD 7/2 START
[2026-09-20 17:49:00] SCREEN horizon 1m START
[2026-09-20 17:49:00] SCREEN horizon 1m DONE | Gaussian-HMM K=7 | gain=0.127092
[2026-09-20 17:49:00] SCREEN horizon 2m START
[2026-09-20 17:49:00] SCREEN horizon 2m DONE | Gaussian-HMM K=7 | gain=0.096934
[2026-09-20 17:49:00] CONFIRM horizon 1m | student_t_shared START
[2026-09-20 17:49:00] CONFIRM horizon 1m | student_t_shared DONE | K=7
[2026-09-20 17:49:00] CONFIRM horizon 1m | student_t_state START
[2026-09-20 17:49:00] CONFIRM horizon 1m | student_t_state DONE | K=7
[2026-09-20 17:49:00] CONFIRM horizon 2m | student_t_shared START
[2026-09-20 17:49:00] CONFIRM horizon 2m | student_t_shared DONE | K=7
[2026-09-20 17:49:00] CONFIRM horizon 2m | student_t_state START
[2026-09-20 17:49:00] CONFIRM horizon 2m | student_t_state DONE | K=7
[2026-09-20 17:49:06] REFIT horizon 1m | student_t | K=1 START
[2026-09-20 17:49:06] REFIT horizon 1m | student_t | K=1 DONE
[2026-09-20 17:49:06] REFIT horizon 1m | gaussian | K=1 START
[2026-09-20 17:49:06] REFIT horizon 1m | gaussian | K=1 DONE
[2026-09-20 17:49:06] REFIT horizon 1m | gmm | K=5 START
[2026-09-20 17:49:06] REFIT horizon 1m | gmm | K=5 DONE
[2026-09-20 17:49:06] REFIT horizon 1m | gaussian_hmm | K=7 START
[2026-09-20 17:49:06] CACHE refit | h=1m | gaussian_hmm | K=7 | seed=142
[2026-09-20 17:49:06] CACHE refit | h=1m | gaussian_hmm | K=7 | seed=143
[2026-09-20 17:49:06] CACHE refit | h=1m | gaussian_hmm | K=7 | seed=144
[2026-09-20 17:49:06] START refit | h=1m | gaussian_hmm | K=7 | seed=145
[2026-09-20 18:07:51] DONE  refit | h=1m | gaussian_hmm | K=7 | seed=145 | 1124.9s | converged=True
[2026-09-20 18:07:51] START refit | h=1m | gaussian_hmm | K=7 | seed=146
[2026-09-20 18:26:23] DONE  refit | h=1m | gaussian_hmm | K=7 | seed=146 | 1112.0s | converged=True
[2026-09-20 18:27:03] REFIT horizon 1m | gaussian_hmm | K=7 DONE
[2026-09-20 18:27:03] REFIT horizon 1m | student_t_shared | K=7 START
[2026-09-20 18:27:03] START refit | h=1m | student_t_shared | K=7 | seed=142
[2026-09-20 18:46:08] DONE  refit | h=1m | student_t_shared | K=7 | seed=142 | 1144.8s | converged=True
[2026-09-20 18:46:08] START refit | h=1m | student_t_shared | K=7 | seed=143
[2026-09-20 19:05:15] DONE  refit | h=1m | student_t_shared | K=7 | seed=143 | 1146.5s | converged=True
[2026-09-20 19:05:15] START refit | h=1m | student_t_shared | K=7 | seed=144
[2026-09-20 19:23:53] DONE  refit | h=1m | student_t_shared | K=7 | seed=144 | 1118.1s | converged=True
[2026-09-20 19:23:53] START refit | h=1m | student_t_shared | K=7 | seed=145
[2026-09-20 19:43:15] DONE  refit | h=1m | student_t_shared | K=7 | seed=145 | 1162.1s | converged=True
[2026-09-20 19:43:15] START refit | h=1m | student_t_shared | K=7 | seed=146
[2026-09-20 20:01:57] DONE  refit | h=1m | student_t_shared | K=7 | seed=146 | 1122.1s | converged=True
[2026-09-20 20:02:47] REFIT horizon 1m | student_t_shared | K=7 DONE
[2026-09-20 20:02:47] REFIT horizon 1m | student_t_state | K=7 START
[2026-09-20 20:02:47] START refit | h=1m | student_t_state | K=7 | seed=142
[2026-09-20 20:22:01] DONE  refit | h=1m | student_t_state | K=7 | seed=142 | 1154.1s | converged=True
[2026-09-20 20:22:01] START refit | h=1m | student_t_state | K=7 | seed=143
[2026-09-20 20:40:51] DONE  refit | h=1m | student_t_state | K=7 | seed=143 | 1130.6s | converged=True
[2026-09-20 20:40:51] START refit | h=1m | student_t_state | K=7 | seed=144
[2026-09-20 20:59:54] DONE  refit | h=1m | student_t_state | K=7 | seed=144 | 1142.3s | converged=True
[2026-09-20 20:59:54] START refit | h=1m | student_t_state | K=7 | seed=145
[2026-09-20 21:18:00] DONE  refit | h=1m | student_t_state | K=7 | seed=145 | 1086.4s | converged=True
[2026-09-20 21:18:00] START refit | h=1m | student_t_state | K=7 | seed=146
[2026-09-20 21:33:44] DONE  refit | h=1m | student_t_state | K=7 | seed=146 | 943.7s | converged=True
[2026-09-20 21:34:22] REFIT horizon 1m | student_t_state | K=7 DONE
[2026-09-20 21:34:25] REFIT horizon 2m | student_t | K=1 START
[2026-09-20 21:34:25] REFIT horizon 2m | student_t | K=1 DONE
[2026-09-20 21:34:25] REFIT horizon 2m | gaussian | K=1 START
[2026-09-20 21:34:25] REFIT horizon 2m | gaussian | K=1 DONE
[2026-09-20 21:34:25] REFIT horizon 2m | gmm | K=5 START
[2026-09-20 21:34:27] REFIT horizon 2m | gmm | K=5 DONE
[2026-09-20 21:34:27] REFIT horizon 2m | gaussian_hmm | K=7 START
[2026-09-20 21:34:27] START refit | h=2m | gaussian_hmm | K=7 | seed=142
[2026-09-20 21:41:03] DONE  refit | h=2m | gaussian_hmm | K=7 | seed=142 | 396.8s | converged=True
[2026-09-20 21:41:03] START refit | h=2m | gaussian_hmm | K=7 | seed=143
[2026-09-20 21:47:51] DONE  refit | h=2m | gaussian_hmm | K=7 | seed=143 | 407.8s | converged=True
[2026-09-20 21:47:51] START refit | h=2m | gaussian_hmm | K=7 | seed=144
[2026-09-20 21:54:29] DONE  refit | h=2m | gaussian_hmm | K=7 | seed=144 | 397.9s | converged=True
[2026-09-20 21:54:29] START refit | h=2m | gaussian_hmm | K=7 | seed=145
[2026-09-20 22:01:04] DONE  refit | h=2m | gaussian_hmm | K=7 | seed=145 | 395.1s | converged=True
[2026-09-20 22:01:04] START refit | h=2m | gaussian_hmm | K=7 | seed=146
[2026-09-20 22:07:50] DONE  refit | h=2m | gaussian_hmm | K=7 | seed=146 | 406.2s | converged=True
[2026-09-20 22:08:07] REFIT horizon 2m | gaussian_hmm | K=7 DONE
[2026-09-20 22:08:07] REFIT horizon 2m | student_t_shared | K=7 START
[2026-09-20 22:08:07] START refit | h=2m | student_t_shared | K=7 | seed=142
[2026-09-20 22:14:58] DONE  refit | h=2m | student_t_shared | K=7 | seed=142 | 410.8s | converged=True
[2026-09-20 22:14:58] START refit | h=2m | student_t_shared | K=7 | seed=143
[2026-09-20 22:21:45] DONE  refit | h=2m | student_t_shared | K=7 | seed=143 | 408.0s | converged=True
[2026-09-20 22:21:45] START refit | h=2m | student_t_shared | K=7 | seed=144
[2026-09-20 22:28:26] DONE  refit | h=2m | student_t_shared | K=7 | seed=144 | 400.0s | converged=True
[2026-09-20 22:28:26] START refit | h=2m | student_t_shared | K=7 | seed=145
[2026-09-20 22:35:09] DONE  refit | h=2m | student_t_shared | K=7 | seed=145 | 403.0s | converged=True
[2026-09-20 22:35:09] START refit | h=2m | student_t_shared | K=7 | seed=146
Running immutable CUDA job policy_session__f06_07
[2026-09-21 02:55:21] LOAD source data START
[2026-09-21 02:55:22] LOAD source data DONE | rows=525,635
[2026-09-21 02:55:22] AUDIT timestamp/rollover START
[2026-09-21 02:55:23] AUDIT timestamp/rollover DONE
[2026-09-21 02:55:23] BUILD returns START | horizons=[1, 2]
[2026-09-21 02:55:34] BUILD returns DONE | 1m=518,222, 2m=258,485
[2026-09-21 02:55:34] FOLD 7/2 START
[2026-09-21 02:55:34] SCREEN horizon 1m START
[2026-09-21 02:55:35] SCREEN horizon 1m DONE | Gaussian-HMM K=7 | gain=0.127092
[2026-09-21 02:55:35] SCREEN horizon 2m START
[2026-09-21 02:55:35] SCREEN horizon 2m DONE | Gaussian-HMM K=7 | gain=0.096934
[2026-09-21 02:55:35] CONFIRM horizon 1m | student_t_shared START
[2026-09-21 02:55:35] CONFIRM horizon 1m | student_t_shared DONE | K=7
[2026-09-21 02:55:35] CONFIRM horizon 1m | student_t_state START
[2026-09-21 02:55:35] CONFIRM horizon 1m | student_t_state DONE | K=7
[2026-09-21 02:55:35] CONFIRM horizon 2m | student_t_shared START
[2026-09-21 02:55:35] CONFIRM horizon 2m | student_t_shared DONE | K=7
[2026-09-21 02:55:35] CONFIRM horizon 2m | student_t_state START
[2026-09-21 02:55:35] CONFIRM horizon 2m | student_t_state DONE | K=7
[2026-09-21 02:55:41] REFIT horizon 1m | student_t | K=1 START
[2026-09-21 02:55:41] REFIT horizon 1m | student_t | K=1 DONE
[2026-09-21 02:55:41] REFIT horizon 1m | gaussian | K=1 START
[2026-09-21 02:55:41] REFIT horizon 1m | gaussian | K=1 DONE
[2026-09-21 02:55:41] REFIT horizon 1m | gmm | K=5 START
[2026-09-21 02:55:41] REFIT horizon 1m | gmm | K=5 DONE
[2026-09-21 02:55:41] REFIT horizon 1m | gaussian_hmm | K=7 START
[2026-09-21 02:55:41] REFIT horizon 1m | gaussian_hmm | K=7 DONE
[2026-09-21 02:55:41] REFIT horizon 1m | student_t_shared | K=7 START
[2026-09-21 02:55:41] REFIT horizon 1m | student_t_shared | K=7 DONE
[2026-09-21 02:55:41] REFIT horizon 1m | student_t_state | K=7 START
[2026-09-21 02:55:41] REFIT horizon 1m | student_t_state | K=7 DONE
[2026-09-21 02:55:43] REFIT horizon 2m | student_t | K=1 START
[2026-09-21 02:55:43] REFIT horizon 2m | student_t | K=1 DONE
[2026-09-21 02:55:43] REFIT horizon 2m | gaussian | K=1 START
[2026-09-21 02:55:43] REFIT horizon 2m | gaussian | K=1 DONE
[2026-09-21 02:55:43] REFIT horizon 2m | gmm | K=5 START
[2026-09-21 02:55:43] REFIT horizon 2m | gmm | K=5 DONE
[2026-09-21 02:55:43] REFIT horizon 2m | gaussian_hmm | K=7 START
[2026-09-21 02:55:43] REFIT horizon 2m | gaussian_hmm | K=7 DONE
[2026-09-21 02:55:43] REFIT horizon 2m | student_t_shared | K=7 START
[2026-09-21 02:55:43] CACHE refit | h=2m | student_t_shared | K=7 | seed=142
[2026-09-21 02:55:43] CACHE refit | h=2m | student_t_shared | K=7 | seed=143
[2026-09-21 02:55:44] CACHE refit | h=2m | student_t_shared | K=7 | seed=144
[2026-09-21 02:55:44] CACHE refit | h=2m | student_t_shared | K=7 | seed=145
[2026-09-21 02:55:44] START refit | h=2m | student_t_shared | K=7 | seed=146
[2026-09-21 03:02:19] DONE  refit | h=2m | student_t_shared | K=7 | seed=146 | 395.6s | converged=True
[2026-09-21 03:02:42] REFIT horizon 2m | student_t_shared | K=7 DONE
[2026-09-21 03:02:42] REFIT horizon 2m | student_t_state | K=7 START
[2026-09-21 03:02:42] START refit | h=2m | student_t_state | K=7 | seed=142
[2026-09-21 03:09:45] DONE  refit | h=2m | student_t_state | K=7 | seed=142 | 423.5s | converged=True
[2026-09-21 03:09:45] START refit | h=2m | student_t_state | K=7 | seed=143
[2026-09-21 03:16:25] DONE  refit | h=2m | student_t_state | K=7 | seed=143 | 399.8s | converged=True
[2026-09-21 03:16:25] START refit | h=2m | student_t_state | K=7 | seed=144
[2026-09-21 03:23:00] DONE  refit | h=2m | student_t_state | K=7 | seed=144 | 395.2s | converged=True
[2026-09-21 03:23:00] START refit | h=2m | student_t_state | K=7 | seed=145
[2026-09-21 03:30:07] DONE  refit | h=2m | student_t_state | K=7 | seed=145 | 426.0s | converged=True
[2026-09-21 03:30:07] START refit | h=2m | student_t_state | K=7 | seed=146
[2026-09-21 03:36:56] DONE  refit | h=2m | student_t_state | K=7 | seed=146 | 409.5s | converged=True
[2026-09-21 03:37:22] REFIT horizon 2m | student_t_state | K=7 DONE
[2026-09-21 03:37:22] FOLD 7/2 DONE
[2026-09-21 03:37:22] FOLD 8/2 START
[2026-09-21 03:37:22] SCREEN horizon 1m START
[2026-09-21 03:37:26] START screen_selection | h=1m | gmm | K=2
[2026-09-21 03:37:27] DONE  screen_selection | h=1m | gmm | K=2 | 1.0s
[2026-09-21 03:37:27] START screen_selection | h=1m | gmm | K=3
[2026-09-21 03:37:30] DONE  screen_selection | h=1m | gmm | K=3 | 2.8s
[2026-09-21 03:37:30] START screen_selection | h=1m | gmm | K=4
[2026-09-21 03:37:35] DONE  screen_selection | h=1m | gmm | K=4 | 5.4s
[2026-09-21 03:37:35] START screen_selection | h=1m | gmm | K=5
[2026-09-21 03:37:40] DONE  screen_selection | h=1m | gmm | K=5 | 5.2s
[2026-09-21 03:37:40] START screen_selection | h=1m | gmm | K=6
[2026-09-21 03:37:43] DONE  screen_selection | h=1m | gmm | K=6 | 2.8s
[2026-09-21 03:37:43] START screen_selection | h=1m | gmm | K=7
[2026-09-21 03:37:46] DONE  screen_selection | h=1m | gmm | K=7 | 2.5s
[2026-09-21 03:37:46] START screen_selection | h=1m | gaussian_hmm | K=2 | seed=42
[2026-09-21 03:39:22] DONE  screen_selection | h=1m | gaussian_hmm | K=2 | seed=42 | 96.3s | converged=True
[2026-09-21 03:39:22] START screen_selection | h=1m | gaussian_hmm | K=2 | seed=43
[2026-09-21 03:41:07] DONE  screen_selection | h=1m | gaussian_hmm | K=2 | seed=43 | 105.1s | converged=True
[2026-09-21 03:41:07] START screen_selection | h=1m | gaussian_hmm | K=2 | seed=44
[2026-09-21 03:42:57] DONE  screen_selection | h=1m | gaussian_hmm | K=2 | seed=44 | 110.2s | converged=True
[2026-09-21 03:43:35] START screen_selection | h=1m | gaussian_hmm | K=3 | seed=42
[2026-09-21 03:46:40] DONE  screen_selection | h=1m | gaussian_hmm | K=3 | seed=42 | 185.2s | converged=True
[2026-09-21 03:46:40] START screen_selection | h=1m | gaussian_hmm | K=3 | seed=43
[2026-09-21 03:49:41] DONE  screen_selection | h=1m | gaussian_hmm | K=3 | seed=43 | 180.7s | converged=True
[2026-09-21 03:49:41] START screen_selection | h=1m | gaussian_hmm | K=3 | seed=44
[2026-09-21 03:52:42] DONE  screen_selection | h=1m | gaussian_hmm | K=3 | seed=44 | 181.5s | converged=True
[2026-09-21 03:53:10] START screen_selection | h=1m | gaussian_hmm | K=4 | seed=42
[2026-09-21 03:57:58] DONE  screen_selection | h=1m | gaussian_hmm | K=4 | seed=42 | 288.2s | converged=False
[2026-09-21 03:57:58] START screen_selection | h=1m | gaussian_hmm | K=4 | seed=43
[2026-09-21 04:02:54] DONE  screen_selection | h=1m | gaussian_hmm | K=4 | seed=43 | 295.9s | converged=False
[2026-09-21 04:02:54] START screen_selection | h=1m | gaussian_hmm | K=4 | seed=44
[2026-09-21 04:07:56] DONE  screen_selection | h=1m | gaussian_hmm | K=4 | seed=44 | 302.0s | converged=False
[2026-09-21 04:08:28] START screen_selection | h=1m | gaussian_hmm | K=5 | seed=42
[2026-09-21 04:13:25] DONE  screen_selection | h=1m | gaussian_hmm | K=5 | seed=42 | 296.8s | converged=True
[2026-09-21 04:13:25] START screen_selection | h=1m | gaussian_hmm | K=5 | seed=43
[2026-09-21 04:18:13] DONE  screen_selection | h=1m | gaussian_hmm | K=5 | seed=43 | 287.6s | converged=True
[2026-09-21 04:18:13] START screen_selection | h=1m | gaussian_hmm | K=5 | seed=44
[2026-09-21 04:23:07] DONE  screen_selection | h=1m | gaussian_hmm | K=5 | seed=44 | 294.7s | converged=True
[2026-09-21 04:23:47] START screen_selection | h=1m | gaussian_hmm | K=6 | seed=42
[2026-09-21 04:28:48] DONE  screen_selection | h=1m | gaussian_hmm | K=6 | seed=42 | 301.6s | converged=True
[2026-09-21 04:28:48] START screen_selection | h=1m | gaussian_hmm | K=6 | seed=43
[2026-09-21 04:33:43] DONE  screen_selection | h=1m | gaussian_hmm | K=6 | seed=43 | 295.4s | converged=True
[2026-09-21 04:33:43] START screen_selection | h=1m | gaussian_hmm | K=6 | seed=44
[2026-09-21 04:38:33] DONE  screen_selection | h=1m | gaussian_hmm | K=6 | seed=44 | 289.2s | converged=True
[2026-09-21 04:39:03] START screen_selection | h=1m | gaussian_hmm | K=7 | seed=42
[2026-09-21 04:43:56] DONE  screen_selection | h=1m | gaussian_hmm | K=7 | seed=42 | 292.4s | converged=True
[2026-09-21 04:43:56] START screen_selection | h=1m | gaussian_hmm | K=7 | seed=43
[2026-09-21 04:48:54] DONE  screen_selection | h=1m | gaussian_hmm | K=7 | seed=43 | 298.9s | converged=True
[2026-09-21 04:48:54] START screen_selection | h=1m | gaussian_hmm | K=7 | seed=44
[2026-09-21 04:53:45] DONE  screen_selection | h=1m | gaussian_hmm | K=7 | seed=44 | 290.3s | converged=True
[2026-09-21 04:54:20] SCREEN horizon 1m DONE | Gaussian-HMM K=4 | gain=0.125059
[2026-09-21 04:54:20] SCREEN horizon 2m START
[2026-09-21 04:54:23] START screen_selection | h=2m | gmm | K=2
[2026-09-21 04:54:24] DONE  screen_selection | h=2m | gmm | K=2 | 0.8s
[2026-09-21 04:54:24] START screen_selection | h=2m | gmm | K=3
[2026-09-21 04:54:25] DONE  screen_selection | h=2m | gmm | K=3 | 1.1s
[2026-09-21 04:54:25] START screen_selection | h=2m | gmm | K=4
[2026-09-21 04:54:27] DONE  screen_selection | h=2m | gmm | K=4 | 2.5s
[2026-09-21 04:54:27] START screen_selection | h=2m | gmm | K=5
[2026-09-21 04:54:29] DONE  screen_selection | h=2m | gmm | K=5 | 1.6s
[2026-09-21 04:54:29] START screen_selection | h=2m | gmm | K=6
[2026-09-21 04:54:32] DONE  screen_selection | h=2m | gmm | K=6 | 3.0s
[2026-09-21 04:54:32] START screen_selection | h=2m | gmm | K=7
[2026-09-21 04:54:34] DONE  screen_selection | h=2m | gmm | K=7 | 1.9s
[2026-09-21 04:54:34] START screen_selection | h=2m | gaussian_hmm | K=2 | seed=42
[2026-09-21 04:55:27] DONE  screen_selection | h=2m | gaussian_hmm | K=2 | seed=42 | 53.1s | converged=True
[2026-09-21 04:55:27] START screen_selection | h=2m | gaussian_hmm | K=2 | seed=43
[2026-09-21 04:56:13] DONE  screen_selection | h=2m | gaussian_hmm | K=2 | seed=43 | 46.2s | converged=True
[2026-09-21 04:56:13] START screen_selection | h=2m | gaussian_hmm | K=2 | seed=44
[2026-09-21 04:57:04] DONE  screen_selection | h=2m | gaussian_hmm | K=2 | seed=44 | 51.3s | converged=True
[2026-09-21 04:57:23] START screen_selection | h=2m | gaussian_hmm | K=3 | seed=42
[2026-09-21 04:58:48] DONE  screen_selection | h=2m | gaussian_hmm | K=3 | seed=42 | 85.1s | converged=True
[2026-09-21 04:58:48] START screen_selection | h=2m | gaussian_hmm | K=3 | seed=43
[2026-09-21 05:00:08] DONE  screen_selection | h=2m | gaussian_hmm | K=3 | seed=43 | 80.0s | converged=True
[2026-09-21 05:00:08] START screen_selection | h=2m | gaussian_hmm | K=3 | seed=44
[2026-09-21 05:01:37] DONE  screen_selection | h=2m | gaussian_hmm | K=3 | seed=44 | 89.0s | converged=True
[2026-09-21 05:01:51] START screen_selection | h=2m | gaussian_hmm | K=4 | seed=42
[2026-09-21 05:04:11] DONE  screen_selection | h=2m | gaussian_hmm | K=4 | seed=42 | 139.8s | converged=False
[2026-09-21 05:04:11] START screen_selection | h=2m | gaussian_hmm | K=4 | seed=43
[2026-09-21 05:06:21] DONE  screen_selection | h=2m | gaussian_hmm | K=4 | seed=43 | 130.2s | converged=False
[2026-09-21 05:06:21] START screen_selection | h=2m | gaussian_hmm | K=4 | seed=44
[2026-09-21 05:08:30] DONE  screen_selection | h=2m | gaussian_hmm | K=4 | seed=44 | 128.2s | converged=False
[2026-09-21 05:08:46] START screen_selection | h=2m | gaussian_hmm | K=5 | seed=42
[2026-09-21 05:10:59] DONE  screen_selection | h=2m | gaussian_hmm | K=5 | seed=42 | 133.6s | converged=False
[2026-09-21 05:10:59] START screen_selection | h=2m | gaussian_hmm | K=5 | seed=43
[2026-09-21 05:13:10] DONE  screen_selection | h=2m | gaussian_hmm | K=5 | seed=43 | 130.4s | converged=False
[2026-09-21 05:13:10] START screen_selection | h=2m | gaussian_hmm | K=5 | seed=44
[2026-09-21 05:15:22] DONE  screen_selection | h=2m | gaussian_hmm | K=5 | seed=44 | 132.8s | converged=False
[2026-09-21 05:15:42] START screen_selection | h=2m | gaussian_hmm | K=6 | seed=42
[2026-09-21 05:17:48] DONE  screen_selection | h=2m | gaussian_hmm | K=6 | seed=42 | 125.7s | converged=False
[2026-09-21 05:17:48] START screen_selection | h=2m | gaussian_hmm | K=6 | seed=43
[2026-09-21 05:20:13] DONE  screen_selection | h=2m | gaussian_hmm | K=6 | seed=43 | 145.2s | converged=False
[2026-09-21 05:20:13] START screen_selection | h=2m | gaussian_hmm | K=6 | seed=44
[2026-09-21 05:22:34] DONE  screen_selection | h=2m | gaussian_hmm | K=6 | seed=44 | 140.9s | converged=False
[2026-09-21 05:22:55] START screen_selection | h=2m | gaussian_hmm | K=7 | seed=42
[2026-09-21 05:24:58] DONE  screen_selection | h=2m | gaussian_hmm | K=7 | seed=42 | 123.3s | converged=True
[2026-09-21 05:24:58] START screen_selection | h=2m | gaussian_hmm | K=7 | seed=43
[2026-09-21 05:27:12] DONE  screen_selection | h=2m | gaussian_hmm | K=7 | seed=43 | 133.2s | converged=True
[2026-09-21 05:27:12] START screen_selection | h=2m | gaussian_hmm | K=7 | seed=44
[2026-09-21 05:29:27] DONE  screen_selection | h=2m | gaussian_hmm | K=7 | seed=44 | 135.3s | converged=True
[2026-09-21 05:29:43] SCREEN horizon 2m DONE | Gaussian-HMM K=4 | gain=0.098613
[2026-09-21 05:29:43] CONFIRM horizon 1m | student_t_shared START
[2026-09-21 05:29:43] START confirm_selection | h=1m | student_t_shared | K=2 | seed=62
[2026-09-21 05:34:07] DONE  confirm_selection | h=1m | student_t_shared | K=2 | seed=62 | 263.8s | converged=True
[2026-09-21 05:34:07] START confirm_selection | h=1m | student_t_shared | K=2 | seed=63
[2026-09-21 05:38:33] DONE  confirm_selection | h=1m | student_t_shared | K=2 | seed=63 | 266.6s | converged=True
[2026-09-21 05:38:33] START confirm_selection | h=1m | student_t_shared | K=2 | seed=64
[2026-09-21 05:42:24] DONE  confirm_selection | h=1m | student_t_shared | K=2 | seed=64 | 230.2s | converged=True
[2026-09-21 05:43:04] START confirm_selection | h=1m | student_t_shared | K=3 | seed=62
[2026-09-21 05:48:04] DONE  confirm_selection | h=1m | student_t_shared | K=3 | seed=62 | 300.2s | converged=True
[2026-09-21 05:48:04] START confirm_selection | h=1m | student_t_shared | K=3 | seed=63
[2026-09-21 05:53:02] DONE  confirm_selection | h=1m | student_t_shared | K=3 | seed=63 | 298.0s | converged=True
[2026-09-21 05:53:02] START confirm_selection | h=1m | student_t_shared | K=3 | seed=64
[2026-09-21 05:58:11] DONE  confirm_selection | h=1m | student_t_shared | K=3 | seed=64 | 309.2s | converged=True
[2026-09-21 05:58:49] START confirm_selection | h=1m | student_t_shared | K=4 | seed=62
[2026-09-21 06:03:39] DONE  confirm_selection | h=1m | student_t_shared | K=4 | seed=62 | 289.8s | converged=True
[2026-09-21 06:03:39] START confirm_selection | h=1m | student_t_shared | K=4 | seed=63
[2026-09-21 06:08:50] DONE  confirm_selection | h=1m | student_t_shared | K=4 | seed=63 | 311.2s | converged=True
[2026-09-21 06:08:50] START confirm_selection | h=1m | student_t_shared | K=4 | seed=64
[2026-09-21 06:13:58] DONE  confirm_selection | h=1m | student_t_shared | K=4 | seed=64 | 307.9s | converged=True
[2026-09-21 06:14:33] START confirm_selection | h=1m | student_t_shared | K=5 | seed=62
[2026-09-21 06:19:45] DONE  confirm_selection | h=1m | student_t_shared | K=5 | seed=62 | 311.8s | converged=True
[2026-09-21 06:19:45] START confirm_selection | h=1m | student_t_shared | K=5 | seed=63
[2026-09-21 06:24:45] DONE  confirm_selection | h=1m | student_t_shared | K=5 | seed=63 | 299.6s | converged=True
[2026-09-21 06:24:45] START confirm_selection | h=1m | student_t_shared | K=5 | seed=64
[2026-09-21 06:29:50] DONE  confirm_selection | h=1m | student_t_shared | K=5 | seed=64 | 305.2s | converged=True
[2026-09-21 06:30:33] START confirm_selection | h=1m | student_t_shared | K=6 | seed=62
[2026-09-21 06:35:47] DONE  confirm_selection | h=1m | student_t_shared | K=6 | seed=62 | 313.6s | converged=True
[2026-09-21 06:35:47] START confirm_selection | h=1m | student_t_shared | K=6 | seed=63
[2026-09-21 06:40:44] DONE  confirm_selection | h=1m | student_t_shared | K=6 | seed=63 | 297.1s | converged=True
[2026-09-21 06:40:44] START confirm_selection | h=1m | student_t_shared | K=6 | seed=64
[2026-09-21 06:45:48] DONE  confirm_selection | h=1m | student_t_shared | K=6 | seed=64 | 304.0s | converged=True
[2026-09-21 06:46:29] START confirm_selection | h=1m | student_t_shared | K=7 | seed=62
[2026-09-21 06:51:28] DONE  confirm_selection | h=1m | student_t_shared | K=7 | seed=62 | 299.5s | converged=False
[2026-09-21 06:51:28] START confirm_selection | h=1m | student_t_shared | K=7 | seed=63
[2026-09-21 06:56:41] DONE  confirm_selection | h=1m | student_t_shared | K=7 | seed=63 | 312.9s | converged=False
[2026-09-21 06:56:41] START confirm_selection | h=1m | student_t_shared | K=7 | seed=64
[2026-09-21 07:01:49] DONE  confirm_selection | h=1m | student_t_shared | K=7 | seed=64 | 307.9s | converged=False
[2026-09-21 07:02:34] CONFIRM horizon 1m | student_t_shared DONE | K=6
[2026-09-21 07:02:34] CONFIRM horizon 1m | student_t_state START
[2026-09-21 07:02:34] START confirm_selection | h=1m | student_t_state | K=2 | seed=62
[2026-09-21 07:06:48] DONE  confirm_selection | h=1m | student_t_state | K=2 | seed=62 | 254.5s | converged=True
[2026-09-21 07:06:48] START confirm_selection | h=1m | student_t_state | K=2 | seed=63
[2026-09-21 07:10:49] DONE  confirm_selection | h=1m | student_t_state | K=2 | seed=63 | 240.8s | converged=True
[2026-09-21 07:10:49] START confirm_selection | h=1m | student_t_state | K=2 | seed=64
[2026-09-21 07:15:37] DONE  confirm_selection | h=1m | student_t_state | K=2 | seed=64 | 287.5s | converged=True
[2026-09-21 07:16:14] START confirm_selection | h=1m | student_t_state | K=3 | seed=62
[2026-09-21 07:21:15] DONE  confirm_selection | h=1m | student_t_state | K=3 | seed=62 | 300.9s | converged=True
[2026-09-21 07:21:15] START confirm_selection | h=1m | student_t_state | K=3 | seed=63
[2026-09-21 07:23:10] FAIL  confirm_selection | h=1m | student_t_state | K=3 | seed=63 | AcceleratorError: CUDA error: an illegal memory access was encountered
Search for `cudaErrorIllegalAddress' in https://docs.nvidia.com/cuda/cuda-runtime-api/group__CUDART__TYPES.html for more information.
CUDA kernel errors might be asynchronously reported at some other API call, so the stacktrace below might be incorrect.
For debugging consider passing CUDA_LAUNCH_BLOCKING=1

[2026-09-21 07:23:10] START confirm_selection | h=1m | student_t_state | K=3 | seed=64
[2026-09-21 07:23:11] FAIL  confirm_selection | h=1m | student_t_state | K=3 | seed=64 | AcceleratorError: CUDA error: an illegal memory access was encountered
Search for `cudaErrorIllegalAddress' in https://docs.nvidia.com/cuda/cuda-runtime-api/group__CUDART__TYPES.html for more information.
CUDA kernel errors might be asynchronously reported at some other API call, so the stacktrace below might be incorrect.
For debugging consider passing CUDA_LAUNCH_BLOCKING=1
The CUDA driver logged these messages, which may provide useful details:
Sticky error detected
Returning 700 (CUDA_ERROR_ILLEGAL_ADDRESS) from cuStreamIsCapturing


Running immutable CUDA job policy_session__f06_07
[2026-09-22 19:31:54] LOAD source data START
[2026-09-22 19:31:55] LOAD source data DONE | rows=525,635
[2026-09-22 19:31:55] AUDIT timestamp/rollover START
[2026-09-22 19:31:56] AUDIT timestamp/rollover DONE
[2026-09-22 19:31:56] BUILD returns START | horizons=[1, 2]
[2026-09-22 19:32:07] BUILD returns DONE | 1m=518,222, 2m=258,485
Resume fold 7/2
[2026-09-22 19:32:08] FOLD 8/2 START
[2026-09-22 19:32:08] SCREEN horizon 1m START
[2026-09-22 19:32:08] SCREEN horizon 1m DONE | Gaussian-HMM K=4 | gain=0.125059
[2026-09-22 19:32:08] SCREEN horizon 2m START
[2026-09-22 19:32:08] SCREEN horizon 2m DONE | Gaussian-HMM K=4 | gain=0.098613
[2026-09-22 19:32:08] CONFIRM horizon 1m | student_t_shared START
[2026-09-22 19:32:08] CONFIRM horizon 1m | student_t_shared DONE | K=6
[2026-09-22 19:32:08] CONFIRM horizon 1m | student_t_state START
[2026-09-22 19:32:08] CACHE confirm_selection | h=1m | student_t_state | K=2 | seed=62
[2026-09-22 19:32:08] CACHE confirm_selection | h=1m | student_t_state | K=2 | seed=63
[2026-09-22 19:32:08] CACHE confirm_selection | h=1m | student_t_state | K=2 | seed=64
[2026-09-22 19:32:34] CACHE confirm_selection | h=1m | student_t_state | K=3 | seed=62
[2026-09-22 19:32:34] START confirm_selection | h=1m | student_t_state | K=3 | seed=63
[2026-09-22 19:37:13] DONE  confirm_selection | h=1m | student_t_state | K=3 | seed=63 | 279.0s | converged=True
[2026-09-22 19:37:13] START confirm_selection | h=1m | student_t_state | K=3 | seed=64
[2026-09-22 19:41:44] DONE  confirm_selection | h=1m | student_t_state | K=3 | seed=64 | 271.4s | converged=True
[2026-09-22 19:42:09] START confirm_selection | h=1m | student_t_state | K=4 | seed=62
[2026-09-22 19:46:43] DONE  confirm_selection | h=1m | student_t_state | K=4 | seed=62 | 273.5s | converged=True
[2026-09-22 19:46:43] START confirm_selection | h=1m | student_t_state | K=4 | seed=63
[2026-09-22 19:51:15] DONE  confirm_selection | h=1m | student_t_state | K=4 | seed=63 | 272.1s | converged=True
[2026-09-22 19:51:15] START confirm_selection | h=1m | student_t_state | K=4 | seed=64
[2026-09-22 19:55:47] DONE  confirm_selection | h=1m | student_t_state | K=4 | seed=64 | 271.5s | converged=True
[2026-09-22 19:56:12] START confirm_selection | h=1m | student_t_state | K=5 | seed=62
[2026-09-22 20:00:45] DONE  confirm_selection | h=1m | student_t_state | K=5 | seed=62 | 273.3s | converged=True
[2026-09-22 20:00:45] START confirm_selection | h=1m | student_t_state | K=5 | seed=63
[2026-09-22 20:05:18] DONE  confirm_selection | h=1m | student_t_state | K=5 | seed=63 | 273.2s | converged=True
[2026-09-22 20:05:18] START confirm_selection | h=1m | student_t_state | K=5 | seed=64
[2026-09-22 20:09:52] DONE  confirm_selection | h=1m | student_t_state | K=5 | seed=64 | 273.5s | converged=True
[2026-09-22 20:10:17] START confirm_selection | h=1m | student_t_state | K=6 | seed=62
[2026-09-22 20:14:51] DONE  confirm_selection | h=1m | student_t_state | K=6 | seed=62 | 273.8s | converged=True
[2026-09-22 20:14:51] START confirm_selection | h=1m | student_t_state | K=6 | seed=63
[2026-09-22 20:19:25] DONE  confirm_selection | h=1m | student_t_state | K=6 | seed=63 | 274.0s | converged=True
[2026-09-22 20:19:25] START confirm_selection | h=1m | student_t_state | K=6 | seed=64
[2026-09-22 20:23:58] DONE  confirm_selection | h=1m | student_t_state | K=6 | seed=64 | 273.2s | converged=True
[2026-09-22 20:24:24] START confirm_selection | h=1m | student_t_state | K=7 | seed=62
[2026-09-22 20:28:59] DONE  confirm_selection | h=1m | student_t_state | K=7 | seed=62 | 275.1s | converged=False
[2026-09-22 20:28:59] START confirm_selection | h=1m | student_t_state | K=7 | seed=63
[2026-09-22 20:33:35] DONE  confirm_selection | h=1m | student_t_state | K=7 | seed=63 | 276.3s | converged=False
[2026-09-22 20:33:35] START confirm_selection | h=1m | student_t_state | K=7 | seed=64
[2026-09-22 20:38:08] DONE  confirm_selection | h=1m | student_t_state | K=7 | seed=64 | 273.6s | converged=True
[2026-09-22 20:38:34] CONFIRM horizon 1m | student_t_state DONE | K=7
[2026-09-22 20:38:34] CONFIRM horizon 2m | student_t_shared START
[2026-09-22 20:38:34] START confirm_selection | h=2m | student_t_shared | K=2 | seed=62
[2026-09-22 20:40:19] DONE  confirm_selection | h=2m | student_t_shared | K=2 | seed=62 | 104.9s | converged=True
[2026-09-22 20:40:19] START confirm_selection | h=2m | student_t_shared | K=2 | seed=63
[2026-09-22 20:41:49] DONE  confirm_selection | h=2m | student_t_shared | K=2 | seed=63 | 90.1s | converged=True
[2026-09-22 20:41:49] START confirm_selection | h=2m | student_t_shared | K=2 | seed=64
[2026-09-22 20:43:23] DONE  confirm_selection | h=2m | student_t_shared | K=2 | seed=64 | 93.9s | converged=True
[2026-09-22 20:43:37] START confirm_selection | h=2m | student_t_shared | K=3 | seed=62
[2026-09-22 20:45:44] DONE  confirm_selection | h=2m | student_t_shared | K=3 | seed=62 | 126.5s | converged=False
[2026-09-22 20:45:44] START confirm_selection | h=2m | student_t_shared | K=3 | seed=63
[2026-09-22 20:47:47] DONE  confirm_selection | h=2m | student_t_shared | K=3 | seed=63 | 123.8s | converged=False
[2026-09-22 20:47:47] START confirm_selection | h=2m | student_t_shared | K=3 | seed=64
[2026-09-22 20:49:51] DONE  confirm_selection | h=2m | student_t_shared | K=3 | seed=64 | 123.7s | converged=False
[2026-09-22 20:50:04] START confirm_selection | h=2m | student_t_shared | K=4 | seed=62
[2026-09-22 20:52:07] DONE  confirm_selection | h=2m | student_t_shared | K=4 | seed=62 | 123.0s | converged=False
[2026-09-22 20:52:07] START confirm_selection | h=2m | student_t_shared | K=4 | seed=63
[2026-09-22 20:54:12] DONE  confirm_selection | h=2m | student_t_shared | K=4 | seed=63 | 124.6s | converged=False
[2026-09-22 20:54:12] START confirm_selection | h=2m | student_t_shared | K=4 | seed=64
[2026-09-22 20:56:16] DONE  confirm_selection | h=2m | student_t_shared | K=4 | seed=64 | 124.3s | converged=False
[2026-09-22 20:56:29] START confirm_selection | h=2m | student_t_shared | K=5 | seed=62
[2026-09-22 20:58:35] DONE  confirm_selection | h=2m | student_t_shared | K=5 | seed=62 | 126.0s | converged=False
[2026-09-22 20:58:35] START confirm_selection | h=2m | student_t_shared | K=5 | seed=63
[2026-09-22 21:00:41] DONE  confirm_selection | h=2m | student_t_shared | K=5 | seed=63 | 125.5s | converged=False
[2026-09-22 21:00:41] START confirm_selection | h=2m | student_t_shared | K=5 | seed=64
[2026-09-22 21:02:47] DONE  confirm_selection | h=2m | student_t_shared | K=5 | seed=64 | 126.2s | converged=False
[2026-09-22 21:03:00] START confirm_selection | h=2m | student_t_shared | K=6 | seed=62
[2026-09-22 21:05:06] DONE  confirm_selection | h=2m | student_t_shared | K=6 | seed=62 | 125.7s | converged=True
[2026-09-22 21:05:06] START confirm_selection | h=2m | student_t_shared | K=6 | seed=63
[2026-09-22 21:07:10] DONE  confirm_selection | h=2m | student_t_shared | K=6 | seed=63 | 124.2s | converged=False
[2026-09-22 21:07:10] START confirm_selection | h=2m | student_t_shared | K=6 | seed=64
[2026-09-22 21:09:16] DONE  confirm_selection | h=2m | student_t_shared | K=6 | seed=64 | 125.6s | converged=True
[2026-09-22 21:09:29] START confirm_selection | h=2m | student_t_shared | K=7 | seed=62
[2026-09-22 21:11:35] DONE  confirm_selection | h=2m | student_t_shared | K=7 | seed=62 | 126.4s | converged=False
[2026-09-22 21:11:35] START confirm_selection | h=2m | student_t_shared | K=7 | seed=63
[2026-09-22 21:13:42] DONE  confirm_selection | h=2m | student_t_shared | K=7 | seed=63 | 126.9s | converged=False
[2026-09-22 21:13:42] START confirm_selection | h=2m | student_t_shared | K=7 | seed=64
[2026-09-22 21:15:48] DONE  confirm_selection | h=2m | student_t_shared | K=7 | seed=64 | 126.5s | converged=False
[2026-09-22 21:16:02] CONFIRM horizon 2m | student_t_shared DONE | K=5
[2026-09-22 21:16:02] CONFIRM horizon 2m | student_t_state START
[2026-09-22 21:16:02] START confirm_selection | h=2m | student_t_state | K=2 | seed=62
[2026-09-22 21:18:03] DONE  confirm_selection | h=2m | student_t_state | K=2 | seed=62 | 121.2s | converged=True
[2026-09-22 21:18:03] START confirm_selection | h=2m | student_t_state | K=2 | seed=63
[2026-09-22 21:20:02] DONE  confirm_selection | h=2m | student_t_state | K=2 | seed=63 | 119.3s | converged=True
[2026-09-22 21:20:02] START confirm_selection | h=2m | student_t_state | K=2 | seed=64
[2026-09-22 21:22:01] DONE  confirm_selection | h=2m | student_t_state | K=2 | seed=64 | 118.5s | converged=True
[2026-09-22 21:22:14] START confirm_selection | h=2m | student_t_state | K=3 | seed=62
[2026-09-22 21:24:17] DONE  confirm_selection | h=2m | student_t_state | K=3 | seed=62 | 123.7s | converged=True
[2026-09-22 21:24:17] START confirm_selection | h=2m | student_t_state | K=3 | seed=63
[2026-09-22 21:26:23] DONE  confirm_selection | h=2m | student_t_state | K=3 | seed=63 | 125.4s | converged=True
[2026-09-22 21:26:23] START confirm_selection | h=2m | student_t_state | K=3 | seed=64
[2026-09-22 21:28:29] DONE  confirm_selection | h=2m | student_t_state | K=3 | seed=64 | 126.2s | converged=True
[2026-09-22 21:28:43] START confirm_selection | h=2m | student_t_state | K=4 | seed=62
[2026-09-22 21:30:48] DONE  confirm_selection | h=2m | student_t_state | K=4 | seed=62 | 125.5s | converged=True
[2026-09-22 21:30:48] START confirm_selection | h=2m | student_t_state | K=4 | seed=63
[2026-09-22 21:32:54] DONE  confirm_selection | h=2m | student_t_state | K=4 | seed=63 | 125.4s | converged=True
[2026-09-22 21:32:54] START confirm_selection | h=2m | student_t_state | K=4 | seed=64
[2026-09-22 21:35:00] DONE  confirm_selection | h=2m | student_t_state | K=4 | seed=64 | 126.9s | converged=True
[2026-09-22 21:35:14] START confirm_selection | h=2m | student_t_state | K=5 | seed=62
[2026-09-22 21:37:24] DONE  confirm_selection | h=2m | student_t_state | K=5 | seed=62 | 130.8s | converged=True
[2026-09-22 21:37:24] START confirm_selection | h=2m | student_t_state | K=5 | seed=63
[2026-09-22 21:39:38] DONE  confirm_selection | h=2m | student_t_state | K=5 | seed=63 | 133.9s | converged=True
[2026-09-22 21:39:38] START confirm_selection | h=2m | student_t_state | K=5 | seed=64
[2026-09-22 21:41:46] DONE  confirm_selection | h=2m | student_t_state | K=5 | seed=64 | 127.4s | converged=True
[2026-09-22 21:41:59] START confirm_selection | h=2m | student_t_state | K=6 | seed=62
[2026-09-22 21:44:05] DONE  confirm_selection | h=2m | student_t_state | K=6 | seed=62 | 126.4s | converged=True
[2026-09-22 21:44:05] START confirm_selection | h=2m | student_t_state | K=6 | seed=63
[2026-09-22 21:46:13] DONE  confirm_selection | h=2m | student_t_state | K=6 | seed=63 | 127.2s | converged=True
[2026-09-22 21:46:13] START confirm_selection | h=2m | student_t_state | K=6 | seed=64
[2026-09-22 21:48:20] DONE  confirm_selection | h=2m | student_t_state | K=6 | seed=64 | 127.4s | converged=True
[2026-09-22 21:48:33] START confirm_selection | h=2m | student_t_state | K=7 | seed=62
[2026-09-22 21:50:44] DONE  confirm_selection | h=2m | student_t_state | K=7 | seed=62 | 130.9s | converged=True
[2026-09-22 21:50:44] START confirm_selection | h=2m | student_t_state | K=7 | seed=63
[2026-09-22 21:52:54] DONE  confirm_selection | h=2m | student_t_state | K=7 | seed=63 | 129.2s | converged=True
[2026-09-22 21:52:54] START confirm_selection | h=2m | student_t_state | K=7 | seed=64
[2026-09-22 21:55:02] DONE  confirm_selection | h=2m | student_t_state | K=7 | seed=64 | 128.2s | converged=True
[2026-09-22 21:55:15] CONFIRM horizon 2m | student_t_state DONE | K=7
[2026-09-22 21:55:20] REFIT horizon 1m | student_t | K=1 START
[2026-09-22 21:55:20] REFIT horizon 1m | student_t | K=1 DONE
[2026-09-22 21:55:20] REFIT horizon 1m | gaussian | K=1 START
[2026-09-22 21:55:20] REFIT horizon 1m | gaussian | K=1 DONE
[2026-09-22 21:55:20] REFIT horizon 1m | gmm | K=5 START
[2026-09-22 21:55:24] REFIT horizon 1m | gmm | K=5 DONE
[2026-09-22 21:55:24] REFIT horizon 1m | gaussian_hmm | K=4 START
[2026-09-22 21:55:24] START refit | h=1m | gaussian_hmm | K=4 | seed=142
[2026-09-22 22:06:14] DONE  refit | h=1m | gaussian_hmm | K=4 | seed=142 | 650.8s | converged=True
[2026-09-22 22:06:14] START refit | h=1m | gaussian_hmm | K=4 | seed=143
[2026-09-22 22:17:08] DONE  refit | h=1m | gaussian_hmm | K=4 | seed=143 | 653.1s | converged=True
[2026-09-22 22:17:08] START refit | h=1m | gaussian_hmm | K=4 | seed=144
[2026-09-22 22:27:52] DONE  refit | h=1m | gaussian_hmm | K=4 | seed=144 | 644.2s | converged=True
[2026-09-22 22:27:52] START refit | h=1m | gaussian_hmm | K=4 | seed=145
[2026-09-22 22:38:53] DONE  refit | h=1m | gaussian_hmm | K=4 | seed=145 | 661.2s | converged=True
[2026-09-22 22:38:53] START refit | h=1m | gaussian_hmm | K=4 | seed=146
[2026-09-22 22:50:19] DONE  refit | h=1m | gaussian_hmm | K=4 | seed=146 | 686.4s | converged=True
[2026-09-22 22:51:01] REFIT horizon 1m | gaussian_hmm | K=4 DONE
[2026-09-22 22:51:01] REFIT horizon 1m | student_t_shared | K=6 START
[2026-09-22 22:51:01] START refit | h=1m | student_t_shared | K=6 | seed=142
[2026-09-22 23:03:00] DONE  refit | h=1m | student_t_shared | K=6 | seed=142 | 719.8s | converged=True
[2026-09-22 23:03:00] START refit | h=1m | student_t_shared | K=6 | seed=143
Traceback (most recent call last):
  File "C:\Users\Admin\Downloads\ARSH_v0.5_CUDA_worker\arsh_v05.py", line 1168, in <module>
    if __name__=="__main__":main()
                            ^^^^^^
  File "C:\Users\Admin\Downloads\ARSH_v0.5_CUDA_worker\arsh_v05.py", line 1056, in main
    try:result=worker(fold)
               ^^^^^^^^^^^^
  File "C:\Users\Admin\Downloads\ARSH_v0.5_CUDA_worker\arsh_v05.py", line 671, in process_fold
    output = fit_score_model(test, h, family, k, iterations,
             ^^^^^^^^^^^^^^^^^^^^^^^^^^^^^^^^^^^^^^^^^^^^^^^
  File "C:\Users\Admin\Downloads\ARSH_v0.5_CUDA_worker\arsh_v05.py", line 574, in fit_score_model
    model, diagnostics = fit_hmm_restarts(xd, family, k, iterations, restarts,
                         ^^^^^^^^^^^^^^^^^^^^^^^^^^^^^^^^^^^^^^^^^^^^^^^^^^^^^
  File "C:\Users\Admin\Downloads\ARSH_v0.5_CUDA_worker\arsh_v05.py", line 387, in fit_hmm_restarts
    model, ll, converged, n_used = fit_one_hmm(
                                   ^^^^^^^^^^^^
  File "C:\Users\Admin\Downloads\ARSH_v0.5_CUDA_worker\arsh_v05.py", line 355, in fit_one_hmm
    model = fit_cuda_hmm(model, x, lengths=lengths, device=device)
            ^^^^^^^^^^^^^^^^^^^^^^^^^^^^^^^^^^^^^^^^^^^^^^^^^^^^^^
  File "C:\Users\Admin\Downloads\ARSH_v0.5_CUDA_worker\cuda_hmm.py", line 98, in fit_cuda_hmm
    ll,gamma,start_counts,trans_counts=_e_step(
                                       ^^^^^^^^
  File "C:\Users\Admin\Downloads\ARSH_v0.5_CUDA_worker\cuda_hmm.py", line 68, in _e_step
    beta[:,t]=torch.logsumexp(log_trans[None,:,:]+b[:,t+1,None,:]
              ^^^^^^^^^^^^^^^^^^^^^^^^^^^^^^^^^^^^^^^^^^^^^^^^^^^
KeyboardInterrupt
Traceback (most recent call last):
  File "C:\Users\Admin\Downloads\ARSH_v0.5_CUDA_worker\run_planned_job.py", line 41, in <module>
    if __name__=="__main__":main()
                            ^^^^^^
  File "C:\Users\Admin\Downloads\ARSH_v0.5_CUDA_worker\run_planned_job.py", line 38, in main
    print(f"Running immutable {backend.upper()} job {args.job}",flush=True);subprocess.run(command,check=True)
                                                                            ^^^^^^^^^^^^^^^^^^^^^^^^^^^^^^^^^^
  File "C:\Users\Admin\AppData\Local\Programs\Python\Python312\Lib\subprocess.py", line 550, in run
    stdout, stderr = process.communicate(input, timeout=timeout)
                     ^^^^^^^^^^^^^^^^^^^^^^^^^^^^^^^^^^^^^^^^^^^
  File "C:\Users\Admin\AppData\Local\Programs\Python\Python312\Lib\subprocess.py", line 1201, in communicate
    self.wait()
  File "C:\Users\Admin\AppData\Local\Programs\Python\Python312\Lib\subprocess.py", line 1264, in wait
    return self._wait(timeout=timeout)
           ^^^^^^^^^^^^^^^^^^^^^^^^^^^
  File "C:\Users\Admin\AppData\Local\Programs\Python\Python312\Lib\subprocess.py", line 1590, in _wait
    result = _winapi.WaitForSingleObject(self._handle,
             ^^^^^^^^^^^^^^^^^^^^^^^^^^^^^^^^^^^^^^^^^
KeyboardInterrupt
^CRunning immutable CUDA job policy_session__f06_07
[2026-09-23 01:15:41] LOAD source data START
[2026-09-23 01:15:42] LOAD source data DONE | rows=525,635
[2026-09-23 01:15:42] AUDIT timestamp/rollover START
[2026-09-23 01:15:42] AUDIT timestamp/rollover DONE
[2026-09-23 01:15:42] BUILD returns START | horizons=[1, 2]
[2026-09-23 01:15:54] BUILD returns DONE | 1m=518,222, 2m=258,485
Resume fold 7/2
[2026-09-23 01:15:54] FOLD 8/2 START
[2026-09-23 01:15:54] SCREEN horizon 1m START
[2026-09-23 01:15:54] SCREEN horizon 1m DONE | Gaussian-HMM K=4 | gain=0.125059
[2026-09-23 01:15:54] SCREEN horizon 2m START
[2026-09-23 01:15:54] SCREEN horizon 2m DONE | Gaussian-HMM K=4 | gain=0.098613
[2026-09-23 01:15:54] CONFIRM horizon 1m | student_t_shared START
[2026-09-23 01:15:54] CONFIRM horizon 1m | student_t_shared DONE | K=6
[2026-09-23 01:15:54] CONFIRM horizon 1m | student_t_state START
[2026-09-23 01:15:54] CONFIRM horizon 1m | student_t_state DONE | K=7
[2026-09-23 01:15:54] CONFIRM horizon 2m | student_t_shared START
[2026-09-23 01:15:54] CONFIRM horizon 2m | student_t_shared DONE | K=5
[2026-09-23 01:15:54] CONFIRM horizon 2m | student_t_state START
[2026-09-23 01:15:54] CONFIRM horizon 2m | student_t_state DONE | K=7
[2026-09-23 01:15:59] REFIT horizon 1m | student_t | K=1 START
[2026-09-23 01:15:59] REFIT horizon 1m | student_t | K=1 DONE
[2026-09-23 01:15:59] REFIT horizon 1m | gaussian | K=1 START
[2026-09-23 01:15:59] REFIT horizon 1m | gaussian | K=1 DONE
[2026-09-23 01:15:59] REFIT horizon 1m | gmm | K=5 START
[2026-09-23 01:15:59] REFIT horizon 1m | gmm | K=5 DONE
[2026-09-23 01:15:59] REFIT horizon 1m | gaussian_hmm | K=4 START
[2026-09-23 01:15:59] REFIT horizon 1m | gaussian_hmm | K=4 DONE
[2026-09-23 01:15:59] REFIT horizon 1m | student_t_shared | K=6 START
[2026-09-23 01:15:59] CACHE refit | h=1m | student_t_shared | K=6 | seed=142
[2026-09-23 01:15:59] START refit | h=1m | student_t_shared | K=6 | seed=143
[2026-09-23 01:25:00] DONE  refit | h=1m | student_t_shared | K=6 | seed=143 | 541.0s | converged=True
[2026-09-23 01:25:00] START refit | h=1m | student_t_shared | K=6 | seed=144
[2026-09-23 01:34:17] DONE  refit | h=1m | student_t_shared | K=6 | seed=144 | 556.7s | converged=True
[2026-09-23 01:34:17] START refit | h=1m | student_t_shared | K=6 | seed=145
[2026-09-23 01:43:23] DONE  refit | h=1m | student_t_shared | K=6 | seed=145 | 546.5s | converged=True
[2026-09-23 01:43:23] START refit | h=1m | student_t_shared | K=6 | seed=146
[2026-09-23 01:52:17] DONE  refit | h=1m | student_t_shared | K=6 | seed=146 | 533.9s | converged=True
[2026-09-23 01:52:46] REFIT horizon 1m | student_t_shared | K=6 DONE
[2026-09-23 01:52:46] REFIT horizon 1m | student_t_state | K=7 START
[2026-09-23 01:52:46] START refit | h=1m | student_t_state | K=7 | seed=142
[2026-09-23 02:04:47] DONE  refit | h=1m | student_t_state | K=7 | seed=142 | 721.3s | converged=True
[2026-09-23 02:04:47] START refit | h=1m | student_t_state | K=7 | seed=143
[2026-09-23 02:16:28] DONE  refit | h=1m | student_t_state | K=7 | seed=143 | 700.7s | converged=True
[2026-09-23 02:16:28] START refit | h=1m | student_t_state | K=7 | seed=144
[2026-09-23 02:28:04] DONE  refit | h=1m | student_t_state | K=7 | seed=144 | 696.4s | converged=True
[2026-09-23 02:28:04] START refit | h=1m | student_t_state | K=7 | seed=145
[2026-09-23 02:39:44] DONE  refit | h=1m | student_t_state | K=7 | seed=145 | 700.2s | converged=True
[2026-09-23 02:39:44] START refit | h=1m | student_t_state | K=7 | seed=146
[2026-09-23 02:51:25] DONE  refit | h=1m | student_t_state | K=7 | seed=146 | 700.3s | converged=True
[2026-09-23 02:51:52] REFIT horizon 1m | student_t_state | K=7 DONE
[2026-09-23 02:51:54] REFIT horizon 2m | student_t | K=1 START
[2026-09-23 02:51:54] REFIT horizon 2m | student_t | K=1 DONE
[2026-09-23 02:51:54] REFIT horizon 2m | gaussian | K=1 START
[2026-09-23 02:51:54] REFIT horizon 2m | gaussian | K=1 DONE
[2026-09-23 02:51:54] REFIT horizon 2m | gmm | K=5 START
[2026-09-23 02:51:55] REFIT horizon 2m | gmm | K=5 DONE
[2026-09-23 02:51:55] REFIT horizon 2m | gaussian_hmm | K=4 START
[2026-09-23 02:51:55] START refit | h=2m | gaussian_hmm | K=4 | seed=142
[2026-09-23 02:56:11] DONE  refit | h=2m | gaussian_hmm | K=4 | seed=142 | 256.0s | converged=True
[2026-09-23 02:56:11] START refit | h=2m | gaussian_hmm | K=4 | seed=143
[2026-09-23 03:00:25] DONE  refit | h=2m | gaussian_hmm | K=4 | seed=143 | 253.8s | converged=True
[2026-09-23 03:00:25] START refit | h=2m | gaussian_hmm | K=4 | seed=144
[2026-09-23 03:04:42] DONE  refit | h=2m | gaussian_hmm | K=4 | seed=144 | 256.5s | converged=True
[2026-09-23 03:04:42] START refit | h=2m | gaussian_hmm | K=4 | seed=145
[2026-09-23 03:08:38] DONE  refit | h=2m | gaussian_hmm | K=4 | seed=145 | 236.3s | converged=True
[2026-09-23 03:08:38] START refit | h=2m | gaussian_hmm | K=4 | seed=146
[2026-09-23 03:12:54] DONE  refit | h=2m | gaussian_hmm | K=4 | seed=146 | 256.4s | converged=True
[2026-09-23 03:13:07] REFIT horizon 2m | gaussian_hmm | K=4 DONE
[2026-09-23 03:13:07] REFIT horizon 2m | student_t_shared | K=5 START
[2026-09-23 03:13:07] START refit | h=2m | student_t_shared | K=5 | seed=142
[2026-09-23 03:18:11] DONE  refit | h=2m | student_t_shared | K=5 | seed=142 | 303.9s | converged=True
[2026-09-23 03:18:11] START refit | h=2m | student_t_shared | K=5 | seed=143
[2026-09-23 03:22:56] DONE  refit | h=2m | student_t_shared | K=5 | seed=143 | 285.8s | converged=True
[2026-09-23 03:22:56] START refit | h=2m | student_t_shared | K=5 | seed=144
[2026-09-23 03:28:01] DONE  refit | h=2m | student_t_shared | K=5 | seed=144 | 305.0s | converged=True
[2026-09-23 03:28:01] START refit | h=2m | student_t_shared | K=5 | seed=145
[2026-09-23 03:32:56] DONE  refit | h=2m | student_t_shared | K=5 | seed=145 | 294.4s | converged=True
[2026-09-23 03:32:56] START refit | h=2m | student_t_shared | K=5 | seed=146
[2026-09-23 03:37:52] DONE  refit | h=2m | student_t_shared | K=5 | seed=146 | 296.5s | converged=True
[2026-09-23 03:38:06] REFIT horizon 2m | student_t_shared | K=5 DONE
[2026-09-23 03:38:06] REFIT horizon 2m | student_t_state | K=7 START
[2026-09-23 03:38:06] START refit | h=2m | student_t_state | K=7 | seed=142
[2026-09-23 03:43:09] DONE  refit | h=2m | student_t_state | K=7 | seed=142 | 303.5s | converged=True
[2026-09-23 03:43:09] START refit | h=2m | student_t_state | K=7 | seed=143
[2026-09-23 03:48:12] DONE  refit | h=2m | student_t_state | K=7 | seed=143 | 302.6s | converged=False
[2026-09-23 03:48:12] START refit | h=2m | student_t_state | K=7 | seed=144
[2026-09-23 03:53:16] DONE  refit | h=2m | student_t_state | K=7 | seed=144 | 304.5s | converged=True
[2026-09-23 03:53:16] START refit | h=2m | student_t_state | K=7 | seed=145
[2026-09-23 03:58:21] DONE  refit | h=2m | student_t_state | K=7 | seed=145 | 304.8s | converged=True
[2026-09-23 03:58:21] START refit | h=2m | student_t_state | K=7 | seed=146
[2026-09-23 04:03:25] DONE  refit | h=2m | student_t_state | K=7 | seed=146 | 303.6s | converged=False
[2026-09-23 04:03:38] REFIT horizon 2m | student_t_state | K=7 DONE
[2026-09-23 04:03:38] FOLD 8/2 DONE
{
  "best_gaussian_horizon": 1,
  "runner_up_horizon": 2,
  "winner_vs_runner_mean": 0.02869447834777733,
  "winner_vs_runner_ci20": [
    0.024830979575163864,
    0.03298102797974436
  ],
  "bootstrap_horizon_advantage_conclusive": true,
  "winner_practical_convergence_rate": 1.0,
  "winner_k_upper_boundary_rate": 0.5,
  "preferred_research_horizon": 1,
  "lock_configuration_for_v1": true,
  "decision_vi": "Khung 1 ph\u00fat \u0111\u1ee7 \u0111i\u1ec1u ki\u1ec7n l\u00e0m c\u1ea5u h\u00ecnh k\u1ebf ti\u1ebfp.",
  "best_mean_hmm_family": "student_t_state",
  "preferred_hmm_family": "student_t_state",
  "family_gain_vs_gaussian_ci20": [
    0.002331335347603707,
    0.007475154879248469
  ],
  "heavy_tail_replacement_conclusive": true,
  "family_fold_counts": {
    "student_t_state": 2,
    "gaussian_hmm": 2,
    "student_t_shared": 2
  }
}
Report: C:\Users\Admin\Downloads\ARSH_v0.5_CUDA_worker\runs_v05_revised\policy_session\policy_session__f06_07\report.html
