Running immutable CUDA job policy_session__f02_03
[2026-09-19 20:52:12] LOAD source data START
[2026-09-19 20:52:12] LOAD source data DONE | rows=525,635
[2026-09-19 20:52:12] AUDIT timestamp/rollover START
[2026-09-19 20:52:13] AUDIT timestamp/rollover DONE
[2026-09-19 20:52:13] BUILD returns START | horizons=[1, 2]
[2026-09-19 20:52:26] BUILD returns DONE | 1m=518,222, 2m=258,485
[2026-09-19 20:52:26] FOLD 3/2 START
[2026-09-19 20:52:26] SCREEN horizon 1m START
[2026-09-19 20:52:29] START screen_selection | h=1m | gmm | K=2
[2026-09-19 20:52:31] DONE  screen_selection | h=1m | gmm | K=2 | 1.7s
[2026-09-19 20:52:31] START screen_selection | h=1m | gmm | K=3
[2026-09-19 20:52:33] DONE  screen_selection | h=1m | gmm | K=3 | 2.0s
[2026-09-19 20:52:33] START screen_selection | h=1m | gmm | K=4
[2026-09-19 20:52:35] DONE  screen_selection | h=1m | gmm | K=4 | 2.0s
[2026-09-19 20:52:35] START screen_selection | h=1m | gmm | K=5
[2026-09-19 20:52:37] DONE  screen_selection | h=1m | gmm | K=5 | 2.3s
[2026-09-19 20:52:37] START screen_selection | h=1m | gmm | K=6
[2026-09-19 20:52:40] DONE  screen_selection | h=1m | gmm | K=6 | 2.5s
[2026-09-19 20:52:40] START screen_selection | h=1m | gmm | K=7
[2026-09-19 20:52:43] DONE  screen_selection | h=1m | gmm | K=7 | 3.7s
[2026-09-19 20:52:43] START screen_selection | h=1m | gaussian_hmm | K=2 | seed=42
[2026-09-19 20:55:22] DONE  screen_selection | h=1m | gaussian_hmm | K=2 | seed=42 | 158.7s | converged=True
[2026-09-19 20:55:22] START screen_selection | h=1m | gaussian_hmm | K=2 | seed=43
[2026-09-19 20:57:44] DONE  screen_selection | h=1m | gaussian_hmm | K=2 | seed=43 | 141.6s | converged=True
[2026-09-19 20:57:44] START screen_selection | h=1m | gaussian_hmm | K=2 | seed=44
[2026-09-19 21:00:27] DONE  screen_selection | h=1m | gaussian_hmm | K=2 | seed=44 | 163.1s | converged=True
[2026-09-19 21:00:53] START screen_selection | h=1m | gaussian_hmm | K=3 | seed=42
[2026-09-19 21:05:42] DONE  screen_selection | h=1m | gaussian_hmm | K=3 | seed=42 | 289.0s | converged=True
[2026-09-19 21:05:42] START screen_selection | h=1m | gaussian_hmm | K=3 | seed=43
[2026-09-19 21:10:27] DONE  screen_selection | h=1m | gaussian_hmm | K=3 | seed=43 | 285.2s | converged=True
[2026-09-19 21:10:27] START screen_selection | h=1m | gaussian_hmm | K=3 | seed=44
[2026-09-19 21:15:16] DONE  screen_selection | h=1m | gaussian_hmm | K=3 | seed=44 | 289.1s | converged=True
[2026-09-19 21:15:43] START screen_selection | h=1m | gaussian_hmm | K=4 | seed=42
[2026-09-19 21:24:52] DONE  screen_selection | h=1m | gaussian_hmm | K=4 | seed=42 | 548.2s | converged=True
[2026-09-19 21:24:52] START screen_selection | h=1m | gaussian_hmm | K=4 | seed=43
[2026-09-19 21:33:51] DONE  screen_selection | h=1m | gaussian_hmm | K=4 | seed=43 | 539.4s | converged=True
[2026-09-19 21:33:51] START screen_selection | h=1m | gaussian_hmm | K=4 | seed=44
[2026-09-19 21:42:40] DONE  screen_selection | h=1m | gaussian_hmm | K=4 | seed=44 | 529.5s | converged=True
[2026-09-19 21:43:04] START screen_selection | h=1m | gaussian_hmm | K=5 | seed=42
[2026-09-19 21:51:50] DONE  screen_selection | h=1m | gaussian_hmm | K=5 | seed=42 | 525.4s | converged=True
[2026-09-19 21:51:50] START screen_selection | h=1m | gaussian_hmm | K=5 | seed=43
[2026-09-19 22:00:57] DONE  screen_selection | h=1m | gaussian_hmm | K=5 | seed=43 | 546.8s | converged=True
[2026-09-19 22:00:57] START screen_selection | h=1m | gaussian_hmm | K=5 | seed=44
[2026-09-19 22:09:56] DONE  screen_selection | h=1m | gaussian_hmm | K=5 | seed=44 | 539.8s | converged=True
[2026-09-19 22:10:23] START screen_selection | h=1m | gaussian_hmm | K=6 | seed=42
[2026-09-19 22:19:22] DONE  screen_selection | h=1m | gaussian_hmm | K=6 | seed=42 | 539.2s | converged=False
[2026-09-19 22:19:22] START screen_selection | h=1m | gaussian_hmm | K=6 | seed=43
[2026-09-19 22:28:05] DONE  screen_selection | h=1m | gaussian_hmm | K=6 | seed=43 | 522.6s | converged=False
[2026-09-19 22:28:05] START screen_selection | h=1m | gaussian_hmm | K=6 | seed=44
Running immutable CUDA job policy_session__f02_03
[2026-09-20 03:52:47] LOAD source data START
[2026-09-20 03:52:48] LOAD source data DONE | rows=525,635
[2026-09-20 03:52:48] AUDIT timestamp/rollover START
[2026-09-20 03:52:48] AUDIT timestamp/rollover DONE
[2026-09-20 03:52:48] BUILD returns START | horizons=[1, 2]
[2026-09-20 03:53:01] BUILD returns DONE | 1m=518,222, 2m=258,485
[2026-09-20 03:53:01] FOLD 3/2 START
[2026-09-20 03:53:01] SCREEN horizon 1m START
[2026-09-20 03:53:05] START screen_selection | h=1m | gmm | K=2
[2026-09-20 03:53:07] DONE  screen_selection | h=1m | gmm | K=2 | 1.4s
[2026-09-20 03:53:07] START screen_selection | h=1m | gmm | K=3
[2026-09-20 03:53:09] DONE  screen_selection | h=1m | gmm | K=3 | 2.3s
[2026-09-20 03:53:09] START screen_selection | h=1m | gmm | K=4
[2026-09-20 03:53:11] DONE  screen_selection | h=1m | gmm | K=4 | 2.2s
[2026-09-20 03:53:11] START screen_selection | h=1m | gmm | K=5
[2026-09-20 03:53:14] DONE  screen_selection | h=1m | gmm | K=5 | 2.2s
[2026-09-20 03:53:14] START screen_selection | h=1m | gmm | K=6
[2026-09-20 03:53:17] DONE  screen_selection | h=1m | gmm | K=6 | 3.2s
[2026-09-20 03:53:17] START screen_selection | h=1m | gmm | K=7
[2026-09-20 03:53:20] DONE  screen_selection | h=1m | gmm | K=7 | 3.1s
[2026-09-20 03:53:20] CACHE screen_selection | h=1m | gaussian_hmm | K=2 | seed=42
[2026-09-20 03:53:20] CACHE screen_selection | h=1m | gaussian_hmm | K=2 | seed=43
[2026-09-20 03:53:20] CACHE screen_selection | h=1m | gaussian_hmm | K=2 | seed=44
[2026-09-20 03:53:51] CACHE screen_selection | h=1m | gaussian_hmm | K=3 | seed=42
[2026-09-20 03:53:52] CACHE screen_selection | h=1m | gaussian_hmm | K=3 | seed=43
[2026-09-20 03:53:52] CACHE screen_selection | h=1m | gaussian_hmm | K=3 | seed=44
[2026-09-20 03:54:21] CACHE screen_selection | h=1m | gaussian_hmm | K=4 | seed=42
[2026-09-20 03:54:21] CACHE screen_selection | h=1m | gaussian_hmm | K=4 | seed=43
[2026-09-20 03:54:21] CACHE screen_selection | h=1m | gaussian_hmm | K=4 | seed=44
[2026-09-20 03:54:53] CACHE screen_selection | h=1m | gaussian_hmm | K=5 | seed=42
[2026-09-20 03:54:53] CACHE screen_selection | h=1m | gaussian_hmm | K=5 | seed=43
[2026-09-20 03:54:53] CACHE screen_selection | h=1m | gaussian_hmm | K=5 | seed=44
[2026-09-20 03:55:20] CACHE screen_selection | h=1m | gaussian_hmm | K=6 | seed=42
[2026-09-20 03:55:21] CACHE screen_selection | h=1m | gaussian_hmm | K=6 | seed=43
[2026-09-20 03:55:21] START screen_selection | h=1m | gaussian_hmm | K=6 | seed=44
[2026-09-20 04:02:58] DONE  screen_selection | h=1m | gaussian_hmm | K=6 | seed=44 | 457.6s | converged=False
[2026-09-20 04:03:29] START screen_selection | h=1m | gaussian_hmm | K=7 | seed=42
[2026-09-20 04:11:21] DONE  screen_selection | h=1m | gaussian_hmm | K=7 | seed=42 | 472.1s | converged=True
[2026-09-20 04:11:21] START screen_selection | h=1m | gaussian_hmm | K=7 | seed=43
[2026-09-20 04:19:14] DONE  screen_selection | h=1m | gaussian_hmm | K=7 | seed=43 | 472.8s | converged=True
[2026-09-20 04:19:14] START screen_selection | h=1m | gaussian_hmm | K=7 | seed=44
[2026-09-20 04:26:51] DONE  screen_selection | h=1m | gaussian_hmm | K=7 | seed=44 | 457.0s | converged=True
[2026-09-20 04:27:22] SCREEN horizon 1m DONE | Gaussian-HMM K=7 | gain=0.107448
[2026-09-20 04:27:22] SCREEN horizon 2m START
[2026-09-20 04:27:23] START screen_selection | h=2m | gmm | K=2
[2026-09-20 04:27:23] DONE  screen_selection | h=2m | gmm | K=2 | 0.4s
[2026-09-20 04:27:23] START screen_selection | h=2m | gmm | K=3
[2026-09-20 04:27:24] DONE  screen_selection | h=2m | gmm | K=3 | 0.8s
[2026-09-20 04:27:24] START screen_selection | h=2m | gmm | K=4
[2026-09-20 04:27:25] DONE  screen_selection | h=2m | gmm | K=4 | 1.0s
[2026-09-20 04:27:25] START screen_selection | h=2m | gmm | K=5
[2026-09-20 04:27:26] DONE  screen_selection | h=2m | gmm | K=5 | 0.9s
[2026-09-20 04:27:26] START screen_selection | h=2m | gmm | K=6
[2026-09-20 04:27:27] DONE  screen_selection | h=2m | gmm | K=6 | 1.0s
[2026-09-20 04:27:27] START screen_selection | h=2m | gmm | K=7
[2026-09-20 04:27:30] DONE  screen_selection | h=2m | gmm | K=7 | 2.7s
[2026-09-20 04:27:30] START screen_selection | h=2m | gaussian_hmm | K=2 | seed=42
[2026-09-20 04:28:31] DONE  screen_selection | h=2m | gaussian_hmm | K=2 | seed=42 | 61.0s | converged=True
[2026-09-20 04:28:31] START screen_selection | h=2m | gaussian_hmm | K=2 | seed=43
[2026-09-20 04:29:27] DONE  screen_selection | h=2m | gaussian_hmm | K=2 | seed=43 | 56.0s | converged=True
[2026-09-20 04:29:27] START screen_selection | h=2m | gaussian_hmm | K=2 | seed=44
[2026-09-20 04:30:22] DONE  screen_selection | h=2m | gaussian_hmm | K=2 | seed=44 | 54.7s | converged=True
[2026-09-20 04:30:36] START screen_selection | h=2m | gaussian_hmm | K=3 | seed=42
[2026-09-20 04:32:20] DONE  screen_selection | h=2m | gaussian_hmm | K=3 | seed=42 | 104.5s | converged=True
[2026-09-20 04:32:20] START screen_selection | h=2m | gaussian_hmm | K=3 | seed=43
[2026-09-20 04:33:53] DONE  screen_selection | h=2m | gaussian_hmm | K=3 | seed=43 | 92.8s | converged=True
[2026-09-20 04:33:53] START screen_selection | h=2m | gaussian_hmm | K=3 | seed=44
[2026-09-20 04:35:31] DONE  screen_selection | h=2m | gaussian_hmm | K=3 | seed=44 | 98.1s | converged=True
[2026-09-20 04:35:48] START screen_selection | h=2m | gaussian_hmm | K=4 | seed=42
[2026-09-20 04:38:49] DONE  screen_selection | h=2m | gaussian_hmm | K=4 | seed=42 | 181.0s | converged=False
[2026-09-20 04:38:49] START screen_selection | h=2m | gaussian_hmm | K=4 | seed=43
[2026-09-20 04:41:52] DONE  screen_selection | h=2m | gaussian_hmm | K=4 | seed=43 | 183.0s | converged=False
[2026-09-20 04:41:52] START screen_selection | h=2m | gaussian_hmm | K=4 | seed=44
[2026-09-20 04:44:45] DONE  screen_selection | h=2m | gaussian_hmm | K=4 | seed=44 | 173.3s | converged=False
[2026-09-20 04:45:00] START screen_selection | h=2m | gaussian_hmm | K=5 | seed=42
[2026-09-20 04:48:09] DONE  screen_selection | h=2m | gaussian_hmm | K=5 | seed=42 | 188.8s | converged=True
[2026-09-20 04:48:09] START screen_selection | h=2m | gaussian_hmm | K=5 | seed=43
[2026-09-20 04:51:09] DONE  screen_selection | h=2m | gaussian_hmm | K=5 | seed=43 | 180.0s | converged=True
[2026-09-20 04:51:09] START screen_selection | h=2m | gaussian_hmm | K=5 | seed=44
[2026-09-20 04:54:09] DONE  screen_selection | h=2m | gaussian_hmm | K=5 | seed=44 | 179.5s | converged=True
[2026-09-20 04:54:22] START screen_selection | h=2m | gaussian_hmm | K=6 | seed=42
[2026-09-20 04:57:35] DONE  screen_selection | h=2m | gaussian_hmm | K=6 | seed=42 | 192.2s | converged=True
[2026-09-20 04:57:35] START screen_selection | h=2m | gaussian_hmm | K=6 | seed=43
[2026-09-20 05:00:43] DONE  screen_selection | h=2m | gaussian_hmm | K=6 | seed=43 | 188.3s | converged=True
[2026-09-20 05:00:43] START screen_selection | h=2m | gaussian_hmm | K=6 | seed=44
[2026-09-20 05:03:49] DONE  screen_selection | h=2m | gaussian_hmm | K=6 | seed=44 | 186.2s | converged=True
[2026-09-20 05:04:05] START screen_selection | h=2m | gaussian_hmm | K=7 | seed=42
[2026-09-20 05:07:17] DONE  screen_selection | h=2m | gaussian_hmm | K=7 | seed=42 | 192.1s | converged=True
[2026-09-20 05:07:17] START screen_selection | h=2m | gaussian_hmm | K=7 | seed=43
[2026-09-20 05:10:17] DONE  screen_selection | h=2m | gaussian_hmm | K=7 | seed=43 | 180.4s | converged=True
[2026-09-20 05:10:17] START screen_selection | h=2m | gaussian_hmm | K=7 | seed=44
[2026-09-20 05:13:22] DONE  screen_selection | h=2m | gaussian_hmm | K=7 | seed=44 | 185.3s | converged=True
[2026-09-20 05:13:38] SCREEN horizon 2m DONE | Gaussian-HMM K=7 | gain=0.091852
[2026-09-20 05:13:38] CONFIRM horizon 1m | student_t_shared START
[2026-09-20 05:13:38] START confirm_selection | h=1m | student_t_shared | K=2 | seed=62
[2026-09-20 05:20:38] DONE  confirm_selection | h=1m | student_t_shared | K=2 | seed=62 | 419.6s | converged=True
[2026-09-20 05:20:38] START confirm_selection | h=1m | student_t_shared | K=2 | seed=63
[2026-09-20 05:26:41] DONE  confirm_selection | h=1m | student_t_shared | K=2 | seed=63 | 362.8s | converged=True
[2026-09-20 05:26:41] START confirm_selection | h=1m | student_t_shared | K=2 | seed=64
[2026-09-20 05:33:43] DONE  confirm_selection | h=1m | student_t_shared | K=2 | seed=64 | 422.2s | converged=True
[2026-09-20 05:34:22] START confirm_selection | h=1m | student_t_shared | K=3 | seed=62
[2026-09-20 05:42:08] DONE  confirm_selection | h=1m | student_t_shared | K=3 | seed=62 | 465.3s | converged=True
[2026-09-20 05:42:08] START confirm_selection | h=1m | student_t_shared | K=3 | seed=63
[2026-09-20 05:49:50] DONE  confirm_selection | h=1m | student_t_shared | K=3 | seed=63 | 462.0s | converged=True
[2026-09-20 05:49:50] START confirm_selection | h=1m | student_t_shared | K=3 | seed=64
[2026-09-20 05:57:31] DONE  confirm_selection | h=1m | student_t_shared | K=3 | seed=64 | 461.2s | converged=True
[2026-09-20 05:58:02] START confirm_selection | h=1m | student_t_shared | K=4 | seed=62
[2026-09-20 06:05:45] DONE  confirm_selection | h=1m | student_t_shared | K=4 | seed=62 | 462.8s | converged=True
[2026-09-20 06:05:45] START confirm_selection | h=1m | student_t_shared | K=4 | seed=63
[2026-09-20 06:13:03] DONE  confirm_selection | h=1m | student_t_shared | K=4 | seed=63 | 437.9s | converged=True
[2026-09-20 06:13:03] START confirm_selection | h=1m | student_t_shared | K=4 | seed=64
[2026-09-20 06:20:26] DONE  confirm_selection | h=1m | student_t_shared | K=4 | seed=64 | 443.0s | converged=True
[2026-09-20 06:21:03] START confirm_selection | h=1m | student_t_shared | K=5 | seed=62
[2026-09-20 06:28:39] DONE  confirm_selection | h=1m | student_t_shared | K=5 | seed=62 | 456.4s | converged=True
[2026-09-20 06:28:39] START confirm_selection | h=1m | student_t_shared | K=5 | seed=63
[2026-09-20 06:36:03] DONE  confirm_selection | h=1m | student_t_shared | K=5 | seed=63 | 443.7s | converged=True
[2026-09-20 06:36:03] START confirm_selection | h=1m | student_t_shared | K=5 | seed=64
[2026-09-20 06:43:39] DONE  confirm_selection | h=1m | student_t_shared | K=5 | seed=64 | 455.4s | converged=True
[2026-09-20 06:44:15] START confirm_selection | h=1m | student_t_shared | K=6 | seed=62
[2026-09-20 06:51:43] DONE  confirm_selection | h=1m | student_t_shared | K=6 | seed=62 | 448.6s | converged=True
[2026-09-20 06:51:43] START confirm_selection | h=1m | student_t_shared | K=6 | seed=63
[2026-09-20 06:59:19] DONE  confirm_selection | h=1m | student_t_shared | K=6 | seed=63 | 455.5s | converged=False
[2026-09-20 06:59:19] START confirm_selection | h=1m | student_t_shared | K=6 | seed=64
[2026-09-20 07:07:03] DONE  confirm_selection | h=1m | student_t_shared | K=6 | seed=64 | 464.3s | converged=False
[2026-09-20 07:07:37] START confirm_selection | h=1m | student_t_shared | K=7 | seed=62
[2026-09-20 07:15:15] DONE  confirm_selection | h=1m | student_t_shared | K=7 | seed=62 | 458.2s | converged=False
[2026-09-20 07:15:15] START confirm_selection | h=1m | student_t_shared | K=7 | seed=63
[2026-09-20 07:22:55] DONE  confirm_selection | h=1m | student_t_shared | K=7 | seed=63 | 460.4s | converged=False
[2026-09-20 07:22:55] START confirm_selection | h=1m | student_t_shared | K=7 | seed=64
[2026-09-20 07:30:22] DONE  confirm_selection | h=1m | student_t_shared | K=7 | seed=64 | 446.7s | converged=False
[2026-09-20 07:30:52] CONFIRM horizon 1m | student_t_shared DONE | K=6
[2026-09-20 07:30:52] CONFIRM horizon 1m | student_t_state START
[2026-09-20 07:30:52] START confirm_selection | h=1m | student_t_state | K=2 | seed=62
[2026-09-20 07:38:16] DONE  confirm_selection | h=1m | student_t_state | K=2 | seed=62 | 444.2s | converged=True
[2026-09-20 07:38:16] START confirm_selection | h=1m | student_t_state | K=2 | seed=63
[2026-09-20 07:45:34] DONE  confirm_selection | h=1m | student_t_state | K=2 | seed=63 | 438.2s | converged=True
[2026-09-20 07:45:34] START confirm_selection | h=1m | student_t_state | K=2 | seed=64
[2026-09-20 07:52:43] DONE  confirm_selection | h=1m | student_t_state | K=2 | seed=64 | 429.0s | converged=True
[2026-09-20 07:53:19] START confirm_selection | h=1m | student_t_state | K=3 | seed=62
[2026-09-20 08:00:34] DONE  confirm_selection | h=1m | student_t_state | K=3 | seed=62 | 434.8s | converged=True
[2026-09-20 08:00:34] START confirm_selection | h=1m | student_t_state | K=3 | seed=63
[2026-09-20 08:07:55] DONE  confirm_selection | h=1m | student_t_state | K=3 | seed=63 | 440.6s | converged=True
[2026-09-20 08:07:55] START confirm_selection | h=1m | student_t_state | K=3 | seed=64
[2026-09-20 08:15:15] DONE  confirm_selection | h=1m | student_t_state | K=3 | seed=64 | 440.4s | converged=True
[2026-09-20 08:15:54] START confirm_selection | h=1m | student_t_state | K=4 | seed=62
[2026-09-20 08:23:08] DONE  confirm_selection | h=1m | student_t_state | K=4 | seed=62 | 433.8s | converged=True
[2026-09-20 08:23:08] START confirm_selection | h=1m | student_t_state | K=4 | seed=63
[2026-09-20 08:30:25] DONE  confirm_selection | h=1m | student_t_state | K=4 | seed=63 | 437.2s | converged=True
[2026-09-20 08:30:25] START confirm_selection | h=1m | student_t_state | K=4 | seed=64
[2026-09-20 08:37:49] DONE  confirm_selection | h=1m | student_t_state | K=4 | seed=64 | 443.9s | converged=True
[2026-09-20 08:38:20] START confirm_selection | h=1m | student_t_state | K=5 | seed=62
[2026-09-20 08:45:43] DONE  confirm_selection | h=1m | student_t_state | K=5 | seed=62 | 442.6s | converged=True
[2026-09-20 08:45:43] START confirm_selection | h=1m | student_t_state | K=5 | seed=63
[2026-09-20 08:53:15] DONE  confirm_selection | h=1m | student_t_state | K=5 | seed=63 | 452.1s | converged=True
[2026-09-20 08:53:15] START confirm_selection | h=1m | student_t_state | K=5 | seed=64
[2026-09-20 09:00:26] DONE  confirm_selection | h=1m | student_t_state | K=5 | seed=64 | 430.6s | converged=True
[2026-09-20 09:01:06] START confirm_selection | h=1m | student_t_state | K=6 | seed=62
[2026-09-20 09:08:35] DONE  confirm_selection | h=1m | student_t_state | K=6 | seed=62 | 448.4s | converged=True
[2026-09-20 09:08:35] START confirm_selection | h=1m | student_t_state | K=6 | seed=63
[2026-09-20 09:15:54] DONE  confirm_selection | h=1m | student_t_state | K=6 | seed=63 | 438.9s | converged=True
[2026-09-20 09:15:54] START confirm_selection | h=1m | student_t_state | K=6 | seed=64
[2026-09-20 09:23:18] DONE  confirm_selection | h=1m | student_t_state | K=6 | seed=64 | 444.2s | converged=True
[2026-09-20 09:23:54] START confirm_selection | h=1m | student_t_state | K=7 | seed=62
[2026-09-20 09:31:12] DONE  confirm_selection | h=1m | student_t_state | K=7 | seed=62 | 437.3s | converged=False
[2026-09-20 09:31:12] START confirm_selection | h=1m | student_t_state | K=7 | seed=63
[2026-09-20 09:38:30] DONE  confirm_selection | h=1m | student_t_state | K=7 | seed=63 | 438.6s | converged=False
[2026-09-20 09:38:30] START confirm_selection | h=1m | student_t_state | K=7 | seed=64
[2026-09-20 09:45:52] DONE  confirm_selection | h=1m | student_t_state | K=7 | seed=64 | 441.8s | converged=False
[2026-09-20 09:46:28] CONFIRM horizon 1m | student_t_state DONE | K=7
[2026-09-20 09:46:28] CONFIRM horizon 2m | student_t_shared START
[2026-09-20 09:46:28] START confirm_selection | h=2m | student_t_shared | K=2 | seed=62
[2026-09-20 09:49:00] DONE  confirm_selection | h=2m | student_t_shared | K=2 | seed=62 | 152.1s | converged=True
[2026-09-20 09:49:00] START confirm_selection | h=2m | student_t_shared | K=2 | seed=63
[2026-09-20 09:51:36] DONE  confirm_selection | h=2m | student_t_shared | K=2 | seed=63 | 156.2s | converged=True
[2026-09-20 09:51:36] START confirm_selection | h=2m | student_t_shared | K=2 | seed=64
[2026-09-20 09:54:08] DONE  confirm_selection | h=2m | student_t_shared | K=2 | seed=64 | 151.5s | converged=True
[2026-09-20 09:54:26] START confirm_selection | h=2m | student_t_shared | K=3 | seed=62
[2026-09-20 09:57:15] DONE  confirm_selection | h=2m | student_t_shared | K=3 | seed=62 | 169.7s | converged=True
[2026-09-20 09:57:15] START confirm_selection | h=2m | student_t_shared | K=3 | seed=63
[2026-09-20 10:00:16] DONE  confirm_selection | h=2m | student_t_shared | K=3 | seed=63 | 180.5s | converged=True
[2026-09-20 10:00:16] START confirm_selection | h=2m | student_t_shared | K=3 | seed=64
[2026-09-20 10:03:13] DONE  confirm_selection | h=2m | student_t_shared | K=3 | seed=64 | 177.0s | converged=True
[2026-09-20 10:03:31] START confirm_selection | h=2m | student_t_shared | K=4 | seed=62
[2026-09-20 10:06:27] DONE  confirm_selection | h=2m | student_t_shared | K=4 | seed=62 | 175.9s | converged=True
[2026-09-20 10:06:27] START confirm_selection | h=2m | student_t_shared | K=4 | seed=63
[2026-09-20 10:09:14] DONE  confirm_selection | h=2m | student_t_shared | K=4 | seed=63 | 167.5s | converged=True
[2026-09-20 10:09:14] START confirm_selection | h=2m | student_t_shared | K=4 | seed=64
[2026-09-20 10:12:15] DONE  confirm_selection | h=2m | student_t_shared | K=4 | seed=64 | 181.1s | converged=True
[2026-09-20 10:12:33] START confirm_selection | h=2m | student_t_shared | K=5 | seed=62
[2026-09-20 10:15:27] DONE  confirm_selection | h=2m | student_t_shared | K=5 | seed=62 | 174.0s | converged=False
[2026-09-20 10:15:27] START confirm_selection | h=2m | student_t_shared | K=5 | seed=63
[2026-09-20 10:18:28] DONE  confirm_selection | h=2m | student_t_shared | K=5 | seed=63 | 180.8s | converged=False
[2026-09-20 10:18:28] START confirm_selection | h=2m | student_t_shared | K=5 | seed=64
[2026-09-20 10:21:25] DONE  confirm_selection | h=2m | student_t_shared | K=5 | seed=64 | 176.8s | converged=False
[2026-09-20 10:21:43] START confirm_selection | h=2m | student_t_shared | K=6 | seed=62
[2026-09-20 10:24:33] DONE  confirm_selection | h=2m | student_t_shared | K=6 | seed=62 | 170.5s | converged=True
[2026-09-20 10:24:33] START confirm_selection | h=2m | student_t_shared | K=6 | seed=63
[2026-09-20 10:27:28] DONE  confirm_selection | h=2m | student_t_shared | K=6 | seed=63 | 174.6s | converged=True
[2026-09-20 10:27:28] START confirm_selection | h=2m | student_t_shared | K=6 | seed=64
[2026-09-20 10:30:26] DONE  confirm_selection | h=2m | student_t_shared | K=6 | seed=64 | 178.4s | converged=True
[2026-09-20 10:30:42] START confirm_selection | h=2m | student_t_shared | K=7 | seed=62
[2026-09-20 10:33:50] DONE  confirm_selection | h=2m | student_t_shared | K=7 | seed=62 | 187.5s | converged=True
[2026-09-20 10:33:50] START confirm_selection | h=2m | student_t_shared | K=7 | seed=63
[2026-09-20 10:36:46] DONE  confirm_selection | h=2m | student_t_shared | K=7 | seed=63 | 176.0s | converged=True
[2026-09-20 10:36:46] START confirm_selection | h=2m | student_t_shared | K=7 | seed=64
[2026-09-20 10:39:54] DONE  confirm_selection | h=2m | student_t_shared | K=7 | seed=64 | 187.9s | converged=True
[2026-09-20 10:40:10] CONFIRM horizon 2m | student_t_shared DONE | K=7
[2026-09-20 10:40:10] CONFIRM horizon 2m | student_t_state START
[2026-09-20 10:40:10] START confirm_selection | h=2m | student_t_state | K=2 | seed=62
[2026-09-20 10:43:03] DONE  confirm_selection | h=2m | student_t_state | K=2 | seed=62 | 173.2s | converged=True
[2026-09-20 10:43:03] START confirm_selection | h=2m | student_t_state | K=2 | seed=63
[2026-09-20 10:45:56] DONE  confirm_selection | h=2m | student_t_state | K=2 | seed=63 | 172.6s | converged=True
[2026-09-20 10:45:56] START confirm_selection | h=2m | student_t_state | K=2 | seed=64
[2026-09-20 10:48:46] DONE  confirm_selection | h=2m | student_t_state | K=2 | seed=64 | 170.4s | converged=True
[2026-09-20 10:49:05] START confirm_selection | h=2m | student_t_state | K=3 | seed=62
[2026-09-20 10:51:57] DONE  confirm_selection | h=2m | student_t_state | K=3 | seed=62 | 171.8s | converged=True
[2026-09-20 10:51:57] START confirm_selection | h=2m | student_t_state | K=3 | seed=63
[2026-09-20 10:54:55] DONE  confirm_selection | h=2m | student_t_state | K=3 | seed=63 | 178.1s | converged=True
[2026-09-20 10:54:55] START confirm_selection | h=2m | student_t_state | K=3 | seed=64
[2026-09-20 10:57:50] DONE  confirm_selection | h=2m | student_t_state | K=3 | seed=64 | 174.3s | converged=True
[2026-09-20 10:58:07] START confirm_selection | h=2m | student_t_state | K=4 | seed=62
[2026-09-20 11:00:50] DONE  confirm_selection | h=2m | student_t_state | K=4 | seed=62 | 163.6s | converged=True
[2026-09-20 11:00:50] START confirm_selection | h=2m | student_t_state | K=4 | seed=63
[2026-09-20 11:03:44] DONE  confirm_selection | h=2m | student_t_state | K=4 | seed=63 | 173.9s | converged=True
[2026-09-20 11:03:44] START confirm_selection | h=2m | student_t_state | K=4 | seed=64
[2026-09-20 11:06:31] DONE  confirm_selection | h=2m | student_t_state | K=4 | seed=64 | 167.5s | converged=False
[2026-09-20 11:06:49] START confirm_selection | h=2m | student_t_state | K=5 | seed=62
[2026-09-20 11:09:45] DONE  confirm_selection | h=2m | student_t_state | K=5 | seed=62 | 176.0s | converged=True
[2026-09-20 11:09:45] START confirm_selection | h=2m | student_t_state | K=5 | seed=63
[2026-09-20 11:12:36] DONE  confirm_selection | h=2m | student_t_state | K=5 | seed=63 | 170.9s | converged=True
[2026-09-20 11:12:36] START confirm_selection | h=2m | student_t_state | K=5 | seed=64
[2026-09-20 11:15:41] DONE  confirm_selection | h=2m | student_t_state | K=5 | seed=64 | 184.4s | converged=True
[2026-09-20 11:16:01] START confirm_selection | h=2m | student_t_state | K=6 | seed=62
[2026-09-20 11:19:02] DONE  confirm_selection | h=2m | student_t_state | K=6 | seed=62 | 181.5s | converged=True
[2026-09-20 11:19:02] START confirm_selection | h=2m | student_t_state | K=6 | seed=63
[2026-09-20 11:21:48] DONE  confirm_selection | h=2m | student_t_state | K=6 | seed=63 | 165.8s | converged=True
[2026-09-20 11:21:48] START confirm_selection | h=2m | student_t_state | K=6 | seed=64
[2026-09-20 11:24:39] DONE  confirm_selection | h=2m | student_t_state | K=6 | seed=64 | 170.9s | converged=True
[2026-09-20 11:24:57] START confirm_selection | h=2m | student_t_state | K=7 | seed=62
[2026-09-20 11:27:50] DONE  confirm_selection | h=2m | student_t_state | K=7 | seed=62 | 173.2s | converged=True
[2026-09-20 11:27:50] START confirm_selection | h=2m | student_t_state | K=7 | seed=63
[2026-09-20 11:30:53] DONE  confirm_selection | h=2m | student_t_state | K=7 | seed=63 | 182.4s | converged=True
[2026-09-20 11:30:53] START confirm_selection | h=2m | student_t_state | K=7 | seed=64
[2026-09-20 11:33:43] DONE  confirm_selection | h=2m | student_t_state | K=7 | seed=64 | 170.1s | converged=True
[2026-09-20 11:34:01] CONFIRM horizon 2m | student_t_state DONE | K=7
[2026-09-20 11:34:09] REFIT horizon 1m | student_t | K=1 START
[2026-09-20 11:34:09] REFIT horizon 1m | student_t | K=1 DONE
[2026-09-20 11:34:09] REFIT horizon 1m | gaussian | K=1 START
[2026-09-20 11:34:09] REFIT horizon 1m | gaussian | K=1 DONE
[2026-09-20 11:34:09] REFIT horizon 1m | gmm | K=4 START
[2026-09-20 11:34:14] REFIT horizon 1m | gmm | K=4 DONE
[2026-09-20 11:34:14] REFIT horizon 1m | gaussian_hmm | K=7 START
[2026-09-20 11:34:14] START refit | h=1m | gaussian_hmm | K=7 | seed=142
[2026-09-20 11:58:00] DONE  refit | h=1m | gaussian_hmm | K=7 | seed=142 | 1426.4s | converged=True
[2026-09-20 11:58:00] START refit | h=1m | gaussian_hmm | K=7 | seed=143
[2026-09-20 12:21:44] DONE  refit | h=1m | gaussian_hmm | K=7 | seed=143 | 1424.1s | converged=True
[2026-09-20 12:21:44] START refit | h=1m | gaussian_hmm | K=7 | seed=144
[2026-09-20 12:45:47] DONE  refit | h=1m | gaussian_hmm | K=7 | seed=144 | 1442.2s | converged=True
[2026-09-20 12:45:47] START refit | h=1m | gaussian_hmm | K=7 | seed=145
[2026-09-20 13:09:53] DONE  refit | h=1m | gaussian_hmm | K=7 | seed=145 | 1446.5s | converged=True
[2026-09-20 13:09:53] START refit | h=1m | gaussian_hmm | K=7 | seed=146
[2026-09-20 13:34:05] DONE  refit | h=1m | gaussian_hmm | K=7 | seed=146 | 1451.8s | converged=True
[2026-09-20 13:34:41] REFIT horizon 1m | gaussian_hmm | K=7 DONE
[2026-09-20 13:34:41] REFIT horizon 1m | student_t_shared | K=6 START
[2026-09-20 13:34:41] START refit | h=1m | student_t_shared | K=6 | seed=142
[2026-09-20 13:58:56] DONE  refit | h=1m | student_t_shared | K=6 | seed=142 | 1455.6s | converged=True
[2026-09-20 13:58:56] START refit | h=1m | student_t_shared | K=6 | seed=143
[2026-09-20 14:22:56] DONE  refit | h=1m | student_t_shared | K=6 | seed=143 | 1439.4s | converged=True
[2026-09-20 14:22:56] START refit | h=1m | student_t_shared | K=6 | seed=144
[2026-09-20 14:47:34] DONE  refit | h=1m | student_t_shared | K=6 | seed=144 | 1478.0s | converged=True
[2026-09-20 14:47:34] START refit | h=1m | student_t_shared | K=6 | seed=145
Running immutable CUDA job policy_session__f02_03
[2026-09-20 17:48:36] LOAD source data START
[2026-09-20 17:48:37] LOAD source data DONE | rows=525,635
[2026-09-20 17:48:37] AUDIT timestamp/rollover START
[2026-09-20 17:48:37] AUDIT timestamp/rollover DONE
[2026-09-20 17:48:37] BUILD returns START | horizons=[1, 2]
[2026-09-20 17:48:50] BUILD returns DONE | 1m=518,222, 2m=258,485
[2026-09-20 17:48:51] FOLD 3/2 START
[2026-09-20 17:48:51] SCREEN horizon 1m START
[2026-09-20 17:48:51] SCREEN horizon 1m DONE | Gaussian-HMM K=7 | gain=0.107448
[2026-09-20 17:48:51] SCREEN horizon 2m START
[2026-09-20 17:48:51] SCREEN horizon 2m DONE | Gaussian-HMM K=7 | gain=0.091852
[2026-09-20 17:48:51] CONFIRM horizon 1m | student_t_shared START
[2026-09-20 17:48:51] CONFIRM horizon 1m | student_t_shared DONE | K=6
[2026-09-20 17:48:51] CONFIRM horizon 1m | student_t_state START
[2026-09-20 17:48:51] CONFIRM horizon 1m | student_t_state DONE | K=7
[2026-09-20 17:48:51] CONFIRM horizon 2m | student_t_shared START
[2026-09-20 17:48:51] CONFIRM horizon 2m | student_t_shared DONE | K=7
[2026-09-20 17:48:51] CONFIRM horizon 2m | student_t_state START
[2026-09-20 17:48:51] CONFIRM horizon 2m | student_t_state DONE | K=7
[2026-09-20 17:48:56] REFIT horizon 1m | student_t | K=1 START
[2026-09-20 17:48:56] REFIT horizon 1m | student_t | K=1 DONE
[2026-09-20 17:48:56] REFIT horizon 1m | gaussian | K=1 START
[2026-09-20 17:48:56] REFIT horizon 1m | gaussian | K=1 DONE
[2026-09-20 17:48:56] REFIT horizon 1m | gmm | K=4 START
[2026-09-20 17:48:56] REFIT horizon 1m | gmm | K=4 DONE
[2026-09-20 17:48:56] REFIT horizon 1m | gaussian_hmm | K=7 START
[2026-09-20 17:48:56] REFIT horizon 1m | gaussian_hmm | K=7 DONE
[2026-09-20 17:48:56] REFIT horizon 1m | student_t_shared | K=6 START
[2026-09-20 17:48:56] CACHE refit | h=1m | student_t_shared | K=6 | seed=142
[2026-09-20 17:48:56] CACHE refit | h=1m | student_t_shared | K=6 | seed=143
[2026-09-20 17:48:56] CACHE refit | h=1m | student_t_shared | K=6 | seed=144
[2026-09-20 17:48:56] START refit | h=1m | student_t_shared | K=6 | seed=145
[2026-09-20 18:13:46] DONE  refit | h=1m | student_t_shared | K=6 | seed=145 | 1489.8s | converged=True
[2026-09-20 18:13:46] START refit | h=1m | student_t_shared | K=6 | seed=146
[2026-09-20 18:38:53] DONE  refit | h=1m | student_t_shared | K=6 | seed=146 | 1506.7s | converged=True
[2026-09-20 18:39:34] REFIT horizon 1m | student_t_shared | K=6 DONE
[2026-09-20 18:39:34] REFIT horizon 1m | student_t_state | K=7 START
[2026-09-20 18:39:34] START refit | h=1m | student_t_state | K=7 | seed=142
[2026-09-20 19:04:58] DONE  refit | h=1m | student_t_state | K=7 | seed=142 | 1523.9s | converged=True
[2026-09-20 19:04:58] START refit | h=1m | student_t_state | K=7 | seed=143
[2026-09-20 19:30:38] DONE  refit | h=1m | student_t_state | K=7 | seed=143 | 1539.8s | converged=True
[2026-09-20 19:30:38] START refit | h=1m | student_t_state | K=7 | seed=144
[2026-09-20 19:55:59] DONE  refit | h=1m | student_t_state | K=7 | seed=144 | 1521.0s | converged=True
[2026-09-20 19:55:59] START refit | h=1m | student_t_state | K=7 | seed=145
[2026-09-20 20:21:07] DONE  refit | h=1m | student_t_state | K=7 | seed=145 | 1508.4s | converged=True
[2026-09-20 20:21:07] START refit | h=1m | student_t_state | K=7 | seed=146
[2026-09-20 20:46:33] DONE  refit | h=1m | student_t_state | K=7 | seed=146 | 1525.6s | converged=True
[2026-09-20 20:47:30] REFIT horizon 1m | student_t_state | K=7 DONE
[2026-09-20 20:47:32] REFIT horizon 2m | student_t | K=1 START
[2026-09-20 20:47:32] REFIT horizon 2m | student_t | K=1 DONE
[2026-09-20 20:47:32] REFIT horizon 2m | gaussian | K=1 START
[2026-09-20 20:47:32] REFIT horizon 2m | gaussian | K=1 DONE
[2026-09-20 20:47:32] REFIT horizon 2m | gmm | K=4 START
[2026-09-20 20:47:37] REFIT horizon 2m | gmm | K=4 DONE
[2026-09-20 20:47:37] REFIT horizon 2m | gaussian_hmm | K=7 START
[2026-09-20 20:47:37] START refit | h=2m | gaussian_hmm | K=7 | seed=142
[2026-09-20 20:57:25] DONE  refit | h=2m | gaussian_hmm | K=7 | seed=142 | 588.0s | converged=True
[2026-09-20 20:57:25] START refit | h=2m | gaussian_hmm | K=7 | seed=143
[2026-09-20 21:07:03] DONE  refit | h=2m | gaussian_hmm | K=7 | seed=143 | 578.1s | converged=True
[2026-09-20 21:07:03] START refit | h=2m | gaussian_hmm | K=7 | seed=144
[2026-09-20 21:16:23] DONE  refit | h=2m | gaussian_hmm | K=7 | seed=144 | 559.7s | converged=True
[2026-09-20 21:16:23] START refit | h=2m | gaussian_hmm | K=7 | seed=145
[2026-09-20 21:24:33] DONE  refit | h=2m | gaussian_hmm | K=7 | seed=145 | 490.1s | converged=True
[2026-09-20 21:24:33] START refit | h=2m | gaussian_hmm | K=7 | seed=146
[2026-09-20 21:32:44] DONE  refit | h=2m | gaussian_hmm | K=7 | seed=146 | 490.8s | converged=True
[2026-09-20 21:33:01] REFIT horizon 2m | gaussian_hmm | K=7 DONE
[2026-09-20 21:33:01] REFIT horizon 2m | student_t_shared | K=7 START
[2026-09-20 21:33:01] START refit | h=2m | student_t_shared | K=7 | seed=142
[2026-09-20 21:41:08] DONE  refit | h=2m | student_t_shared | K=7 | seed=142 | 487.2s | converged=True
[2026-09-20 21:41:08] START refit | h=2m | student_t_shared | K=7 | seed=143
[2026-09-20 21:49:27] DONE  refit | h=2m | student_t_shared | K=7 | seed=143 | 499.0s | converged=True
[2026-09-20 21:49:27] START refit | h=2m | student_t_shared | K=7 | seed=144
[2026-09-20 21:57:35] DONE  refit | h=2m | student_t_shared | K=7 | seed=144 | 487.8s | converged=True
[2026-09-20 21:57:35] START refit | h=2m | student_t_shared | K=7 | seed=145
[2026-09-20 22:05:52] DONE  refit | h=2m | student_t_shared | K=7 | seed=145 | 496.9s | converged=True
[2026-09-20 22:05:52] START refit | h=2m | student_t_shared | K=7 | seed=146
[2026-09-20 22:14:04] DONE  refit | h=2m | student_t_shared | K=7 | seed=146 | 492.5s | converged=True
[2026-09-20 22:14:22] REFIT horizon 2m | student_t_shared | K=7 DONE
[2026-09-20 22:14:22] REFIT horizon 2m | student_t_state | K=7 START
[2026-09-20 22:14:22] START refit | h=2m | student_t_state | K=7 | seed=142
[2026-09-20 22:22:44] DONE  refit | h=2m | student_t_state | K=7 | seed=142 | 501.5s | converged=True
[2026-09-20 22:22:44] START refit | h=2m | student_t_state | K=7 | seed=143
[2026-09-20 22:30:54] DONE  refit | h=2m | student_t_state | K=7 | seed=143 | 490.5s | converged=True
[2026-09-20 22:30:54] START refit | h=2m | student_t_state | K=7 | seed=144
[2026-09-20 22:39:17] DONE  refit | h=2m | student_t_state | K=7 | seed=144 | 502.5s | converged=True
[2026-09-20 22:39:17] START refit | h=2m | student_t_state | K=7 | seed=145
Running immutable CUDA job policy_session__f02_03
[2026-09-21 02:55:14] LOAD source data START
[2026-09-21 02:55:15] LOAD source data DONE | rows=525,635
[2026-09-21 02:55:15] AUDIT timestamp/rollover START
[2026-09-21 02:55:15] AUDIT timestamp/rollover DONE
[2026-09-21 02:55:15] BUILD returns START | horizons=[1, 2]
[2026-09-21 02:55:26] BUILD returns DONE | 1m=518,222, 2m=258,485
[2026-09-21 02:55:26] FOLD 3/2 START
[2026-09-21 02:55:26] SCREEN horizon 1m START
[2026-09-21 02:55:26] SCREEN horizon 1m DONE | Gaussian-HMM K=7 | gain=0.107448
[2026-09-21 02:55:26] SCREEN horizon 2m START
[2026-09-21 02:55:26] SCREEN horizon 2m DONE | Gaussian-HMM K=7 | gain=0.091852
[2026-09-21 02:55:26] CONFIRM horizon 1m | student_t_shared START
[2026-09-21 02:55:26] CONFIRM horizon 1m | student_t_shared DONE | K=6
[2026-09-21 02:55:26] CONFIRM horizon 1m | student_t_state START
[2026-09-21 02:55:26] CONFIRM horizon 1m | student_t_state DONE | K=7
[2026-09-21 02:55:26] CONFIRM horizon 2m | student_t_shared START
[2026-09-21 02:55:26] CONFIRM horizon 2m | student_t_shared DONE | K=7
[2026-09-21 02:55:26] CONFIRM horizon 2m | student_t_state START
[2026-09-21 02:55:26] CONFIRM horizon 2m | student_t_state DONE | K=7
[2026-09-21 02:55:32] REFIT horizon 1m | student_t | K=1 START
[2026-09-21 02:55:32] REFIT horizon 1m | student_t | K=1 DONE
[2026-09-21 02:55:32] REFIT horizon 1m | gaussian | K=1 START
[2026-09-21 02:55:32] REFIT horizon 1m | gaussian | K=1 DONE
[2026-09-21 02:55:32] REFIT horizon 1m | gmm | K=4 START
[2026-09-21 02:55:32] REFIT horizon 1m | gmm | K=4 DONE
[2026-09-21 02:55:32] REFIT horizon 1m | gaussian_hmm | K=7 START
[2026-09-21 02:55:32] REFIT horizon 1m | gaussian_hmm | K=7 DONE
[2026-09-21 02:55:32] REFIT horizon 1m | student_t_shared | K=6 START
[2026-09-21 02:55:32] REFIT horizon 1m | student_t_shared | K=6 DONE
[2026-09-21 02:55:32] REFIT horizon 1m | student_t_state | K=7 START
[2026-09-21 02:55:32] REFIT horizon 1m | student_t_state | K=7 DONE
[2026-09-21 02:55:33] REFIT horizon 2m | student_t | K=1 START
[2026-09-21 02:55:33] REFIT horizon 2m | student_t | K=1 DONE
[2026-09-21 02:55:33] REFIT horizon 2m | gaussian | K=1 START
[2026-09-21 02:55:33] REFIT horizon 2m | gaussian | K=1 DONE
[2026-09-21 02:55:33] REFIT horizon 2m | gmm | K=4 START
[2026-09-21 02:55:33] REFIT horizon 2m | gmm | K=4 DONE
[2026-09-21 02:55:33] REFIT horizon 2m | gaussian_hmm | K=7 START
[2026-09-21 02:55:33] REFIT horizon 2m | gaussian_hmm | K=7 DONE
[2026-09-21 02:55:33] REFIT horizon 2m | student_t_shared | K=7 START
[2026-09-21 02:55:33] REFIT horizon 2m | student_t_shared | K=7 DONE
[2026-09-21 02:55:33] REFIT horizon 2m | student_t_state | K=7 START
[2026-09-21 02:55:33] CACHE refit | h=2m | student_t_state | K=7 | seed=142
[2026-09-21 02:55:33] CACHE refit | h=2m | student_t_state | K=7 | seed=143
[2026-09-21 02:55:33] CACHE refit | h=2m | student_t_state | K=7 | seed=144
[2026-09-21 02:55:33] START refit | h=2m | student_t_state | K=7 | seed=145
[2026-09-21 03:03:23] DONE  refit | h=2m | student_t_state | K=7 | seed=145 | 469.2s | converged=True
[2026-09-21 03:03:23] START refit | h=2m | student_t_state | K=7 | seed=146
[2026-09-21 03:12:01] DONE  refit | h=2m | student_t_state | K=7 | seed=146 | 518.3s | converged=True
[2026-09-21 03:12:24] REFIT horizon 2m | student_t_state | K=7 DONE
[2026-09-21 03:12:24] FOLD 3/2 DONE
[2026-09-21 03:12:24] FOLD 4/2 START
[2026-09-21 03:12:24] SCREEN horizon 1m START
[2026-09-21 03:12:29] START screen_selection | h=1m | gmm | K=2
[2026-09-21 03:12:31] DONE  screen_selection | h=1m | gmm | K=2 | 1.3s
[2026-09-21 03:12:31] START screen_selection | h=1m | gmm | K=3
[2026-09-21 03:12:34] DONE  screen_selection | h=1m | gmm | K=3 | 3.2s
[2026-09-21 03:12:34] START screen_selection | h=1m | gmm | K=4
[2026-09-21 03:12:39] DONE  screen_selection | h=1m | gmm | K=4 | 5.3s
[2026-09-21 03:12:39] START screen_selection | h=1m | gmm | K=5
[2026-09-21 03:12:43] DONE  screen_selection | h=1m | gmm | K=5 | 3.5s
[2026-09-21 03:12:43] START screen_selection | h=1m | gmm | K=6
[2026-09-21 03:12:46] DONE  screen_selection | h=1m | gmm | K=6 | 3.3s
[2026-09-21 03:12:46] START screen_selection | h=1m | gmm | K=7
[2026-09-21 03:12:49] DONE  screen_selection | h=1m | gmm | K=7 | 2.9s
[2026-09-21 03:12:49] START screen_selection | h=1m | gaussian_hmm | K=2 | seed=42
[2026-09-21 03:15:02] DONE  screen_selection | h=1m | gaussian_hmm | K=2 | seed=42 | 132.6s | converged=True
[2026-09-21 03:15:02] START screen_selection | h=1m | gaussian_hmm | K=2 | seed=43
[2026-09-21 03:17:12] DONE  screen_selection | h=1m | gaussian_hmm | K=2 | seed=43 | 130.4s | converged=True
[2026-09-21 03:17:12] START screen_selection | h=1m | gaussian_hmm | K=2 | seed=44
[2026-09-21 03:19:24] DONE  screen_selection | h=1m | gaussian_hmm | K=2 | seed=44 | 131.6s | converged=True
[2026-09-21 03:19:59] START screen_selection | h=1m | gaussian_hmm | K=3 | seed=42
[2026-09-21 03:23:26] DONE  screen_selection | h=1m | gaussian_hmm | K=3 | seed=42 | 207.3s | converged=True
[2026-09-21 03:23:26] START screen_selection | h=1m | gaussian_hmm | K=3 | seed=43
[2026-09-21 03:27:07] DONE  screen_selection | h=1m | gaussian_hmm | K=3 | seed=43 | 220.4s | converged=True
[2026-09-21 03:27:07] START screen_selection | h=1m | gaussian_hmm | K=3 | seed=44
[2026-09-21 03:30:42] DONE  screen_selection | h=1m | gaussian_hmm | K=3 | seed=44 | 215.1s | converged=True
[2026-09-21 03:31:17] START screen_selection | h=1m | gaussian_hmm | K=4 | seed=42
[2026-09-21 03:38:24] DONE  screen_selection | h=1m | gaussian_hmm | K=4 | seed=42 | 427.6s | converged=False
[2026-09-21 03:38:24] START screen_selection | h=1m | gaussian_hmm | K=4 | seed=43
[2026-09-21 03:45:21] DONE  screen_selection | h=1m | gaussian_hmm | K=4 | seed=43 | 416.1s | converged=False
[2026-09-21 03:45:21] START screen_selection | h=1m | gaussian_hmm | K=4 | seed=44
[2026-09-21 03:52:31] DONE  screen_selection | h=1m | gaussian_hmm | K=4 | seed=44 | 430.8s | converged=False
[2026-09-21 03:53:00] START screen_selection | h=1m | gaussian_hmm | K=5 | seed=42
[2026-09-21 04:00:28] DONE  screen_selection | h=1m | gaussian_hmm | K=5 | seed=42 | 448.6s | converged=True
[2026-09-21 04:00:28] START screen_selection | h=1m | gaussian_hmm | K=5 | seed=43
[2026-09-21 04:07:47] DONE  screen_selection | h=1m | gaussian_hmm | K=5 | seed=43 | 438.4s | converged=True
[2026-09-21 04:07:47] START screen_selection | h=1m | gaussian_hmm | K=5 | seed=44
[2026-09-21 04:14:42] DONE  screen_selection | h=1m | gaussian_hmm | K=5 | seed=44 | 415.4s | converged=True
[2026-09-21 04:15:18] START screen_selection | h=1m | gaussian_hmm | K=6 | seed=42
[2026-09-21 04:22:35] DONE  screen_selection | h=1m | gaussian_hmm | K=6 | seed=42 | 437.0s | converged=False
[2026-09-21 04:22:35] START screen_selection | h=1m | gaussian_hmm | K=6 | seed=43
[2026-09-21 04:29:43] DONE  screen_selection | h=1m | gaussian_hmm | K=6 | seed=43 | 427.8s | converged=False
[2026-09-21 04:29:43] START screen_selection | h=1m | gaussian_hmm | K=6 | seed=44
[2026-09-21 04:37:07] DONE  screen_selection | h=1m | gaussian_hmm | K=6 | seed=44 | 443.8s | converged=False
[2026-09-21 04:37:43] START screen_selection | h=1m | gaussian_hmm | K=7 | seed=42
[2026-09-21 04:45:01] DONE  screen_selection | h=1m | gaussian_hmm | K=7 | seed=42 | 437.2s | converged=True
[2026-09-21 04:45:01] START screen_selection | h=1m | gaussian_hmm | K=7 | seed=43
[2026-09-21 04:52:23] DONE  screen_selection | h=1m | gaussian_hmm | K=7 | seed=43 | 441.9s | converged=True
[2026-09-21 04:52:23] START screen_selection | h=1m | gaussian_hmm | K=7 | seed=44
[2026-09-21 04:59:34] DONE  screen_selection | h=1m | gaussian_hmm | K=7 | seed=44 | 431.4s | converged=True
[2026-09-21 05:00:09] SCREEN horizon 1m DONE | Gaussian-HMM K=7 | gain=0.241091
[2026-09-21 05:00:09] SCREEN horizon 2m START
[2026-09-21 05:00:11] START screen_selection | h=2m | gmm | K=2
[2026-09-21 05:00:12] DONE  screen_selection | h=2m | gmm | K=2 | 1.2s
[2026-09-21 05:00:12] START screen_selection | h=2m | gmm | K=3
[2026-09-21 05:00:14] DONE  screen_selection | h=2m | gmm | K=3 | 1.9s
[2026-09-21 05:00:14] START screen_selection | h=2m | gmm | K=4
[2026-09-21 05:00:16] DONE  screen_selection | h=2m | gmm | K=4 | 1.4s
[2026-09-21 05:00:16] START screen_selection | h=2m | gmm | K=5
[2026-09-21 05:00:18] DONE  screen_selection | h=2m | gmm | K=5 | 2.3s
[2026-09-21 05:00:18] START screen_selection | h=2m | gmm | K=6
[2026-09-21 05:00:20] DONE  screen_selection | h=2m | gmm | K=6 | 2.2s
[2026-09-21 05:00:20] START screen_selection | h=2m | gmm | K=7
[2026-09-21 05:00:22] DONE  screen_selection | h=2m | gmm | K=7 | 2.2s
[2026-09-21 05:00:22] START screen_selection | h=2m | gaussian_hmm | K=2 | seed=42
[2026-09-21 05:01:16] DONE  screen_selection | h=2m | gaussian_hmm | K=2 | seed=42 | 53.8s | converged=True
[2026-09-21 05:01:16] START screen_selection | h=2m | gaussian_hmm | K=2 | seed=43
[2026-09-21 05:02:02] DONE  screen_selection | h=2m | gaussian_hmm | K=2 | seed=43 | 46.1s | converged=True
[2026-09-21 05:02:02] START screen_selection | h=2m | gaussian_hmm | K=2 | seed=44
[2026-09-21 05:02:54] DONE  screen_selection | h=2m | gaussian_hmm | K=2 | seed=44 | 51.6s | converged=True
[2026-09-21 05:03:11] START screen_selection | h=2m | gaussian_hmm | K=3 | seed=42
[2026-09-21 05:04:42] DONE  screen_selection | h=2m | gaussian_hmm | K=3 | seed=42 | 91.2s | converged=True
[2026-09-21 05:04:42] START screen_selection | h=2m | gaussian_hmm | K=3 | seed=43
[2026-09-21 05:06:20] DONE  screen_selection | h=2m | gaussian_hmm | K=3 | seed=43 | 97.3s | converged=True
[2026-09-21 05:06:20] START screen_selection | h=2m | gaussian_hmm | K=3 | seed=44
[2026-09-21 05:07:52] DONE  screen_selection | h=2m | gaussian_hmm | K=3 | seed=44 | 92.6s | converged=True
[2026-09-21 05:08:09] START screen_selection | h=2m | gaussian_hmm | K=4 | seed=42
[2026-09-21 05:10:47] DONE  screen_selection | h=2m | gaussian_hmm | K=4 | seed=42 | 158.0s | converged=False
[2026-09-21 05:10:47] START screen_selection | h=2m | gaussian_hmm | K=4 | seed=43
[2026-09-21 05:13:25] DONE  screen_selection | h=2m | gaussian_hmm | K=4 | seed=43 | 158.4s | converged=False
[2026-09-21 05:13:25] START screen_selection | h=2m | gaussian_hmm | K=4 | seed=44
[2026-09-21 05:16:14] DONE  screen_selection | h=2m | gaussian_hmm | K=4 | seed=44 | 168.4s | converged=False
[2026-09-21 05:16:34] START screen_selection | h=2m | gaussian_hmm | K=5 | seed=42
[2026-09-21 05:19:14] DONE  screen_selection | h=2m | gaussian_hmm | K=5 | seed=42 | 160.0s | converged=False
[2026-09-21 05:19:14] START screen_selection | h=2m | gaussian_hmm | K=5 | seed=43
[2026-09-21 05:21:53] DONE  screen_selection | h=2m | gaussian_hmm | K=5 | seed=43 | 159.6s | converged=False
[2026-09-21 05:21:53] START screen_selection | h=2m | gaussian_hmm | K=5 | seed=44
[2026-09-21 05:24:30] DONE  screen_selection | h=2m | gaussian_hmm | K=5 | seed=44 | 156.7s | converged=False
[2026-09-21 05:24:50] START screen_selection | h=2m | gaussian_hmm | K=6 | seed=42
[2026-09-21 05:27:39] DONE  screen_selection | h=2m | gaussian_hmm | K=6 | seed=42 | 168.5s | converged=True
[2026-09-21 05:27:39] START screen_selection | h=2m | gaussian_hmm | K=6 | seed=43
[2026-09-21 05:30:23] DONE  screen_selection | h=2m | gaussian_hmm | K=6 | seed=43 | 163.9s | converged=True
[2026-09-21 05:30:23] START screen_selection | h=2m | gaussian_hmm | K=6 | seed=44
[2026-09-21 05:33:08] DONE  screen_selection | h=2m | gaussian_hmm | K=6 | seed=44 | 164.9s | converged=True
[2026-09-21 05:33:21] START screen_selection | h=2m | gaussian_hmm | K=7 | seed=42
[2026-09-21 05:35:59] DONE  screen_selection | h=2m | gaussian_hmm | K=7 | seed=42 | 157.3s | converged=True
[2026-09-21 05:35:59] START screen_selection | h=2m | gaussian_hmm | K=7 | seed=43
[2026-09-21 05:38:38] DONE  screen_selection | h=2m | gaussian_hmm | K=7 | seed=43 | 159.7s | converged=True
[2026-09-21 05:38:38] START screen_selection | h=2m | gaussian_hmm | K=7 | seed=44
[2026-09-21 05:41:20] DONE  screen_selection | h=2m | gaussian_hmm | K=7 | seed=44 | 161.5s | converged=True
[2026-09-21 05:41:35] SCREEN horizon 2m DONE | Gaussian-HMM K=7 | gain=0.210250
[2026-09-21 05:41:35] CONFIRM horizon 1m | student_t_shared START
[2026-09-21 05:41:35] START confirm_selection | h=1m | student_t_shared | K=2 | seed=62
[2026-09-21 05:47:15] DONE  confirm_selection | h=1m | student_t_shared | K=2 | seed=62 | 339.4s | converged=True
[2026-09-21 05:47:15] START confirm_selection | h=1m | student_t_shared | K=2 | seed=63
[2026-09-21 05:52:14] DONE  confirm_selection | h=1m | student_t_shared | K=2 | seed=63 | 298.8s | converged=True
[2026-09-21 05:52:14] START confirm_selection | h=1m | student_t_shared | K=2 | seed=64
[2026-09-21 05:58:47] DONE  confirm_selection | h=1m | student_t_shared | K=2 | seed=64 | 393.8s | converged=True
[2026-09-21 05:59:27] START confirm_selection | h=1m | student_t_shared | K=3 | seed=62
[2026-09-21 06:06:51] DONE  confirm_selection | h=1m | student_t_shared | K=3 | seed=62 | 443.3s | converged=True
[2026-09-21 06:06:51] START confirm_selection | h=1m | student_t_shared | K=3 | seed=63
[2026-09-21 06:14:16] DONE  confirm_selection | h=1m | student_t_shared | K=3 | seed=63 | 445.2s | converged=True
[2026-09-21 06:14:16] START confirm_selection | h=1m | student_t_shared | K=3 | seed=64
[2026-09-21 06:21:40] DONE  confirm_selection | h=1m | student_t_shared | K=3 | seed=64 | 443.9s | converged=True
[2026-09-21 06:22:20] START confirm_selection | h=1m | student_t_shared | K=4 | seed=62
[2026-09-21 06:29:55] DONE  confirm_selection | h=1m | student_t_shared | K=4 | seed=62 | 454.6s | converged=True
[2026-09-21 06:29:55] START confirm_selection | h=1m | student_t_shared | K=4 | seed=63
[2026-09-21 06:37:13] DONE  confirm_selection | h=1m | student_t_shared | K=4 | seed=63 | 437.9s | converged=True
[2026-09-21 06:37:13] START confirm_selection | h=1m | student_t_shared | K=4 | seed=64
[2026-09-21 06:44:46] DONE  confirm_selection | h=1m | student_t_shared | K=4 | seed=64 | 453.3s | converged=True
[2026-09-21 06:45:28] START confirm_selection | h=1m | student_t_shared | K=5 | seed=62
[2026-09-21 06:52:50] DONE  confirm_selection | h=1m | student_t_shared | K=5 | seed=62 | 442.4s | converged=True
[2026-09-21 06:52:50] START confirm_selection | h=1m | student_t_shared | K=5 | seed=63
[2026-09-21 07:00:09] DONE  confirm_selection | h=1m | student_t_shared | K=5 | seed=63 | 438.5s | converged=True
[2026-09-21 07:00:09] START confirm_selection | h=1m | student_t_shared | K=5 | seed=64
[2026-09-21 07:07:31] DONE  confirm_selection | h=1m | student_t_shared | K=5 | seed=64 | 442.4s | converged=True
[2026-09-21 07:08:08] START confirm_selection | h=1m | student_t_shared | K=6 | seed=62
[2026-09-21 07:15:43] DONE  confirm_selection | h=1m | student_t_shared | K=6 | seed=62 | 454.2s | converged=True
[2026-09-21 07:15:43] START confirm_selection | h=1m | student_t_shared | K=6 | seed=63
[2026-09-21 07:23:18] DONE  confirm_selection | h=1m | student_t_shared | K=6 | seed=63 | 455.3s | converged=False
[2026-09-21 07:23:18] START confirm_selection | h=1m | student_t_shared | K=6 | seed=64
[2026-09-21 07:30:03] DONE  confirm_selection | h=1m | student_t_shared | K=6 | seed=64 | 404.7s | converged=False
[2026-09-21 07:30:32] START confirm_selection | h=1m | student_t_shared | K=7 | seed=62
[2026-09-21 07:37:24] DONE  confirm_selection | h=1m | student_t_shared | K=7 | seed=62 | 411.7s | converged=False
[2026-09-21 07:37:24] START confirm_selection | h=1m | student_t_shared | K=7 | seed=63
[2026-09-21 07:44:10] DONE  confirm_selection | h=1m | student_t_shared | K=7 | seed=63 | 405.9s | converged=False
[2026-09-21 07:44:10] START confirm_selection | h=1m | student_t_shared | K=7 | seed=64
[2026-09-21 07:50:56] DONE  confirm_selection | h=1m | student_t_shared | K=7 | seed=64 | 405.8s | converged=False
[2026-09-21 07:51:27] CONFIRM horizon 1m | student_t_shared DONE | K=7
[2026-09-21 07:51:27] CONFIRM horizon 1m | student_t_state START
[2026-09-21 07:51:27] START confirm_selection | h=1m | student_t_state | K=2 | seed=62
[2026-09-21 07:58:06] DONE  confirm_selection | h=1m | student_t_state | K=2 | seed=62 | 399.0s | converged=True
[2026-09-21 07:58:06] START confirm_selection | h=1m | student_t_state | K=2 | seed=63
[2026-09-21 08:01:38] DONE  confirm_selection | h=1m | student_t_state | K=2 | seed=63 | 212.0s | converged=True
[2026-09-21 08:01:38] START confirm_selection | h=1m | student_t_state | K=2 | seed=64
[2026-09-21 08:08:16] DONE  confirm_selection | h=1m | student_t_state | K=2 | seed=64 | 398.1s | converged=True
[2026-09-21 08:08:45] START confirm_selection | h=1m | student_t_state | K=3 | seed=62
[2026-09-21 08:15:35] DONE  confirm_selection | h=1m | student_t_state | K=3 | seed=62 | 410.1s | converged=True
[2026-09-21 08:15:35] START confirm_selection | h=1m | student_t_state | K=3 | seed=63
Running immutable CUDA job policy_session__f02_03
[2026-09-21 14:52:20] LOAD source data START
[2026-09-21 14:52:21] LOAD source data DONE | rows=525,635
[2026-09-21 14:52:21] AUDIT timestamp/rollover START
[2026-09-21 14:52:22] AUDIT timestamp/rollover DONE
[2026-09-21 14:52:22] BUILD returns START | horizons=[1, 2]
[2026-09-21 14:52:34] BUILD returns DONE | 1m=518,222, 2m=258,485
Resume fold 3/2
[2026-09-21 14:52:34] FOLD 4/2 START
[2026-09-21 14:52:34] SCREEN horizon 1m START
[2026-09-21 14:52:34] SCREEN horizon 1m DONE | Gaussian-HMM K=7 | gain=0.241091
[2026-09-21 14:52:34] SCREEN horizon 2m START
[2026-09-21 14:52:34] SCREEN horizon 2m DONE | Gaussian-HMM K=7 | gain=0.210250
[2026-09-21 14:52:34] CONFIRM horizon 1m | student_t_shared START
[2026-09-21 14:52:34] CONFIRM horizon 1m | student_t_shared DONE | K=7
[2026-09-21 14:52:34] CONFIRM horizon 1m | student_t_state START
[2026-09-21 14:52:35] CACHE confirm_selection | h=1m | student_t_state | K=2 | seed=62
[2026-09-21 14:52:35] CACHE confirm_selection | h=1m | student_t_state | K=2 | seed=63
[2026-09-21 14:52:35] CACHE confirm_selection | h=1m | student_t_state | K=2 | seed=64
[2026-09-21 14:53:04] CACHE confirm_selection | h=1m | student_t_state | K=3 | seed=62
[2026-09-21 14:53:04] START confirm_selection | h=1m | student_t_state | K=3 | seed=63
[2026-09-21 14:59:44] DONE  confirm_selection | h=1m | student_t_state | K=3 | seed=63 | 400.3s | converged=True
[2026-09-21 14:59:44] START confirm_selection | h=1m | student_t_state | K=3 | seed=64
[2026-09-21 15:06:22] DONE  confirm_selection | h=1m | student_t_state | K=3 | seed=64 | 398.3s | converged=True
[2026-09-21 15:06:52] START confirm_selection | h=1m | student_t_state | K=4 | seed=62
[2026-09-21 15:13:31] DONE  confirm_selection | h=1m | student_t_state | K=4 | seed=62 | 399.5s | converged=False
[2026-09-21 15:13:31] START confirm_selection | h=1m | student_t_state | K=4 | seed=63
[2026-09-21 15:20:10] DONE  confirm_selection | h=1m | student_t_state | K=4 | seed=63 | 398.8s | converged=False
[2026-09-21 15:20:10] START confirm_selection | h=1m | student_t_state | K=4 | seed=64
[2026-09-21 15:26:46] DONE  confirm_selection | h=1m | student_t_state | K=4 | seed=64 | 396.6s | converged=False
[2026-09-21 15:27:15] START confirm_selection | h=1m | student_t_state | K=5 | seed=62
[2026-09-21 15:33:51] DONE  confirm_selection | h=1m | student_t_state | K=5 | seed=62 | 395.9s | converged=True
[2026-09-21 15:33:51] START confirm_selection | h=1m | student_t_state | K=5 | seed=63
[2026-09-21 15:40:27] DONE  confirm_selection | h=1m | student_t_state | K=5 | seed=63 | 395.3s | converged=True
[2026-09-21 15:40:27] START confirm_selection | h=1m | student_t_state | K=5 | seed=64
[2026-09-21 15:47:03] DONE  confirm_selection | h=1m | student_t_state | K=5 | seed=64 | 396.5s | converged=True
[2026-09-21 15:47:34] START confirm_selection | h=1m | student_t_state | K=6 | seed=62
[2026-09-21 15:54:10] DONE  confirm_selection | h=1m | student_t_state | K=6 | seed=62 | 395.7s | converged=True
[2026-09-21 15:54:10] START confirm_selection | h=1m | student_t_state | K=6 | seed=63
[2026-09-21 16:00:47] DONE  confirm_selection | h=1m | student_t_state | K=6 | seed=63 | 397.4s | converged=True
[2026-09-21 16:00:47] START confirm_selection | h=1m | student_t_state | K=6 | seed=64
[2026-09-21 16:07:22] DONE  confirm_selection | h=1m | student_t_state | K=6 | seed=64 | 394.6s | converged=True
[2026-09-21 16:07:52] START confirm_selection | h=1m | student_t_state | K=7 | seed=62
[2026-09-21 16:14:30] DONE  confirm_selection | h=1m | student_t_state | K=7 | seed=62 | 397.6s | converged=False
[2026-09-21 16:14:30] START confirm_selection | h=1m | student_t_state | K=7 | seed=63
[2026-09-21 16:21:07] DONE  confirm_selection | h=1m | student_t_state | K=7 | seed=63 | 397.2s | converged=False
[2026-09-21 16:21:07] START confirm_selection | h=1m | student_t_state | K=7 | seed=64
[2026-09-21 16:28:18] DONE  confirm_selection | h=1m | student_t_state | K=7 | seed=64 | 431.3s | converged=False
[2026-09-21 16:28:56] CONFIRM horizon 1m | student_t_state DONE | K=7
[2026-09-21 16:28:56] CONFIRM horizon 2m | student_t_shared START
[2026-09-21 16:28:56] START confirm_selection | h=2m | student_t_shared | K=2 | seed=62
[2026-09-21 16:32:05] DONE  confirm_selection | h=2m | student_t_shared | K=2 | seed=62 | 188.5s | converged=True
[2026-09-21 16:32:05] START confirm_selection | h=2m | student_t_shared | K=2 | seed=63
[2026-09-21 16:35:14] DONE  confirm_selection | h=2m | student_t_shared | K=2 | seed=63 | 189.0s | converged=True
[2026-09-21 16:35:14] START confirm_selection | h=2m | student_t_shared | K=2 | seed=64
[2026-09-21 16:38:26] DONE  confirm_selection | h=2m | student_t_shared | K=2 | seed=64 | 191.9s | converged=True
[2026-09-21 16:38:47] START confirm_selection | h=2m | student_t_shared | K=3 | seed=62
[2026-09-21 16:42:35] DONE  confirm_selection | h=2m | student_t_shared | K=3 | seed=62 | 227.4s | converged=True
[2026-09-21 16:42:35] START confirm_selection | h=2m | student_t_shared | K=3 | seed=63
[2026-09-21 16:46:22] DONE  confirm_selection | h=2m | student_t_shared | K=3 | seed=63 | 227.6s | converged=True
[2026-09-21 16:46:22] START confirm_selection | h=2m | student_t_shared | K=3 | seed=64
[2026-09-21 16:50:10] DONE  confirm_selection | h=2m | student_t_shared | K=3 | seed=64 | 227.2s | converged=True
[2026-09-21 16:50:33] START confirm_selection | h=2m | student_t_shared | K=4 | seed=62
[2026-09-21 16:54:10] DONE  confirm_selection | h=2m | student_t_shared | K=4 | seed=62 | 217.3s | converged=True
[2026-09-21 16:54:10] START confirm_selection | h=2m | student_t_shared | K=4 | seed=63
[2026-09-21 16:56:58] DONE  confirm_selection | h=2m | student_t_shared | K=4 | seed=63 | 168.2s | converged=True
[2026-09-21 16:56:58] START confirm_selection | h=2m | student_t_shared | K=4 | seed=64
[2026-09-21 16:59:35] DONE  confirm_selection | h=2m | student_t_shared | K=4 | seed=64 | 157.0s | converged=True
[2026-09-21 16:59:50] START confirm_selection | h=2m | student_t_shared | K=5 | seed=62
[2026-09-21 17:02:24] DONE  confirm_selection | h=2m | student_t_shared | K=5 | seed=62 | 153.5s | converged=False
[2026-09-21 17:02:24] START confirm_selection | h=2m | student_t_shared | K=5 | seed=63
[2026-09-21 17:04:59] DONE  confirm_selection | h=2m | student_t_shared | K=5 | seed=63 | 154.9s | converged=False
[2026-09-21 17:04:59] START confirm_selection | h=2m | student_t_shared | K=5 | seed=64
[2026-09-21 17:07:50] DONE  confirm_selection | h=2m | student_t_shared | K=5 | seed=64 | 171.1s | converged=False
[2026-09-21 17:08:07] START confirm_selection | h=2m | student_t_shared | K=6 | seed=62
[2026-09-21 17:11:26] DONE  confirm_selection | h=2m | student_t_shared | K=6 | seed=62 | 199.4s | converged=True
[2026-09-21 17:11:26] START confirm_selection | h=2m | student_t_shared | K=6 | seed=63
[2026-09-21 17:15:12] DONE  confirm_selection | h=2m | student_t_shared | K=6 | seed=63 | 225.8s | converged=True
[2026-09-21 17:15:12] START confirm_selection | h=2m | student_t_shared | K=6 | seed=64
[2026-09-21 17:19:13] DONE  confirm_selection | h=2m | student_t_shared | K=6 | seed=64 | 240.9s | converged=True
[2026-09-21 17:19:36] START confirm_selection | h=2m | student_t_shared | K=7 | seed=62
[2026-09-21 17:23:28] DONE  confirm_selection | h=2m | student_t_shared | K=7 | seed=62 | 231.4s | converged=True
[2026-09-21 17:23:28] START confirm_selection | h=2m | student_t_shared | K=7 | seed=63
[2026-09-21 17:27:23] DONE  confirm_selection | h=2m | student_t_shared | K=7 | seed=63 | 235.4s | converged=True
[2026-09-21 17:27:23] START confirm_selection | h=2m | student_t_shared | K=7 | seed=64
[2026-09-21 17:31:22] DONE  confirm_selection | h=2m | student_t_shared | K=7 | seed=64 | 238.3s | converged=True
[2026-09-21 17:31:45] CONFIRM horizon 2m | student_t_shared DONE | K=7
[2026-09-21 17:31:45] CONFIRM horizon 2m | student_t_state START
[2026-09-21 17:31:45] START confirm_selection | h=2m | student_t_state | K=2 | seed=62
[2026-09-21 17:35:42] DONE  confirm_selection | h=2m | student_t_state | K=2 | seed=62 | 236.5s | converged=True
[2026-09-21 17:35:42] START confirm_selection | h=2m | student_t_state | K=2 | seed=63
[2026-09-21 17:39:38] DONE  confirm_selection | h=2m | student_t_state | K=2 | seed=63 | 236.0s | converged=True
[2026-09-21 17:39:38] START confirm_selection | h=2m | student_t_state | K=2 | seed=64
[2026-09-21 17:42:15] DONE  confirm_selection | h=2m | student_t_state | K=2 | seed=64 | 157.1s | converged=True
[2026-09-21 17:42:30] START confirm_selection | h=2m | student_t_state | K=3 | seed=62
[2026-09-21 17:45:06] DONE  confirm_selection | h=2m | student_t_state | K=3 | seed=62 | 155.9s | converged=True
[2026-09-21 17:45:06] START confirm_selection | h=2m | student_t_state | K=3 | seed=63
[2026-09-21 17:47:38] DONE  confirm_selection | h=2m | student_t_state | K=3 | seed=63 | 151.9s | converged=True
[2026-09-21 17:47:38] START confirm_selection | h=2m | student_t_state | K=3 | seed=64
[2026-09-21 17:50:08] DONE  confirm_selection | h=2m | student_t_state | K=3 | seed=64 | 150.0s | converged=True
[2026-09-21 17:50:22] START confirm_selection | h=2m | student_t_state | K=4 | seed=62
[2026-09-21 17:52:53] DONE  confirm_selection | h=2m | student_t_state | K=4 | seed=62 | 150.6s | converged=False
[2026-09-21 17:52:53] START confirm_selection | h=2m | student_t_state | K=4 | seed=63
[2026-09-21 17:55:21] DONE  confirm_selection | h=2m | student_t_state | K=4 | seed=63 | 147.6s | converged=False
[2026-09-21 17:55:21] START confirm_selection | h=2m | student_t_state | K=4 | seed=64
[2026-09-21 17:57:49] DONE  confirm_selection | h=2m | student_t_state | K=4 | seed=64 | 148.5s | converged=False
[2026-09-21 17:58:04] START confirm_selection | h=2m | student_t_state | K=5 | seed=62
[2026-09-21 18:00:36] DONE  confirm_selection | h=2m | student_t_state | K=5 | seed=62 | 151.6s | converged=True
[2026-09-21 18:00:36] START confirm_selection | h=2m | student_t_state | K=5 | seed=63
[2026-09-21 18:03:47] DONE  confirm_selection | h=2m | student_t_state | K=5 | seed=63 | 191.5s | converged=True
[2026-09-21 18:03:47] START confirm_selection | h=2m | student_t_state | K=5 | seed=64
[2026-09-21 18:07:20] DONE  confirm_selection | h=2m | student_t_state | K=5 | seed=64 | 213.4s | converged=True
[2026-09-21 18:07:40] START confirm_selection | h=2m | student_t_state | K=6 | seed=62
[2026-09-21 18:11:07] DONE  confirm_selection | h=2m | student_t_state | K=6 | seed=62 | 207.8s | converged=True
[2026-09-21 18:11:07] START confirm_selection | h=2m | student_t_state | K=6 | seed=63
[2026-09-21 18:14:38] DONE  confirm_selection | h=2m | student_t_state | K=6 | seed=63 | 210.5s | converged=True
[2026-09-21 18:14:38] START confirm_selection | h=2m | student_t_state | K=6 | seed=64
[2026-09-21 18:18:11] DONE  confirm_selection | h=2m | student_t_state | K=6 | seed=64 | 212.7s | converged=True
[2026-09-21 18:18:31] START confirm_selection | h=2m | student_t_state | K=7 | seed=62
[2026-09-21 18:22:09] DONE  confirm_selection | h=2m | student_t_state | K=7 | seed=62 | 217.6s | converged=True
[2026-09-21 18:22:09] START confirm_selection | h=2m | student_t_state | K=7 | seed=63
[2026-09-21 18:25:48] DONE  confirm_selection | h=2m | student_t_state | K=7 | seed=63 | 218.5s | converged=True
[2026-09-21 18:25:48] START confirm_selection | h=2m | student_t_state | K=7 | seed=64
[2026-09-21 18:29:36] DONE  confirm_selection | h=2m | student_t_state | K=7 | seed=64 | 228.0s | converged=True
[2026-09-21 18:29:58] CONFIRM horizon 2m | student_t_state DONE | K=7
[2026-09-21 18:30:04] REFIT horizon 1m | student_t | K=1 START
[2026-09-21 18:30:04] REFIT horizon 1m | student_t | K=1 DONE
[2026-09-21 18:30:04] REFIT horizon 1m | gaussian | K=1 START
[2026-09-21 18:30:04] REFIT horizon 1m | gaussian | K=1 DONE
[2026-09-21 18:30:04] REFIT horizon 1m | gmm | K=4 START
[2026-09-21 18:30:10] REFIT horizon 1m | gmm | K=4 DONE
[2026-09-21 18:30:10] REFIT horizon 1m | gaussian_hmm | K=7 START
[2026-09-21 18:30:10] START refit | h=1m | gaussian_hmm | K=7 | seed=142
[2026-09-21 18:53:46] DONE  refit | h=1m | gaussian_hmm | K=7 | seed=142 | 1416.4s | converged=True
[2026-09-21 18:53:46] START refit | h=1m | gaussian_hmm | K=7 | seed=143
[2026-09-21 19:13:25] DONE  refit | h=1m | gaussian_hmm | K=7 | seed=143 | 1178.1s | converged=True
[2026-09-21 19:13:25] START refit | h=1m | gaussian_hmm | K=7 | seed=144
[2026-09-21 19:32:58] DONE  refit | h=1m | gaussian_hmm | K=7 | seed=144 | 1173.2s | converged=True
[2026-09-21 19:32:58] START refit | h=1m | gaussian_hmm | K=7 | seed=145
[2026-09-21 19:52:32] DONE  refit | h=1m | gaussian_hmm | K=7 | seed=145 | 1174.2s | converged=True
[2026-09-21 19:52:32] START refit | h=1m | gaussian_hmm | K=7 | seed=146
[2026-09-21 20:12:21] DONE  refit | h=1m | gaussian_hmm | K=7 | seed=146 | 1188.7s | converged=True
[2026-09-21 20:12:53] REFIT horizon 1m | gaussian_hmm | K=7 DONE
[2026-09-21 20:12:53] REFIT horizon 1m | student_t_shared | K=7 START
[2026-09-21 20:12:53] START refit | h=1m | student_t_shared | K=7 | seed=142
[2026-09-21 20:31:09] DONE  refit | h=1m | student_t_shared | K=7 | seed=142 | 1095.7s | converged=True
[2026-09-21 20:31:09] START refit | h=1m | student_t_shared | K=7 | seed=143
[2026-09-21 20:49:35] DONE  refit | h=1m | student_t_shared | K=7 | seed=143 | 1105.8s | converged=True
[2026-09-21 20:49:35] START refit | h=1m | student_t_shared | K=7 | seed=144
[2026-09-21 21:08:06] DONE  refit | h=1m | student_t_shared | K=7 | seed=144 | 1111.4s | converged=True
[2026-09-21 21:08:06] START refit | h=1m | student_t_shared | K=7 | seed=145
[2026-09-21 21:26:24] DONE  refit | h=1m | student_t_shared | K=7 | seed=145 | 1098.2s | converged=True
[2026-09-21 21:26:24] START refit | h=1m | student_t_shared | K=7 | seed=146
[2026-09-21 21:44:20] DONE  refit | h=1m | student_t_shared | K=7 | seed=146 | 1075.3s | converged=True
[2026-09-21 21:44:48] REFIT horizon 1m | student_t_shared | K=7 DONE
[2026-09-21 21:44:48] REFIT horizon 1m | student_t_state | K=7 START
[2026-09-21 21:44:48] START refit | h=1m | student_t_state | K=7 | seed=142
[2026-09-21 22:04:35] DONE  refit | h=1m | student_t_state | K=7 | seed=142 | 1187.0s | converged=True
[2026-09-21 22:04:35] START refit | h=1m | student_t_state | K=7 | seed=143
[2026-09-21 22:24:37] DONE  refit | h=1m | student_t_state | K=7 | seed=143 | 1201.9s | converged=True
[2026-09-21 22:24:37] START refit | h=1m | student_t_state | K=7 | seed=144
Running immutable CUDA job policy_session__f02_03
[2026-09-22 01:23:10] LOAD source data START
[2026-09-22 01:23:10] LOAD source data DONE | rows=525,635
[2026-09-22 01:23:10] AUDIT timestamp/rollover START
[2026-09-22 01:23:11] AUDIT timestamp/rollover DONE
[2026-09-22 01:23:11] BUILD returns START | horizons=[1, 2]
[2026-09-22 01:23:22] BUILD returns DONE | 1m=518,222, 2m=258,485
Resume fold 3/2
[2026-09-22 01:23:22] FOLD 4/2 START
[2026-09-22 01:23:22] SCREEN horizon 1m START
[2026-09-22 01:23:22] SCREEN horizon 1m DONE | Gaussian-HMM K=7 | gain=0.241091
[2026-09-22 01:23:22] SCREEN horizon 2m START
[2026-09-22 01:23:22] SCREEN horizon 2m DONE | Gaussian-HMM K=7 | gain=0.210250
[2026-09-22 01:23:22] CONFIRM horizon 1m | student_t_shared START
[2026-09-22 01:23:22] CONFIRM horizon 1m | student_t_shared DONE | K=7
[2026-09-22 01:23:22] CONFIRM horizon 1m | student_t_state START
[2026-09-22 01:23:22] CONFIRM horizon 1m | student_t_state DONE | K=7
[2026-09-22 01:23:22] CONFIRM horizon 2m | student_t_shared START
[2026-09-22 01:23:22] CONFIRM horizon 2m | student_t_shared DONE | K=7
[2026-09-22 01:23:22] CONFIRM horizon 2m | student_t_state START
[2026-09-22 01:23:22] CONFIRM horizon 2m | student_t_state DONE | K=7
[2026-09-22 01:23:26] REFIT horizon 1m | student_t | K=1 START
[2026-09-22 01:23:26] REFIT horizon 1m | student_t | K=1 DONE
[2026-09-22 01:23:26] REFIT horizon 1m | gaussian | K=1 START
[2026-09-22 01:23:26] REFIT horizon 1m | gaussian | K=1 DONE
[2026-09-22 01:23:26] REFIT horizon 1m | gmm | K=4 START
[2026-09-22 01:23:27] REFIT horizon 1m | gmm | K=4 DONE
[2026-09-22 01:23:27] REFIT horizon 1m | gaussian_hmm | K=7 START
[2026-09-22 01:23:27] REFIT horizon 1m | gaussian_hmm | K=7 DONE
[2026-09-22 01:23:27] REFIT horizon 1m | student_t_shared | K=7 START
[2026-09-22 01:23:27] REFIT horizon 1m | student_t_shared | K=7 DONE
[2026-09-22 01:23:27] REFIT horizon 1m | student_t_state | K=7 START
[2026-09-22 01:23:27] CACHE refit | h=1m | student_t_state | K=7 | seed=142
[2026-09-22 01:23:27] CACHE refit | h=1m | student_t_state | K=7 | seed=143
[2026-09-22 01:23:27] START refit | h=1m | student_t_state | K=7 | seed=144
[2026-09-22 01:43:27] DONE  refit | h=1m | student_t_state | K=7 | seed=144 | 1200.3s | converged=True
[2026-09-22 01:43:27] START refit | h=1m | student_t_state | K=7 | seed=145
[2026-09-22 02:03:43] DONE  refit | h=1m | student_t_state | K=7 | seed=145 | 1216.2s | converged=True
[2026-09-22 02:03:43] START refit | h=1m | student_t_state | K=7 | seed=146
[2026-09-22 02:23:55] DONE  refit | h=1m | student_t_state | K=7 | seed=146 | 1212.3s | converged=True
[2026-09-22 02:24:24] REFIT horizon 1m | student_t_state | K=7 DONE
[2026-09-22 02:24:26] REFIT horizon 2m | student_t | K=1 START
[2026-09-22 02:24:26] REFIT horizon 2m | student_t | K=1 DONE
[2026-09-22 02:24:26] REFIT horizon 2m | gaussian | K=1 START
[2026-09-22 02:24:26] REFIT horizon 2m | gaussian | K=1 DONE
[2026-09-22 02:24:26] REFIT horizon 2m | gmm | K=6 START
[2026-09-22 02:24:29] REFIT horizon 2m | gmm | K=6 DONE
[2026-09-22 02:24:29] REFIT horizon 2m | gaussian_hmm | K=7 START
[2026-09-22 02:24:29] START refit | h=2m | gaussian_hmm | K=7 | seed=142
[2026-09-22 02:32:09] DONE  refit | h=2m | gaussian_hmm | K=7 | seed=142 | 459.9s | converged=True
[2026-09-22 02:32:09] START refit | h=2m | gaussian_hmm | K=7 | seed=143
[2026-09-22 02:39:49] DONE  refit | h=2m | gaussian_hmm | K=7 | seed=143 | 460.6s | converged=True
[2026-09-22 02:39:49] START refit | h=2m | gaussian_hmm | K=7 | seed=144
[2026-09-22 02:47:23] DONE  refit | h=2m | gaussian_hmm | K=7 | seed=144 | 453.9s | converged=True
[2026-09-22 02:47:23] START refit | h=2m | gaussian_hmm | K=7 | seed=145
[2026-09-22 02:54:53] DONE  refit | h=2m | gaussian_hmm | K=7 | seed=145 | 450.4s | converged=True
[2026-09-22 02:54:53] START refit | h=2m | gaussian_hmm | K=7 | seed=146
[2026-09-22 03:02:17] DONE  refit | h=2m | gaussian_hmm | K=7 | seed=146 | 443.8s | converged=True
[2026-09-22 03:02:32] REFIT horizon 2m | gaussian_hmm | K=7 DONE
[2026-09-22 03:02:32] REFIT horizon 2m | student_t_shared | K=7 START
[2026-09-22 03:02:32] START refit | h=2m | student_t_shared | K=7 | seed=142
[2026-09-22 03:09:57] DONE  refit | h=2m | student_t_shared | K=7 | seed=142 | 445.3s | converged=True
[2026-09-22 03:09:57] START refit | h=2m | student_t_shared | K=7 | seed=143
[2026-09-22 03:17:32] DONE  refit | h=2m | student_t_shared | K=7 | seed=143 | 455.0s | converged=True
[2026-09-22 03:17:32] START refit | h=2m | student_t_shared | K=7 | seed=144
[2026-09-22 03:24:57] DONE  refit | h=2m | student_t_shared | K=7 | seed=144 | 444.5s | converged=True
[2026-09-22 03:24:57] START refit | h=2m | student_t_shared | K=7 | seed=145
[2026-09-22 03:32:30] DONE  refit | h=2m | student_t_shared | K=7 | seed=145 | 453.0s | converged=True
[2026-09-22 03:32:30] START refit | h=2m | student_t_shared | K=7 | seed=146
[2026-09-22 03:39:58] DONE  refit | h=2m | student_t_shared | K=7 | seed=146 | 448.6s | converged=True
[2026-09-22 03:40:14] REFIT horizon 2m | student_t_shared | K=7 DONE
[2026-09-22 03:40:14] REFIT horizon 2m | student_t_state | K=7 START
[2026-09-22 03:40:14] START refit | h=2m | student_t_state | K=7 | seed=142
[2026-09-22 03:47:39] DONE  refit | h=2m | student_t_state | K=7 | seed=142 | 445.0s | converged=True
[2026-09-22 03:47:39] START refit | h=2m | student_t_state | K=7 | seed=143
[2026-09-22 03:55:18] DONE  refit | h=2m | student_t_state | K=7 | seed=143 | 458.8s | converged=True
[2026-09-22 03:55:18] START refit | h=2m | student_t_state | K=7 | seed=144
[2026-09-22 04:02:56] DONE  refit | h=2m | student_t_state | K=7 | seed=144 | 458.1s | converged=True
[2026-09-22 04:02:56] START refit | h=2m | student_t_state | K=7 | seed=145
[2026-09-22 04:10:21] DONE  refit | h=2m | student_t_state | K=7 | seed=145 | 445.2s | converged=True
[2026-09-22 04:10:21] START refit | h=2m | student_t_state | K=7 | seed=146
[2026-09-22 04:17:57] DONE  refit | h=2m | student_t_state | K=7 | seed=146 | 455.4s | converged=True
[2026-09-22 04:18:15] REFIT horizon 2m | student_t_state | K=7 DONE
[2026-09-22 04:18:15] FOLD 4/2 DONE
{
  "best_gaussian_horizon": 1,
  "runner_up_horizon": 2,
  "winner_vs_runner_mean": 0.03345075851936843,
  "winner_vs_runner_ci20": [
    0.025940671349464428,
    0.04252348038835736
  ],
  "bootstrap_horizon_advantage_conclusive": true,
  "winner_practical_convergence_rate": 1.0,
  "winner_k_upper_boundary_rate": 1.0,
  "preferred_research_horizon": 1,
  "lock_configuration_for_v1": false,
  "decision_vi": "\u01afu ti\u00ean khung 1 ph\u00fat, nh\u01b0ng ch\u01b0a kh\u00f3a c\u1ea5u h\u00ecnh cho v1 v\u00ec c\u1ed5ng K/h\u1ed9i t\u1ee5 ch\u01b0a \u0111\u1ea1t.",
  "best_mean_hmm_family": "student_t_state",
  "preferred_hmm_family": "student_t_state",
  "family_gain_vs_gaussian_ci20": [
    0.004334323005774395,
    0.018151145909072252
  ],
  "heavy_tail_replacement_conclusive": true,
  "family_fold_counts": {
    "student_t_state": 2,
    "student_t_shared": 2,
    "gaussian_hmm": 2
  }
}
Report: C:\Users\Admin\Downloads\ARSH_v0.5_CUDA_worker\runs_v05_revised\policy_session\policy_session__f02_03\report.html
