Running immutable CUDA job policy_daily__f00_01
[2026-09-15 02:27:35] LOAD source data START
[2026-09-15 02:27:36] LOAD source data DONE | rows=525,635
[2026-09-15 02:27:36] AUDIT timestamp/rollover START
[2026-09-15 02:27:37] AUDIT timestamp/rollover DONE
[2026-09-15 02:27:37] BUILD returns START | horizons=[1, 2]
[2026-09-15 02:27:50] BUILD returns DONE | 1m=518,222, 2m=258,485
[2026-09-15 02:27:51] FOLD 1/2 START
[2026-09-15 02:27:51] SCREEN horizon 1m START
[2026-09-15 02:27:54] START screen_selection | h=1m | gmm | K=2
[2026-09-15 02:27:56] DONE  screen_selection | h=1m | gmm | K=2 | 1.2s
[2026-09-15 02:27:56] START screen_selection | h=1m | gmm | K=3
[2026-09-15 02:27:58] DONE  screen_selection | h=1m | gmm | K=3 | 2.4s
[2026-09-15 02:27:58] START screen_selection | h=1m | gmm | K=4
[2026-09-15 02:28:01] DONE  screen_selection | h=1m | gmm | K=4 | 2.8s
[2026-09-15 02:28:01] START screen_selection | h=1m | gmm | K=5
[2026-09-15 02:28:03] DONE  screen_selection | h=1m | gmm | K=5 | 2.4s
[2026-09-15 02:28:03] START screen_selection | h=1m | gmm | K=6
[2026-09-15 02:28:06] DONE  screen_selection | h=1m | gmm | K=6 | 2.5s
[2026-09-15 02:28:06] START screen_selection | h=1m | gmm | K=7
[2026-09-15 02:28:08] DONE  screen_selection | h=1m | gmm | K=7 | 2.9s
[2026-09-15 02:28:09] START screen_selection | h=1m | gaussian_hmm | K=2 | seed=42
[2026-09-15 02:36:21] DONE  screen_selection | h=1m | gaussian_hmm | K=2 | seed=42 | 492.1s | converged=True
[2026-09-15 02:36:21] START screen_selection | h=1m | gaussian_hmm | K=2 | seed=43
[2026-09-15 02:44:02] DONE  screen_selection | h=1m | gaussian_hmm | K=2 | seed=43 | 461.7s | converged=True
[2026-09-15 02:44:02] START screen_selection | h=1m | gaussian_hmm | K=2 | seed=44
[2026-09-15 02:51:25] DONE  screen_selection | h=1m | gaussian_hmm | K=2 | seed=44 | 443.1s | converged=True
[2026-09-15 02:51:52] START screen_selection | h=1m | gaussian_hmm | K=3 | seed=42
[2026-09-15 03:07:33] DONE  screen_selection | h=1m | gaussian_hmm | K=3 | seed=42 | 941.8s | converged=True
[2026-09-15 03:07:33] START screen_selection | h=1m | gaussian_hmm | K=3 | seed=43
[2026-09-15 03:23:18] DONE  screen_selection | h=1m | gaussian_hmm | K=3 | seed=43 | 944.5s | converged=True
[2026-09-15 03:23:18] START screen_selection | h=1m | gaussian_hmm | K=3 | seed=44
[2026-09-15 03:39:01] DONE  screen_selection | h=1m | gaussian_hmm | K=3 | seed=44 | 943.0s | converged=True
[2026-09-15 03:39:28] START screen_selection | h=1m | gaussian_hmm | K=4 | seed=42
[2026-09-15 04:01:08] DONE  screen_selection | h=1m | gaussian_hmm | K=4 | seed=42 | 1300.2s | converged=False
[2026-09-15 04:01:08] START screen_selection | h=1m | gaussian_hmm | K=4 | seed=43
[2026-09-15 04:21:56] DONE  screen_selection | h=1m | gaussian_hmm | K=4 | seed=43 | 1247.6s | converged=True
[2026-09-15 04:21:56] START screen_selection | h=1m | gaussian_hmm | K=4 | seed=44
[2026-09-15 04:42:34] DONE  screen_selection | h=1m | gaussian_hmm | K=4 | seed=44 | 1238.0s | converged=False
[2026-09-15 04:42:55] START screen_selection | h=1m | gaussian_hmm | K=5 | seed=42
[2026-09-15 05:03:49] DONE  screen_selection | h=1m | gaussian_hmm | K=5 | seed=42 | 1254.4s | converged=False
[2026-09-15 05:03:49] START screen_selection | h=1m | gaussian_hmm | K=5 | seed=43
[2026-09-15 05:24:38] DONE  screen_selection | h=1m | gaussian_hmm | K=5 | seed=43 | 1249.1s | converged=False
[2026-09-15 05:24:38] START screen_selection | h=1m | gaussian_hmm | K=5 | seed=44
[2026-09-15 05:45:25] DONE  screen_selection | h=1m | gaussian_hmm | K=5 | seed=44 | 1247.2s | converged=False
[2026-09-15 05:45:46] START screen_selection | h=1m | gaussian_hmm | K=6 | seed=42
[2026-09-15 06:06:31] DONE  screen_selection | h=1m | gaussian_hmm | K=6 | seed=42 | 1244.4s | converged=True
[2026-09-15 06:06:31] START screen_selection | h=1m | gaussian_hmm | K=6 | seed=43
[2026-09-15 06:27:18] DONE  screen_selection | h=1m | gaussian_hmm | K=6 | seed=43 | 1247.6s | converged=True
[2026-09-15 06:27:18] START screen_selection | h=1m | gaussian_hmm | K=6 | seed=44
[2026-09-15 06:48:13] DONE  screen_selection | h=1m | gaussian_hmm | K=6 | seed=44 | 1254.6s | converged=True
[2026-09-15 06:48:34] START screen_selection | h=1m | gaussian_hmm | K=7 | seed=42
[2026-09-15 07:09:23] DONE  screen_selection | h=1m | gaussian_hmm | K=7 | seed=42 | 1249.2s | converged=True
[2026-09-15 07:09:23] START screen_selection | h=1m | gaussian_hmm | K=7 | seed=43
[2026-09-15 07:30:10] DONE  screen_selection | h=1m | gaussian_hmm | K=7 | seed=43 | 1246.8s | converged=True
[2026-09-15 07:30:10] START screen_selection | h=1m | gaussian_hmm | K=7 | seed=44
[2026-09-15 07:51:04] DONE  screen_selection | h=1m | gaussian_hmm | K=7 | seed=44 | 1253.7s | converged=True
[2026-09-15 07:51:24] SCREEN horizon 1m DONE | Gaussian-HMM K=7 | gain=0.213250
[2026-09-15 07:51:24] SCREEN horizon 2m START
[2026-09-15 07:51:26] START screen_selection | h=2m | gmm | K=2
[2026-09-15 07:51:26] DONE  screen_selection | h=2m | gmm | K=2 | 0.4s
[2026-09-15 07:51:26] START screen_selection | h=2m | gmm | K=3
[2026-09-15 07:51:27] DONE  screen_selection | h=2m | gmm | K=3 | 0.7s
[2026-09-15 07:51:27] START screen_selection | h=2m | gmm | K=4
[2026-09-15 07:51:28] DONE  screen_selection | h=2m | gmm | K=4 | 1.0s
[2026-09-15 07:51:28] START screen_selection | h=2m | gmm | K=5
[2026-09-15 07:51:29] DONE  screen_selection | h=2m | gmm | K=5 | 0.9s
[2026-09-15 07:51:29] START screen_selection | h=2m | gmm | K=6
[2026-09-15 07:51:30] DONE  screen_selection | h=2m | gmm | K=6 | 0.9s
[2026-09-15 07:51:30] START screen_selection | h=2m | gmm | K=7
[2026-09-15 07:51:31] DONE  screen_selection | h=2m | gmm | K=7 | 1.0s
[2026-09-15 07:51:31] START screen_selection | h=2m | gaussian_hmm | K=2 | seed=42
[2026-09-15 07:53:29] DONE  screen_selection | h=2m | gaussian_hmm | K=2 | seed=42 | 118.9s | converged=True
[2026-09-15 07:53:29] START screen_selection | h=2m | gaussian_hmm | K=2 | seed=43
[2026-09-15 07:55:28] DONE  screen_selection | h=2m | gaussian_hmm | K=2 | seed=43 | 118.2s | converged=True
[2026-09-15 07:55:28] START screen_selection | h=2m | gaussian_hmm | K=2 | seed=44
[2026-09-15 07:57:27] DONE  screen_selection | h=2m | gaussian_hmm | K=2 | seed=44 | 119.2s | converged=True
[2026-09-15 07:57:37] START screen_selection | h=2m | gaussian_hmm | K=3 | seed=42
[2026-09-15 08:01:43] DONE  screen_selection | h=2m | gaussian_hmm | K=3 | seed=42 | 245.5s | converged=True
[2026-09-15 08:01:43] START screen_selection | h=2m | gaussian_hmm | K=3 | seed=43
[2026-09-15 08:05:50] DONE  screen_selection | h=2m | gaussian_hmm | K=3 | seed=43 | 247.6s | converged=True
[2026-09-15 08:05:50] START screen_selection | h=2m | gaussian_hmm | K=3 | seed=44
[2026-09-15 08:09:58] DONE  screen_selection | h=2m | gaussian_hmm | K=3 | seed=44 | 247.7s | converged=True
[2026-09-15 08:10:08] START screen_selection | h=2m | gaussian_hmm | K=4 | seed=42
[2026-09-15 08:17:24] DONE  screen_selection | h=2m | gaussian_hmm | K=4 | seed=42 | 436.0s | converged=True
[2026-09-15 08:17:24] START screen_selection | h=2m | gaussian_hmm | K=4 | seed=43
[2026-09-15 08:24:59] DONE  screen_selection | h=2m | gaussian_hmm | K=4 | seed=43 | 454.7s | converged=False
[2026-09-15 08:24:59] START screen_selection | h=2m | gaussian_hmm | K=4 | seed=44
[2026-09-15 08:32:44] DONE  screen_selection | h=2m | gaussian_hmm | K=4 | seed=44 | 465.5s | converged=True
[2026-09-15 08:32:55] START screen_selection | h=2m | gaussian_hmm | K=5 | seed=42
[2026-09-15 08:40:46] DONE  screen_selection | h=2m | gaussian_hmm | K=5 | seed=42 | 471.5s | converged=True
[2026-09-15 08:40:46] START screen_selection | h=2m | gaussian_hmm | K=5 | seed=43
[2026-09-15 08:48:54] DONE  screen_selection | h=2m | gaussian_hmm | K=5 | seed=43 | 488.1s | converged=True
[2026-09-15 08:48:54] START screen_selection | h=2m | gaussian_hmm | K=5 | seed=44
[2026-09-15 08:56:52] DONE  screen_selection | h=2m | gaussian_hmm | K=5 | seed=44 | 477.7s | converged=True
[2026-09-15 08:57:02] START screen_selection | h=2m | gaussian_hmm | K=6 | seed=42
[2026-09-15 09:04:48] DONE  screen_selection | h=2m | gaussian_hmm | K=6 | seed=42 | 465.2s | converged=True
[2026-09-15 09:04:48] START screen_selection | h=2m | gaussian_hmm | K=6 | seed=43
[2026-09-15 09:12:52] DONE  screen_selection | h=2m | gaussian_hmm | K=6 | seed=43 | 483.9s | converged=True
[2026-09-15 09:12:52] START screen_selection | h=2m | gaussian_hmm | K=6 | seed=44
[2026-09-15 09:20:43] DONE  screen_selection | h=2m | gaussian_hmm | K=6 | seed=44 | 471.0s | converged=True
[2026-09-15 09:20:56] START screen_selection | h=2m | gaussian_hmm | K=7 | seed=42
[2026-09-15 09:28:53] DONE  screen_selection | h=2m | gaussian_hmm | K=7 | seed=42 | 476.3s | converged=True
[2026-09-15 09:28:53] START screen_selection | h=2m | gaussian_hmm | K=7 | seed=43
[2026-09-15 09:36:40] DONE  screen_selection | h=2m | gaussian_hmm | K=7 | seed=43 | 467.7s | converged=True
[2026-09-15 09:36:40] START screen_selection | h=2m | gaussian_hmm | K=7 | seed=44
[2026-09-15 09:44:26] DONE  screen_selection | h=2m | gaussian_hmm | K=7 | seed=44 | 465.9s | converged=False
[2026-09-15 09:44:37] SCREEN horizon 2m DONE | Gaussian-HMM K=7 | gain=0.182334
[2026-09-15 09:44:37] CONFIRM horizon 1m | student_t_shared START
[2026-09-15 09:44:37] START confirm_selection | h=1m | student_t_shared | K=2 | seed=62
[2026-09-15 10:04:44] DONE  confirm_selection | h=1m | student_t_shared | K=2 | seed=62 | 1207.2s | converged=True
[2026-09-15 10:04:44] START confirm_selection | h=1m | student_t_shared | K=2 | seed=63
[2026-09-15 10:25:19] DONE  confirm_selection | h=1m | student_t_shared | K=2 | seed=63 | 1235.0s | converged=True
[2026-09-15 10:25:19] START confirm_selection | h=1m | student_t_shared | K=2 | seed=64
[2026-09-15 10:44:55] DONE  confirm_selection | h=1m | student_t_shared | K=2 | seed=64 | 1176.1s | converged=True
[2026-09-15 10:45:18] START confirm_selection | h=1m | student_t_shared | K=3 | seed=62
[2026-09-15 11:06:44] DONE  confirm_selection | h=1m | student_t_shared | K=3 | seed=62 | 1285.9s | converged=False
[2026-09-15 11:06:44] START confirm_selection | h=1m | student_t_shared | K=3 | seed=63
[2026-09-15 11:30:21] DONE  confirm_selection | h=1m | student_t_shared | K=3 | seed=63 | 1416.8s | converged=False
[2026-09-15 11:30:21] START confirm_selection | h=1m | student_t_shared | K=3 | seed=64
[2026-09-15 11:52:42] DONE  confirm_selection | h=1m | student_t_shared | K=3 | seed=64 | 1340.7s | converged=False
[2026-09-15 11:53:06] START confirm_selection | h=1m | student_t_shared | K=4 | seed=62
[2026-09-15 12:15:17] DONE  confirm_selection | h=1m | student_t_shared | K=4 | seed=62 | 1331.3s | converged=True
[2026-09-15 12:15:17] START confirm_selection | h=1m | student_t_shared | K=4 | seed=63
[2026-09-15 12:37:12] DONE  confirm_selection | h=1m | student_t_shared | K=4 | seed=63 | 1315.1s | converged=True
[2026-09-15 12:37:12] START confirm_selection | h=1m | student_t_shared | K=4 | seed=64
[2026-09-15 12:58:55] DONE  confirm_selection | h=1m | student_t_shared | K=4 | seed=64 | 1302.9s | converged=True
[2026-09-15 12:59:18] START confirm_selection | h=1m | student_t_shared | K=5 | seed=62
[2026-09-15 13:21:24] DONE  confirm_selection | h=1m | student_t_shared | K=5 | seed=62 | 1325.7s | converged=True
[2026-09-15 13:21:24] START confirm_selection | h=1m | student_t_shared | K=5 | seed=63
[2026-09-15 13:44:00] DONE  confirm_selection | h=1m | student_t_shared | K=5 | seed=63 | 1356.2s | converged=True
[2026-09-15 13:44:00] START confirm_selection | h=1m | student_t_shared | K=5 | seed=64
[2026-09-15 14:06:41] DONE  confirm_selection | h=1m | student_t_shared | K=5 | seed=64 | 1361.0s | converged=True
[2026-09-15 14:07:06] START confirm_selection | h=1m | student_t_shared | K=6 | seed=62
[2026-09-15 14:29:34] DONE  confirm_selection | h=1m | student_t_shared | K=6 | seed=62 | 1347.4s | converged=True
[2026-09-15 14:29:34] START confirm_selection | h=1m | student_t_shared | K=6 | seed=63
[2026-09-15 14:51:26] DONE  confirm_selection | h=1m | student_t_shared | K=6 | seed=63 | 1312.3s | converged=True
[2026-09-15 14:51:26] START confirm_selection | h=1m | student_t_shared | K=6 | seed=64
[2026-09-15 15:13:25] DONE  confirm_selection | h=1m | student_t_shared | K=6 | seed=64 | 1318.8s | converged=True
[2026-09-15 15:13:49] START confirm_selection | h=1m | student_t_shared | K=7 | seed=62
[2026-09-15 15:35:30] DONE  confirm_selection | h=1m | student_t_shared | K=7 | seed=62 | 1301.3s | converged=False
[2026-09-15 15:35:30] START confirm_selection | h=1m | student_t_shared | K=7 | seed=63
[2026-09-15 15:57:11] DONE  confirm_selection | h=1m | student_t_shared | K=7 | seed=63 | 1300.5s | converged=False
[2026-09-15 15:57:11] START confirm_selection | h=1m | student_t_shared | K=7 | seed=64
[2026-09-15 16:18:53] DONE  confirm_selection | h=1m | student_t_shared | K=7 | seed=64 | 1302.3s | converged=False
[2026-09-15 16:19:16] CONFIRM horizon 1m | student_t_shared DONE | K=7
[2026-09-15 16:19:16] CONFIRM horizon 1m | student_t_state START
[2026-09-15 16:19:17] START confirm_selection | h=1m | student_t_state | K=2 | seed=62
[2026-09-15 16:41:02] DONE  confirm_selection | h=1m | student_t_state | K=2 | seed=62 | 1305.0s | converged=True
[2026-09-15 16:41:02] START confirm_selection | h=1m | student_t_state | K=2 | seed=63
[2026-09-15 17:10:06] DONE  confirm_selection | h=1m | student_t_state | K=2 | seed=63 | 1744.6s | converged=True
[2026-09-15 17:10:06] START confirm_selection | h=1m | student_t_state | K=2 | seed=64
[2026-09-15 17:39:50] DONE  confirm_selection | h=1m | student_t_state | K=2 | seed=64 | 1783.6s | converged=True
[2026-09-15 17:40:20] START confirm_selection | h=1m | student_t_state | K=3 | seed=62
[2026-09-15 18:07:20] DONE  confirm_selection | h=1m | student_t_state | K=3 | seed=62 | 1620.1s | converged=True
[2026-09-15 18:07:20] START confirm_selection | h=1m | student_t_state | K=3 | seed=63
[2026-09-15 18:31:27] DONE  confirm_selection | h=1m | student_t_state | K=3 | seed=63 | 1446.5s | converged=True
[2026-09-15 18:31:27] START confirm_selection | h=1m | student_t_state | K=3 | seed=64
[2026-09-15 18:55:33] DONE  confirm_selection | h=1m | student_t_state | K=3 | seed=64 | 1446.6s | converged=True
[2026-09-15 18:56:01] START confirm_selection | h=1m | student_t_state | K=4 | seed=62
[2026-09-15 19:20:40] DONE  confirm_selection | h=1m | student_t_state | K=4 | seed=62 | 1479.2s | converged=True
[2026-09-15 19:20:40] START confirm_selection | h=1m | student_t_state | K=4 | seed=63
[2026-09-15 19:47:14] DONE  confirm_selection | h=1m | student_t_state | K=4 | seed=63 | 1594.2s | converged=True
[2026-09-15 19:47:14] START confirm_selection | h=1m | student_t_state | K=4 | seed=64
[2026-09-15 20:13:53] DONE  confirm_selection | h=1m | student_t_state | K=4 | seed=64 | 1598.4s | converged=True
[2026-09-15 20:14:22] START confirm_selection | h=1m | student_t_state | K=5 | seed=62
[2026-09-15 20:41:34] DONE  confirm_selection | h=1m | student_t_state | K=5 | seed=62 | 1632.1s | converged=True
[2026-09-15 20:41:34] START confirm_selection | h=1m | student_t_state | K=5 | seed=63
[2026-09-15 21:08:39] DONE  confirm_selection | h=1m | student_t_state | K=5 | seed=63 | 1624.8s | converged=True
[2026-09-15 21:08:39] START confirm_selection | h=1m | student_t_state | K=5 | seed=64
[2026-09-15 21:33:17] DONE  confirm_selection | h=1m | student_t_state | K=5 | seed=64 | 1478.1s | converged=True
[2026-09-15 21:33:44] START confirm_selection | h=1m | student_t_state | K=6 | seed=62
[2026-09-15 21:58:46] DONE  confirm_selection | h=1m | student_t_state | K=6 | seed=62 | 1501.6s | converged=False
[2026-09-15 21:58:46] START confirm_selection | h=1m | student_t_state | K=6 | seed=63
[2026-09-15 22:27:23] DONE  confirm_selection | h=1m | student_t_state | K=6 | seed=63 | 1717.6s | converged=False
[2026-09-15 22:27:23] START confirm_selection | h=1m | student_t_state | K=6 | seed=64
[2026-09-15 22:54:31] DONE  confirm_selection | h=1m | student_t_state | K=6 | seed=64 | 1627.8s | converged=False
[2026-09-15 22:55:04] START confirm_selection | h=1m | student_t_state | K=7 | seed=62
[2026-09-15 23:22:31] DONE  confirm_selection | h=1m | student_t_state | K=7 | seed=62 | 1646.9s | converged=False
[2026-09-15 23:22:31] START confirm_selection | h=1m | student_t_state | K=7 | seed=63
[2026-09-15 23:47:59] DONE  confirm_selection | h=1m | student_t_state | K=7 | seed=63 | 1528.8s | converged=False
[2026-09-15 23:47:59] START confirm_selection | h=1m | student_t_state | K=7 | seed=64
[2026-09-16 00:13:58] DONE  confirm_selection | h=1m | student_t_state | K=7 | seed=64 | 1558.7s | converged=False
[2026-09-16 00:14:26] CONFIRM horizon 1m | student_t_state DONE | K=7
[2026-09-16 00:14:26] CONFIRM horizon 2m | student_t_shared START
[2026-09-16 00:14:26] START confirm_selection | h=2m | student_t_shared | K=2 | seed=62
[2026-09-16 00:22:30] DONE  confirm_selection | h=2m | student_t_shared | K=2 | seed=62 | 484.0s | converged=True
[2026-09-16 00:22:30] START confirm_selection | h=2m | student_t_shared | K=2 | seed=63
[2026-09-16 00:30:33] DONE  confirm_selection | h=2m | student_t_shared | K=2 | seed=63 | 482.9s | converged=True
[2026-09-16 00:30:33] START confirm_selection | h=2m | student_t_shared | K=2 | seed=64
[2026-09-16 00:38:33] DONE  confirm_selection | h=2m | student_t_shared | K=2 | seed=64 | 480.0s | converged=True
[2026-09-16 00:38:47] START confirm_selection | h=2m | student_t_shared | K=3 | seed=62
[2026-09-16 00:47:34] DONE  confirm_selection | h=2m | student_t_shared | K=3 | seed=62 | 527.4s | converged=False
[2026-09-16 00:47:34] START confirm_selection | h=2m | student_t_shared | K=3 | seed=63
[2026-09-16 00:56:00] DONE  confirm_selection | h=2m | student_t_shared | K=3 | seed=63 | 506.3s | converged=False
[2026-09-16 00:56:00] START confirm_selection | h=2m | student_t_shared | K=3 | seed=64
[2026-09-16 01:03:49] DONE  confirm_selection | h=2m | student_t_shared | K=3 | seed=64 | 468.6s | converged=False
[2026-09-16 01:04:01] START confirm_selection | h=2m | student_t_shared | K=4 | seed=62
[2026-09-16 01:12:00] DONE  confirm_selection | h=2m | student_t_shared | K=4 | seed=62 | 479.1s | converged=False
[2026-09-16 01:12:00] START confirm_selection | h=2m | student_t_shared | K=4 | seed=63
[2026-09-16 01:19:45] DONE  confirm_selection | h=2m | student_t_shared | K=4 | seed=63 | 465.5s | converged=False
[2026-09-16 01:19:45] START confirm_selection | h=2m | student_t_shared | K=4 | seed=64
[2026-09-16 01:27:30] DONE  confirm_selection | h=2m | student_t_shared | K=4 | seed=64 | 464.4s | converged=False
[2026-09-16 01:27:42] START confirm_selection | h=2m | student_t_shared | K=5 | seed=62
[2026-09-16 01:35:26] DONE  confirm_selection | h=2m | student_t_shared | K=5 | seed=62 | 463.9s | converged=False
[2026-09-16 01:35:26] START confirm_selection | h=2m | student_t_shared | K=5 | seed=63
[2026-09-16 01:43:06] DONE  confirm_selection | h=2m | student_t_shared | K=5 | seed=63 | 459.9s | converged=False
[2026-09-16 01:43:06] START confirm_selection | h=2m | student_t_shared | K=5 | seed=64
[2026-09-16 01:50:45] DONE  confirm_selection | h=2m | student_t_shared | K=5 | seed=64 | 458.9s | converged=False
[2026-09-16 01:50:57] START confirm_selection | h=2m | student_t_shared | K=6 | seed=62
[2026-09-16 01:58:38] DONE  confirm_selection | h=2m | student_t_shared | K=6 | seed=62 | 461.9s | converged=True
[2026-09-16 01:58:38] START confirm_selection | h=2m | student_t_shared | K=6 | seed=63
[2026-09-16 02:06:26] DONE  confirm_selection | h=2m | student_t_shared | K=6 | seed=63 | 467.3s | converged=True
[2026-09-16 02:06:26] START confirm_selection | h=2m | student_t_shared | K=6 | seed=64
[2026-09-16 02:14:02] DONE  confirm_selection | h=2m | student_t_shared | K=6 | seed=64 | 456.0s | converged=True
[2026-09-16 02:14:13] START confirm_selection | h=2m | student_t_shared | K=7 | seed=62
[2026-09-16 02:22:08] DONE  confirm_selection | h=2m | student_t_shared | K=7 | seed=62 | 475.2s | converged=True
[2026-09-16 02:22:08] START confirm_selection | h=2m | student_t_shared | K=7 | seed=63
[2026-09-16 02:29:34] DONE  confirm_selection | h=2m | student_t_shared | K=7 | seed=63 | 445.5s | converged=True
[2026-09-16 02:29:34] START confirm_selection | h=2m | student_t_shared | K=7 | seed=64
[2026-09-16 02:36:59] DONE  confirm_selection | h=2m | student_t_shared | K=7 | seed=64 | 444.6s | converged=True
[2026-09-16 02:37:10] CONFIRM horizon 2m | student_t_shared DONE | K=7
[2026-09-16 02:37:10] CONFIRM horizon 2m | student_t_state START
[2026-09-16 02:37:10] START confirm_selection | h=2m | student_t_state | K=2 | seed=62
[2026-09-16 02:44:36] DONE  confirm_selection | h=2m | student_t_state | K=2 | seed=62 | 445.8s | converged=True
[2026-09-16 02:44:36] START confirm_selection | h=2m | student_t_state | K=2 | seed=63
[2026-09-16 02:52:00] DONE  confirm_selection | h=2m | student_t_state | K=2 | seed=63 | 444.4s | converged=True
[2026-09-16 02:52:00] START confirm_selection | h=2m | student_t_state | K=2 | seed=64
[2026-09-16 02:59:26] DONE  confirm_selection | h=2m | student_t_state | K=2 | seed=64 | 445.8s | converged=True
[2026-09-16 02:59:37] START confirm_selection | h=2m | student_t_state | K=3 | seed=62
[2026-09-16 03:07:01] DONE  confirm_selection | h=2m | student_t_state | K=3 | seed=62 | 444.1s | converged=True
[2026-09-16 03:07:01] START confirm_selection | h=2m | student_t_state | K=3 | seed=63
[2026-09-16 03:14:29] DONE  confirm_selection | h=2m | student_t_state | K=3 | seed=63 | 447.3s | converged=True
[2026-09-16 03:14:29] START confirm_selection | h=2m | student_t_state | K=3 | seed=64
[2026-09-16 03:21:54] DONE  confirm_selection | h=2m | student_t_state | K=3 | seed=64 | 445.1s | converged=True
[2026-09-16 03:22:05] START confirm_selection | h=2m | student_t_state | K=4 | seed=62
[2026-09-16 03:29:29] DONE  confirm_selection | h=2m | student_t_state | K=4 | seed=62 | 444.4s | converged=False
[2026-09-16 03:29:29] START confirm_selection | h=2m | student_t_state | K=4 | seed=63
[2026-09-16 03:36:53] DONE  confirm_selection | h=2m | student_t_state | K=4 | seed=63 | 443.6s | converged=False
[2026-09-16 03:36:53] START confirm_selection | h=2m | student_t_state | K=4 | seed=64
Running immutable CUDA job policy_daily__f00_01
[2026-09-16 10:01:54] LOAD source data START
[2026-09-16 10:01:55] LOAD source data DONE | rows=525,635
[2026-09-16 10:01:55] AUDIT timestamp/rollover START
[2026-09-16 10:01:56] AUDIT timestamp/rollover DONE
[2026-09-16 10:01:56] BUILD returns START | horizons=[1, 2]
[2026-09-16 10:02:07] BUILD returns DONE | 1m=518,222, 2m=258,485
[2026-09-16 10:02:07] FOLD 1/2 START
[2026-09-16 10:02:07] SCREEN horizon 1m START
[2026-09-16 10:02:07] SCREEN horizon 1m DONE | Gaussian-HMM K=7 | gain=0.213250
[2026-09-16 10:02:07] SCREEN horizon 2m START
[2026-09-16 10:02:07] SCREEN horizon 2m DONE | Gaussian-HMM K=7 | gain=0.182334
[2026-09-16 10:02:07] CONFIRM horizon 1m | student_t_shared START
[2026-09-16 10:02:07] CONFIRM horizon 1m | student_t_shared DONE | K=7
[2026-09-16 10:02:07] CONFIRM horizon 1m | student_t_state START
[2026-09-16 10:02:07] CONFIRM horizon 1m | student_t_state DONE | K=7
[2026-09-16 10:02:07] CONFIRM horizon 2m | student_t_shared START
[2026-09-16 10:02:07] CONFIRM horizon 2m | student_t_shared DONE | K=7
[2026-09-16 10:02:07] CONFIRM horizon 2m | student_t_state START
[2026-09-16 10:02:07] CACHE confirm_selection | h=2m | student_t_state | K=2 | seed=62
[2026-09-16 10:02:07] CACHE confirm_selection | h=2m | student_t_state | K=2 | seed=63
[2026-09-16 10:02:07] CACHE confirm_selection | h=2m | student_t_state | K=2 | seed=64
[2026-09-16 10:02:19] CACHE confirm_selection | h=2m | student_t_state | K=3 | seed=62
[2026-09-16 10:02:19] CACHE confirm_selection | h=2m | student_t_state | K=3 | seed=63
[2026-09-16 10:02:19] CACHE confirm_selection | h=2m | student_t_state | K=3 | seed=64
[2026-09-16 10:02:31] CACHE confirm_selection | h=2m | student_t_state | K=4 | seed=62
[2026-09-16 10:02:31] CACHE confirm_selection | h=2m | student_t_state | K=4 | seed=63
[2026-09-16 10:02:31] START confirm_selection | h=2m | student_t_state | K=4 | seed=64
[2026-09-16 10:10:14] DONE  confirm_selection | h=2m | student_t_state | K=4 | seed=64 | 463.5s | converged=False
[2026-09-16 10:10:26] START confirm_selection | h=2m | student_t_state | K=5 | seed=62
[2026-09-16 10:18:15] DONE  confirm_selection | h=2m | student_t_state | K=5 | seed=62 | 468.9s | converged=True
[2026-09-16 10:18:15] START confirm_selection | h=2m | student_t_state | K=5 | seed=63
[2026-09-16 10:26:02] DONE  confirm_selection | h=2m | student_t_state | K=5 | seed=63 | 467.4s | converged=True
[2026-09-16 10:26:02] START confirm_selection | h=2m | student_t_state | K=5 | seed=64
[2026-09-16 10:33:43] DONE  confirm_selection | h=2m | student_t_state | K=5 | seed=64 | 461.2s | converged=True
[2026-09-16 10:33:55] START confirm_selection | h=2m | student_t_state | K=6 | seed=62
[2026-09-16 10:41:37] DONE  confirm_selection | h=2m | student_t_state | K=6 | seed=62 | 462.3s | converged=True
[2026-09-16 10:41:37] START confirm_selection | h=2m | student_t_state | K=6 | seed=63
[2026-09-16 10:49:26] DONE  confirm_selection | h=2m | student_t_state | K=6 | seed=63 | 469.5s | converged=False
[2026-09-16 10:49:26] START confirm_selection | h=2m | student_t_state | K=6 | seed=64
[2026-09-16 10:57:14] DONE  confirm_selection | h=2m | student_t_state | K=6 | seed=64 | 467.3s | converged=True
[2026-09-16 10:57:26] START confirm_selection | h=2m | student_t_state | K=7 | seed=62
[2026-09-16 11:05:33] DONE  confirm_selection | h=2m | student_t_state | K=7 | seed=62 | 487.4s | converged=False
[2026-09-16 11:05:33] START confirm_selection | h=2m | student_t_state | K=7 | seed=63
[2026-09-16 11:17:04] DONE  confirm_selection | h=2m | student_t_state | K=7 | seed=63 | 690.6s | converged=False
[2026-09-16 11:17:04] START confirm_selection | h=2m | student_t_state | K=7 | seed=64
[2026-09-16 11:29:23] DONE  confirm_selection | h=2m | student_t_state | K=7 | seed=64 | 739.0s | converged=False
[2026-09-16 11:29:41] CONFIRM horizon 2m | student_t_state DONE | K=7
[2026-09-16 11:29:46] REFIT horizon 1m | student_t | K=1 START
[2026-09-16 11:29:46] REFIT horizon 1m | student_t | K=1 DONE
[2026-09-16 11:29:46] REFIT horizon 1m | gaussian | K=1 START
[2026-09-16 11:29:46] REFIT horizon 1m | gaussian | K=1 DONE
[2026-09-16 11:29:46] REFIT horizon 1m | gmm | K=4 START
[2026-09-16 11:29:53] REFIT horizon 1m | gmm | K=4 DONE
[2026-09-16 11:29:53] REFIT horizon 1m | gaussian_hmm | K=7 START
[2026-09-16 11:29:53] START refit | h=1m | gaussian_hmm | K=7 | seed=142
[2026-09-16 12:46:53] DONE  refit | h=1m | gaussian_hmm | K=7 | seed=142 | 4619.3s | converged=True
[2026-09-16 12:46:53] START refit | h=1m | gaussian_hmm | K=7 | seed=143
[2026-09-16 14:05:10] DONE  refit | h=1m | gaussian_hmm | K=7 | seed=143 | 4697.3s | converged=True
[2026-09-16 14:05:10] START refit | h=1m | gaussian_hmm | K=7 | seed=144
[2026-09-16 15:57:30] DONE  refit | h=1m | gaussian_hmm | K=7 | seed=144 | 6740.5s | converged=True
[2026-09-16 15:57:30] START refit | h=1m | gaussian_hmm | K=7 | seed=145
[2026-09-16 17:43:25] DONE  refit | h=1m | gaussian_hmm | K=7 | seed=145 | 6354.2s | converged=True
[2026-09-16 17:43:25] START refit | h=1m | gaussian_hmm | K=7 | seed=146
[2026-09-16 19:25:01] DONE  refit | h=1m | gaussian_hmm | K=7 | seed=146 | 6096.5s | converged=True
[2026-09-16 19:25:43] REFIT horizon 1m | gaussian_hmm | K=7 DONE
[2026-09-16 19:25:43] REFIT horizon 1m | student_t_shared | K=7 START
[2026-09-16 19:25:43] START refit | h=1m | student_t_shared | K=7 | seed=142
[2026-09-16 21:06:16] DONE  refit | h=1m | student_t_shared | K=7 | seed=142 | 6033.2s | converged=True
[2026-09-16 21:06:16] START refit | h=1m | student_t_shared | K=7 | seed=143
Running immutable CUDA job policy_daily__f00_01
[2026-09-16 22:08:50] LOAD source data START
[2026-09-16 22:08:51] LOAD source data DONE | rows=525,635
[2026-09-16 22:08:51] AUDIT timestamp/rollover START
[2026-09-16 22:08:52] AUDIT timestamp/rollover DONE
[2026-09-16 22:08:52] BUILD returns START | horizons=[1, 2]
[2026-09-16 22:09:04] BUILD returns DONE | 1m=518,222, 2m=258,485
[2026-09-16 22:09:04] FOLD 1/2 START
[2026-09-16 22:09:04] SCREEN horizon 1m START
[2026-09-16 22:09:04] SCREEN horizon 1m DONE | Gaussian-HMM K=7 | gain=0.213250
[2026-09-16 22:09:04] SCREEN horizon 2m START
[2026-09-16 22:09:04] SCREEN horizon 2m DONE | Gaussian-HMM K=7 | gain=0.182334
[2026-09-16 22:09:04] CONFIRM horizon 1m | student_t_shared START
[2026-09-16 22:09:04] CONFIRM horizon 1m | student_t_shared DONE | K=7
[2026-09-16 22:09:04] CONFIRM horizon 1m | student_t_state START
[2026-09-16 22:09:05] CONFIRM horizon 1m | student_t_state DONE | K=7
[2026-09-16 22:09:05] CONFIRM horizon 2m | student_t_shared START
[2026-09-16 22:09:05] CONFIRM horizon 2m | student_t_shared DONE | K=7
[2026-09-16 22:09:05] CONFIRM horizon 2m | student_t_state START
[2026-09-16 22:09:05] CONFIRM horizon 2m | student_t_state DONE | K=7
[2026-09-16 22:09:09] REFIT horizon 1m | student_t | K=1 START
[2026-09-16 22:09:09] REFIT horizon 1m | student_t | K=1 DONE
[2026-09-16 22:09:09] REFIT horizon 1m | gaussian | K=1 START
[2026-09-16 22:09:09] REFIT horizon 1m | gaussian | K=1 DONE
[2026-09-16 22:09:09] REFIT horizon 1m | gmm | K=4 START
[2026-09-16 22:09:09] REFIT horizon 1m | gmm | K=4 DONE
[2026-09-16 22:09:09] REFIT horizon 1m | gaussian_hmm | K=7 START
[2026-09-16 22:09:09] REFIT horizon 1m | gaussian_hmm | K=7 DONE
[2026-09-16 22:09:09] REFIT horizon 1m | student_t_shared | K=7 START
[2026-09-16 22:09:09] CACHE refit | h=1m | student_t_shared | K=7 | seed=142
[2026-09-16 22:09:09] START refit | h=1m | student_t_shared | K=7 | seed=143
Traceback (most recent call last):
  File "C:\Users\Admin\Downloads\ARSH_v0.5_CUDA_worker\run_planned_job.py", line 41, in <module>
    if __name__=="__main__":main()
                            ^^^^^^
  File "C:\Users\Admin\Downloads\ARSH_v0.5_CUDA_worker\run_planned_job.py", line 38, in main
    print(f"Running immutable {backend.upper()} job {args.job}",flush=True);subprocess.run(command,check=True)
                                                                            ^^^^^^^^^^^^^^^^^^^^^^^^^^^^^^^^^^
  File "C:\Users\Admin\AppData\Local\Programs\Python\Python312\Lib\subprocess.py", line 571, in run
Running immutable CUDA job policy_daily__f00_01
[2026-09-17 01:47:37] LOAD source data START
[2026-09-17 01:47:38] LOAD source data DONE | rows=525,635
[2026-09-17 01:47:38] AUDIT timestamp/rollover START
[2026-09-17 01:47:38] AUDIT timestamp/rollover DONE
[2026-09-17 01:47:38] BUILD returns START | horizons=[1, 2]
[2026-09-17 01:47:50] BUILD returns DONE | 1m=518,222, 2m=258,485
[2026-09-17 01:47:50] FOLD 1/2 START
[2026-09-17 01:47:50] SCREEN horizon 1m START
[2026-09-17 01:47:50] SCREEN horizon 1m DONE | Gaussian-HMM K=7 | gain=0.213250
[2026-09-17 01:47:50] SCREEN horizon 2m START
[2026-09-17 01:47:50] SCREEN horizon 2m DONE | Gaussian-HMM K=7 | gain=0.182334
[2026-09-17 01:47:50] CONFIRM horizon 1m | student_t_shared START
[2026-09-17 01:47:50] CONFIRM horizon 1m | student_t_shared DONE | K=7
[2026-09-17 01:47:50] CONFIRM horizon 1m | student_t_state START
[2026-09-17 01:47:50] CONFIRM horizon 1m | student_t_state DONE | K=7
[2026-09-17 01:47:50] CONFIRM horizon 2m | student_t_shared START
[2026-09-17 01:47:50] CONFIRM horizon 2m | student_t_shared DONE | K=7
[2026-09-17 01:47:50] CONFIRM horizon 2m | student_t_state START
[2026-09-17 01:47:50] CONFIRM horizon 2m | student_t_state DONE | K=7
[2026-09-17 01:47:54] REFIT horizon 1m | student_t | K=1 START
[2026-09-17 01:47:54] REFIT horizon 1m | student_t | K=1 DONE
[2026-09-17 01:47:54] REFIT horizon 1m | gaussian | K=1 START
[2026-09-17 01:47:54] REFIT horizon 1m | gaussian | K=1 DONE
[2026-09-17 01:47:54] REFIT horizon 1m | gmm | K=4 START
[2026-09-17 01:47:54] REFIT horizon 1m | gmm | K=4 DONE
[2026-09-17 01:47:54] REFIT horizon 1m | gaussian_hmm | K=7 START
[2026-09-17 01:47:54] REFIT horizon 1m | gaussian_hmm | K=7 DONE
[2026-09-17 01:47:54] REFIT horizon 1m | student_t_shared | K=7 START
[2026-09-17 01:47:54] CACHE refit | h=1m | student_t_shared | K=7 | seed=142
[2026-09-17 01:47:54] START refit | h=1m | student_t_shared | K=7 | seed=143
[2026-09-17 03:18:44] DONE  refit | h=1m | student_t_shared | K=7 | seed=143 | 5450.0s | converged=True
[2026-09-17 03:18:44] START refit | h=1m | student_t_shared | K=7 | seed=144
[2026-09-17 05:06:04] DONE  refit | h=1m | student_t_shared | K=7 | seed=144 | 6440.5s | converged=True
[2026-09-17 05:06:04] START refit | h=1m | student_t_shared | K=7 | seed=145
[2026-09-17 06:51:54] DONE  refit | h=1m | student_t_shared | K=7 | seed=145 | 6349.4s | converged=True
[2026-09-17 06:51:54] START refit | h=1m | student_t_shared | K=7 | seed=146
[2026-09-17 08:40:27] DONE  refit | h=1m | student_t_shared | K=7 | seed=146 | 6513.7s | converged=True
[2026-09-17 08:41:00] REFIT horizon 1m | student_t_shared | K=7 DONE
[2026-09-17 08:41:00] REFIT horizon 1m | student_t_state | K=7 START
[2026-09-17 08:41:00] START refit | h=1m | student_t_state | K=7 | seed=142
[2026-09-17 10:20:38] DONE  refit | h=1m | student_t_state | K=7 | seed=142 | 5978.0s | converged=True
[2026-09-17 10:20:38] START refit | h=1m | student_t_state | K=7 | seed=143
[2026-09-17 11:59:36] DONE  refit | h=1m | student_t_state | K=7 | seed=143 | 5937.4s | converged=True
[2026-09-17 11:59:36] START refit | h=1m | student_t_state | K=7 | seed=144
[2026-09-17 13:40:24] DONE  refit | h=1m | student_t_state | K=7 | seed=144 | 6048.4s | converged=True
[2026-09-17 13:40:24] START refit | h=1m | student_t_state | K=7 | seed=145
[2026-09-17 15:22:32] DONE  refit | h=1m | student_t_state | K=7 | seed=145 | 6128.0s | converged=True
[2026-09-17 15:22:32] START refit | h=1m | student_t_state | K=7 | seed=146
[2026-09-17 17:02:49] DONE  refit | h=1m | student_t_state | K=7 | seed=146 | 6016.9s | converged=True
[2026-09-17 17:03:25] REFIT horizon 1m | student_t_state | K=7 DONE
[2026-09-17 17:03:27] REFIT horizon 2m | student_t | K=1 START
[2026-09-17 17:03:27] REFIT horizon 2m | student_t | K=1 DONE
[2026-09-17 17:03:27] REFIT horizon 2m | gaussian | K=1 START
[2026-09-17 17:03:27] REFIT horizon 2m | gaussian | K=1 DONE
[2026-09-17 17:03:27] REFIT horizon 2m | gmm | K=4 START
[2026-09-17 17:03:29] REFIT horizon 2m | gmm | K=4 DONE
[2026-09-17 17:03:29] REFIT horizon 2m | gaussian_hmm | K=7 START
[2026-09-17 17:03:29] START refit | h=2m | gaussian_hmm | K=7 | seed=142
[2026-09-17 17:41:37] DONE  refit | h=2m | gaussian_hmm | K=7 | seed=142 | 2287.8s | converged=True
[2026-09-17 17:41:37] START refit | h=2m | gaussian_hmm | K=7 | seed=143
[2026-09-17 18:21:00] DONE  refit | h=2m | gaussian_hmm | K=7 | seed=143 | 2363.0s | converged=False
[2026-09-17 18:21:00] START refit | h=2m | gaussian_hmm | K=7 | seed=144
[2026-09-17 18:59:29] DONE  refit | h=2m | gaussian_hmm | K=7 | seed=144 | 2309.9s | converged=True
[2026-09-17 18:59:29] START refit | h=2m | gaussian_hmm | K=7 | seed=145
[2026-09-17 19:38:14] DONE  refit | h=2m | gaussian_hmm | K=7 | seed=145 | 2324.2s | converged=True
[2026-09-17 19:38:14] START refit | h=2m | gaussian_hmm | K=7 | seed=146
[2026-09-17 20:17:14] DONE  refit | h=2m | gaussian_hmm | K=7 | seed=146 | 2339.9s | converged=True
[2026-09-17 20:17:27] REFIT horizon 2m | gaussian_hmm | K=7 DONE
[2026-09-17 20:17:27] REFIT horizon 2m | student_t_shared | K=7 START
[2026-09-17 20:17:27] START refit | h=2m | student_t_shared | K=7 | seed=142
[2026-09-17 20:57:10] DONE  refit | h=2m | student_t_shared | K=7 | seed=142 | 2383.0s | converged=True
[2026-09-17 20:57:10] START refit | h=2m | student_t_shared | K=7 | seed=143
[2026-09-17 21:37:16] DONE  refit | h=2m | student_t_shared | K=7 | seed=143 | 2406.3s | converged=True
[2026-09-17 21:37:16] START refit | h=2m | student_t_shared | K=7 | seed=144
Running immutable CUDA job policy_daily__f00_01
[2026-09-18 02:26:24] LOAD source data START
[2026-09-18 02:26:25] LOAD source data DONE | rows=525,635
[2026-09-18 02:26:25] AUDIT timestamp/rollover START
[2026-09-18 02:26:25] AUDIT timestamp/rollover DONE
[2026-09-18 02:26:25] BUILD returns START | horizons=[1, 2]
[2026-09-18 02:26:36] BUILD returns DONE | 1m=518,222, 2m=258,485
[2026-09-18 02:26:37] FOLD 1/2 START
[2026-09-18 02:26:37] SCREEN horizon 1m START
[2026-09-18 02:26:37] SCREEN horizon 1m DONE | Gaussian-HMM K=7 | gain=0.213250
[2026-09-18 02:26:37] SCREEN horizon 2m START
[2026-09-18 02:26:37] SCREEN horizon 2m DONE | Gaussian-HMM K=7 | gain=0.182334
[2026-09-18 02:26:37] CONFIRM horizon 1m | student_t_shared START
[2026-09-18 02:26:37] CONFIRM horizon 1m | student_t_shared DONE | K=7
[2026-09-18 02:26:37] CONFIRM horizon 1m | student_t_state START
[2026-09-18 02:26:37] CONFIRM horizon 1m | student_t_state DONE | K=7
[2026-09-18 02:26:37] CONFIRM horizon 2m | student_t_shared START
[2026-09-18 02:26:37] CONFIRM horizon 2m | student_t_shared DONE | K=7
[2026-09-18 02:26:37] CONFIRM horizon 2m | student_t_state START
[2026-09-18 02:26:37] CONFIRM horizon 2m | student_t_state DONE | K=7
[2026-09-18 02:26:41] REFIT horizon 1m | student_t | K=1 START
[2026-09-18 02:26:41] REFIT horizon 1m | student_t | K=1 DONE
[2026-09-18 02:26:41] REFIT horizon 1m | gaussian | K=1 START
[2026-09-18 02:26:41] REFIT horizon 1m | gaussian | K=1 DONE
[2026-09-18 02:26:41] REFIT horizon 1m | gmm | K=4 START
[2026-09-18 02:26:41] REFIT horizon 1m | gmm | K=4 DONE
[2026-09-18 02:26:41] REFIT horizon 1m | gaussian_hmm | K=7 START
[2026-09-18 02:26:41] REFIT horizon 1m | gaussian_hmm | K=7 DONE
[2026-09-18 02:26:41] REFIT horizon 1m | student_t_shared | K=7 START
[2026-09-18 02:26:41] REFIT horizon 1m | student_t_shared | K=7 DONE
[2026-09-18 02:26:41] REFIT horizon 1m | student_t_state | K=7 START
[2026-09-18 02:26:41] REFIT horizon 1m | student_t_state | K=7 DONE
[2026-09-18 02:26:43] REFIT horizon 2m | student_t | K=1 START
[2026-09-18 02:26:43] REFIT horizon 2m | student_t | K=1 DONE
[2026-09-18 02:26:43] REFIT horizon 2m | gaussian | K=1 START
[2026-09-18 02:26:43] REFIT horizon 2m | gaussian | K=1 DONE
[2026-09-18 02:26:43] REFIT horizon 2m | gmm | K=4 START
[2026-09-18 02:26:43] REFIT horizon 2m | gmm | K=4 DONE
[2026-09-18 02:26:43] REFIT horizon 2m | gaussian_hmm | K=7 START
[2026-09-18 02:26:43] REFIT horizon 2m | gaussian_hmm | K=7 DONE
[2026-09-18 02:26:43] REFIT horizon 2m | student_t_shared | K=7 START
[2026-09-18 02:26:43] CACHE refit | h=2m | student_t_shared | K=7 | seed=142
[2026-09-18 02:26:43] CACHE refit | h=2m | student_t_shared | K=7 | seed=143
[2026-09-18 02:26:43] START refit | h=2m | student_t_shared | K=7 | seed=144
[2026-09-18 03:06:55] DONE  refit | h=2m | student_t_shared | K=7 | seed=144 | 2412.2s | converged=True
[2026-09-18 03:06:55] START refit | h=2m | student_t_shared | K=7 | seed=145
[2026-09-18 03:48:05] DONE  refit | h=2m | student_t_shared | K=7 | seed=145 | 2470.3s | converged=True
[2026-09-18 03:48:05] START refit | h=2m | student_t_shared | K=7 | seed=146
[2026-09-18 04:30:03] DONE  refit | h=2m | student_t_shared | K=7 | seed=146 | 2517.9s | converged=True
[2026-09-18 04:30:34] REFIT horizon 2m | student_t_shared | K=7 DONE
[2026-09-18 04:30:34] REFIT horizon 2m | student_t_state | K=7 START
[2026-09-18 04:30:34] START refit | h=2m | student_t_state | K=7 | seed=142
[2026-09-18 05:11:29] DONE  refit | h=2m | student_t_state | K=7 | seed=142 | 2455.2s | converged=True
[2026-09-18 05:11:29] START refit | h=2m | student_t_state | K=7 | seed=143
[2026-09-18 05:52:37] DONE  refit | h=2m | student_t_state | K=7 | seed=143 | 2468.0s | converged=True
[2026-09-18 05:52:37] START refit | h=2m | student_t_state | K=7 | seed=144
[2026-09-18 06:33:53] DONE  refit | h=2m | student_t_state | K=7 | seed=144 | 2475.9s | converged=True
[2026-09-18 06:33:53] START refit | h=2m | student_t_state | K=7 | seed=145
[2026-09-18 07:15:47] DONE  refit | h=2m | student_t_state | K=7 | seed=145 | 2514.7s | converged=True
[2026-09-18 07:15:47] START refit | h=2m | student_t_state | K=7 | seed=146
[2026-09-18 07:58:38] DONE  refit | h=2m | student_t_state | K=7 | seed=146 | 2570.2s | converged=True
[2026-09-18 07:58:52] REFIT horizon 2m | student_t_state | K=7 DONE
[2026-09-18 07:58:52] FOLD 1/2 DONE
[2026-09-18 07:58:52] FOLD 2/2 START
[2026-09-18 07:58:52] SCREEN horizon 1m START
[2026-09-18 07:58:56] START screen_selection | h=1m | gmm | K=2
[2026-09-18 07:58:57] DONE  screen_selection | h=1m | gmm | K=2 | 1.0s
[2026-09-18 07:58:57] START screen_selection | h=1m | gmm | K=3
[2026-09-18 07:58:59] DONE  screen_selection | h=1m | gmm | K=3 | 2.2s
[2026-09-18 07:58:59] START screen_selection | h=1m | gmm | K=4
[2026-09-18 07:59:02] DONE  screen_selection | h=1m | gmm | K=4 | 2.6s
[2026-09-18 07:59:02] START screen_selection | h=1m | gmm | K=5
[2026-09-18 07:59:05] DONE  screen_selection | h=1m | gmm | K=5 | 3.0s
[2026-09-18 07:59:05] START screen_selection | h=1m | gmm | K=6
[2026-09-18 07:59:07] DONE  screen_selection | h=1m | gmm | K=6 | 2.1s
[2026-09-18 07:59:07] START screen_selection | h=1m | gmm | K=7
[2026-09-18 07:59:09] DONE  screen_selection | h=1m | gmm | K=7 | 2.6s
[2026-09-18 07:59:09] START screen_selection | h=1m | gaussian_hmm | K=2 | seed=42
[2026-09-18 08:03:13] DONE  screen_selection | h=1m | gaussian_hmm | K=2 | seed=42 | 243.7s | converged=True
[2026-09-18 08:03:13] START screen_selection | h=1m | gaussian_hmm | K=2 | seed=43
[2026-09-18 08:06:51] DONE  screen_selection | h=1m | gaussian_hmm | K=2 | seed=43 | 217.6s | converged=True
[2026-09-18 08:06:51] START screen_selection | h=1m | gaussian_hmm | K=2 | seed=44
[2026-09-18 08:11:15] DONE  screen_selection | h=1m | gaussian_hmm | K=2 | seed=44 | 263.9s | converged=True
[2026-09-18 08:11:45] START screen_selection | h=1m | gaussian_hmm | K=3 | seed=42
[2026-09-18 08:20:28] DONE  screen_selection | h=1m | gaussian_hmm | K=3 | seed=42 | 523.2s | converged=True
[2026-09-18 08:20:28] START screen_selection | h=1m | gaussian_hmm | K=3 | seed=43
[2026-09-18 08:29:15] DONE  screen_selection | h=1m | gaussian_hmm | K=3 | seed=43 | 526.2s | converged=True
[2026-09-18 08:29:15] START screen_selection | h=1m | gaussian_hmm | K=3 | seed=44
[2026-09-18 08:37:57] DONE  screen_selection | h=1m | gaussian_hmm | K=3 | seed=44 | 522.3s | converged=True
[2026-09-18 08:38:35] START screen_selection | h=1m | gaussian_hmm | K=4 | seed=42
[2026-09-18 08:53:29] DONE  screen_selection | h=1m | gaussian_hmm | K=4 | seed=42 | 894.1s | converged=False
[2026-09-18 08:53:29] START screen_selection | h=1m | gaussian_hmm | K=4 | seed=43
[2026-09-18 09:08:15] DONE  screen_selection | h=1m | gaussian_hmm | K=4 | seed=43 | 886.2s | converged=False
[2026-09-18 09:08:15] START screen_selection | h=1m | gaussian_hmm | K=4 | seed=44
[2026-09-18 09:22:08] DONE  screen_selection | h=1m | gaussian_hmm | K=4 | seed=44 | 833.0s | converged=True
[2026-09-18 09:22:32] START screen_selection | h=1m | gaussian_hmm | K=5 | seed=42
[2026-09-18 09:36:38] DONE  screen_selection | h=1m | gaussian_hmm | K=5 | seed=42 | 846.8s | converged=True
[2026-09-18 09:36:38] START screen_selection | h=1m | gaussian_hmm | K=5 | seed=43
[2026-09-18 09:50:47] DONE  screen_selection | h=1m | gaussian_hmm | K=5 | seed=43 | 848.8s | converged=True
[2026-09-18 09:50:47] START screen_selection | h=1m | gaussian_hmm | K=5 | seed=44
[2026-09-18 10:04:54] DONE  screen_selection | h=1m | gaussian_hmm | K=5 | seed=44 | 847.0s | converged=True
[2026-09-18 10:05:23] START screen_selection | h=1m | gaussian_hmm | K=6 | seed=42
[2026-09-18 10:19:04] DONE  screen_selection | h=1m | gaussian_hmm | K=6 | seed=42 | 821.0s | converged=False
[2026-09-18 10:19:04] START screen_selection | h=1m | gaussian_hmm | K=6 | seed=43
[2026-09-18 10:33:02] DONE  screen_selection | h=1m | gaussian_hmm | K=6 | seed=43 | 837.5s | converged=False
[2026-09-18 10:33:02] START screen_selection | h=1m | gaussian_hmm | K=6 | seed=44
[2026-09-18 10:47:10] DONE  screen_selection | h=1m | gaussian_hmm | K=6 | seed=44 | 847.7s | converged=False
[2026-09-18 10:47:37] START screen_selection | h=1m | gaussian_hmm | K=7 | seed=42
[2026-09-18 11:01:36] DONE  screen_selection | h=1m | gaussian_hmm | K=7 | seed=42 | 839.2s | converged=True
[2026-09-18 11:01:36] START screen_selection | h=1m | gaussian_hmm | K=7 | seed=43
[2026-09-18 11:15:52] DONE  screen_selection | h=1m | gaussian_hmm | K=7 | seed=43 | 856.2s | converged=True
[2026-09-18 11:15:52] START screen_selection | h=1m | gaussian_hmm | K=7 | seed=44
[2026-09-18 11:29:18] DONE  screen_selection | h=1m | gaussian_hmm | K=7 | seed=44 | 805.8s | converged=True
[2026-09-18 11:29:43] SCREEN horizon 1m DONE | Gaussian-HMM K=7 | gain=0.140614
[2026-09-18 11:29:43] SCREEN horizon 2m START
[2026-09-18 11:29:44] START screen_selection | h=2m | gmm | K=2
[2026-09-18 11:29:45] DONE  screen_selection | h=2m | gmm | K=2 | 0.5s
[2026-09-18 11:29:45] START screen_selection | h=2m | gmm | K=3
[2026-09-18 11:29:46] DONE  screen_selection | h=2m | gmm | K=3 | 0.9s
[2026-09-18 11:29:46] START screen_selection | h=2m | gmm | K=4
[2026-09-18 11:29:47] DONE  screen_selection | h=2m | gmm | K=4 | 1.0s
[2026-09-18 11:29:47] START screen_selection | h=2m | gmm | K=5
[2026-09-18 11:29:48] DONE  screen_selection | h=2m | gmm | K=5 | 1.1s
[2026-09-18 11:29:48] START screen_selection | h=2m | gmm | K=6
[2026-09-18 11:29:49] DONE  screen_selection | h=2m | gmm | K=6 | 1.1s
[2026-09-18 11:29:49] START screen_selection | h=2m | gmm | K=7
[2026-09-18 11:29:50] DONE  screen_selection | h=2m | gmm | K=7 | 1.1s
[2026-09-18 11:29:50] START screen_selection | h=2m | gaussian_hmm | K=2 | seed=42
[2026-09-18 11:31:09] DONE  screen_selection | h=2m | gaussian_hmm | K=2 | seed=42 | 79.5s | converged=True
[2026-09-18 11:31:09] START screen_selection | h=2m | gaussian_hmm | K=2 | seed=43
[2026-09-18 11:32:36] DONE  screen_selection | h=2m | gaussian_hmm | K=2 | seed=43 | 86.7s | converged=True
[2026-09-18 11:32:36] START screen_selection | h=2m | gaussian_hmm | K=2 | seed=44
[2026-09-18 11:34:05] DONE  screen_selection | h=2m | gaussian_hmm | K=2 | seed=44 | 88.5s | converged=True
[2026-09-18 11:34:22] START screen_selection | h=2m | gaussian_hmm | K=3 | seed=42
[2026-09-18 11:37:18] DONE  screen_selection | h=2m | gaussian_hmm | K=3 | seed=42 | 176.2s | converged=True
[2026-09-18 11:37:18] START screen_selection | h=2m | gaussian_hmm | K=3 | seed=43
[2026-09-18 11:40:22] DONE  screen_selection | h=2m | gaussian_hmm | K=3 | seed=43 | 183.5s | converged=True
[2026-09-18 11:40:22] START screen_selection | h=2m | gaussian_hmm | K=3 | seed=44
[2026-09-18 11:43:41] DONE  screen_selection | h=2m | gaussian_hmm | K=3 | seed=44 | 199.1s | converged=True
[2026-09-18 11:44:00] START screen_selection | h=2m | gaussian_hmm | K=4 | seed=42
[2026-09-18 11:49:06] DONE  screen_selection | h=2m | gaussian_hmm | K=4 | seed=42 | 305.7s | converged=False
[2026-09-18 11:49:06] START screen_selection | h=2m | gaussian_hmm | K=4 | seed=43
[2026-09-18 11:55:11] DONE  screen_selection | h=2m | gaussian_hmm | K=4 | seed=43 | 365.0s | converged=False
[2026-09-18 11:55:11] START screen_selection | h=2m | gaussian_hmm | K=4 | seed=44
[2026-09-18 12:00:51] DONE  screen_selection | h=2m | gaussian_hmm | K=4 | seed=44 | 340.0s | converged=True
[2026-09-18 12:01:09] START screen_selection | h=2m | gaussian_hmm | K=5 | seed=42
[2026-09-18 12:07:27] DONE  screen_selection | h=2m | gaussian_hmm | K=5 | seed=42 | 377.6s | converged=True
[2026-09-18 12:07:27] START screen_selection | h=2m | gaussian_hmm | K=5 | seed=43
[2026-09-18 12:13:19] DONE  screen_selection | h=2m | gaussian_hmm | K=5 | seed=43 | 352.0s | converged=True
[2026-09-18 12:13:19] START screen_selection | h=2m | gaussian_hmm | K=5 | seed=44
[2026-09-18 12:18:48] DONE  screen_selection | h=2m | gaussian_hmm | K=5 | seed=44 | 329.2s | converged=True
[2026-09-18 12:19:01] START screen_selection | h=2m | gaussian_hmm | K=6 | seed=42
[2026-09-18 12:24:12] DONE  screen_selection | h=2m | gaussian_hmm | K=6 | seed=42 | 310.3s | converged=True
[2026-09-18 12:24:12] START screen_selection | h=2m | gaussian_hmm | K=6 | seed=43
[2026-09-18 12:30:19] DONE  screen_selection | h=2m | gaussian_hmm | K=6 | seed=43 | 367.3s | converged=True
[2026-09-18 12:30:19] START screen_selection | h=2m | gaussian_hmm | K=6 | seed=44
[2026-09-18 12:35:46] DONE  screen_selection | h=2m | gaussian_hmm | K=6 | seed=44 | 326.6s | converged=True
[2026-09-18 12:36:01] START screen_selection | h=2m | gaussian_hmm | K=7 | seed=42
[2026-09-18 12:41:34] DONE  screen_selection | h=2m | gaussian_hmm | K=7 | seed=42 | 332.5s | converged=True
[2026-09-18 12:41:34] START screen_selection | h=2m | gaussian_hmm | K=7 | seed=43
[2026-09-18 12:47:26] DONE  screen_selection | h=2m | gaussian_hmm | K=7 | seed=43 | 352.5s | converged=True
[2026-09-18 12:47:26] START screen_selection | h=2m | gaussian_hmm | K=7 | seed=44
[2026-09-18 12:54:00] DONE  screen_selection | h=2m | gaussian_hmm | K=7 | seed=44 | 393.7s | converged=True
[2026-09-18 12:54:15] SCREEN horizon 2m DONE | Gaussian-HMM K=7 | gain=0.119363
[2026-09-18 12:54:15] CONFIRM horizon 1m | student_t_shared START
[2026-09-18 12:54:15] START confirm_selection | h=1m | student_t_shared | K=2 | seed=62
[2026-09-18 13:07:08] DONE  confirm_selection | h=1m | student_t_shared | K=2 | seed=62 | 773.2s | converged=True
[2026-09-18 13:07:08] START confirm_selection | h=1m | student_t_shared | K=2 | seed=63
[2026-09-18 13:19:58] DONE  confirm_selection | h=1m | student_t_shared | K=2 | seed=63 | 769.8s | converged=True
[2026-09-18 13:19:58] START confirm_selection | h=1m | student_t_shared | K=2 | seed=64
[2026-09-18 13:33:03] DONE  confirm_selection | h=1m | student_t_shared | K=2 | seed=64 | 785.6s | converged=True
[2026-09-18 13:33:30] START confirm_selection | h=1m | student_t_shared | K=3 | seed=62
[2026-09-18 13:47:14] DONE  confirm_selection | h=1m | student_t_shared | K=3 | seed=62 | 823.8s | converged=True
[2026-09-18 13:47:14] START confirm_selection | h=1m | student_t_shared | K=3 | seed=63
[2026-09-18 14:01:05] DONE  confirm_selection | h=1m | student_t_shared | K=3 | seed=63 | 830.9s | converged=True
[2026-09-18 14:01:05] START confirm_selection | h=1m | student_t_shared | K=3 | seed=64
[2026-09-18 14:15:17] DONE  confirm_selection | h=1m | student_t_shared | K=3 | seed=64 | 851.8s | converged=True
[2026-09-18 14:15:46] START confirm_selection | h=1m | student_t_shared | K=4 | seed=62
[2026-09-18 14:29:36] DONE  confirm_selection | h=1m | student_t_shared | K=4 | seed=62 | 829.8s | converged=True
[2026-09-18 14:29:36] START confirm_selection | h=1m | student_t_shared | K=4 | seed=63
[2026-09-18 14:44:40] DONE  confirm_selection | h=1m | student_t_shared | K=4 | seed=63 | 903.9s | converged=True
[2026-09-18 14:44:40] START confirm_selection | h=1m | student_t_shared | K=4 | seed=64
[2026-09-18 14:59:28] DONE  confirm_selection | h=1m | student_t_shared | K=4 | seed=64 | 887.6s | converged=False
[2026-09-18 15:00:30] START confirm_selection | h=1m | student_t_shared | K=5 | seed=62
[2026-09-18 15:13:58] DONE  confirm_selection | h=1m | student_t_shared | K=5 | seed=62 | 807.2s | converged=True
[2026-09-18 15:13:58] START confirm_selection | h=1m | student_t_shared | K=5 | seed=63
[2026-09-18 15:27:52] DONE  confirm_selection | h=1m | student_t_shared | K=5 | seed=63 | 834.1s | converged=True
[2026-09-18 15:27:52] START confirm_selection | h=1m | student_t_shared | K=5 | seed=64
[2026-09-18 15:41:36] DONE  confirm_selection | h=1m | student_t_shared | K=5 | seed=64 | 824.0s | converged=True
[2026-09-18 15:42:04] START confirm_selection | h=1m | student_t_shared | K=6 | seed=62
[2026-09-18 15:56:27] DONE  confirm_selection | h=1m | student_t_shared | K=6 | seed=62 | 862.7s | converged=False
[2026-09-18 15:56:27] START confirm_selection | h=1m | student_t_shared | K=6 | seed=63
[2026-09-18 16:11:30] DONE  confirm_selection | h=1m | student_t_shared | K=6 | seed=63 | 903.8s | converged=False
[2026-09-18 16:11:30] START confirm_selection | h=1m | student_t_shared | K=6 | seed=64
[2026-09-18 16:26:08] DONE  confirm_selection | h=1m | student_t_shared | K=6 | seed=64 | 877.5s | converged=False
[2026-09-18 16:26:40] START confirm_selection | h=1m | student_t_shared | K=7 | seed=62
[2026-09-18 16:42:07] DONE  confirm_selection | h=1m | student_t_shared | K=7 | seed=62 | 927.1s | converged=False
[2026-09-18 16:42:07] START confirm_selection | h=1m | student_t_shared | K=7 | seed=63
[2026-09-18 16:55:55] DONE  confirm_selection | h=1m | student_t_shared | K=7 | seed=63 | 828.0s | converged=False
[2026-09-18 16:55:55] START confirm_selection | h=1m | student_t_shared | K=7 | seed=64
[2026-09-18 17:11:17] DONE  confirm_selection | h=1m | student_t_shared | K=7 | seed=64 | 921.4s | converged=False
[2026-09-18 17:11:53] CONFIRM horizon 1m | student_t_shared DONE | K=6
[2026-09-18 17:11:53] CONFIRM horizon 1m | student_t_state START
[2026-09-18 17:11:53] START confirm_selection | h=1m | student_t_state | K=2 | seed=62
[2026-09-18 17:26:15] DONE  confirm_selection | h=1m | student_t_state | K=2 | seed=62 | 862.2s | converged=True
[2026-09-18 17:26:15] START confirm_selection | h=1m | student_t_state | K=2 | seed=63
[2026-09-18 17:41:04] DONE  confirm_selection | h=1m | student_t_state | K=2 | seed=63 | 888.5s | converged=True
[2026-09-18 17:41:04] START confirm_selection | h=1m | student_t_state | K=2 | seed=64
[2026-09-18 17:55:15] DONE  confirm_selection | h=1m | student_t_state | K=2 | seed=64 | 850.6s | converged=True
[2026-09-18 17:55:40] START confirm_selection | h=1m | student_t_state | K=3 | seed=62
[2026-09-18 18:09:41] DONE  confirm_selection | h=1m | student_t_state | K=3 | seed=62 | 840.9s | converged=True
[2026-09-18 18:09:41] START confirm_selection | h=1m | student_t_state | K=3 | seed=63
[2026-09-18 18:25:09] DONE  confirm_selection | h=1m | student_t_state | K=3 | seed=63 | 927.9s | converged=True
[2026-09-18 18:25:09] START confirm_selection | h=1m | student_t_state | K=3 | seed=64
[2026-09-18 18:39:19] DONE  confirm_selection | h=1m | student_t_state | K=3 | seed=64 | 851.0s | converged=True
[2026-09-18 18:40:00] START confirm_selection | h=1m | student_t_state | K=4 | seed=62
[2026-09-18 18:53:53] DONE  confirm_selection | h=1m | student_t_state | K=4 | seed=62 | 833.8s | converged=True
[2026-09-18 18:53:53] START confirm_selection | h=1m | student_t_state | K=4 | seed=63
[2026-09-18 19:08:40] DONE  confirm_selection | h=1m | student_t_state | K=4 | seed=63 | 887.0s | converged=True
[2026-09-18 19:08:40] START confirm_selection | h=1m | student_t_state | K=4 | seed=64
[2026-09-18 19:23:05] DONE  confirm_selection | h=1m | student_t_state | K=4 | seed=64 | 864.8s | converged=True
[2026-09-18 19:23:39] START confirm_selection | h=1m | student_t_state | K=5 | seed=62
[2026-09-18 19:37:59] DONE  confirm_selection | h=1m | student_t_state | K=5 | seed=62 | 859.5s | converged=True
[2026-09-18 19:37:59] START confirm_selection | h=1m | student_t_state | K=5 | seed=63
[2026-09-18 19:51:44] DONE  confirm_selection | h=1m | student_t_state | K=5 | seed=63 | 824.9s | converged=True
[2026-09-18 19:51:44] START confirm_selection | h=1m | student_t_state | K=5 | seed=64
[2026-09-18 20:05:53] DONE  confirm_selection | h=1m | student_t_state | K=5 | seed=64 | 849.6s | converged=True
[2026-09-18 20:06:22] START confirm_selection | h=1m | student_t_state | K=6 | seed=62
[2026-09-18 20:20:08] DONE  confirm_selection | h=1m | student_t_state | K=6 | seed=62 | 825.7s | converged=False
[2026-09-18 20:20:08] START confirm_selection | h=1m | student_t_state | K=6 | seed=63
[2026-09-18 20:35:30] DONE  confirm_selection | h=1m | student_t_state | K=6 | seed=63 | 922.4s | converged=False
[2026-09-18 20:35:30] START confirm_selection | h=1m | student_t_state | K=6 | seed=64
[2026-09-18 20:49:28] DONE  confirm_selection | h=1m | student_t_state | K=6 | seed=64 | 838.0s | converged=False
[2026-09-18 20:49:59] START confirm_selection | h=1m | student_t_state | K=7 | seed=62
[2026-09-18 21:04:47] DONE  confirm_selection | h=1m | student_t_state | K=7 | seed=62 | 888.2s | converged=False
[2026-09-18 21:04:47] START confirm_selection | h=1m | student_t_state | K=7 | seed=63
[2026-09-18 21:18:51] DONE  confirm_selection | h=1m | student_t_state | K=7 | seed=63 | 844.7s | converged=False
[2026-09-18 21:18:51] START confirm_selection | h=1m | student_t_state | K=7 | seed=64
[2026-09-18 21:33:00] DONE  confirm_selection | h=1m | student_t_state | K=7 | seed=64 | 848.9s | converged=False
[2026-09-18 21:33:44] CONFIRM horizon 1m | student_t_state DONE | K=7
[2026-09-18 21:33:44] CONFIRM horizon 2m | student_t_shared START
[2026-09-18 21:33:44] START confirm_selection | h=2m | student_t_shared | K=2 | seed=62
[2026-09-18 21:38:54] DONE  confirm_selection | h=2m | student_t_shared | K=2 | seed=62 | 310.1s | converged=True
[2026-09-18 21:38:54] START confirm_selection | h=2m | student_t_shared | K=2 | seed=63
[2026-09-18 21:44:27] DONE  confirm_selection | h=2m | student_t_shared | K=2 | seed=63 | 333.0s | converged=True
[2026-09-18 21:44:27] START confirm_selection | h=2m | student_t_shared | K=2 | seed=64
[2026-09-18 21:49:41] DONE  confirm_selection | h=2m | student_t_shared | K=2 | seed=64 | 314.0s | converged=True
[2026-09-18 21:50:00] START confirm_selection | h=2m | student_t_shared | K=3 | seed=62
[2026-09-18 21:55:32] DONE  confirm_selection | h=2m | student_t_shared | K=3 | seed=62 | 332.7s | converged=True
[2026-09-18 21:55:32] START confirm_selection | h=2m | student_t_shared | K=3 | seed=63
[2026-09-18 22:01:48] DONE  confirm_selection | h=2m | student_t_shared | K=3 | seed=63 | 375.8s | converged=True
[2026-09-18 22:01:48] START confirm_selection | h=2m | student_t_shared | K=3 | seed=64
[2026-09-18 22:07:38] DONE  confirm_selection | h=2m | student_t_shared | K=3 | seed=64 | 349.8s | converged=True
Running immutable CUDA job policy_daily__f00_01
[2026-09-19 03:14:04] LOAD source data START
[2026-09-19 03:14:05] LOAD source data DONE | rows=525,635
[2026-09-19 03:14:05] AUDIT timestamp/rollover START
[2026-09-19 03:14:05] AUDIT timestamp/rollover DONE
[2026-09-19 03:14:05] BUILD returns START | horizons=[1, 2]
[2026-09-19 03:14:17] BUILD returns DONE | 1m=518,222, 2m=258,485
Resume fold 1/2
[2026-09-19 03:14:18] FOLD 2/2 START
[2026-09-19 03:14:18] SCREEN horizon 1m START
[2026-09-19 03:14:18] SCREEN horizon 1m DONE | Gaussian-HMM K=7 | gain=0.140614
[2026-09-19 03:14:18] SCREEN horizon 2m START
[2026-09-19 03:14:18] SCREEN horizon 2m DONE | Gaussian-HMM K=7 | gain=0.119363
[2026-09-19 03:14:18] CONFIRM horizon 1m | student_t_shared START
[2026-09-19 03:14:18] CONFIRM horizon 1m | student_t_shared DONE | K=6
[2026-09-19 03:14:18] CONFIRM horizon 1m | student_t_state START
[2026-09-19 03:14:18] CONFIRM horizon 1m | student_t_state DONE | K=7
[2026-09-19 03:14:18] CONFIRM horizon 2m | student_t_shared START
[2026-09-19 03:14:18] CACHE confirm_selection | h=2m | student_t_shared | K=2 | seed=62
[2026-09-19 03:14:18] CACHE confirm_selection | h=2m | student_t_shared | K=2 | seed=63
[2026-09-19 03:14:18] CACHE confirm_selection | h=2m | student_t_shared | K=2 | seed=64
[2026-09-19 03:14:32] CACHE confirm_selection | h=2m | student_t_shared | K=3 | seed=62
[2026-09-19 03:14:32] CACHE confirm_selection | h=2m | student_t_shared | K=3 | seed=63
[2026-09-19 03:14:32] CACHE confirm_selection | h=2m | student_t_shared | K=3 | seed=64
[2026-09-19 03:14:49] START confirm_selection | h=2m | student_t_shared | K=4 | seed=62
[2026-09-19 03:19:59] DONE  confirm_selection | h=2m | student_t_shared | K=4 | seed=62 | 310.0s | converged=True
[2026-09-19 03:19:59] START confirm_selection | h=2m | student_t_shared | K=4 | seed=63
[2026-09-19 03:25:57] DONE  confirm_selection | h=2m | student_t_shared | K=4 | seed=63 | 358.7s | converged=False
[2026-09-19 03:25:57] START confirm_selection | h=2m | student_t_shared | K=4 | seed=64
[2026-09-19 03:31:48] DONE  confirm_selection | h=2m | student_t_shared | K=4 | seed=64 | 350.5s | converged=False
[2026-09-19 03:32:02] START confirm_selection | h=2m | student_t_shared | K=5 | seed=62
[2026-09-19 03:38:16] DONE  confirm_selection | h=2m | student_t_shared | K=5 | seed=62 | 374.5s | converged=False
[2026-09-19 03:38:16] START confirm_selection | h=2m | student_t_shared | K=5 | seed=63
[2026-09-19 03:44:24] DONE  confirm_selection | h=2m | student_t_shared | K=5 | seed=63 | 368.2s | converged=False
[2026-09-19 03:44:24] START confirm_selection | h=2m | student_t_shared | K=5 | seed=64
[2026-09-19 03:49:15] DONE  confirm_selection | h=2m | student_t_shared | K=5 | seed=64 | 290.8s | converged=False
[2026-09-19 03:49:32] START confirm_selection | h=2m | student_t_shared | K=6 | seed=62
[2026-09-19 03:54:16] DONE  confirm_selection | h=2m | student_t_shared | K=6 | seed=62 | 283.8s | converged=True
[2026-09-19 03:54:16] START confirm_selection | h=2m | student_t_shared | K=6 | seed=63
[2026-09-19 03:58:51] DONE  confirm_selection | h=2m | student_t_shared | K=6 | seed=63 | 275.8s | converged=True
[2026-09-19 03:58:51] START confirm_selection | h=2m | student_t_shared | K=6 | seed=64
[2026-09-19 04:03:28] DONE  confirm_selection | h=2m | student_t_shared | K=6 | seed=64 | 276.4s | converged=False
[2026-09-19 04:03:42] START confirm_selection | h=2m | student_t_shared | K=7 | seed=62
[2026-09-19 04:08:35] DONE  confirm_selection | h=2m | student_t_shared | K=7 | seed=62 | 292.8s | converged=True
[2026-09-19 04:08:35] START confirm_selection | h=2m | student_t_shared | K=7 | seed=63
[2026-09-19 04:13:23] DONE  confirm_selection | h=2m | student_t_shared | K=7 | seed=63 | 287.7s | converged=True
[2026-09-19 04:13:23] START confirm_selection | h=2m | student_t_shared | K=7 | seed=64
[2026-09-19 04:18:02] DONE  confirm_selection | h=2m | student_t_shared | K=7 | seed=64 | 279.6s | converged=True
[2026-09-19 04:18:21] CONFIRM horizon 2m | student_t_shared DONE | K=7
[2026-09-19 04:18:21] CONFIRM horizon 2m | student_t_state START
[2026-09-19 04:18:21] START confirm_selection | h=2m | student_t_state | K=2 | seed=62
[2026-09-19 04:23:04] DONE  confirm_selection | h=2m | student_t_state | K=2 | seed=62 | 282.3s | converged=True
[2026-09-19 04:23:04] START confirm_selection | h=2m | student_t_state | K=2 | seed=63
[2026-09-19 04:27:42] DONE  confirm_selection | h=2m | student_t_state | K=2 | seed=63 | 278.4s | converged=True
[2026-09-19 04:27:42] START confirm_selection | h=2m | student_t_state | K=2 | seed=64
[2026-09-19 04:32:14] DONE  confirm_selection | h=2m | student_t_state | K=2 | seed=64 | 271.4s | converged=True
[2026-09-19 04:32:29] START confirm_selection | h=2m | student_t_state | K=3 | seed=62
[2026-09-19 04:37:12] DONE  confirm_selection | h=2m | student_t_state | K=3 | seed=62 | 283.6s | converged=True
[2026-09-19 04:37:12] START confirm_selection | h=2m | student_t_state | K=3 | seed=63
[2026-09-19 04:41:48] DONE  confirm_selection | h=2m | student_t_state | K=3 | seed=63 | 276.0s | converged=True
[2026-09-19 04:41:48] START confirm_selection | h=2m | student_t_state | K=3 | seed=64
[2026-09-19 04:46:20] DONE  confirm_selection | h=2m | student_t_state | K=3 | seed=64 | 271.7s | converged=True
[2026-09-19 04:46:36] START confirm_selection | h=2m | student_t_state | K=4 | seed=62
[2026-09-19 04:51:21] DONE  confirm_selection | h=2m | student_t_state | K=4 | seed=62 | 284.6s | converged=True
[2026-09-19 04:51:21] START confirm_selection | h=2m | student_t_state | K=4 | seed=63
[2026-09-19 04:55:57] DONE  confirm_selection | h=2m | student_t_state | K=4 | seed=63 | 276.0s | converged=False
[2026-09-19 04:55:57] START confirm_selection | h=2m | student_t_state | K=4 | seed=64
[2026-09-19 05:00:31] DONE  confirm_selection | h=2m | student_t_state | K=4 | seed=64 | 274.2s | converged=False
[2026-09-19 05:00:48] START confirm_selection | h=2m | student_t_state | K=5 | seed=62
[2026-09-19 05:05:25] DONE  confirm_selection | h=2m | student_t_state | K=5 | seed=62 | 277.8s | converged=True
[2026-09-19 05:05:25] START confirm_selection | h=2m | student_t_state | K=5 | seed=63
[2026-09-19 05:10:02] DONE  confirm_selection | h=2m | student_t_state | K=5 | seed=63 | 277.1s | converged=True
[2026-09-19 05:10:02] START confirm_selection | h=2m | student_t_state | K=5 | seed=64
[2026-09-19 05:14:46] DONE  confirm_selection | h=2m | student_t_state | K=5 | seed=64 | 283.9s | converged=True
[2026-09-19 05:15:03] START confirm_selection | h=2m | student_t_state | K=6 | seed=62
[2026-09-19 05:19:46] DONE  confirm_selection | h=2m | student_t_state | K=6 | seed=62 | 283.3s | converged=True
[2026-09-19 05:19:46] START confirm_selection | h=2m | student_t_state | K=6 | seed=63
[2026-09-19 05:24:23] DONE  confirm_selection | h=2m | student_t_state | K=6 | seed=63 | 276.6s | converged=True
[2026-09-19 05:24:23] START confirm_selection | h=2m | student_t_state | K=6 | seed=64
[2026-09-19 05:29:03] DONE  confirm_selection | h=2m | student_t_state | K=6 | seed=64 | 280.6s | converged=True
[2026-09-19 05:29:21] START confirm_selection | h=2m | student_t_state | K=7 | seed=62
[2026-09-19 05:33:59] DONE  confirm_selection | h=2m | student_t_state | K=7 | seed=62 | 277.2s | converged=True
[2026-09-19 05:33:59] START confirm_selection | h=2m | student_t_state | K=7 | seed=63
[2026-09-19 05:38:38] DONE  confirm_selection | h=2m | student_t_state | K=7 | seed=63 | 279.0s | converged=True
[2026-09-19 05:38:38] START confirm_selection | h=2m | student_t_state | K=7 | seed=64
[2026-09-19 05:43:16] DONE  confirm_selection | h=2m | student_t_state | K=7 | seed=64 | 278.2s | converged=True
[2026-09-19 05:43:34] CONFIRM horizon 2m | student_t_state DONE | K=7
[2026-09-19 05:43:40] REFIT horizon 1m | student_t | K=1 START
[2026-09-19 05:43:40] REFIT horizon 1m | student_t | K=1 DONE
[2026-09-19 05:43:40] REFIT horizon 1m | gaussian | K=1 START
[2026-09-19 05:43:40] REFIT horizon 1m | gaussian | K=1 DONE
[2026-09-19 05:43:40] REFIT horizon 1m | gmm | K=5 START
[2026-09-19 05:43:47] REFIT horizon 1m | gmm | K=5 DONE
[2026-09-19 05:43:47] REFIT horizon 1m | gaussian_hmm | K=7 START
[2026-09-19 05:43:47] START refit | h=1m | gaussian_hmm | K=7 | seed=142
[2026-09-19 06:27:00] DONE  refit | h=1m | gaussian_hmm | K=7 | seed=142 | 2592.5s | converged=True
[2026-09-19 06:27:00] START refit | h=1m | gaussian_hmm | K=7 | seed=143
[2026-09-19 07:10:31] DONE  refit | h=1m | gaussian_hmm | K=7 | seed=143 | 2611.3s | converged=True
[2026-09-19 07:10:31] START refit | h=1m | gaussian_hmm | K=7 | seed=144
[2026-09-19 07:54:28] DONE  refit | h=1m | gaussian_hmm | K=7 | seed=144 | 2636.6s | converged=True
[2026-09-19 07:54:28] START refit | h=1m | gaussian_hmm | K=7 | seed=145
[2026-09-19 08:38:21] DONE  refit | h=1m | gaussian_hmm | K=7 | seed=145 | 2633.7s | converged=True
[2026-09-19 08:38:21] START refit | h=1m | gaussian_hmm | K=7 | seed=146
[2026-09-19 09:22:18] DONE  refit | h=1m | gaussian_hmm | K=7 | seed=146 | 2636.3s | converged=True
[2026-09-19 09:22:50] REFIT horizon 1m | gaussian_hmm | K=7 DONE
[2026-09-19 09:22:50] REFIT horizon 1m | student_t_shared | K=6 START
[2026-09-19 09:22:50] START refit | h=1m | student_t_shared | K=6 | seed=142
[2026-09-19 10:06:37] DONE  refit | h=1m | student_t_shared | K=6 | seed=142 | 2626.9s | converged=True
[2026-09-19 10:06:37] START refit | h=1m | student_t_shared | K=6 | seed=143
[2026-09-19 10:51:04] DONE  refit | h=1m | student_t_shared | K=6 | seed=143 | 2666.5s | converged=True
[2026-09-19 10:51:04] START refit | h=1m | student_t_shared | K=6 | seed=144
[2026-09-19 11:35:21] DONE  refit | h=1m | student_t_shared | K=6 | seed=144 | 2657.2s | converged=True
[2026-09-19 11:35:21] START refit | h=1m | student_t_shared | K=6 | seed=145
[2026-09-19 12:20:09] DONE  refit | h=1m | student_t_shared | K=6 | seed=145 | 2688.3s | converged=True
[2026-09-19 12:20:09] START refit | h=1m | student_t_shared | K=6 | seed=146
[2026-09-19 13:04:57] DONE  refit | h=1m | student_t_shared | K=6 | seed=146 | 2687.3s | converged=True
[2026-09-19 13:05:36] REFIT horizon 1m | student_t_shared | K=6 DONE
[2026-09-19 13:05:36] REFIT horizon 1m | student_t_state | K=7 START
[2026-09-19 13:05:36] START refit | h=1m | student_t_state | K=7 | seed=142
[2026-09-19 13:50:12] DONE  refit | h=1m | student_t_state | K=7 | seed=142 | 2676.6s | converged=True
[2026-09-19 13:50:12] START refit | h=1m | student_t_state | K=7 | seed=143
[2026-09-19 14:34:25] DONE  refit | h=1m | student_t_state | K=7 | seed=143 | 2652.8s | converged=True
[2026-09-19 14:34:25] START refit | h=1m | student_t_state | K=7 | seed=144
[2026-09-19 15:18:25] DONE  refit | h=1m | student_t_state | K=7 | seed=144 | 2639.5s | converged=True
[2026-09-19 15:18:25] START refit | h=1m | student_t_state | K=7 | seed=145
Running immutable CUDA job policy_daily__f00_01
[2026-09-19 19:08:35] LOAD source data START
[2026-09-19 19:08:36] LOAD source data DONE | rows=525,635
[2026-09-19 19:08:36] AUDIT timestamp/rollover START
[2026-09-19 19:08:36] AUDIT timestamp/rollover DONE
[2026-09-19 19:08:36] BUILD returns START | horizons=[1, 2]
[2026-09-19 19:08:47] BUILD returns DONE | 1m=518,222, 2m=258,485
Resume fold 1/2
[2026-09-19 19:08:47] FOLD 2/2 START
[2026-09-19 19:08:47] SCREEN horizon 1m START
[2026-09-19 19:08:47] SCREEN horizon 1m DONE | Gaussian-HMM K=7 | gain=0.140614
[2026-09-19 19:08:47] SCREEN horizon 2m START
[2026-09-19 19:08:48] SCREEN horizon 2m DONE | Gaussian-HMM K=7 | gain=0.119363
[2026-09-19 19:08:48] CONFIRM horizon 1m | student_t_shared START
[2026-09-19 19:08:48] CONFIRM horizon 1m | student_t_shared DONE | K=6
[2026-09-19 19:08:48] CONFIRM horizon 1m | student_t_state START
[2026-09-19 19:08:48] CONFIRM horizon 1m | student_t_state DONE | K=7
[2026-09-19 19:08:48] CONFIRM horizon 2m | student_t_shared START
[2026-09-19 19:08:48] CONFIRM horizon 2m | student_t_shared DONE | K=7
[2026-09-19 19:08:48] CONFIRM horizon 2m | student_t_state START
[2026-09-19 19:08:48] CONFIRM horizon 2m | student_t_state DONE | K=7
[2026-09-19 19:08:53] REFIT horizon 1m | student_t | K=1 START
[2026-09-19 19:08:53] REFIT horizon 1m | student_t | K=1 DONE
[2026-09-19 19:08:53] REFIT horizon 1m | gaussian | K=1 START
[2026-09-19 19:08:53] REFIT horizon 1m | gaussian | K=1 DONE
[2026-09-19 19:08:53] REFIT horizon 1m | gmm | K=5 START
[2026-09-19 19:08:53] REFIT horizon 1m | gmm | K=5 DONE
[2026-09-19 19:08:53] REFIT horizon 1m | gaussian_hmm | K=7 START
[2026-09-19 19:08:53] REFIT horizon 1m | gaussian_hmm | K=7 DONE
[2026-09-19 19:08:53] REFIT horizon 1m | student_t_shared | K=6 START
[2026-09-19 19:08:53] REFIT horizon 1m | student_t_shared | K=6 DONE
[2026-09-19 19:08:53] REFIT horizon 1m | student_t_state | K=7 START
[2026-09-19 19:08:53] CACHE refit | h=1m | student_t_state | K=7 | seed=142
[2026-09-19 19:08:53] CACHE refit | h=1m | student_t_state | K=7 | seed=143
[2026-09-19 19:08:53] CACHE refit | h=1m | student_t_state | K=7 | seed=144
[2026-09-19 19:08:53] START refit | h=1m | student_t_state | K=7 | seed=145
[2026-09-19 19:53:13] DONE  refit | h=1m | student_t_state | K=7 | seed=145 | 2659.7s | converged=True
[2026-09-19 19:53:13] START refit | h=1m | student_t_state | K=7 | seed=146
[2026-09-19 20:37:10] DONE  refit | h=1m | student_t_state | K=7 | seed=146 | 2637.4s | converged=True
[2026-09-19 20:37:45] REFIT horizon 1m | student_t_state | K=7 DONE
[2026-09-19 20:37:46] REFIT horizon 2m | student_t | K=1 START
[2026-09-19 20:37:46] REFIT horizon 2m | student_t | K=1 DONE
[2026-09-19 20:37:46] REFIT horizon 2m | gaussian | K=1 START
[2026-09-19 20:37:46] REFIT horizon 2m | gaussian | K=1 DONE
[2026-09-19 20:37:46] REFIT horizon 2m | gmm | K=4 START
[2026-09-19 20:37:49] REFIT horizon 2m | gmm | K=4 DONE
[2026-09-19 20:37:49] REFIT horizon 2m | gaussian_hmm | K=7 START
[2026-09-19 20:37:49] START refit | h=2m | gaussian_hmm | K=7 | seed=142
[2026-09-19 20:54:26] DONE  refit | h=2m | gaussian_hmm | K=7 | seed=142 | 996.9s | converged=True
[2026-09-19 20:54:26] START refit | h=2m | gaussian_hmm | K=7 | seed=143
[2026-09-19 21:11:00] DONE  refit | h=2m | gaussian_hmm | K=7 | seed=143 | 994.4s | converged=True
[2026-09-19 21:11:00] START refit | h=2m | gaussian_hmm | K=7 | seed=144
[2026-09-19 21:27:43] DONE  refit | h=2m | gaussian_hmm | K=7 | seed=144 | 1003.2s | converged=True
[2026-09-19 21:27:43] START refit | h=2m | gaussian_hmm | K=7 | seed=145
[2026-09-19 21:44:17] DONE  refit | h=2m | gaussian_hmm | K=7 | seed=145 | 993.6s | converged=True
[2026-09-19 21:44:17] START refit | h=2m | gaussian_hmm | K=7 | seed=146
[2026-09-19 22:01:08] DONE  refit | h=2m | gaussian_hmm | K=7 | seed=146 | 1011.5s | converged=True
[2026-09-19 22:01:23] REFIT horizon 2m | gaussian_hmm | K=7 DONE
[2026-09-19 22:01:23] REFIT horizon 2m | student_t_shared | K=7 START
[2026-09-19 22:01:23] START refit | h=2m | student_t_shared | K=7 | seed=142
[2026-09-19 22:18:13] DONE  refit | h=2m | student_t_shared | K=7 | seed=142 | 1009.6s | converged=True
[2026-09-19 22:18:13] START refit | h=2m | student_t_shared | K=7 | seed=143
[2026-09-19 22:34:55] DONE  refit | h=2m | student_t_shared | K=7 | seed=143 | 1002.7s | converged=True
[2026-09-19 22:34:55] START refit | h=2m | student_t_shared | K=7 | seed=144
Running immutable CUDA job policy_daily__f00_01
[2026-09-20 03:52:31] LOAD source data START
[2026-09-20 03:52:32] LOAD source data DONE | rows=525,635
[2026-09-20 03:52:32] AUDIT timestamp/rollover START
[2026-09-20 03:52:32] AUDIT timestamp/rollover DONE
[2026-09-20 03:52:32] BUILD returns START | horizons=[1, 2]
[2026-09-20 03:52:43] BUILD returns DONE | 1m=518,222, 2m=258,485
Resume fold 1/2
[2026-09-20 03:52:43] FOLD 2/2 START
[2026-09-20 03:52:43] SCREEN horizon 1m START
[2026-09-20 03:52:43] SCREEN horizon 1m DONE | Gaussian-HMM K=7 | gain=0.140614
[2026-09-20 03:52:43] SCREEN horizon 2m START
[2026-09-20 03:52:43] SCREEN horizon 2m DONE | Gaussian-HMM K=7 | gain=0.119363
[2026-09-20 03:52:43] CONFIRM horizon 1m | student_t_shared START
[2026-09-20 03:52:43] CONFIRM horizon 1m | student_t_shared DONE | K=6
[2026-09-20 03:52:43] CONFIRM horizon 1m | student_t_state START
[2026-09-20 03:52:43] CONFIRM horizon 1m | student_t_state DONE | K=7
[2026-09-20 03:52:43] CONFIRM horizon 2m | student_t_shared START
[2026-09-20 03:52:43] CONFIRM horizon 2m | student_t_shared DONE | K=7
[2026-09-20 03:52:43] CONFIRM horizon 2m | student_t_state START
[2026-09-20 03:52:43] CONFIRM horizon 2m | student_t_state DONE | K=7
[2026-09-20 03:52:49] REFIT horizon 1m | student_t | K=1 START
[2026-09-20 03:52:49] REFIT horizon 1m | student_t | K=1 DONE
[2026-09-20 03:52:49] REFIT horizon 1m | gaussian | K=1 START
[2026-09-20 03:52:49] REFIT horizon 1m | gaussian | K=1 DONE
[2026-09-20 03:52:49] REFIT horizon 1m | gmm | K=5 START
[2026-09-20 03:52:49] REFIT horizon 1m | gmm | K=5 DONE
[2026-09-20 03:52:49] REFIT horizon 1m | gaussian_hmm | K=7 START
[2026-09-20 03:52:49] REFIT horizon 1m | gaussian_hmm | K=7 DONE
[2026-09-20 03:52:49] REFIT horizon 1m | student_t_shared | K=6 START
[2026-09-20 03:52:49] REFIT horizon 1m | student_t_shared | K=6 DONE
[2026-09-20 03:52:49] REFIT horizon 1m | student_t_state | K=7 START
[2026-09-20 03:52:49] REFIT horizon 1m | student_t_state | K=7 DONE
[2026-09-20 03:52:51] REFIT horizon 2m | student_t | K=1 START
[2026-09-20 03:52:51] REFIT horizon 2m | student_t | K=1 DONE
[2026-09-20 03:52:51] REFIT horizon 2m | gaussian | K=1 START
[2026-09-20 03:52:51] REFIT horizon 2m | gaussian | K=1 DONE
[2026-09-20 03:52:51] REFIT horizon 2m | gmm | K=4 START
[2026-09-20 03:52:51] REFIT horizon 2m | gmm | K=4 DONE
[2026-09-20 03:52:51] REFIT horizon 2m | gaussian_hmm | K=7 START
[2026-09-20 03:52:51] REFIT horizon 2m | gaussian_hmm | K=7 DONE
[2026-09-20 03:52:51] REFIT horizon 2m | student_t_shared | K=7 START
[2026-09-20 03:52:51] CACHE refit | h=2m | student_t_shared | K=7 | seed=142
[2026-09-20 03:52:51] CACHE refit | h=2m | student_t_shared | K=7 | seed=143
[2026-09-20 03:52:51] START refit | h=2m | student_t_shared | K=7 | seed=144
[2026-09-20 04:09:52] DONE  refit | h=2m | student_t_shared | K=7 | seed=144 | 1020.6s | converged=True
[2026-09-20 04:09:52] START refit | h=2m | student_t_shared | K=7 | seed=145
[2026-09-20 04:27:07] DONE  refit | h=2m | student_t_shared | K=7 | seed=145 | 1035.3s | converged=True
[2026-09-20 04:27:07] START refit | h=2m | student_t_shared | K=7 | seed=146
[2026-09-20 04:44:06] DONE  refit | h=2m | student_t_shared | K=7 | seed=146 | 1019.5s | converged=True
[2026-09-20 04:44:26] REFIT horizon 2m | student_t_shared | K=7 DONE
[2026-09-20 04:44:26] REFIT horizon 2m | student_t_state | K=7 START
[2026-09-20 04:44:26] START refit | h=2m | student_t_state | K=7 | seed=142
[2026-09-20 05:01:23] DONE  refit | h=2m | student_t_state | K=7 | seed=142 | 1017.4s | converged=True
[2026-09-20 05:01:23] START refit | h=2m | student_t_state | K=7 | seed=143
[2026-09-20 05:18:44] DONE  refit | h=2m | student_t_state | K=7 | seed=143 | 1040.4s | converged=True
[2026-09-20 05:18:44] START refit | h=2m | student_t_state | K=7 | seed=144
[2026-09-20 05:35:56] DONE  refit | h=2m | student_t_state | K=7 | seed=144 | 1032.6s | converged=True
[2026-09-20 05:35:56] START refit | h=2m | student_t_state | K=7 | seed=145
[2026-09-20 05:53:34] DONE  refit | h=2m | student_t_state | K=7 | seed=145 | 1058.0s | converged=True
[2026-09-20 05:53:34] START refit | h=2m | student_t_state | K=7 | seed=146
[2026-09-20 06:10:23] DONE  refit | h=2m | student_t_state | K=7 | seed=146 | 1008.8s | converged=True
[2026-09-20 06:10:42] REFIT horizon 2m | student_t_state | K=7 DONE
[2026-09-20 06:10:42] FOLD 2/2 DONE
{
  "best_gaussian_horizon": 1,
  "runner_up_horizon": 2,
  "winner_vs_runner_mean": 0.017583574375136864,
  "winner_vs_runner_ci20": [
    0.011767216815167406,
    0.02429879923835792
  ],
  "bootstrap_horizon_advantage_conclusive": true,
  "winner_practical_convergence_rate": 1.0,
  "winner_k_upper_boundary_rate": 1.0,
  "preferred_research_horizon": 1,
  "lock_configuration_for_v1": false,
  "decision_vi": "\u01afu ti\u00ean khung 1 ph\u00fat, nh\u01b0ng ch\u01b0a kh\u00f3a c\u1ea5u h\u00ecnh cho v1 v\u00ec c\u1ed5ng K/h\u1ed9i t\u1ee5 ch\u01b0a \u0111\u1ea1t.",
  "best_mean_hmm_family": "student_t_shared",
  "preferred_hmm_family": "student_t_shared",
  "family_gain_vs_gaussian_ci20": [
    0.004651797431000072,
    0.010793537742091243
  ],
  "heavy_tail_replacement_conclusive": true,
  "family_fold_counts": {
    "student_t_shared": 2,
    "student_t_state": 2,
    "gaussian_hmm": 2
  }
}
Report: C:\Users\Admin\Downloads\ARSH_v0.5_CUDA_worker\runs_v05_revised\policy_daily\policy_daily__f00_01\report.html
