Running immutable CUDA job policy_session__f00_01
[2026-09-20 07:45:55] LOAD source data START
[2026-09-20 07:45:56] LOAD source data DONE | rows=525,635
[2026-09-20 07:45:56] AUDIT timestamp/rollover START
[2026-09-20 07:45:56] AUDIT timestamp/rollover DONE
[2026-09-20 07:45:56] BUILD returns START | horizons=[1, 2]
[2026-09-20 07:46:13] BUILD returns DONE | 1m=518,222, 2m=258,485
[2026-09-20 07:46:13] FOLD 1/2 START
[2026-09-20 07:46:13] SCREEN horizon 1m START
[2026-09-20 07:46:18] START screen_selection | h=1m | gmm | K=2
[2026-09-20 07:46:19] DONE  screen_selection | h=1m | gmm | K=2 | 1.7s
[2026-09-20 07:46:19] START screen_selection | h=1m | gmm | K=3
[2026-09-20 07:46:22] DONE  screen_selection | h=1m | gmm | K=3 | 3.0s
[2026-09-20 07:46:22] START screen_selection | h=1m | gmm | K=4
[2026-09-20 07:46:27] DONE  screen_selection | h=1m | gmm | K=4 | 4.4s
[2026-09-20 07:46:27] START screen_selection | h=1m | gmm | K=5
[2026-09-20 07:46:29] DONE  screen_selection | h=1m | gmm | K=5 | 2.0s
[2026-09-20 07:46:29] START screen_selection | h=1m | gmm | K=6
[2026-09-20 07:46:31] DONE  screen_selection | h=1m | gmm | K=6 | 2.1s
[2026-09-20 07:46:31] START screen_selection | h=1m | gmm | K=7
[2026-09-20 07:46:35] DONE  screen_selection | h=1m | gmm | K=7 | 4.1s
[2026-09-20 07:46:35] START screen_selection | h=1m | gaussian_hmm | K=2 | seed=42
[2026-09-20 07:50:31] DONE  screen_selection | h=1m | gaussian_hmm | K=2 | seed=42 | 236.3s | converged=True
[2026-09-20 07:50:31] START screen_selection | h=1m | gaussian_hmm | K=2 | seed=43
[2026-09-20 07:53:52] DONE  screen_selection | h=1m | gaussian_hmm | K=2 | seed=43 | 200.3s | converged=True
[2026-09-20 07:53:52] START screen_selection | h=1m | gaussian_hmm | K=2 | seed=44
[2026-09-20 07:57:21] DONE  screen_selection | h=1m | gaussian_hmm | K=2 | seed=44 | 209.5s | converged=True
[2026-09-20 07:57:50] START screen_selection | h=1m | gaussian_hmm | K=3 | seed=42
[2026-09-20 08:05:31] DONE  screen_selection | h=1m | gaussian_hmm | K=3 | seed=42 | 461.4s | converged=True
[2026-09-20 08:05:31] START screen_selection | h=1m | gaussian_hmm | K=3 | seed=43
[2026-09-20 08:13:45] DONE  screen_selection | h=1m | gaussian_hmm | K=3 | seed=43 | 493.6s | converged=True
[2026-09-20 08:13:45] START screen_selection | h=1m | gaussian_hmm | K=3 | seed=44
[2026-09-20 08:21:28] DONE  screen_selection | h=1m | gaussian_hmm | K=3 | seed=44 | 463.0s | converged=True
[2026-09-20 08:22:02] START screen_selection | h=1m | gaussian_hmm | K=4 | seed=42
[2026-09-20 08:35:09] DONE  screen_selection | h=1m | gaussian_hmm | K=4 | seed=42 | 786.7s | converged=False
[2026-09-20 08:35:09] START screen_selection | h=1m | gaussian_hmm | K=4 | seed=43
[2026-09-20 08:48:28] DONE  screen_selection | h=1m | gaussian_hmm | K=4 | seed=43 | 798.9s | converged=True
[2026-09-20 08:48:28] START screen_selection | h=1m | gaussian_hmm | K=4 | seed=44
[2026-09-20 09:01:34] DONE  screen_selection | h=1m | gaussian_hmm | K=4 | seed=44 | 785.7s | converged=False
[2026-09-20 09:02:09] START screen_selection | h=1m | gaussian_hmm | K=5 | seed=42
[2026-09-20 09:15:17] DONE  screen_selection | h=1m | gaussian_hmm | K=5 | seed=42 | 788.2s | converged=False
[2026-09-20 09:15:17] START screen_selection | h=1m | gaussian_hmm | K=5 | seed=43
[2026-09-20 09:28:33] DONE  screen_selection | h=1m | gaussian_hmm | K=5 | seed=43 | 795.8s | converged=False
[2026-09-20 09:28:33] START screen_selection | h=1m | gaussian_hmm | K=5 | seed=44
[2026-09-20 09:41:42] DONE  screen_selection | h=1m | gaussian_hmm | K=5 | seed=44 | 788.6s | converged=False
[2026-09-20 09:42:12] START screen_selection | h=1m | gaussian_hmm | K=6 | seed=42
[2026-09-20 09:55:10] DONE  screen_selection | h=1m | gaussian_hmm | K=6 | seed=42 | 778.0s | converged=True
[2026-09-20 09:55:10] START screen_selection | h=1m | gaussian_hmm | K=6 | seed=43
[2026-09-20 10:08:08] DONE  screen_selection | h=1m | gaussian_hmm | K=6 | seed=43 | 778.5s | converged=True
[2026-09-20 10:08:08] START screen_selection | h=1m | gaussian_hmm | K=6 | seed=44
[2026-09-20 10:20:57] DONE  screen_selection | h=1m | gaussian_hmm | K=6 | seed=44 | 768.7s | converged=True
[2026-09-20 10:21:25] START screen_selection | h=1m | gaussian_hmm | K=7 | seed=42
[2026-09-20 10:34:23] DONE  screen_selection | h=1m | gaussian_hmm | K=7 | seed=42 | 778.7s | converged=True
[2026-09-20 10:34:23] START screen_selection | h=1m | gaussian_hmm | K=7 | seed=43
[2026-09-20 10:47:17] DONE  screen_selection | h=1m | gaussian_hmm | K=7 | seed=43 | 773.4s | converged=True
[2026-09-20 10:47:17] START screen_selection | h=1m | gaussian_hmm | K=7 | seed=44
[2026-09-20 11:00:14] DONE  screen_selection | h=1m | gaussian_hmm | K=7 | seed=44 | 776.7s | converged=True
[2026-09-20 11:00:44] SCREEN horizon 1m DONE | Gaussian-HMM K=7 | gain=0.211599
[2026-09-20 11:00:44] SCREEN horizon 2m START
[2026-09-20 11:00:45] START screen_selection | h=2m | gmm | K=2
[2026-09-20 11:00:46] DONE  screen_selection | h=2m | gmm | K=2 | 0.5s
[2026-09-20 11:00:46] START screen_selection | h=2m | gmm | K=3
[2026-09-20 11:00:47] DONE  screen_selection | h=2m | gmm | K=3 | 0.7s
[2026-09-20 11:00:47] START screen_selection | h=2m | gmm | K=4
[2026-09-20 11:00:48] DONE  screen_selection | h=2m | gmm | K=4 | 1.0s
[2026-09-20 11:00:48] START screen_selection | h=2m | gmm | K=5
[2026-09-20 11:00:49] DONE  screen_selection | h=2m | gmm | K=5 | 1.0s
[2026-09-20 11:00:49] START screen_selection | h=2m | gmm | K=6
[2026-09-20 11:00:50] DONE  screen_selection | h=2m | gmm | K=6 | 1.3s
[2026-09-20 11:00:50] START screen_selection | h=2m | gmm | K=7
[2026-09-20 11:00:51] DONE  screen_selection | h=2m | gmm | K=7 | 1.6s
[2026-09-20 11:00:51] START screen_selection | h=2m | gaussian_hmm | K=2 | seed=42
[2026-09-20 11:02:02] DONE  screen_selection | h=2m | gaussian_hmm | K=2 | seed=42 | 70.1s | converged=True
[2026-09-20 11:02:02] START screen_selection | h=2m | gaussian_hmm | K=2 | seed=43
[2026-09-20 11:03:12] DONE  screen_selection | h=2m | gaussian_hmm | K=2 | seed=43 | 70.9s | converged=True
[2026-09-20 11:03:12] START screen_selection | h=2m | gaussian_hmm | K=2 | seed=44
[2026-09-20 11:04:21] DONE  screen_selection | h=2m | gaussian_hmm | K=2 | seed=44 | 68.2s | converged=True
[2026-09-20 11:04:35] START screen_selection | h=2m | gaussian_hmm | K=3 | seed=42
[2026-09-20 11:07:11] DONE  screen_selection | h=2m | gaussian_hmm | K=3 | seed=42 | 156.1s | converged=True
[2026-09-20 11:07:11] START screen_selection | h=2m | gaussian_hmm | K=3 | seed=43
[2026-09-20 11:09:49] DONE  screen_selection | h=2m | gaussian_hmm | K=3 | seed=43 | 157.8s | converged=True
[2026-09-20 11:09:49] START screen_selection | h=2m | gaussian_hmm | K=3 | seed=44
[2026-09-20 11:12:25] DONE  screen_selection | h=2m | gaussian_hmm | K=3 | seed=44 | 156.9s | converged=True
[2026-09-20 11:12:39] START screen_selection | h=2m | gaussian_hmm | K=4 | seed=42
[2026-09-20 11:17:00] DONE  screen_selection | h=2m | gaussian_hmm | K=4 | seed=42 | 260.7s | converged=True
[2026-09-20 11:17:00] START screen_selection | h=2m | gaussian_hmm | K=4 | seed=43
[2026-09-20 11:21:29] DONE  screen_selection | h=2m | gaussian_hmm | K=4 | seed=43 | 269.2s | converged=False
[2026-09-20 11:21:29] START screen_selection | h=2m | gaussian_hmm | K=4 | seed=44
[2026-09-20 11:25:50] DONE  screen_selection | h=2m | gaussian_hmm | K=4 | seed=44 | 260.9s | converged=True
[2026-09-20 11:26:07] START screen_selection | h=2m | gaussian_hmm | K=5 | seed=42
[2026-09-20 11:30:32] DONE  screen_selection | h=2m | gaussian_hmm | K=5 | seed=42 | 265.3s | converged=True
[2026-09-20 11:30:32] START screen_selection | h=2m | gaussian_hmm | K=5 | seed=43
[2026-09-20 11:34:53] DONE  screen_selection | h=2m | gaussian_hmm | K=5 | seed=43 | 260.9s | converged=True
[2026-09-20 11:34:53] START screen_selection | h=2m | gaussian_hmm | K=5 | seed=44
[2026-09-20 11:39:40] DONE  screen_selection | h=2m | gaussian_hmm | K=5 | seed=44 | 286.3s | converged=True
[2026-09-20 11:40:00] START screen_selection | h=2m | gaussian_hmm | K=6 | seed=42
[2026-09-20 11:44:16] DONE  screen_selection | h=2m | gaussian_hmm | K=6 | seed=42 | 256.4s | converged=True
[2026-09-20 11:44:16] START screen_selection | h=2m | gaussian_hmm | K=6 | seed=43
[2026-09-20 11:49:00] DONE  screen_selection | h=2m | gaussian_hmm | K=6 | seed=43 | 283.6s | converged=True
[2026-09-20 11:49:00] START screen_selection | h=2m | gaussian_hmm | K=6 | seed=44
[2026-09-20 11:53:31] DONE  screen_selection | h=2m | gaussian_hmm | K=6 | seed=44 | 271.4s | converged=True
[2026-09-20 11:53:45] START screen_selection | h=2m | gaussian_hmm | K=7 | seed=42
[2026-09-20 11:58:29] DONE  screen_selection | h=2m | gaussian_hmm | K=7 | seed=42 | 284.0s | converged=True
[2026-09-20 11:58:29] START screen_selection | h=2m | gaussian_hmm | K=7 | seed=43
[2026-09-20 12:02:51] DONE  screen_selection | h=2m | gaussian_hmm | K=7 | seed=43 | 262.1s | converged=True
[2026-09-20 12:02:51] START screen_selection | h=2m | gaussian_hmm | K=7 | seed=44
[2026-09-20 12:07:27] DONE  screen_selection | h=2m | gaussian_hmm | K=7 | seed=44 | 275.4s | converged=False
[2026-09-20 12:07:42] SCREEN horizon 2m DONE | Gaussian-HMM K=7 | gain=0.178341
[2026-09-20 12:07:42] CONFIRM horizon 1m | student_t_shared START
[2026-09-20 12:07:43] START confirm_selection | h=1m | student_t_shared | K=2 | seed=62
[2026-09-20 12:20:29] DONE  confirm_selection | h=1m | student_t_shared | K=2 | seed=62 | 765.9s | converged=True
[2026-09-20 12:20:29] START confirm_selection | h=1m | student_t_shared | K=2 | seed=63
[2026-09-20 12:32:49] DONE  confirm_selection | h=1m | student_t_shared | K=2 | seed=63 | 740.0s | converged=True
[2026-09-20 12:32:49] START confirm_selection | h=1m | student_t_shared | K=2 | seed=64
[2026-09-20 12:45:10] DONE  confirm_selection | h=1m | student_t_shared | K=2 | seed=64 | 740.9s | converged=True
[2026-09-20 12:45:45] START confirm_selection | h=1m | student_t_shared | K=3 | seed=62
[2026-09-20 12:58:52] DONE  confirm_selection | h=1m | student_t_shared | K=3 | seed=62 | 787.0s | converged=False
[2026-09-20 12:58:52] START confirm_selection | h=1m | student_t_shared | K=3 | seed=63
[2026-09-20 13:12:08] DONE  confirm_selection | h=1m | student_t_shared | K=3 | seed=63 | 796.7s | converged=False
[2026-09-20 13:12:08] START confirm_selection | h=1m | student_t_shared | K=3 | seed=64
[2026-09-20 13:25:37] DONE  confirm_selection | h=1m | student_t_shared | K=3 | seed=64 | 808.6s | converged=False
[2026-09-20 13:26:16] START confirm_selection | h=1m | student_t_shared | K=4 | seed=62
[2026-09-20 13:39:12] DONE  confirm_selection | h=1m | student_t_shared | K=4 | seed=62 | 776.8s | converged=True
[2026-09-20 13:39:12] START confirm_selection | h=1m | student_t_shared | K=4 | seed=63
[2026-09-20 13:52:47] DONE  confirm_selection | h=1m | student_t_shared | K=4 | seed=63 | 814.6s | converged=True
[2026-09-20 13:52:47] START confirm_selection | h=1m | student_t_shared | K=4 | seed=64
[2026-09-20 14:05:56] DONE  confirm_selection | h=1m | student_t_shared | K=4 | seed=64 | 789.0s | converged=True
[2026-09-20 14:06:29] START confirm_selection | h=1m | student_t_shared | K=5 | seed=62
[2026-09-20 14:20:06] DONE  confirm_selection | h=1m | student_t_shared | K=5 | seed=62 | 816.8s | converged=True
[2026-09-20 14:20:06] START confirm_selection | h=1m | student_t_shared | K=5 | seed=63
[2026-09-20 14:33:28] DONE  confirm_selection | h=1m | student_t_shared | K=5 | seed=63 | 801.2s | converged=True
[2026-09-20 14:33:28] START confirm_selection | h=1m | student_t_shared | K=5 | seed=64
[2026-09-20 14:46:53] DONE  confirm_selection | h=1m | student_t_shared | K=5 | seed=64 | 805.7s | converged=True
[2026-09-20 14:47:26] START confirm_selection | h=1m | student_t_shared | K=6 | seed=62
[2026-09-20 15:01:30] DONE  confirm_selection | h=1m | student_t_shared | K=6 | seed=62 | 843.7s | converged=False
[2026-09-20 15:01:30] START confirm_selection | h=1m | student_t_shared | K=6 | seed=63
Running immutable CUDA job policy_session__f00_01
[2026-09-20 17:48:53] LOAD source data START
[2026-09-20 17:48:54] LOAD source data DONE | rows=525,635
[2026-09-20 17:48:54] AUDIT timestamp/rollover START
[2026-09-20 17:48:54] AUDIT timestamp/rollover DONE
[2026-09-20 17:48:54] BUILD returns START | horizons=[1, 2]
[2026-09-20 17:49:08] BUILD returns DONE | 1m=518,222, 2m=258,485
[2026-09-20 17:49:08] FOLD 1/2 START
[2026-09-20 17:49:08] SCREEN horizon 1m START
[2026-09-20 17:49:08] SCREEN horizon 1m DONE | Gaussian-HMM K=7 | gain=0.211599
[2026-09-20 17:49:08] SCREEN horizon 2m START
[2026-09-20 17:49:08] SCREEN horizon 2m DONE | Gaussian-HMM K=7 | gain=0.178341
[2026-09-20 17:49:08] CONFIRM horizon 1m | student_t_shared START
[2026-09-20 17:49:09] CACHE confirm_selection | h=1m | student_t_shared | K=2 | seed=62
[2026-09-20 17:49:09] CACHE confirm_selection | h=1m | student_t_shared | K=2 | seed=63
[2026-09-20 17:49:09] CACHE confirm_selection | h=1m | student_t_shared | K=2 | seed=64
[2026-09-20 17:49:48] CACHE confirm_selection | h=1m | student_t_shared | K=3 | seed=62
[2026-09-20 17:49:48] CACHE confirm_selection | h=1m | student_t_shared | K=3 | seed=63
[2026-09-20 17:49:48] CACHE confirm_selection | h=1m | student_t_shared | K=3 | seed=64
[2026-09-20 17:50:21] CACHE confirm_selection | h=1m | student_t_shared | K=4 | seed=62
[2026-09-20 17:50:21] CACHE confirm_selection | h=1m | student_t_shared | K=4 | seed=63
[2026-09-20 17:50:21] CACHE confirm_selection | h=1m | student_t_shared | K=4 | seed=64
[2026-09-20 17:51:00] CACHE confirm_selection | h=1m | student_t_shared | K=5 | seed=62
[2026-09-20 17:51:00] CACHE confirm_selection | h=1m | student_t_shared | K=5 | seed=63
[2026-09-20 17:51:00] CACHE confirm_selection | h=1m | student_t_shared | K=5 | seed=64
[2026-09-20 17:51:36] CACHE confirm_selection | h=1m | student_t_shared | K=6 | seed=62
[2026-09-20 17:51:36] START confirm_selection | h=1m | student_t_shared | K=6 | seed=63
[2026-09-20 18:06:50] DONE  confirm_selection | h=1m | student_t_shared | K=6 | seed=63 | 913.3s | converged=False
[2026-09-20 18:06:50] START confirm_selection | h=1m | student_t_shared | K=6 | seed=64
[2026-09-20 18:21:36] DONE  confirm_selection | h=1m | student_t_shared | K=6 | seed=64 | 886.6s | converged=False
[2026-09-20 18:22:11] START confirm_selection | h=1m | student_t_shared | K=7 | seed=62
[2026-09-20 18:36:44] DONE  confirm_selection | h=1m | student_t_shared | K=7 | seed=62 | 873.4s | converged=False
[2026-09-20 18:36:44] START confirm_selection | h=1m | student_t_shared | K=7 | seed=63
[2026-09-20 18:51:27] DONE  confirm_selection | h=1m | student_t_shared | K=7 | seed=63 | 882.8s | converged=False
[2026-09-20 18:51:27] START confirm_selection | h=1m | student_t_shared | K=7 | seed=64
[2026-09-20 19:06:17] DONE  confirm_selection | h=1m | student_t_shared | K=7 | seed=64 | 890.3s | converged=False
[2026-09-20 19:06:54] CONFIRM horizon 1m | student_t_shared DONE | K=7
[2026-09-20 19:06:54] CONFIRM horizon 1m | student_t_state START
[2026-09-20 19:06:54] START confirm_selection | h=1m | student_t_state | K=2 | seed=62
[2026-09-20 19:21:13] DONE  confirm_selection | h=1m | student_t_state | K=2 | seed=62 | 859.0s | converged=True
[2026-09-20 19:21:13] START confirm_selection | h=1m | student_t_state | K=2 | seed=63
[2026-09-20 19:35:53] DONE  confirm_selection | h=1m | student_t_state | K=2 | seed=63 | 880.0s | converged=True
[2026-09-20 19:35:53] START confirm_selection | h=1m | student_t_state | K=2 | seed=64
[2026-09-20 19:50:26] DONE  confirm_selection | h=1m | student_t_state | K=2 | seed=64 | 873.2s | converged=True
[2026-09-20 19:51:12] START confirm_selection | h=1m | student_t_state | K=3 | seed=62
[2026-09-20 20:05:37] DONE  confirm_selection | h=1m | student_t_state | K=3 | seed=62 | 865.2s | converged=True
[2026-09-20 20:05:37] START confirm_selection | h=1m | student_t_state | K=3 | seed=63
[2026-09-20 20:20:10] DONE  confirm_selection | h=1m | student_t_state | K=3 | seed=63 | 872.7s | converged=True
[2026-09-20 20:20:10] START confirm_selection | h=1m | student_t_state | K=3 | seed=64
[2026-09-20 20:34:58] DONE  confirm_selection | h=1m | student_t_state | K=3 | seed=64 | 887.9s | converged=True
[2026-09-20 20:35:41] START confirm_selection | h=1m | student_t_state | K=4 | seed=62
[2026-09-20 20:49:47] DONE  confirm_selection | h=1m | student_t_state | K=4 | seed=62 | 846.1s | converged=False
[2026-09-20 20:49:47] START confirm_selection | h=1m | student_t_state | K=4 | seed=63
[2026-09-20 21:04:11] DONE  confirm_selection | h=1m | student_t_state | K=4 | seed=63 | 864.5s | converged=False
[2026-09-20 21:04:11] START confirm_selection | h=1m | student_t_state | K=4 | seed=64
[2026-09-20 21:17:49] DONE  confirm_selection | h=1m | student_t_state | K=4 | seed=64 | 817.1s | converged=False
[2026-09-20 21:18:20] START confirm_selection | h=1m | student_t_state | K=5 | seed=62
[2026-09-20 21:29:28] DONE  confirm_selection | h=1m | student_t_state | K=5 | seed=62 | 667.9s | converged=True
[2026-09-20 21:29:28] START confirm_selection | h=1m | student_t_state | K=5 | seed=63
[2026-09-20 21:40:42] DONE  confirm_selection | h=1m | student_t_state | K=5 | seed=63 | 673.6s | converged=True
[2026-09-20 21:40:42] START confirm_selection | h=1m | student_t_state | K=5 | seed=64
[2026-09-20 21:51:56] DONE  confirm_selection | h=1m | student_t_state | K=5 | seed=64 | 674.4s | converged=True
[2026-09-20 21:52:29] START confirm_selection | h=1m | student_t_state | K=6 | seed=62
[2026-09-20 22:03:50] DONE  confirm_selection | h=1m | student_t_state | K=6 | seed=62 | 681.4s | converged=True
[2026-09-20 22:03:50] START confirm_selection | h=1m | student_t_state | K=6 | seed=63
[2026-09-20 22:15:00] DONE  confirm_selection | h=1m | student_t_state | K=6 | seed=63 | 670.1s | converged=True
[2026-09-20 22:15:00] START confirm_selection | h=1m | student_t_state | K=6 | seed=64
[2026-09-20 22:26:23] DONE  confirm_selection | h=1m | student_t_state | K=6 | seed=64 | 683.1s | converged=True
[2026-09-20 22:26:54] START confirm_selection | h=1m | student_t_state | K=7 | seed=62
[2026-09-20 22:38:12] DONE  confirm_selection | h=1m | student_t_state | K=7 | seed=62 | 677.4s | converged=False
[2026-09-20 22:38:12] START confirm_selection | h=1m | student_t_state | K=7 | seed=63
Running immutable CUDA job policy_session__f00_01
[2026-09-21 02:55:30] LOAD source data START
[2026-09-21 02:55:31] LOAD source data DONE | rows=525,635
[2026-09-21 02:55:31] AUDIT timestamp/rollover START
[2026-09-21 02:55:31] AUDIT timestamp/rollover DONE
[2026-09-21 02:55:31] BUILD returns START | horizons=[1, 2]
[2026-09-21 02:55:43] BUILD returns DONE | 1m=518,222, 2m=258,485
[2026-09-21 02:55:44] FOLD 1/2 START
[2026-09-21 02:55:44] SCREEN horizon 1m START
[2026-09-21 02:55:44] SCREEN horizon 1m DONE | Gaussian-HMM K=7 | gain=0.211599
[2026-09-21 02:55:44] SCREEN horizon 2m START
[2026-09-21 02:55:44] SCREEN horizon 2m DONE | Gaussian-HMM K=7 | gain=0.178341
[2026-09-21 02:55:44] CONFIRM horizon 1m | student_t_shared START
[2026-09-21 02:55:44] CONFIRM horizon 1m | student_t_shared DONE | K=7
[2026-09-21 02:55:44] CONFIRM horizon 1m | student_t_state START
[2026-09-21 02:55:44] CACHE confirm_selection | h=1m | student_t_state | K=2 | seed=62
[2026-09-21 02:55:44] CACHE confirm_selection | h=1m | student_t_state | K=2 | seed=63
[2026-09-21 02:55:44] CACHE confirm_selection | h=1m | student_t_state | K=2 | seed=64
[2026-09-21 02:56:27] CACHE confirm_selection | h=1m | student_t_state | K=3 | seed=62
[2026-09-21 02:56:27] CACHE confirm_selection | h=1m | student_t_state | K=3 | seed=63
[2026-09-21 02:56:27] CACHE confirm_selection | h=1m | student_t_state | K=3 | seed=64
[2026-09-21 02:57:04] CACHE confirm_selection | h=1m | student_t_state | K=4 | seed=62
[2026-09-21 02:57:04] CACHE confirm_selection | h=1m | student_t_state | K=4 | seed=63
[2026-09-21 02:57:04] CACHE confirm_selection | h=1m | student_t_state | K=4 | seed=64
[2026-09-21 02:57:40] CACHE confirm_selection | h=1m | student_t_state | K=5 | seed=62
[2026-09-21 02:57:40] CACHE confirm_selection | h=1m | student_t_state | K=5 | seed=63
[2026-09-21 02:57:40] CACHE confirm_selection | h=1m | student_t_state | K=5 | seed=64
[2026-09-21 02:58:21] CACHE confirm_selection | h=1m | student_t_state | K=6 | seed=62
[2026-09-21 02:58:21] CACHE confirm_selection | h=1m | student_t_state | K=6 | seed=63
[2026-09-21 02:58:21] CACHE confirm_selection | h=1m | student_t_state | K=6 | seed=64
[2026-09-21 02:59:02] CACHE confirm_selection | h=1m | student_t_state | K=7 | seed=62
[2026-09-21 02:59:02] START confirm_selection | h=1m | student_t_state | K=7 | seed=63
[2026-09-21 03:10:36] DONE  confirm_selection | h=1m | student_t_state | K=7 | seed=63 | 694.0s | converged=False
[2026-09-21 03:10:36] START confirm_selection | h=1m | student_t_state | K=7 | seed=64
[2026-09-21 03:21:53] DONE  confirm_selection | h=1m | student_t_state | K=7 | seed=64 | 677.0s | converged=False
[2026-09-21 03:22:35] CONFIRM horizon 1m | student_t_state DONE | K=7
[2026-09-21 03:22:35] CONFIRM horizon 2m | student_t_shared START
[2026-09-21 03:22:35] START confirm_selection | h=2m | student_t_shared | K=2 | seed=62
[2026-09-21 03:26:14] DONE  confirm_selection | h=2m | student_t_shared | K=2 | seed=62 | 218.3s | converged=True
[2026-09-21 03:26:14] START confirm_selection | h=2m | student_t_shared | K=2 | seed=63
[2026-09-21 03:29:46] DONE  confirm_selection | h=2m | student_t_shared | K=2 | seed=63 | 212.3s | converged=True
[2026-09-21 03:29:46] START confirm_selection | h=2m | student_t_shared | K=2 | seed=64
[2026-09-21 03:33:11] DONE  confirm_selection | h=2m | student_t_shared | K=2 | seed=64 | 205.5s | converged=True
[2026-09-21 03:33:28] START confirm_selection | h=2m | student_t_shared | K=3 | seed=62
[2026-09-21 03:37:19] DONE  confirm_selection | h=2m | student_t_shared | K=3 | seed=62 | 231.1s | converged=False
[2026-09-21 03:37:19] START confirm_selection | h=2m | student_t_shared | K=3 | seed=63
[2026-09-21 03:41:17] DONE  confirm_selection | h=2m | student_t_shared | K=3 | seed=63 | 237.8s | converged=False
[2026-09-21 03:41:17] START confirm_selection | h=2m | student_t_shared | K=3 | seed=64
[2026-09-21 03:45:07] DONE  confirm_selection | h=2m | student_t_shared | K=3 | seed=64 | 230.2s | converged=False
[2026-09-21 03:45:26] START confirm_selection | h=2m | student_t_shared | K=4 | seed=62
[2026-09-21 03:49:34] DONE  confirm_selection | h=2m | student_t_shared | K=4 | seed=62 | 247.7s | converged=False
[2026-09-21 03:49:34] START confirm_selection | h=2m | student_t_shared | K=4 | seed=63
[2026-09-21 03:53:28] DONE  confirm_selection | h=2m | student_t_shared | K=4 | seed=63 | 234.1s | converged=False
[2026-09-21 03:53:28] START confirm_selection | h=2m | student_t_shared | K=4 | seed=64
[2026-09-21 03:57:34] DONE  confirm_selection | h=2m | student_t_shared | K=4 | seed=64 | 246.4s | converged=False
[2026-09-21 03:57:57] START confirm_selection | h=2m | student_t_shared | K=5 | seed=62
[2026-09-21 04:02:00] DONE  confirm_selection | h=2m | student_t_shared | K=5 | seed=62 | 242.6s | converged=False
[2026-09-21 04:02:00] START confirm_selection | h=2m | student_t_shared | K=5 | seed=63
[2026-09-21 04:06:01] DONE  confirm_selection | h=2m | student_t_shared | K=5 | seed=63 | 241.5s | converged=False
[2026-09-21 04:06:01] START confirm_selection | h=2m | student_t_shared | K=5 | seed=64
[2026-09-21 04:09:53] DONE  confirm_selection | h=2m | student_t_shared | K=5 | seed=64 | 231.8s | converged=False
[2026-09-21 04:10:15] START confirm_selection | h=2m | student_t_shared | K=6 | seed=62
[2026-09-21 04:14:15] DONE  confirm_selection | h=2m | student_t_shared | K=6 | seed=62 | 239.9s | converged=True
[2026-09-21 04:14:15] START confirm_selection | h=2m | student_t_shared | K=6 | seed=63
[2026-09-21 04:18:21] DONE  confirm_selection | h=2m | student_t_shared | K=6 | seed=63 | 245.8s | converged=False
[2026-09-21 04:18:21] START confirm_selection | h=2m | student_t_shared | K=6 | seed=64
[2026-09-21 04:22:32] DONE  confirm_selection | h=2m | student_t_shared | K=6 | seed=64 | 250.6s | converged=True
[2026-09-21 04:22:50] START confirm_selection | h=2m | student_t_shared | K=7 | seed=62
[2026-09-21 04:26:42] DONE  confirm_selection | h=2m | student_t_shared | K=7 | seed=62 | 231.8s | converged=False
[2026-09-21 04:26:42] START confirm_selection | h=2m | student_t_shared | K=7 | seed=63
[2026-09-21 04:30:44] DONE  confirm_selection | h=2m | student_t_shared | K=7 | seed=63 | 241.9s | converged=False
[2026-09-21 04:30:44] START confirm_selection | h=2m | student_t_shared | K=7 | seed=64
[2026-09-21 04:34:53] DONE  confirm_selection | h=2m | student_t_shared | K=7 | seed=64 | 249.1s | converged=False
[2026-09-21 04:35:16] CONFIRM horizon 2m | student_t_shared DONE | K=7
[2026-09-21 04:35:16] CONFIRM horizon 2m | student_t_state START
[2026-09-21 04:35:16] START confirm_selection | h=2m | student_t_state | K=2 | seed=62
[2026-09-21 04:39:03] DONE  confirm_selection | h=2m | student_t_state | K=2 | seed=62 | 226.5s | converged=True
[2026-09-21 04:39:03] START confirm_selection | h=2m | student_t_state | K=2 | seed=63
[2026-09-21 04:43:02] DONE  confirm_selection | h=2m | student_t_state | K=2 | seed=63 | 239.0s | converged=True
[2026-09-21 04:43:02] START confirm_selection | h=2m | student_t_state | K=2 | seed=64
[2026-09-21 04:46:54] DONE  confirm_selection | h=2m | student_t_state | K=2 | seed=64 | 232.7s | converged=True
[2026-09-21 04:47:14] START confirm_selection | h=2m | student_t_state | K=3 | seed=62
[2026-09-21 04:51:13] DONE  confirm_selection | h=2m | student_t_state | K=3 | seed=62 | 238.5s | converged=True
[2026-09-21 04:51:13] START confirm_selection | h=2m | student_t_state | K=3 | seed=63
[2026-09-21 04:55:00] DONE  confirm_selection | h=2m | student_t_state | K=3 | seed=63 | 227.0s | converged=True
[2026-09-21 04:55:00] START confirm_selection | h=2m | student_t_state | K=3 | seed=64
[2026-09-21 04:58:53] DONE  confirm_selection | h=2m | student_t_state | K=3 | seed=64 | 233.9s | converged=True
[2026-09-21 04:59:16] START confirm_selection | h=2m | student_t_state | K=4 | seed=62
[2026-09-21 05:02:55] DONE  confirm_selection | h=2m | student_t_state | K=4 | seed=62 | 219.4s | converged=False
[2026-09-21 05:02:55] START confirm_selection | h=2m | student_t_state | K=4 | seed=63
[2026-09-21 05:06:59] DONE  confirm_selection | h=2m | student_t_state | K=4 | seed=63 | 243.6s | converged=False
[2026-09-21 05:06:59] START confirm_selection | h=2m | student_t_state | K=4 | seed=64
[2026-09-21 05:10:59] DONE  confirm_selection | h=2m | student_t_state | K=4 | seed=64 | 240.4s | converged=False
[2026-09-21 05:11:20] START confirm_selection | h=2m | student_t_state | K=5 | seed=62
[2026-09-21 05:15:21] DONE  confirm_selection | h=2m | student_t_state | K=5 | seed=62 | 240.7s | converged=True
[2026-09-21 05:15:21] START confirm_selection | h=2m | student_t_state | K=5 | seed=63
[2026-09-21 05:19:21] DONE  confirm_selection | h=2m | student_t_state | K=5 | seed=63 | 240.1s | converged=True
[2026-09-21 05:19:21] START confirm_selection | h=2m | student_t_state | K=5 | seed=64
[2026-09-21 05:23:18] DONE  confirm_selection | h=2m | student_t_state | K=5 | seed=64 | 237.1s | converged=True
[2026-09-21 05:23:38] START confirm_selection | h=2m | student_t_state | K=6 | seed=62
[2026-09-21 05:27:48] DONE  confirm_selection | h=2m | student_t_state | K=6 | seed=62 | 250.0s | converged=True
[2026-09-21 05:27:48] START confirm_selection | h=2m | student_t_state | K=6 | seed=63
[2026-09-21 05:31:49] DONE  confirm_selection | h=2m | student_t_state | K=6 | seed=63 | 241.1s | converged=False
[2026-09-21 05:31:49] START confirm_selection | h=2m | student_t_state | K=6 | seed=64
[2026-09-21 05:36:03] DONE  confirm_selection | h=2m | student_t_state | K=6 | seed=64 | 254.6s | converged=True
[2026-09-21 05:36:23] START confirm_selection | h=2m | student_t_state | K=7 | seed=62
[2026-09-21 05:40:23] DONE  confirm_selection | h=2m | student_t_state | K=7 | seed=62 | 240.2s | converged=False
[2026-09-21 05:40:23] START confirm_selection | h=2m | student_t_state | K=7 | seed=63
[2026-09-21 05:44:07] DONE  confirm_selection | h=2m | student_t_state | K=7 | seed=63 | 223.9s | converged=False
[2026-09-21 05:44:07] START confirm_selection | h=2m | student_t_state | K=7 | seed=64
[2026-09-21 05:47:57] DONE  confirm_selection | h=2m | student_t_state | K=7 | seed=64 | 230.1s | converged=False
[2026-09-21 05:48:14] CONFIRM horizon 2m | student_t_state DONE | K=7
[2026-09-21 05:48:24] REFIT horizon 1m | student_t | K=1 START
[2026-09-21 05:48:24] REFIT horizon 1m | student_t | K=1 DONE
[2026-09-21 05:48:24] REFIT horizon 1m | gaussian | K=1 START
[2026-09-21 05:48:24] REFIT horizon 1m | gaussian | K=1 DONE
[2026-09-21 05:48:24] REFIT horizon 1m | gmm | K=4 START
[2026-09-21 05:48:31] REFIT horizon 1m | gmm | K=4 DONE
[2026-09-21 05:48:31] REFIT horizon 1m | gaussian_hmm | K=7 START
[2026-09-21 05:48:31] START refit | h=1m | gaussian_hmm | K=7 | seed=142
[2026-09-21 06:24:19] DONE  refit | h=1m | gaussian_hmm | K=7 | seed=142 | 2147.8s | converged=True
[2026-09-21 06:24:19] START refit | h=1m | gaussian_hmm | K=7 | seed=143
[2026-09-21 07:00:01] DONE  refit | h=1m | gaussian_hmm | K=7 | seed=143 | 2141.2s | converged=True
[2026-09-21 07:00:01] START refit | h=1m | gaussian_hmm | K=7 | seed=144
[2026-09-21 07:34:55] DONE  refit | h=1m | gaussian_hmm | K=7 | seed=144 | 2094.1s | converged=True
[2026-09-21 07:34:55] START refit | h=1m | gaussian_hmm | K=7 | seed=145
[2026-09-21 08:08:45] DONE  refit | h=1m | gaussian_hmm | K=7 | seed=145 | 2030.5s | converged=True
[2026-09-21 08:08:45] START refit | h=1m | gaussian_hmm | K=7 | seed=146
Running immutable CUDA job policy_session__f00_01
[2026-09-21 14:52:21] LOAD source data START
[2026-09-21 14:52:22] LOAD source data DONE | rows=525,635
[2026-09-21 14:52:22] AUDIT timestamp/rollover START
[2026-09-21 14:52:23] AUDIT timestamp/rollover DONE
[2026-09-21 14:52:23] BUILD returns START | horizons=[1, 2]
[2026-09-21 14:52:34] BUILD returns DONE | 1m=518,222, 2m=258,485
[2026-09-21 14:52:35] FOLD 1/2 START
[2026-09-21 14:52:35] SCREEN horizon 1m START
[2026-09-21 14:52:35] SCREEN horizon 1m DONE | Gaussian-HMM K=7 | gain=0.211599
[2026-09-21 14:52:35] SCREEN horizon 2m START
[2026-09-21 14:52:35] SCREEN horizon 2m DONE | Gaussian-HMM K=7 | gain=0.178341
[2026-09-21 14:52:35] CONFIRM horizon 1m | student_t_shared START
[2026-09-21 14:52:35] CONFIRM horizon 1m | student_t_shared DONE | K=7
[2026-09-21 14:52:35] CONFIRM horizon 1m | student_t_state START
[2026-09-21 14:52:35] CONFIRM horizon 1m | student_t_state DONE | K=7
[2026-09-21 14:52:35] CONFIRM horizon 2m | student_t_shared START
[2026-09-21 14:52:35] CONFIRM horizon 2m | student_t_shared DONE | K=7
[2026-09-21 14:52:35] CONFIRM horizon 2m | student_t_state START
[2026-09-21 14:52:35] CONFIRM horizon 2m | student_t_state DONE | K=7
[2026-09-21 14:52:39] REFIT horizon 1m | student_t | K=1 START
[2026-09-21 14:52:39] REFIT horizon 1m | student_t | K=1 DONE
[2026-09-21 14:52:39] REFIT horizon 1m | gaussian | K=1 START
[2026-09-21 14:52:39] REFIT horizon 1m | gaussian | K=1 DONE
[2026-09-21 14:52:39] REFIT horizon 1m | gmm | K=4 START
[2026-09-21 14:52:39] REFIT horizon 1m | gmm | K=4 DONE
[2026-09-21 14:52:39] REFIT horizon 1m | gaussian_hmm | K=7 START
[2026-09-21 14:52:39] CACHE refit | h=1m | gaussian_hmm | K=7 | seed=142
[2026-09-21 14:52:39] CACHE refit | h=1m | gaussian_hmm | K=7 | seed=143
[2026-09-21 14:52:39] CACHE refit | h=1m | gaussian_hmm | K=7 | seed=144
[2026-09-21 14:52:39] CACHE refit | h=1m | gaussian_hmm | K=7 | seed=145
[2026-09-21 14:52:39] START refit | h=1m | gaussian_hmm | K=7 | seed=146
[2026-09-21 15:25:39] DONE  refit | h=1m | gaussian_hmm | K=7 | seed=146 | 1980.5s | converged=True
[2026-09-21 15:26:10] REFIT horizon 1m | gaussian_hmm | K=7 DONE
[2026-09-21 15:26:10] REFIT horizon 1m | student_t_shared | K=7 START
[2026-09-21 15:26:10] START refit | h=1m | student_t_shared | K=7 | seed=142
[2026-09-21 15:59:20] DONE  refit | h=1m | student_t_shared | K=7 | seed=142 | 1990.6s | converged=True
[2026-09-21 15:59:20] START refit | h=1m | student_t_shared | K=7 | seed=143
[2026-09-21 16:35:04] DONE  refit | h=1m | student_t_shared | K=7 | seed=143 | 2143.6s | converged=True
[2026-09-21 16:35:04] START refit | h=1m | student_t_shared | K=7 | seed=144
[2026-09-21 17:18:36] DONE  refit | h=1m | student_t_shared | K=7 | seed=144 | 2612.5s | converged=True
[2026-09-21 17:18:36] START refit | h=1m | student_t_shared | K=7 | seed=145
[2026-09-21 17:59:23] DONE  refit | h=1m | student_t_shared | K=7 | seed=145 | 2446.5s | converged=True
[2026-09-21 17:59:23] START refit | h=1m | student_t_shared | K=7 | seed=146
[2026-09-21 18:44:46] DONE  refit | h=1m | student_t_shared | K=7 | seed=146 | 2723.3s | converged=True
[2026-09-21 18:45:20] REFIT horizon 1m | student_t_shared | K=7 DONE
[2026-09-21 18:45:20] REFIT horizon 1m | student_t_state | K=7 START
[2026-09-21 18:45:20] START refit | h=1m | student_t_state | K=7 | seed=142
[2026-09-21 19:14:20] DONE  refit | h=1m | student_t_state | K=7 | seed=142 | 1740.4s | converged=True
[2026-09-21 19:14:20] START refit | h=1m | student_t_state | K=7 | seed=143
[2026-09-21 19:43:24] DONE  refit | h=1m | student_t_state | K=7 | seed=143 | 1743.6s | converged=True
[2026-09-21 19:43:24] START refit | h=1m | student_t_state | K=7 | seed=144
[2026-09-21 20:13:01] DONE  refit | h=1m | student_t_state | K=7 | seed=144 | 1777.0s | converged=True
[2026-09-21 20:13:01] START refit | h=1m | student_t_state | K=7 | seed=145
[2026-09-21 20:23:28] FAIL  refit | h=1m | student_t_state | K=7 | seed=145 | AcceleratorError: CUDA error: an illegal memory access was encountered
Search for `cudaErrorIllegalAddress' in https://docs.nvidia.com/cuda/cuda-runtime-api/group__CUDART__TYPES.html for more information.
CUDA kernel errors might be asynchronously reported at some other API call, so the stacktrace below might be incorrect.
For debugging consider passing CUDA_LAUNCH_BLOCKING=1
The CUDA driver logged these messages, which may provide useful details:
Returning 700 (CUDA_ERROR_ILLEGAL_ADDRESS) from cuStreamSynchronize


[2026-09-21 20:23:28] START refit | h=1m | student_t_state | K=7 | seed=146
[2026-09-21 20:23:30] FAIL  refit | h=1m | student_t_state | K=7 | seed=146 | AcceleratorError: CUDA error: an illegal memory access was encountered
Search for `cudaErrorIllegalAddress' in https://docs.nvidia.com/cuda/cuda-runtime-api/group__CUDART__TYPES.html for more information.
CUDA kernel errors might be asynchronously reported at some other API call, so the stacktrace below might be incorrect.
For debugging consider passing CUDA_LAUNCH_BLOCKING=1
The CUDA driver logged these messages, which may provide useful details:
Sticky error detected
Returning 700 (CUDA_ERROR_ILLEGAL_ADDRESS) from cuStreamIsCapturing


Running immutable CUDA job policy_session__f00_01
[2026-09-22 01:23:20] LOAD source data START
[2026-09-22 01:23:20] LOAD source data DONE | rows=525,635
[2026-09-22 01:23:20] AUDIT timestamp/rollover START
[2026-09-22 01:23:21] AUDIT timestamp/rollover DONE
[2026-09-22 01:23:21] BUILD returns START | horizons=[1, 2]
[2026-09-22 01:23:33] BUILD returns DONE | 1m=518,222, 2m=258,485
[2026-09-22 01:23:33] FOLD 1/2 START
[2026-09-22 01:23:33] SCREEN horizon 1m START
[2026-09-22 01:23:33] SCREEN horizon 1m DONE | Gaussian-HMM K=7 | gain=0.211599
[2026-09-22 01:23:33] SCREEN horizon 2m START
[2026-09-22 01:23:33] SCREEN horizon 2m DONE | Gaussian-HMM K=7 | gain=0.178341
[2026-09-22 01:23:33] CONFIRM horizon 1m | student_t_shared START
[2026-09-22 01:23:33] CONFIRM horizon 1m | student_t_shared DONE | K=7
[2026-09-22 01:23:33] CONFIRM horizon 1m | student_t_state START
[2026-09-22 01:23:33] CONFIRM horizon 1m | student_t_state DONE | K=7
[2026-09-22 01:23:33] CONFIRM horizon 2m | student_t_shared START
[2026-09-22 01:23:33] CONFIRM horizon 2m | student_t_shared DONE | K=7
[2026-09-22 01:23:33] CONFIRM horizon 2m | student_t_state START
[2026-09-22 01:23:33] CONFIRM horizon 2m | student_t_state DONE | K=7
[2026-09-22 01:23:38] REFIT horizon 1m | student_t | K=1 START
[2026-09-22 01:23:39] REFIT horizon 1m | student_t | K=1 DONE
[2026-09-22 01:23:39] REFIT horizon 1m | gaussian | K=1 START
[2026-09-22 01:23:39] REFIT horizon 1m | gaussian | K=1 DONE
[2026-09-22 01:23:39] REFIT horizon 1m | gmm | K=4 START
[2026-09-22 01:23:39] REFIT horizon 1m | gmm | K=4 DONE
[2026-09-22 01:23:39] REFIT horizon 1m | gaussian_hmm | K=7 START
[2026-09-22 01:23:39] REFIT horizon 1m | gaussian_hmm | K=7 DONE
[2026-09-22 01:23:39] REFIT horizon 1m | student_t_shared | K=7 START
[2026-09-22 01:23:39] REFIT horizon 1m | student_t_shared | K=7 DONE
[2026-09-22 01:23:39] REFIT horizon 1m | student_t_state | K=7 START
[2026-09-22 01:23:39] CACHE refit | h=1m | student_t_state | K=7 | seed=142
[2026-09-22 01:23:39] CACHE refit | h=1m | student_t_state | K=7 | seed=143
[2026-09-22 01:23:39] CACHE refit | h=1m | student_t_state | K=7 | seed=144
[2026-09-22 01:23:39] START refit | h=1m | student_t_state | K=7 | seed=145
[2026-09-22 01:53:47] DONE  refit | h=1m | student_t_state | K=7 | seed=145 | 1807.9s | converged=True
[2026-09-22 01:53:47] START refit | h=1m | student_t_state | K=7 | seed=146
[2026-09-22 02:23:48] DONE  refit | h=1m | student_t_state | K=7 | seed=146 | 1801.1s | converged=True
[2026-09-22 02:24:17] REFIT horizon 1m | student_t_state | K=7 DONE
[2026-09-22 02:24:18] REFIT horizon 2m | student_t | K=1 START
[2026-09-22 02:24:18] REFIT horizon 2m | student_t | K=1 DONE
[2026-09-22 02:24:18] REFIT horizon 2m | gaussian | K=1 START
[2026-09-22 02:24:18] REFIT horizon 2m | gaussian | K=1 DONE
[2026-09-22 02:24:18] REFIT horizon 2m | gmm | K=4 START
[2026-09-22 02:24:20] REFIT horizon 2m | gmm | K=4 DONE
[2026-09-22 02:24:20] REFIT horizon 2m | gaussian_hmm | K=7 START
[2026-09-22 02:24:20] START refit | h=2m | gaussian_hmm | K=7 | seed=142
[2026-09-22 02:35:34] DONE  refit | h=2m | gaussian_hmm | K=7 | seed=142 | 674.1s | converged=False
[2026-09-22 02:35:34] START refit | h=2m | gaussian_hmm | K=7 | seed=143
[2026-09-22 02:46:46] DONE  refit | h=2m | gaussian_hmm | K=7 | seed=143 | 671.8s | converged=True
[2026-09-22 02:46:46] START refit | h=2m | gaussian_hmm | K=7 | seed=144
[2026-09-22 02:57:46] DONE  refit | h=2m | gaussian_hmm | K=7 | seed=144 | 660.1s | converged=True
[2026-09-22 02:57:46] START refit | h=2m | gaussian_hmm | K=7 | seed=145
[2026-09-22 03:08:44] DONE  refit | h=2m | gaussian_hmm | K=7 | seed=145 | 658.0s | converged=False
[2026-09-22 03:08:44] START refit | h=2m | gaussian_hmm | K=7 | seed=146
[2026-09-22 03:19:43] DONE  refit | h=2m | gaussian_hmm | K=7 | seed=146 | 659.0s | converged=False
[2026-09-22 03:19:59] REFIT horizon 2m | gaussian_hmm | K=7 DONE
[2026-09-22 03:19:59] REFIT horizon 2m | student_t_shared | K=7 START
[2026-09-22 03:19:59] START refit | h=2m | student_t_shared | K=7 | seed=142
[2026-09-22 03:31:06] DONE  refit | h=2m | student_t_shared | K=7 | seed=142 | 666.9s | converged=True
[2026-09-22 03:31:06] START refit | h=2m | student_t_shared | K=7 | seed=143
[2026-09-22 03:42:08] DONE  refit | h=2m | student_t_shared | K=7 | seed=143 | 662.4s | converged=True
[2026-09-22 03:42:08] START refit | h=2m | student_t_shared | K=7 | seed=144
[2026-09-22 03:53:21] DONE  refit | h=2m | student_t_shared | K=7 | seed=144 | 673.1s | converged=True
[2026-09-22 03:53:21] START refit | h=2m | student_t_shared | K=7 | seed=145
[2026-09-22 04:04:30] DONE  refit | h=2m | student_t_shared | K=7 | seed=145 | 668.5s | converged=True
[2026-09-22 04:04:30] START refit | h=2m | student_t_shared | K=7 | seed=146
[2026-09-22 04:15:41] DONE  refit | h=2m | student_t_shared | K=7 | seed=146 | 671.1s | converged=True
[2026-09-22 04:15:57] REFIT horizon 2m | student_t_shared | K=7 DONE
[2026-09-22 04:15:57] REFIT horizon 2m | student_t_state | K=7 START
[2026-09-22 04:15:57] START refit | h=2m | student_t_state | K=7 | seed=142
[2026-09-22 04:26:53] DONE  refit | h=2m | student_t_state | K=7 | seed=142 | 656.0s | converged=True
[2026-09-22 04:26:53] START refit | h=2m | student_t_state | K=7 | seed=143
[2026-09-22 04:37:59] DONE  refit | h=2m | student_t_state | K=7 | seed=143 | 666.1s | converged=True
[2026-09-22 04:37:59] START refit | h=2m | student_t_state | K=7 | seed=144
[2026-09-22 04:48:57] DONE  refit | h=2m | student_t_state | K=7 | seed=144 | 657.3s | converged=True
[2026-09-22 04:48:57] START refit | h=2m | student_t_state | K=7 | seed=145
[2026-09-22 05:00:01] DONE  refit | h=2m | student_t_state | K=7 | seed=145 | 664.4s | converged=True
[2026-09-22 05:00:01] START refit | h=2m | student_t_state | K=7 | seed=146
[2026-09-22 05:11:08] DONE  refit | h=2m | student_t_state | K=7 | seed=146 | 667.2s | converged=True
[2026-09-22 05:11:27] REFIT horizon 2m | student_t_state | K=7 DONE
[2026-09-22 05:11:27] FOLD 1/2 DONE
[2026-09-22 05:11:28] FOLD 2/2 START
[2026-09-22 05:11:28] SCREEN horizon 1m START
[2026-09-22 05:11:32] START screen_selection | h=1m | gmm | K=2
[2026-09-22 05:11:33] DONE  screen_selection | h=1m | gmm | K=2 | 1.0s
[2026-09-22 05:11:33] START screen_selection | h=1m | gmm | K=3
[2026-09-22 05:11:35] DONE  screen_selection | h=1m | gmm | K=3 | 2.2s
[2026-09-22 05:11:35] START screen_selection | h=1m | gmm | K=4
[2026-09-22 05:11:38] DONE  screen_selection | h=1m | gmm | K=4 | 3.2s
[2026-09-22 05:11:38] START screen_selection | h=1m | gmm | K=5
[2026-09-22 05:11:41] DONE  screen_selection | h=1m | gmm | K=5 | 2.8s
[2026-09-22 05:11:41] START screen_selection | h=1m | gmm | K=6
[2026-09-22 05:11:43] DONE  screen_selection | h=1m | gmm | K=6 | 2.2s
[2026-09-22 05:11:43] START screen_selection | h=1m | gmm | K=7
[2026-09-22 05:11:46] DONE  screen_selection | h=1m | gmm | K=7 | 2.5s
[2026-09-22 05:11:46] START screen_selection | h=1m | gaussian_hmm | K=2 | seed=42
[2026-09-22 05:13:10] DONE  screen_selection | h=1m | gaussian_hmm | K=2 | seed=42 | 84.8s | converged=True
[2026-09-22 05:13:10] START screen_selection | h=1m | gaussian_hmm | K=2 | seed=43
[2026-09-22 05:14:29] DONE  screen_selection | h=1m | gaussian_hmm | K=2 | seed=43 | 79.0s | converged=True
[2026-09-22 05:14:29] START screen_selection | h=1m | gaussian_hmm | K=2 | seed=44
[2026-09-22 05:15:54] DONE  screen_selection | h=1m | gaussian_hmm | K=2 | seed=44 | 84.8s | converged=True
[2026-09-22 05:16:21] START screen_selection | h=1m | gaussian_hmm | K=3 | seed=42
[2026-09-22 05:19:47] DONE  screen_selection | h=1m | gaussian_hmm | K=3 | seed=42 | 206.0s | converged=True
[2026-09-22 05:19:47] START screen_selection | h=1m | gaussian_hmm | K=3 | seed=43
[2026-09-22 05:23:07] DONE  screen_selection | h=1m | gaussian_hmm | K=3 | seed=43 | 199.7s | converged=True
[2026-09-22 05:23:07] START screen_selection | h=1m | gaussian_hmm | K=3 | seed=44
[2026-09-22 05:26:29] DONE  screen_selection | h=1m | gaussian_hmm | K=3 | seed=44 | 201.7s | converged=True
[2026-09-22 05:26:56] START screen_selection | h=1m | gaussian_hmm | K=4 | seed=42
[2026-09-22 05:32:12] DONE  screen_selection | h=1m | gaussian_hmm | K=4 | seed=42 | 316.2s | converged=False
[2026-09-22 05:32:12] START screen_selection | h=1m | gaussian_hmm | K=4 | seed=43
[2026-09-22 05:37:28] DONE  screen_selection | h=1m | gaussian_hmm | K=4 | seed=43 | 316.0s | converged=False
[2026-09-22 05:37:28] START screen_selection | h=1m | gaussian_hmm | K=4 | seed=44
[2026-09-22 05:42:46] DONE  screen_selection | h=1m | gaussian_hmm | K=4 | seed=44 | 318.0s | converged=True
[2026-09-22 05:43:13] START screen_selection | h=1m | gaussian_hmm | K=5 | seed=42
[2026-09-22 05:48:33] DONE  screen_selection | h=1m | gaussian_hmm | K=5 | seed=42 | 320.0s | converged=True
[2026-09-22 05:48:33] START screen_selection | h=1m | gaussian_hmm | K=5 | seed=43
[2026-09-22 05:53:50] DONE  screen_selection | h=1m | gaussian_hmm | K=5 | seed=43 | 316.7s | converged=True
[2026-09-22 05:53:50] START screen_selection | h=1m | gaussian_hmm | K=5 | seed=44
[2026-09-22 05:59:10] DONE  screen_selection | h=1m | gaussian_hmm | K=5 | seed=44 | 319.8s | converged=True
[2026-09-22 05:59:37] START screen_selection | h=1m | gaussian_hmm | K=6 | seed=42
[2026-09-22 06:04:57] DONE  screen_selection | h=1m | gaussian_hmm | K=6 | seed=42 | 319.5s | converged=True
[2026-09-22 06:04:57] START screen_selection | h=1m | gaussian_hmm | K=6 | seed=43
[2026-09-22 06:10:14] DONE  screen_selection | h=1m | gaussian_hmm | K=6 | seed=43 | 317.6s | converged=True
[2026-09-22 06:10:14] START screen_selection | h=1m | gaussian_hmm | K=6 | seed=44
[2026-09-22 06:15:37] DONE  screen_selection | h=1m | gaussian_hmm | K=6 | seed=44 | 322.6s | converged=False
[2026-09-22 06:16:06] START screen_selection | h=1m | gaussian_hmm | K=7 | seed=42
[2026-09-22 06:21:26] DONE  screen_selection | h=1m | gaussian_hmm | K=7 | seed=42 | 320.6s | converged=True
[2026-09-22 06:21:26] START screen_selection | h=1m | gaussian_hmm | K=7 | seed=43
[2026-09-22 06:26:42] DONE  screen_selection | h=1m | gaussian_hmm | K=7 | seed=43 | 315.9s | converged=True
[2026-09-22 06:26:42] START screen_selection | h=1m | gaussian_hmm | K=7 | seed=44
[2026-09-22 06:31:53] DONE  screen_selection | h=1m | gaussian_hmm | K=7 | seed=44 | 310.7s | converged=True
[2026-09-22 06:32:19] SCREEN horizon 1m DONE | Gaussian-HMM K=7 | gain=0.137993
[2026-09-22 06:32:19] SCREEN horizon 2m START
[2026-09-22 06:32:20] START screen_selection | h=2m | gmm | K=2
[2026-09-22 06:32:21] DONE  screen_selection | h=2m | gmm | K=2 | 0.5s
[2026-09-22 06:32:21] START screen_selection | h=2m | gmm | K=3
[2026-09-22 06:32:22] DONE  screen_selection | h=2m | gmm | K=3 | 1.0s
[2026-09-22 06:32:22] START screen_selection | h=2m | gmm | K=4
[2026-09-22 06:32:23] DONE  screen_selection | h=2m | gmm | K=4 | 1.2s
[2026-09-22 06:32:23] START screen_selection | h=2m | gmm | K=5
[2026-09-22 06:32:24] DONE  screen_selection | h=2m | gmm | K=5 | 1.0s
[2026-09-22 06:32:24] START screen_selection | h=2m | gmm | K=6
[2026-09-22 06:32:26] DONE  screen_selection | h=2m | gmm | K=6 | 1.4s
[2026-09-22 06:32:26] START screen_selection | h=2m | gmm | K=7
[2026-09-22 06:32:27] DONE  screen_selection | h=2m | gmm | K=7 | 1.2s
[2026-09-22 06:32:27] START screen_selection | h=2m | gaussian_hmm | K=2 | seed=42
[2026-09-22 06:33:02] DONE  screen_selection | h=2m | gaussian_hmm | K=2 | seed=42 | 34.9s | converged=True
[2026-09-22 06:33:02] START screen_selection | h=2m | gaussian_hmm | K=2 | seed=43
[2026-09-22 06:33:36] DONE  screen_selection | h=2m | gaussian_hmm | K=2 | seed=43 | 34.8s | converged=True
[2026-09-22 06:33:36] START screen_selection | h=2m | gaussian_hmm | K=2 | seed=44
[2026-09-22 06:34:14] DONE  screen_selection | h=2m | gaussian_hmm | K=2 | seed=44 | 37.9s | converged=True
[2026-09-22 06:34:28] START screen_selection | h=2m | gaussian_hmm | K=3 | seed=42
[2026-09-22 06:35:53] DONE  screen_selection | h=2m | gaussian_hmm | K=3 | seed=42 | 84.8s | converged=True
[2026-09-22 06:35:53] START screen_selection | h=2m | gaussian_hmm | K=3 | seed=43
[2026-09-22 06:37:16] DONE  screen_selection | h=2m | gaussian_hmm | K=3 | seed=43 | 82.8s | converged=True
[2026-09-22 06:37:16] START screen_selection | h=2m | gaussian_hmm | K=3 | seed=44
[2026-09-22 06:38:37] DONE  screen_selection | h=2m | gaussian_hmm | K=3 | seed=44 | 81.8s | converged=True
[2026-09-22 06:38:51] START screen_selection | h=2m | gaussian_hmm | K=4 | seed=42
[2026-09-22 06:41:00] DONE  screen_selection | h=2m | gaussian_hmm | K=4 | seed=42 | 129.3s | converged=False
[2026-09-22 06:41:00] START screen_selection | h=2m | gaussian_hmm | K=4 | seed=43
[2026-09-22 06:43:12] DONE  screen_selection | h=2m | gaussian_hmm | K=4 | seed=43 | 132.2s | converged=False
[2026-09-22 06:43:12] START screen_selection | h=2m | gaussian_hmm | K=4 | seed=44
[2026-09-22 06:45:24] DONE  screen_selection | h=2m | gaussian_hmm | K=4 | seed=44 | 131.8s | converged=False
[2026-09-22 06:45:38] START screen_selection | h=2m | gaussian_hmm | K=5 | seed=42
[2026-09-22 06:47:49] DONE  screen_selection | h=2m | gaussian_hmm | K=5 | seed=42 | 131.5s | converged=True
[2026-09-22 06:47:49] START screen_selection | h=2m | gaussian_hmm | K=5 | seed=43
[2026-09-22 06:50:07] DONE  screen_selection | h=2m | gaussian_hmm | K=5 | seed=43 | 137.1s | converged=True
[2026-09-22 06:50:07] START screen_selection | h=2m | gaussian_hmm | K=5 | seed=44
[2026-09-22 06:52:20] DONE  screen_selection | h=2m | gaussian_hmm | K=5 | seed=44 | 133.1s | converged=True
[2026-09-22 06:52:34] START screen_selection | h=2m | gaussian_hmm | K=6 | seed=42
[2026-09-22 06:54:49] DONE  screen_selection | h=2m | gaussian_hmm | K=6 | seed=42 | 134.4s | converged=True
[2026-09-22 06:54:49] START screen_selection | h=2m | gaussian_hmm | K=6 | seed=43
[2026-09-22 06:56:59] DONE  screen_selection | h=2m | gaussian_hmm | K=6 | seed=43 | 129.9s | converged=True
[2026-09-22 06:56:59] START screen_selection | h=2m | gaussian_hmm | K=6 | seed=44
[2026-09-22 06:59:18] DONE  screen_selection | h=2m | gaussian_hmm | K=6 | seed=44 | 139.2s | converged=True
[2026-09-22 06:59:31] START screen_selection | h=2m | gaussian_hmm | K=7 | seed=42
[2026-09-22 07:01:43] DONE  screen_selection | h=2m | gaussian_hmm | K=7 | seed=42 | 132.4s | converged=True
[2026-09-22 07:01:43] START screen_selection | h=2m | gaussian_hmm | K=7 | seed=43
[2026-09-22 07:03:59] DONE  screen_selection | h=2m | gaussian_hmm | K=7 | seed=43 | 136.1s | converged=True
[2026-09-22 07:03:59] START screen_selection | h=2m | gaussian_hmm | K=7 | seed=44
[2026-09-22 07:06:09] DONE  screen_selection | h=2m | gaussian_hmm | K=7 | seed=44 | 129.3s | converged=True
[2026-09-22 07:06:22] SCREEN horizon 2m DONE | Gaussian-HMM K=7 | gain=0.113612
[2026-09-22 07:06:22] CONFIRM horizon 1m | student_t_shared START
[2026-09-22 07:06:22] START confirm_selection | h=1m | student_t_shared | K=2 | seed=62
[2026-09-22 07:11:16] DONE  confirm_selection | h=1m | student_t_shared | K=2 | seed=62 | 294.0s | converged=True
[2026-09-22 07:11:16] START confirm_selection | h=1m | student_t_shared | K=2 | seed=63
[2026-09-22 07:16:13] DONE  confirm_selection | h=1m | student_t_shared | K=2 | seed=63 | 296.9s | converged=True
[2026-09-22 07:16:13] START confirm_selection | h=1m | student_t_shared | K=2 | seed=64
[2026-09-22 07:21:09] DONE  confirm_selection | h=1m | student_t_shared | K=2 | seed=64 | 295.7s | converged=True
[2026-09-22 07:21:38] START confirm_selection | h=1m | student_t_shared | K=3 | seed=62
[2026-09-22 07:26:54] DONE  confirm_selection | h=1m | student_t_shared | K=3 | seed=62 | 316.5s | converged=True
[2026-09-22 07:26:54] START confirm_selection | h=1m | student_t_shared | K=3 | seed=63
[2026-09-22 07:32:07] DONE  confirm_selection | h=1m | student_t_shared | K=3 | seed=63 | 313.1s | converged=True
[2026-09-22 07:32:07] START confirm_selection | h=1m | student_t_shared | K=3 | seed=64
[2026-09-22 07:37:23] DONE  confirm_selection | h=1m | student_t_shared | K=3 | seed=64 | 315.4s | converged=True
[2026-09-22 07:37:51] START confirm_selection | h=1m | student_t_shared | K=4 | seed=62
[2026-09-22 07:43:12] DONE  confirm_selection | h=1m | student_t_shared | K=4 | seed=62 | 321.0s | converged=False
[2026-09-22 07:43:12] START confirm_selection | h=1m | student_t_shared | K=4 | seed=63
[2026-09-22 07:48:32] DONE  confirm_selection | h=1m | student_t_shared | K=4 | seed=63 | 320.0s | converged=True
[2026-09-22 07:48:32] START confirm_selection | h=1m | student_t_shared | K=4 | seed=64
[2026-09-22 07:53:42] DONE  confirm_selection | h=1m | student_t_shared | K=4 | seed=64 | 309.7s | converged=True
[2026-09-22 07:54:11] START confirm_selection | h=1m | student_t_shared | K=5 | seed=62
[2026-09-22 07:59:25] DONE  confirm_selection | h=1m | student_t_shared | K=5 | seed=62 | 314.4s | converged=True
[2026-09-22 07:59:25] START confirm_selection | h=1m | student_t_shared | K=5 | seed=63
[2026-09-22 08:04:40] DONE  confirm_selection | h=1m | student_t_shared | K=5 | seed=63 | 315.3s | converged=True
[2026-09-22 08:04:40] START confirm_selection | h=1m | student_t_shared | K=5 | seed=64
[2026-09-22 08:10:02] DONE  confirm_selection | h=1m | student_t_shared | K=5 | seed=64 | 321.8s | converged=True
[2026-09-22 08:10:32] START confirm_selection | h=1m | student_t_shared | K=6 | seed=62
[2026-09-22 08:15:53] DONE  confirm_selection | h=1m | student_t_shared | K=6 | seed=62 | 320.9s | converged=False
[2026-09-22 08:15:53] START confirm_selection | h=1m | student_t_shared | K=6 | seed=63
[2026-09-22 08:21:04] DONE  confirm_selection | h=1m | student_t_shared | K=6 | seed=63 | 311.9s | converged=False
[2026-09-22 08:21:04] START confirm_selection | h=1m | student_t_shared | K=6 | seed=64
[2026-09-22 08:26:22] DONE  confirm_selection | h=1m | student_t_shared | K=6 | seed=64 | 317.5s | converged=False
[2026-09-22 08:26:52] START confirm_selection | h=1m | student_t_shared | K=7 | seed=62
[2026-09-22 08:32:09] DONE  confirm_selection | h=1m | student_t_shared | K=7 | seed=62 | 316.4s | converged=False
[2026-09-22 08:32:09] START confirm_selection | h=1m | student_t_shared | K=7 | seed=63
[2026-09-22 08:37:29] DONE  confirm_selection | h=1m | student_t_shared | K=7 | seed=63 | 320.6s | converged=False
[2026-09-22 08:37:29] START confirm_selection | h=1m | student_t_shared | K=7 | seed=64
[2026-09-22 08:42:50] DONE  confirm_selection | h=1m | student_t_shared | K=7 | seed=64 | 320.4s | converged=False
[2026-09-22 08:43:22] CONFIRM horizon 1m | student_t_shared DONE | K=6
[2026-09-22 08:43:22] CONFIRM horizon 1m | student_t_state START
[2026-09-22 08:43:22] START confirm_selection | h=1m | student_t_state | K=2 | seed=62
[2026-09-22 08:48:37] DONE  confirm_selection | h=1m | student_t_state | K=2 | seed=62 | 315.0s | converged=True
[2026-09-22 08:48:37] START confirm_selection | h=1m | student_t_state | K=2 | seed=63
[2026-09-22 08:53:51] DONE  confirm_selection | h=1m | student_t_state | K=2 | seed=63 | 313.1s | converged=True
[2026-09-22 08:53:51] START confirm_selection | h=1m | student_t_state | K=2 | seed=64
[2026-09-22 08:59:12] DONE  confirm_selection | h=1m | student_t_state | K=2 | seed=64 | 321.4s | converged=True
[2026-09-22 08:59:43] START confirm_selection | h=1m | student_t_state | K=3 | seed=62
[2026-09-22 09:04:55] DONE  confirm_selection | h=1m | student_t_state | K=3 | seed=62 | 312.2s | converged=True
[2026-09-22 09:04:55] START confirm_selection | h=1m | student_t_state | K=3 | seed=63
[2026-09-22 09:10:15] DONE  confirm_selection | h=1m | student_t_state | K=3 | seed=63 | 320.1s | converged=True
[2026-09-22 09:10:15] START confirm_selection | h=1m | student_t_state | K=3 | seed=64
[2026-09-22 09:15:39] DONE  confirm_selection | h=1m | student_t_state | K=3 | seed=64 | 324.3s | converged=True
[2026-09-22 09:16:11] START confirm_selection | h=1m | student_t_state | K=4 | seed=62
[2026-09-22 09:21:27] DONE  confirm_selection | h=1m | student_t_state | K=4 | seed=62 | 316.6s | converged=True
[2026-09-22 09:21:27] START confirm_selection | h=1m | student_t_state | K=4 | seed=63
[2026-09-22 09:26:47] DONE  confirm_selection | h=1m | student_t_state | K=4 | seed=63 | 319.8s | converged=True
[2026-09-22 09:26:47] START confirm_selection | h=1m | student_t_state | K=4 | seed=64
[2026-09-22 09:32:04] DONE  confirm_selection | h=1m | student_t_state | K=4 | seed=64 | 317.3s | converged=True
[2026-09-22 09:32:34] START confirm_selection | h=1m | student_t_state | K=5 | seed=62
[2026-09-22 09:37:52] DONE  confirm_selection | h=1m | student_t_state | K=5 | seed=62 | 317.6s | converged=True
[2026-09-22 09:37:52] START confirm_selection | h=1m | student_t_state | K=5 | seed=63
[2026-09-22 09:43:07] DONE  confirm_selection | h=1m | student_t_state | K=5 | seed=63 | 314.9s | converged=True
[2026-09-22 09:43:07] START confirm_selection | h=1m | student_t_state | K=5 | seed=64
[2026-09-22 09:48:23] DONE  confirm_selection | h=1m | student_t_state | K=5 | seed=64 | 316.4s | converged=True
[2026-09-22 09:48:53] START confirm_selection | h=1m | student_t_state | K=6 | seed=62
[2026-09-22 09:54:10] DONE  confirm_selection | h=1m | student_t_state | K=6 | seed=62 | 317.2s | converged=True
[2026-09-22 09:54:10] START confirm_selection | h=1m | student_t_state | K=6 | seed=63
[2026-09-22 09:59:27] DONE  confirm_selection | h=1m | student_t_state | K=6 | seed=63 | 316.1s | converged=True
[2026-09-22 09:59:27] START confirm_selection | h=1m | student_t_state | K=6 | seed=64
[2026-09-22 10:04:42] DONE  confirm_selection | h=1m | student_t_state | K=6 | seed=64 | 315.7s | converged=True
[2026-09-22 10:05:11] START confirm_selection | h=1m | student_t_state | K=7 | seed=62
[2026-09-22 10:10:36] DONE  confirm_selection | h=1m | student_t_state | K=7 | seed=62 | 325.4s | converged=False
[2026-09-22 10:10:36] START confirm_selection | h=1m | student_t_state | K=7 | seed=63
[2026-09-22 10:15:54] DONE  confirm_selection | h=1m | student_t_state | K=7 | seed=63 | 317.8s | converged=False
[2026-09-22 10:15:54] START confirm_selection | h=1m | student_t_state | K=7 | seed=64
[2026-09-22 10:21:10] DONE  confirm_selection | h=1m | student_t_state | K=7 | seed=64 | 316.6s | converged=False
[2026-09-22 10:21:40] CONFIRM horizon 1m | student_t_state DONE | K=7
[2026-09-22 10:21:40] CONFIRM horizon 2m | student_t_shared START
[2026-09-22 10:21:40] START confirm_selection | h=2m | student_t_shared | K=2 | seed=62
[2026-09-22 10:23:39] DONE  confirm_selection | h=2m | student_t_shared | K=2 | seed=62 | 119.0s | converged=True
[2026-09-22 10:23:39] START confirm_selection | h=2m | student_t_shared | K=2 | seed=63
[2026-09-22 10:25:40] DONE  confirm_selection | h=2m | student_t_shared | K=2 | seed=63 | 120.2s | converged=True
[2026-09-22 10:25:40] START confirm_selection | h=2m | student_t_shared | K=2 | seed=64
[2026-09-22 10:27:44] DONE  confirm_selection | h=2m | student_t_shared | K=2 | seed=64 | 123.9s | converged=True
[2026-09-22 10:27:59] START confirm_selection | h=2m | student_t_shared | K=3 | seed=62
[2026-09-22 10:30:11] DONE  confirm_selection | h=2m | student_t_shared | K=3 | seed=62 | 132.5s | converged=False
[2026-09-22 10:30:11] START confirm_selection | h=2m | student_t_shared | K=3 | seed=63
[2026-09-22 10:32:25] DONE  confirm_selection | h=2m | student_t_shared | K=3 | seed=63 | 133.7s | converged=True
[2026-09-22 10:32:25] START confirm_selection | h=2m | student_t_shared | K=3 | seed=64
[2026-09-22 10:34:38] DONE  confirm_selection | h=2m | student_t_shared | K=3 | seed=64 | 132.9s | converged=True
[2026-09-22 10:34:53] START confirm_selection | h=2m | student_t_shared | K=4 | seed=62
[2026-09-22 10:37:08] DONE  confirm_selection | h=2m | student_t_shared | K=4 | seed=62 | 135.5s | converged=True
[2026-09-22 10:37:08] START confirm_selection | h=2m | student_t_shared | K=4 | seed=63
[2026-09-22 10:39:22] DONE  confirm_selection | h=2m | student_t_shared | K=4 | seed=63 | 133.8s | converged=True
[2026-09-22 10:39:22] START confirm_selection | h=2m | student_t_shared | K=4 | seed=64
[2026-09-22 10:41:40] DONE  confirm_selection | h=2m | student_t_shared | K=4 | seed=64 | 138.1s | converged=True
[2026-09-22 10:41:55] START confirm_selection | h=2m | student_t_shared | K=5 | seed=62
[2026-09-22 10:44:10] DONE  confirm_selection | h=2m | student_t_shared | K=5 | seed=62 | 135.3s | converged=False
[2026-09-22 10:44:10] START confirm_selection | h=2m | student_t_shared | K=5 | seed=63
[2026-09-22 10:46:22] DONE  confirm_selection | h=2m | student_t_shared | K=5 | seed=63 | 131.9s | converged=False
[2026-09-22 10:46:22] START confirm_selection | h=2m | student_t_shared | K=5 | seed=64
[2026-09-22 10:48:38] DONE  confirm_selection | h=2m | student_t_shared | K=5 | seed=64 | 135.9s | converged=False
[2026-09-22 10:48:53] START confirm_selection | h=2m | student_t_shared | K=6 | seed=62
[2026-09-22 10:51:09] DONE  confirm_selection | h=2m | student_t_shared | K=6 | seed=62 | 135.7s | converged=True
[2026-09-22 10:51:09] START confirm_selection | h=2m | student_t_shared | K=6 | seed=63
[2026-09-22 10:53:28] DONE  confirm_selection | h=2m | student_t_shared | K=6 | seed=63 | 138.9s | converged=True
[2026-09-22 10:53:28] START confirm_selection | h=2m | student_t_shared | K=6 | seed=64
[2026-09-22 10:55:45] DONE  confirm_selection | h=2m | student_t_shared | K=6 | seed=64 | 137.3s | converged=False
[2026-09-22 10:56:00] START confirm_selection | h=2m | student_t_shared | K=7 | seed=62
[2026-09-22 10:58:18] DONE  confirm_selection | h=2m | student_t_shared | K=7 | seed=62 | 137.5s | converged=True
[2026-09-22 10:58:18] START confirm_selection | h=2m | student_t_shared | K=7 | seed=63
[2026-09-22 11:00:30] DONE  confirm_selection | h=2m | student_t_shared | K=7 | seed=63 | 132.4s | converged=True
[2026-09-22 11:00:30] START confirm_selection | h=2m | student_t_shared | K=7 | seed=64
[2026-09-22 11:02:43] DONE  confirm_selection | h=2m | student_t_shared | K=7 | seed=64 | 133.0s | converged=True
[2026-09-22 11:02:57] CONFIRM horizon 2m | student_t_shared DONE | K=7
[2026-09-22 11:02:57] CONFIRM horizon 2m | student_t_state START
[2026-09-22 11:02:57] START confirm_selection | h=2m | student_t_state | K=2 | seed=62
[2026-09-22 11:05:10] DONE  confirm_selection | h=2m | student_t_state | K=2 | seed=62 | 132.9s | converged=True
[2026-09-22 11:05:10] START confirm_selection | h=2m | student_t_state | K=2 | seed=63
[2026-09-22 11:07:23] DONE  confirm_selection | h=2m | student_t_state | K=2 | seed=63 | 133.5s | converged=True
[2026-09-22 11:07:23] START confirm_selection | h=2m | student_t_state | K=2 | seed=64
[2026-09-22 11:09:36] DONE  confirm_selection | h=2m | student_t_state | K=2 | seed=64 | 132.2s | converged=True
[2026-09-22 11:09:50] START confirm_selection | h=2m | student_t_state | K=3 | seed=62
[2026-09-22 11:12:03] DONE  confirm_selection | h=2m | student_t_state | K=3 | seed=62 | 133.2s | converged=True
[2026-09-22 11:12:03] START confirm_selection | h=2m | student_t_state | K=3 | seed=63
[2026-09-22 11:14:18] DONE  confirm_selection | h=2m | student_t_state | K=3 | seed=63 | 134.9s | converged=True
[2026-09-22 11:14:18] START confirm_selection | h=2m | student_t_state | K=3 | seed=64
[2026-09-22 11:16:30] DONE  confirm_selection | h=2m | student_t_state | K=3 | seed=64 | 132.3s | converged=True
[2026-09-22 11:16:45] START confirm_selection | h=2m | student_t_state | K=4 | seed=62
[2026-09-22 11:19:01] DONE  confirm_selection | h=2m | student_t_state | K=4 | seed=62 | 135.5s | converged=True
[2026-09-22 11:19:01] START confirm_selection | h=2m | student_t_state | K=4 | seed=63
[2026-09-22 11:21:12] DONE  confirm_selection | h=2m | student_t_state | K=4 | seed=63 | 131.2s | converged=False
[2026-09-22 11:21:12] START confirm_selection | h=2m | student_t_state | K=4 | seed=64
[2026-09-22 11:23:27] DONE  confirm_selection | h=2m | student_t_state | K=4 | seed=64 | 134.5s | converged=False
[2026-09-22 11:23:41] START confirm_selection | h=2m | student_t_state | K=5 | seed=62
[2026-09-22 11:26:01] DONE  confirm_selection | h=2m | student_t_state | K=5 | seed=62 | 139.5s | converged=True
[2026-09-22 11:26:01] START confirm_selection | h=2m | student_t_state | K=5 | seed=63
[2026-09-22 11:28:14] DONE  confirm_selection | h=2m | student_t_state | K=5 | seed=63 | 133.8s | converged=True
[2026-09-22 11:28:14] START confirm_selection | h=2m | student_t_state | K=5 | seed=64
[2026-09-22 11:30:30] DONE  confirm_selection | h=2m | student_t_state | K=5 | seed=64 | 135.6s | converged=True
[2026-09-22 11:30:45] START confirm_selection | h=2m | student_t_state | K=6 | seed=62
[2026-09-22 11:33:01] DONE  confirm_selection | h=2m | student_t_state | K=6 | seed=62 | 136.2s | converged=True
[2026-09-22 11:33:01] START confirm_selection | h=2m | student_t_state | K=6 | seed=63
[2026-09-22 11:35:20] DONE  confirm_selection | h=2m | student_t_state | K=6 | seed=63 | 138.8s | converged=True
[2026-09-22 11:35:20] START confirm_selection | h=2m | student_t_state | K=6 | seed=64
[2026-09-22 11:37:37] DONE  confirm_selection | h=2m | student_t_state | K=6 | seed=64 | 137.1s | converged=True
[2026-09-22 11:37:51] START confirm_selection | h=2m | student_t_state | K=7 | seed=62
[2026-09-22 11:40:09] DONE  confirm_selection | h=2m | student_t_state | K=7 | seed=62 | 137.9s | converged=False
[2026-09-22 11:40:09] START confirm_selection | h=2m | student_t_state | K=7 | seed=63
[2026-09-22 11:42:25] DONE  confirm_selection | h=2m | student_t_state | K=7 | seed=63 | 135.8s | converged=False
[2026-09-22 11:42:25] START confirm_selection | h=2m | student_t_state | K=7 | seed=64
[2026-09-22 11:44:44] DONE  confirm_selection | h=2m | student_t_state | K=7 | seed=64 | 139.0s | converged=True
[2026-09-22 11:44:58] CONFIRM horizon 2m | student_t_state DONE | K=7
[2026-09-22 11:45:05] REFIT horizon 1m | student_t | K=1 START
[2026-09-22 11:45:05] REFIT horizon 1m | student_t | K=1 DONE
[2026-09-22 11:45:05] REFIT horizon 1m | gaussian | K=1 START
[2026-09-22 11:45:05] REFIT horizon 1m | gaussian | K=1 DONE
[2026-09-22 11:45:05] REFIT horizon 1m | gmm | K=5 START
[2026-09-22 11:45:10] REFIT horizon 1m | gmm | K=5 DONE
[2026-09-22 11:45:10] REFIT horizon 1m | gaussian_hmm | K=7 START
[2026-09-22 11:45:10] START refit | h=1m | gaussian_hmm | K=7 | seed=142
[2026-09-22 12:06:07] DONE  refit | h=1m | gaussian_hmm | K=7 | seed=142 | 1256.4s | converged=True
[2026-09-22 12:06:07] START refit | h=1m | gaussian_hmm | K=7 | seed=143
[2026-09-22 12:27:22] DONE  refit | h=1m | gaussian_hmm | K=7 | seed=143 | 1275.6s | converged=True
[2026-09-22 12:27:22] START refit | h=1m | gaussian_hmm | K=7 | seed=144
[2026-09-22 12:52:11] DONE  refit | h=1m | gaussian_hmm | K=7 | seed=144 | 1488.1s | converged=True
[2026-09-22 12:52:11] START refit | h=1m | gaussian_hmm | K=7 | seed=145
[2026-09-22 13:20:37] DONE  refit | h=1m | gaussian_hmm | K=7 | seed=145 | 1706.4s | converged=True
[2026-09-22 13:20:37] START refit | h=1m | gaussian_hmm | K=7 | seed=146
[2026-09-22 13:50:16] DONE  refit | h=1m | gaussian_hmm | K=7 | seed=146 | 1777.7s | converged=True
[2026-09-22 13:51:05] REFIT horizon 1m | gaussian_hmm | K=7 DONE
[2026-09-22 13:51:05] REFIT horizon 1m | student_t_shared | K=6 START
[2026-09-22 13:51:05] START refit | h=1m | student_t_shared | K=6 | seed=142
[2026-09-22 14:14:08] DONE  refit | h=1m | student_t_shared | K=6 | seed=142 | 1382.8s | converged=True
[2026-09-22 14:14:08] START refit | h=1m | student_t_shared | K=6 | seed=143
[2026-09-22 14:34:36] DONE  refit | h=1m | student_t_shared | K=6 | seed=143 | 1227.6s | converged=True
[2026-09-22 14:34:36] START refit | h=1m | student_t_shared | K=6 | seed=144
[2026-09-22 14:55:00] DONE  refit | h=1m | student_t_shared | K=6 | seed=144 | 1223.8s | converged=True
[2026-09-22 14:55:00] START refit | h=1m | student_t_shared | K=6 | seed=145
[2026-09-22 15:15:42] DONE  refit | h=1m | student_t_shared | K=6 | seed=145 | 1242.2s | converged=True
[2026-09-22 15:15:42] START refit | h=1m | student_t_shared | K=6 | seed=146
[2026-09-22 15:36:16] DONE  refit | h=1m | student_t_shared | K=6 | seed=146 | 1234.5s | converged=True
[2026-09-22 15:36:52] REFIT horizon 1m | student_t_shared | K=6 DONE
[2026-09-22 15:36:52] REFIT horizon 1m | student_t_state | K=7 START
[2026-09-22 15:36:52] START refit | h=1m | student_t_state | K=7 | seed=142
[2026-09-22 15:57:47] DONE  refit | h=1m | student_t_state | K=7 | seed=142 | 1255.0s | converged=True
[2026-09-22 15:57:47] START refit | h=1m | student_t_state | K=7 | seed=143
[2026-09-22 16:18:15] DONE  refit | h=1m | student_t_state | K=7 | seed=143 | 1227.4s | converged=True
[2026-09-22 16:18:15] START refit | h=1m | student_t_state | K=7 | seed=144
[2026-09-22 16:38:32] DONE  refit | h=1m | student_t_state | K=7 | seed=144 | 1216.7s | converged=True
[2026-09-22 16:38:32] START refit | h=1m | student_t_state | K=7 | seed=145
[2026-09-22 16:58:53] DONE  refit | h=1m | student_t_state | K=7 | seed=145 | 1221.0s | converged=True
[2026-09-22 16:58:53] START refit | h=1m | student_t_state | K=7 | seed=146
[2026-09-22 17:19:07] DONE  refit | h=1m | student_t_state | K=7 | seed=146 | 1214.4s | converged=True
[2026-09-22 17:19:41] REFIT horizon 1m | student_t_state | K=7 DONE
[2026-09-22 17:19:42] REFIT horizon 2m | student_t | K=1 START
[2026-09-22 17:19:42] REFIT horizon 2m | student_t | K=1 DONE
[2026-09-22 17:19:42] REFIT horizon 2m | gaussian | K=1 START
[2026-09-22 17:19:43] REFIT horizon 2m | gaussian | K=1 DONE
[2026-09-22 17:19:43] REFIT horizon 2m | gmm | K=4 START
[2026-09-22 17:19:45] REFIT horizon 2m | gmm | K=4 DONE
[2026-09-22 17:19:45] REFIT horizon 2m | gaussian_hmm | K=7 START
[2026-09-22 17:19:45] START refit | h=2m | gaussian_hmm | K=7 | seed=142
[2026-09-22 17:27:50] DONE  refit | h=2m | gaussian_hmm | K=7 | seed=142 | 485.2s | converged=True
[2026-09-22 17:27:50] START refit | h=2m | gaussian_hmm | K=7 | seed=143
[2026-09-22 17:35:53] DONE  refit | h=2m | gaussian_hmm | K=7 | seed=143 | 483.6s | converged=True
[2026-09-22 17:35:53] START refit | h=2m | gaussian_hmm | K=7 | seed=144
[2026-09-22 17:43:59] DONE  refit | h=2m | gaussian_hmm | K=7 | seed=144 | 485.9s | converged=True
[2026-09-22 17:43:59] START refit | h=2m | gaussian_hmm | K=7 | seed=145
[2026-09-22 17:52:01] DONE  refit | h=2m | gaussian_hmm | K=7 | seed=145 | 482.0s | converged=True
[2026-09-22 17:52:01] START refit | h=2m | gaussian_hmm | K=7 | seed=146
[2026-09-22 17:53:51] FAIL  refit | h=2m | gaussian_hmm | K=7 | seed=146 | AcceleratorError: CUDA error: an illegal memory access was encountered
Search for `cudaErrorIllegalAddress' in https://docs.nvidia.com/cuda/cuda-runtime-api/group__CUDART__TYPES.html for more information.
CUDA kernel errors might be asynchronously reported at some other API call, so the stacktrace below might be incorrect.
For debugging consider passing CUDA_LAUNCH_BLOCKING=1
The CUDA driver logged these messages, which may provide useful details:
Returning 700 (CUDA_ERROR_ILLEGAL_ADDRESS) from cuStreamSynchronize


Running immutable CUDA job policy_session__f00_01
[2026-09-22 17:56:49] LOAD source data START
[2026-09-22 17:56:50] LOAD source data DONE | rows=525,635
[2026-09-22 17:56:50] AUDIT timestamp/rollover START
[2026-09-22 17:56:51] AUDIT timestamp/rollover DONE
[2026-09-22 17:56:51] BUILD returns START | horizons=[1, 2]
[2026-09-22 17:57:09] BUILD returns DONE | 1m=518,222, 2m=258,485
Resume fold 1/2
[2026-09-22 17:57:10] FOLD 2/2 START
[2026-09-22 17:57:10] SCREEN horizon 1m START
[2026-09-22 17:57:10] SCREEN horizon 1m DONE | Gaussian-HMM K=7 | gain=0.137993
[2026-09-22 17:57:10] SCREEN horizon 2m START
[2026-09-22 17:57:10] SCREEN horizon 2m DONE | Gaussian-HMM K=7 | gain=0.113612
[2026-09-22 17:57:10] CONFIRM horizon 1m | student_t_shared START
[2026-09-22 17:57:10] CONFIRM horizon 1m | student_t_shared DONE | K=6
[2026-09-22 17:57:10] CONFIRM horizon 1m | student_t_state START
[2026-09-22 17:57:10] CONFIRM horizon 1m | student_t_state DONE | K=7
[2026-09-22 17:57:10] CONFIRM horizon 2m | student_t_shared START
[2026-09-22 17:57:10] CONFIRM horizon 2m | student_t_shared DONE | K=7
[2026-09-22 17:57:10] CONFIRM horizon 2m | student_t_state START
[2026-09-22 17:57:10] CONFIRM horizon 2m | student_t_state DONE | K=7
[2026-09-22 17:57:17] REFIT horizon 1m | student_t | K=1 START
[2026-09-22 17:57:18] REFIT horizon 1m | student_t | K=1 DONE
[2026-09-22 17:57:18] REFIT horizon 1m | gaussian | K=1 START
[2026-09-22 17:57:18] REFIT horizon 1m | gaussian | K=1 DONE
[2026-09-22 17:57:18] REFIT horizon 1m | gmm | K=5 START
[2026-09-22 17:57:18] REFIT horizon 1m | gmm | K=5 DONE
[2026-09-22 17:57:18] REFIT horizon 1m | gaussian_hmm | K=7 START
[2026-09-22 17:57:18] REFIT horizon 1m | gaussian_hmm | K=7 DONE
[2026-09-22 17:57:18] REFIT horizon 1m | student_t_shared | K=6 START
[2026-09-22 17:57:18] REFIT horizon 1m | student_t_shared | K=6 DONE
[2026-09-22 17:57:18] REFIT horizon 1m | student_t_state | K=7 START
[2026-09-22 17:57:18] REFIT horizon 1m | student_t_state | K=7 DONE
[2026-09-22 17:57:20] REFIT horizon 2m | student_t | K=1 START
[2026-09-22 17:57:20] REFIT horizon 2m | student_t | K=1 DONE
[2026-09-22 17:57:20] REFIT horizon 2m | gaussian | K=1 START
[2026-09-22 17:57:20] REFIT horizon 2m | gaussian | K=1 DONE
[2026-09-22 17:57:20] REFIT horizon 2m | gmm | K=4 START
[2026-09-22 17:57:20] REFIT horizon 2m | gmm | K=4 DONE
[2026-09-22 17:57:20] REFIT horizon 2m | gaussian_hmm | K=7 START
[2026-09-22 17:57:20] CACHE refit | h=2m | gaussian_hmm | K=7 | seed=142
[2026-09-22 17:57:20] CACHE refit | h=2m | gaussian_hmm | K=7 | seed=143
[2026-09-22 17:57:20] CACHE refit | h=2m | gaussian_hmm | K=7 | seed=144
[2026-09-22 17:57:20] CACHE refit | h=2m | gaussian_hmm | K=7 | seed=145
[2026-09-22 17:57:20] START refit | h=2m | gaussian_hmm | K=7 | seed=146
[2026-09-22 18:07:38] DONE  refit | h=2m | gaussian_hmm | K=7 | seed=146 | 618.6s | converged=True
[2026-09-22 18:07:59] REFIT horizon 2m | gaussian_hmm | K=7 DONE
[2026-09-22 18:07:59] REFIT horizon 2m | student_t_shared | K=7 START
[2026-09-22 18:07:59] START refit | h=2m | student_t_shared | K=7 | seed=142
[2026-09-22 18:18:04] DONE  refit | h=2m | student_t_shared | K=7 | seed=142 | 604.7s | converged=True
[2026-09-22 18:18:04] START refit | h=2m | student_t_shared | K=7 | seed=143
[2026-09-22 18:27:56] DONE  refit | h=2m | student_t_shared | K=7 | seed=143 | 592.4s | converged=True
[2026-09-22 18:27:56] START refit | h=2m | student_t_shared | K=7 | seed=144
[2026-09-22 18:35:49] DONE  refit | h=2m | student_t_shared | K=7 | seed=144 | 473.4s | converged=True
[2026-09-22 18:35:49] START refit | h=2m | student_t_shared | K=7 | seed=145
[2026-09-22 18:43:41] DONE  refit | h=2m | student_t_shared | K=7 | seed=145 | 471.4s | converged=True
[2026-09-22 18:43:41] START refit | h=2m | student_t_shared | K=7 | seed=146
[2026-09-22 18:51:32] DONE  refit | h=2m | student_t_shared | K=7 | seed=146 | 470.8s | converged=True
[2026-09-22 18:51:47] REFIT horizon 2m | student_t_shared | K=7 DONE
[2026-09-22 18:51:47] REFIT horizon 2m | student_t_state | K=7 START
[2026-09-22 18:51:47] START refit | h=2m | student_t_state | K=7 | seed=142
[2026-09-22 18:59:38] DONE  refit | h=2m | student_t_state | K=7 | seed=142 | 471.4s | converged=True
[2026-09-22 18:59:38] START refit | h=2m | student_t_state | K=7 | seed=143
[2026-09-22 19:07:27] DONE  refit | h=2m | student_t_state | K=7 | seed=143 | 469.1s | converged=True
[2026-09-22 19:07:27] START refit | h=2m | student_t_state | K=7 | seed=144
[2026-09-22 19:15:15] DONE  refit | h=2m | student_t_state | K=7 | seed=144 | 468.1s | converged=True
[2026-09-22 19:15:15] START refit | h=2m | student_t_state | K=7 | seed=145
[2026-09-22 19:23:04] DONE  refit | h=2m | student_t_state | K=7 | seed=145 | 468.5s | converged=True
[2026-09-22 19:23:04] START refit | h=2m | student_t_state | K=7 | seed=146
[2026-09-22 19:30:56] DONE  refit | h=2m | student_t_state | K=7 | seed=146 | 472.0s | converged=True
[2026-09-22 19:31:10] REFIT horizon 2m | student_t_state | K=7 DONE
[2026-09-22 19:31:10] FOLD 2/2 DONE
{
  "best_gaussian_horizon": 1,
  "runner_up_horizon": 2,
  "winner_vs_runner_mean": 0.020908082100282555,
  "winner_vs_runner_ci20": [
    0.014312271622673914,
    0.028608332718377417
  ],
  "bootstrap_horizon_advantage_conclusive": true,
  "winner_practical_convergence_rate": 1.0,
  "winner_k_upper_boundary_rate": 1.0,
  "preferred_research_horizon": 1,
  "lock_configuration_for_v1": false,
  "decision_vi": "\u01afu ti\u00ean khung 1 ph\u00fat, nh\u01b0ng ch\u01b0a kh\u00f3a c\u1ea5u h\u00ecnh cho v1 v\u00ec c\u1ed5ng K/h\u1ed9i t\u1ee5 ch\u01b0a \u0111\u1ea1t.",
  "best_mean_hmm_family": "student_t_shared",
  "preferred_hmm_family": "student_t_shared",
  "family_gain_vs_gaussian_ci20": [
    0.004318693201110078,
    0.010518813928612926
  ],
  "heavy_tail_replacement_conclusive": true,
  "family_fold_counts": {
    "student_t_shared": 2,
    "student_t_state": 2,
    "gaussian_hmm": 2
  }
}
Report: C:\Users\Admin\Downloads\ARSH_v0.5_CUDA_worker\runs_v05_revised\policy_session\policy_session__f00_01\report.html
