Running immutable CUDA job policy_daily__f08_09
[2026-09-17 02:23:31] LOAD source data START
[2026-09-17 02:23:32] LOAD source data DONE | rows=525,635
[2026-09-17 02:23:32] AUDIT timestamp/rollover START
[2026-09-17 02:23:33] AUDIT timestamp/rollover DONE
[2026-09-17 02:23:33] BUILD returns START | horizons=[1, 2]
[2026-09-17 02:23:48] BUILD returns DONE | 1m=518,222, 2m=258,485
[2026-09-17 02:23:48] FOLD 9/2 START
[2026-09-17 02:23:48] SCREEN horizon 1m START
[2026-09-17 02:23:53] START screen_selection | h=1m | gmm | K=2
[2026-09-17 02:23:54] DONE  screen_selection | h=1m | gmm | K=2 | 1.5s
[2026-09-17 02:23:54] START screen_selection | h=1m | gmm | K=3
[2026-09-17 02:23:56] DONE  screen_selection | h=1m | gmm | K=3 | 2.0s
[2026-09-17 02:23:56] START screen_selection | h=1m | gmm | K=4
[2026-09-17 02:24:00] DONE  screen_selection | h=1m | gmm | K=4 | 3.5s
[2026-09-17 02:24:00] START screen_selection | h=1m | gmm | K=5
[2026-09-17 02:24:02] DONE  screen_selection | h=1m | gmm | K=5 | 2.1s
[2026-09-17 02:24:02] START screen_selection | h=1m | gmm | K=6
[2026-09-17 02:24:07] DONE  screen_selection | h=1m | gmm | K=6 | 5.2s
[2026-09-17 02:24:07] START screen_selection | h=1m | gmm | K=7
[2026-09-17 02:24:09] DONE  screen_selection | h=1m | gmm | K=7 | 2.3s
[2026-09-17 02:24:09] START screen_selection | h=1m | gaussian_hmm | K=2 | seed=42
[2026-09-17 02:27:09] DONE  screen_selection | h=1m | gaussian_hmm | K=2 | seed=42 | 179.1s | converged=True
[2026-09-17 02:27:09] START screen_selection | h=1m | gaussian_hmm | K=2 | seed=43
[2026-09-17 02:30:23] DONE  screen_selection | h=1m | gaussian_hmm | K=2 | seed=43 | 194.4s | converged=True
[2026-09-17 02:30:23] START screen_selection | h=1m | gaussian_hmm | K=2 | seed=44
[2026-09-17 02:33:29] DONE  screen_selection | h=1m | gaussian_hmm | K=2 | seed=44 | 185.7s | converged=True
[2026-09-17 02:33:52] START screen_selection | h=1m | gaussian_hmm | K=3 | seed=42
[2026-09-17 02:39:17] DONE  screen_selection | h=1m | gaussian_hmm | K=3 | seed=42 | 325.3s | converged=True
[2026-09-17 02:39:17] START screen_selection | h=1m | gaussian_hmm | K=3 | seed=43
[2026-09-17 02:44:39] DONE  screen_selection | h=1m | gaussian_hmm | K=3 | seed=43 | 321.2s | converged=True
[2026-09-17 02:44:39] START screen_selection | h=1m | gaussian_hmm | K=3 | seed=44
[2026-09-17 02:50:10] DONE  screen_selection | h=1m | gaussian_hmm | K=3 | seed=44 | 331.0s | converged=True
[2026-09-17 02:50:40] START screen_selection | h=1m | gaussian_hmm | K=4 | seed=42
[2026-09-17 03:00:00] DONE  screen_selection | h=1m | gaussian_hmm | K=4 | seed=42 | 559.1s | converged=False
[2026-09-17 03:00:00] START screen_selection | h=1m | gaussian_hmm | K=4 | seed=43
[2026-09-17 03:09:25] DONE  screen_selection | h=1m | gaussian_hmm | K=4 | seed=43 | 565.2s | converged=False
[2026-09-17 03:09:25] START screen_selection | h=1m | gaussian_hmm | K=4 | seed=44
[2026-09-17 03:18:47] DONE  screen_selection | h=1m | gaussian_hmm | K=4 | seed=44 | 561.8s | converged=False
[2026-09-17 03:19:18] START screen_selection | h=1m | gaussian_hmm | K=5 | seed=42
[2026-09-17 03:28:26] DONE  screen_selection | h=1m | gaussian_hmm | K=5 | seed=42 | 547.8s | converged=True
[2026-09-17 03:28:26] START screen_selection | h=1m | gaussian_hmm | K=5 | seed=43
[2026-09-17 03:37:34] DONE  screen_selection | h=1m | gaussian_hmm | K=5 | seed=43 | 548.8s | converged=False
[2026-09-17 03:37:34] START screen_selection | h=1m | gaussian_hmm | K=5 | seed=44
[2026-09-17 03:46:25] DONE  screen_selection | h=1m | gaussian_hmm | K=5 | seed=44 | 530.6s | converged=False
[2026-09-17 03:46:52] START screen_selection | h=1m | gaussian_hmm | K=6 | seed=42
[2026-09-17 03:56:20] DONE  screen_selection | h=1m | gaussian_hmm | K=6 | seed=42 | 568.5s | converged=True
[2026-09-17 03:56:20] START screen_selection | h=1m | gaussian_hmm | K=6 | seed=43
[2026-09-17 04:05:55] DONE  screen_selection | h=1m | gaussian_hmm | K=6 | seed=43 | 575.0s | converged=True
[2026-09-17 04:05:55] START screen_selection | h=1m | gaussian_hmm | K=6 | seed=44
[2026-09-17 04:15:22] DONE  screen_selection | h=1m | gaussian_hmm | K=6 | seed=44 | 566.6s | converged=True
[2026-09-17 04:15:58] START screen_selection | h=1m | gaussian_hmm | K=7 | seed=42
[2026-09-17 04:25:50] DONE  screen_selection | h=1m | gaussian_hmm | K=7 | seed=42 | 592.1s | converged=False
[2026-09-17 04:25:50] START screen_selection | h=1m | gaussian_hmm | K=7 | seed=43
[2026-09-17 04:35:05] DONE  screen_selection | h=1m | gaussian_hmm | K=7 | seed=43 | 554.7s | converged=False
[2026-09-17 04:35:05] START screen_selection | h=1m | gaussian_hmm | K=7 | seed=44
[2026-09-17 04:44:33] DONE  screen_selection | h=1m | gaussian_hmm | K=7 | seed=44 | 568.1s | converged=True
[2026-09-17 04:45:03] SCREEN horizon 1m DONE | Gaussian-HMM K=7 | gain=0.145513
[2026-09-17 04:45:03] SCREEN horizon 2m START
[2026-09-17 04:45:04] START screen_selection | h=2m | gmm | K=2
[2026-09-17 04:45:05] DONE  screen_selection | h=2m | gmm | K=2 | 0.4s
[2026-09-17 04:45:05] START screen_selection | h=2m | gmm | K=3
[2026-09-17 04:45:05] DONE  screen_selection | h=2m | gmm | K=3 | 0.6s
[2026-09-17 04:45:05] START screen_selection | h=2m | gmm | K=4
[2026-09-17 04:45:06] DONE  screen_selection | h=2m | gmm | K=4 | 0.9s
[2026-09-17 04:45:06] START screen_selection | h=2m | gmm | K=5
[2026-09-17 04:45:07] DONE  screen_selection | h=2m | gmm | K=5 | 0.9s
[2026-09-17 04:45:07] START screen_selection | h=2m | gmm | K=6
[2026-09-17 04:45:13] DONE  screen_selection | h=2m | gmm | K=6 | 5.4s
[2026-09-17 04:45:13] START screen_selection | h=2m | gmm | K=7
[2026-09-17 04:45:14] DONE  screen_selection | h=2m | gmm | K=7 | 1.0s
[2026-09-17 04:45:14] START screen_selection | h=2m | gaussian_hmm | K=2 | seed=42
[2026-09-17 04:46:43] DONE  screen_selection | h=2m | gaussian_hmm | K=2 | seed=42 | 89.2s | converged=True
[2026-09-17 04:46:43] START screen_selection | h=2m | gaussian_hmm | K=2 | seed=43
[2026-09-17 04:48:14] DONE  screen_selection | h=2m | gaussian_hmm | K=2 | seed=43 | 90.7s | converged=True
[2026-09-17 04:48:14] START screen_selection | h=2m | gaussian_hmm | K=2 | seed=44
[2026-09-17 04:49:53] DONE  screen_selection | h=2m | gaussian_hmm | K=2 | seed=44 | 99.7s | converged=True
[2026-09-17 04:50:15] START screen_selection | h=2m | gaussian_hmm | K=3 | seed=42
[2026-09-17 04:52:27] DONE  screen_selection | h=2m | gaussian_hmm | K=3 | seed=42 | 131.4s | converged=True
[2026-09-17 04:52:27] START screen_selection | h=2m | gaussian_hmm | K=3 | seed=43
[2026-09-17 04:54:54] DONE  screen_selection | h=2m | gaussian_hmm | K=3 | seed=43 | 147.3s | converged=True
[2026-09-17 04:54:54] START screen_selection | h=2m | gaussian_hmm | K=3 | seed=44
[2026-09-17 04:57:38] DONE  screen_selection | h=2m | gaussian_hmm | K=3 | seed=44 | 163.8s | converged=True
[2026-09-17 04:58:00] START screen_selection | h=2m | gaussian_hmm | K=4 | seed=42
[2026-09-17 05:02:08] DONE  screen_selection | h=2m | gaussian_hmm | K=4 | seed=42 | 247.9s | converged=False
[2026-09-17 05:02:08] START screen_selection | h=2m | gaussian_hmm | K=4 | seed=43
[2026-09-17 05:06:27] DONE  screen_selection | h=2m | gaussian_hmm | K=4 | seed=43 | 259.0s | converged=False
[2026-09-17 05:06:27] START screen_selection | h=2m | gaussian_hmm | K=4 | seed=44
[2026-09-17 05:10:57] DONE  screen_selection | h=2m | gaussian_hmm | K=4 | seed=44 | 269.8s | converged=False
[2026-09-17 05:11:13] START screen_selection | h=2m | gaussian_hmm | K=5 | seed=42
[2026-09-17 05:15:33] DONE  screen_selection | h=2m | gaussian_hmm | K=5 | seed=42 | 260.3s | converged=False
[2026-09-17 05:15:33] START screen_selection | h=2m | gaussian_hmm | K=5 | seed=43
[2026-09-17 05:20:11] DONE  screen_selection | h=2m | gaussian_hmm | K=5 | seed=43 | 278.1s | converged=False
[2026-09-17 05:20:11] START screen_selection | h=2m | gaussian_hmm | K=5 | seed=44
[2026-09-17 05:24:20] DONE  screen_selection | h=2m | gaussian_hmm | K=5 | seed=44 | 248.5s | converged=False
[2026-09-17 05:24:31] START screen_selection | h=2m | gaussian_hmm | K=6 | seed=42
[2026-09-17 05:29:14] DONE  screen_selection | h=2m | gaussian_hmm | K=6 | seed=42 | 283.1s | converged=False
[2026-09-17 05:29:14] START screen_selection | h=2m | gaussian_hmm | K=6 | seed=43
[2026-09-17 05:33:52] DONE  screen_selection | h=2m | gaussian_hmm | K=6 | seed=43 | 278.2s | converged=False
[2026-09-17 05:33:52] START screen_selection | h=2m | gaussian_hmm | K=6 | seed=44
[2026-09-17 05:38:04] DONE  screen_selection | h=2m | gaussian_hmm | K=6 | seed=44 | 252.1s | converged=False
[2026-09-17 05:38:21] START screen_selection | h=2m | gaussian_hmm | K=7 | seed=42
[2026-09-17 05:42:57] DONE  screen_selection | h=2m | gaussian_hmm | K=7 | seed=42 | 276.0s | converged=True
[2026-09-17 05:42:57] START screen_selection | h=2m | gaussian_hmm | K=7 | seed=43
[2026-09-17 05:47:00] DONE  screen_selection | h=2m | gaussian_hmm | K=7 | seed=43 | 243.2s | converged=True
[2026-09-17 05:47:00] START screen_selection | h=2m | gaussian_hmm | K=7 | seed=44
[2026-09-17 05:51:16] DONE  screen_selection | h=2m | gaussian_hmm | K=7 | seed=44 | 255.6s | converged=True
[2026-09-17 05:51:36] SCREEN horizon 2m DONE | Gaussian-HMM K=7 | gain=0.122410
[2026-09-17 05:51:36] CONFIRM horizon 1m | student_t_shared START
[2026-09-17 05:51:36] START confirm_selection | h=1m | student_t_shared | K=2 | seed=62
[2026-09-17 05:59:49] DONE  confirm_selection | h=1m | student_t_shared | K=2 | seed=62 | 493.8s | converged=True
[2026-09-17 05:59:49] START confirm_selection | h=1m | student_t_shared | K=2 | seed=63
[2026-09-17 06:07:02] DONE  confirm_selection | h=1m | student_t_shared | K=2 | seed=63 | 432.8s | converged=True
[2026-09-17 06:07:02] START confirm_selection | h=1m | student_t_shared | K=2 | seed=64
[2026-09-17 06:15:17] DONE  confirm_selection | h=1m | student_t_shared | K=2 | seed=64 | 494.2s | converged=True
[2026-09-17 06:15:51] START confirm_selection | h=1m | student_t_shared | K=3 | seed=62
[2026-09-17 06:25:08] DONE  confirm_selection | h=1m | student_t_shared | K=3 | seed=62 | 557.2s | converged=True
[2026-09-17 06:25:08] START confirm_selection | h=1m | student_t_shared | K=3 | seed=63
[2026-09-17 06:34:18] DONE  confirm_selection | h=1m | student_t_shared | K=3 | seed=63 | 550.2s | converged=True
[2026-09-17 06:34:18] START confirm_selection | h=1m | student_t_shared | K=3 | seed=64
[2026-09-17 06:44:27] DONE  confirm_selection | h=1m | student_t_shared | K=3 | seed=64 | 608.9s | converged=True
[2026-09-17 06:44:59] START confirm_selection | h=1m | student_t_shared | K=4 | seed=62
[2026-09-17 06:53:45] DONE  confirm_selection | h=1m | student_t_shared | K=4 | seed=62 | 526.0s | converged=True
[2026-09-17 06:53:45] START confirm_selection | h=1m | student_t_shared | K=4 | seed=63
[2026-09-17 07:02:24] DONE  confirm_selection | h=1m | student_t_shared | K=4 | seed=63 | 519.6s | converged=True
[2026-09-17 07:02:24] START confirm_selection | h=1m | student_t_shared | K=4 | seed=64
[2026-09-17 07:11:34] DONE  confirm_selection | h=1m | student_t_shared | K=4 | seed=64 | 549.3s | converged=True
[2026-09-17 07:12:00] START confirm_selection | h=1m | student_t_shared | K=5 | seed=62
[2026-09-17 07:21:06] DONE  confirm_selection | h=1m | student_t_shared | K=5 | seed=62 | 545.3s | converged=True
[2026-09-17 07:21:06] START confirm_selection | h=1m | student_t_shared | K=5 | seed=63
[2026-09-17 07:31:00] DONE  confirm_selection | h=1m | student_t_shared | K=5 | seed=63 | 594.7s | converged=True
[2026-09-17 07:31:00] START confirm_selection | h=1m | student_t_shared | K=5 | seed=64
[2026-09-17 07:40:22] DONE  confirm_selection | h=1m | student_t_shared | K=5 | seed=64 | 561.5s | converged=True
[2026-09-17 07:41:15] START confirm_selection | h=1m | student_t_shared | K=6 | seed=62
[2026-09-17 07:50:28] DONE  confirm_selection | h=1m | student_t_shared | K=6 | seed=62 | 553.3s | converged=True
[2026-09-17 07:50:28] START confirm_selection | h=1m | student_t_shared | K=6 | seed=63
[2026-09-17 07:59:32] DONE  confirm_selection | h=1m | student_t_shared | K=6 | seed=63 | 544.1s | converged=True
[2026-09-17 07:59:32] START confirm_selection | h=1m | student_t_shared | K=6 | seed=64
[2026-09-17 08:09:18] DONE  confirm_selection | h=1m | student_t_shared | K=6 | seed=64 | 586.2s | converged=True
[2026-09-17 08:09:49] START confirm_selection | h=1m | student_t_shared | K=7 | seed=62
[2026-09-17 08:19:02] DONE  confirm_selection | h=1m | student_t_shared | K=7 | seed=62 | 553.1s | converged=True
[2026-09-17 08:19:02] START confirm_selection | h=1m | student_t_shared | K=7 | seed=63
[2026-09-17 08:28:49] DONE  confirm_selection | h=1m | student_t_shared | K=7 | seed=63 | 586.3s | converged=True
[2026-09-17 08:28:49] START confirm_selection | h=1m | student_t_shared | K=7 | seed=64
[2026-09-17 08:38:21] DONE  confirm_selection | h=1m | student_t_shared | K=7 | seed=64 | 572.6s | converged=False
[2026-09-17 08:38:51] CONFIRM horizon 1m | student_t_shared DONE | K=7
[2026-09-17 08:38:51] CONFIRM horizon 1m | student_t_state START
[2026-09-17 08:38:51] START confirm_selection | h=1m | student_t_state | K=2 | seed=62
[2026-09-17 08:48:03] DONE  confirm_selection | h=1m | student_t_state | K=2 | seed=62 | 552.6s | converged=True
[2026-09-17 08:48:03] START confirm_selection | h=1m | student_t_state | K=2 | seed=63
[2026-09-17 08:57:27] DONE  confirm_selection | h=1m | student_t_state | K=2 | seed=63 | 564.0s | converged=True
[2026-09-17 08:57:27] START confirm_selection | h=1m | student_t_state | K=2 | seed=64
[2026-09-17 09:05:37] DONE  confirm_selection | h=1m | student_t_state | K=2 | seed=64 | 489.6s | converged=True
[2026-09-17 09:06:03] START confirm_selection | h=1m | student_t_state | K=3 | seed=62
[2026-09-17 09:15:33] DONE  confirm_selection | h=1m | student_t_state | K=3 | seed=62 | 570.3s | converged=True
[2026-09-17 09:15:33] START confirm_selection | h=1m | student_t_state | K=3 | seed=63
[2026-09-17 09:25:16] DONE  confirm_selection | h=1m | student_t_state | K=3 | seed=63 | 582.1s | converged=True
[2026-09-17 09:25:16] START confirm_selection | h=1m | student_t_state | K=3 | seed=64
[2026-09-17 09:35:21] DONE  confirm_selection | h=1m | student_t_state | K=3 | seed=64 | 605.1s | converged=True
[2026-09-17 09:35:45] START confirm_selection | h=1m | student_t_state | K=4 | seed=62
[2026-09-17 09:45:47] DONE  confirm_selection | h=1m | student_t_state | K=4 | seed=62 | 601.2s | converged=True
[2026-09-17 09:45:47] START confirm_selection | h=1m | student_t_state | K=4 | seed=63
[2026-09-17 09:55:22] DONE  confirm_selection | h=1m | student_t_state | K=4 | seed=63 | 575.8s | converged=True
[2026-09-17 09:55:22] START confirm_selection | h=1m | student_t_state | K=4 | seed=64
[2026-09-17 10:05:08] DONE  confirm_selection | h=1m | student_t_state | K=4 | seed=64 | 585.5s | converged=True
[2026-09-17 10:05:35] START confirm_selection | h=1m | student_t_state | K=5 | seed=62
[2026-09-17 10:15:45] DONE  confirm_selection | h=1m | student_t_state | K=5 | seed=62 | 610.0s | converged=True
[2026-09-17 10:15:45] START confirm_selection | h=1m | student_t_state | K=5 | seed=63
[2026-09-17 10:25:37] DONE  confirm_selection | h=1m | student_t_state | K=5 | seed=63 | 591.3s | converged=True
[2026-09-17 10:25:37] START confirm_selection | h=1m | student_t_state | K=5 | seed=64
[2026-09-17 10:35:39] DONE  confirm_selection | h=1m | student_t_state | K=5 | seed=64 | 602.7s | converged=True
[2026-09-17 10:36:07] START confirm_selection | h=1m | student_t_state | K=6 | seed=62
[2026-09-17 10:46:02] DONE  confirm_selection | h=1m | student_t_state | K=6 | seed=62 | 594.9s | converged=True
[2026-09-17 10:46:02] START confirm_selection | h=1m | student_t_state | K=6 | seed=63
[2026-09-17 10:56:03] DONE  confirm_selection | h=1m | student_t_state | K=6 | seed=63 | 601.3s | converged=True
[2026-09-17 10:56:03] START confirm_selection | h=1m | student_t_state | K=6 | seed=64
[2026-09-17 11:06:04] DONE  confirm_selection | h=1m | student_t_state | K=6 | seed=64 | 600.5s | converged=True
[2026-09-17 11:06:31] START confirm_selection | h=1m | student_t_state | K=7 | seed=62
[2026-09-17 11:16:19] DONE  confirm_selection | h=1m | student_t_state | K=7 | seed=62 | 588.0s | converged=True
[2026-09-17 11:16:19] START confirm_selection | h=1m | student_t_state | K=7 | seed=63
[2026-09-17 11:26:42] DONE  confirm_selection | h=1m | student_t_state | K=7 | seed=63 | 623.5s | converged=True
[2026-09-17 11:26:42] START confirm_selection | h=1m | student_t_state | K=7 | seed=64
[2026-09-17 11:37:23] DONE  confirm_selection | h=1m | student_t_state | K=7 | seed=64 | 641.1s | converged=False
[2026-09-17 11:37:50] CONFIRM horizon 1m | student_t_state DONE | K=7
[2026-09-17 11:37:50] CONFIRM horizon 2m | student_t_shared START
[2026-09-17 11:37:50] START confirm_selection | h=2m | student_t_shared | K=2 | seed=62
[2026-09-17 11:40:40] DONE  confirm_selection | h=2m | student_t_shared | K=2 | seed=62 | 170.0s | converged=True
[2026-09-17 11:40:40] START confirm_selection | h=2m | student_t_shared | K=2 | seed=63
[2026-09-17 11:44:08] DONE  confirm_selection | h=2m | student_t_shared | K=2 | seed=63 | 208.1s | converged=True
[2026-09-17 11:44:08] START confirm_selection | h=2m | student_t_shared | K=2 | seed=64
[2026-09-17 11:47:06] DONE  confirm_selection | h=2m | student_t_shared | K=2 | seed=64 | 177.6s | converged=True
[2026-09-17 11:47:18] START confirm_selection | h=2m | student_t_shared | K=3 | seed=62
[2026-09-17 11:51:21] DONE  confirm_selection | h=2m | student_t_shared | K=3 | seed=62 | 243.5s | converged=False
[2026-09-17 11:51:21] START confirm_selection | h=2m | student_t_shared | K=3 | seed=63
[2026-09-17 11:56:04] DONE  confirm_selection | h=2m | student_t_shared | K=3 | seed=63 | 282.8s | converged=False
[2026-09-17 11:56:04] START confirm_selection | h=2m | student_t_shared | K=3 | seed=64
[2026-09-17 12:00:43] DONE  confirm_selection | h=2m | student_t_shared | K=3 | seed=64 | 279.2s | converged=False
[2026-09-17 12:00:56] START confirm_selection | h=2m | student_t_shared | K=4 | seed=62
[2026-09-17 12:05:29] DONE  confirm_selection | h=2m | student_t_shared | K=4 | seed=62 | 272.8s | converged=False
[2026-09-17 12:05:29] START confirm_selection | h=2m | student_t_shared | K=4 | seed=63
[2026-09-17 12:10:06] DONE  confirm_selection | h=2m | student_t_shared | K=4 | seed=63 | 276.7s | converged=False
[2026-09-17 12:10:06] START confirm_selection | h=2m | student_t_shared | K=4 | seed=64
[2026-09-17 12:14:43] DONE  confirm_selection | h=2m | student_t_shared | K=4 | seed=64 | 276.8s | converged=True
[2026-09-17 12:14:55] START confirm_selection | h=2m | student_t_shared | K=5 | seed=62
[2026-09-17 12:19:34] DONE  confirm_selection | h=2m | student_t_shared | K=5 | seed=62 | 278.7s | converged=False
[2026-09-17 12:19:34] START confirm_selection | h=2m | student_t_shared | K=5 | seed=63
[2026-09-17 12:24:19] DONE  confirm_selection | h=2m | student_t_shared | K=5 | seed=63 | 286.0s | converged=False
[2026-09-17 12:24:19] START confirm_selection | h=2m | student_t_shared | K=5 | seed=64
[2026-09-17 12:29:06] DONE  confirm_selection | h=2m | student_t_shared | K=5 | seed=64 | 286.4s | converged=False
[2026-09-17 12:29:21] START confirm_selection | h=2m | student_t_shared | K=6 | seed=62
[2026-09-17 12:33:40] DONE  confirm_selection | h=2m | student_t_shared | K=6 | seed=62 | 258.6s | converged=True
[2026-09-17 12:33:40] START confirm_selection | h=2m | student_t_shared | K=6 | seed=63
[2026-09-17 12:38:24] DONE  confirm_selection | h=2m | student_t_shared | K=6 | seed=63 | 284.8s | converged=True
[2026-09-17 12:38:24] START confirm_selection | h=2m | student_t_shared | K=6 | seed=64
[2026-09-17 12:43:20] DONE  confirm_selection | h=2m | student_t_shared | K=6 | seed=64 | 295.3s | converged=False
[2026-09-17 12:43:32] START confirm_selection | h=2m | student_t_shared | K=7 | seed=62
[2026-09-17 12:48:10] DONE  confirm_selection | h=2m | student_t_shared | K=7 | seed=62 | 277.9s | converged=False
[2026-09-17 12:48:10] START confirm_selection | h=2m | student_t_shared | K=7 | seed=63
[2026-09-17 12:52:46] DONE  confirm_selection | h=2m | student_t_shared | K=7 | seed=63 | 275.8s | converged=False
[2026-09-17 12:52:46] START confirm_selection | h=2m | student_t_shared | K=7 | seed=64
[2026-09-17 12:57:36] DONE  confirm_selection | h=2m | student_t_shared | K=7 | seed=64 | 290.1s | converged=False
[2026-09-17 12:57:50] CONFIRM horizon 2m | student_t_shared DONE | K=7
[2026-09-17 12:57:50] CONFIRM horizon 2m | student_t_state START
[2026-09-17 12:57:50] START confirm_selection | h=2m | student_t_state | K=2 | seed=62
[2026-09-17 13:02:18] DONE  confirm_selection | h=2m | student_t_state | K=2 | seed=62 | 267.1s | converged=True
[2026-09-17 13:02:18] START confirm_selection | h=2m | student_t_state | K=2 | seed=63
[2026-09-17 13:06:55] DONE  confirm_selection | h=2m | student_t_state | K=2 | seed=63 | 277.6s | converged=True
[2026-09-17 13:06:55] START confirm_selection | h=2m | student_t_state | K=2 | seed=64
[2026-09-17 13:11:30] DONE  confirm_selection | h=2m | student_t_state | K=2 | seed=64 | 275.1s | converged=True
[2026-09-17 13:11:44] START confirm_selection | h=2m | student_t_state | K=3 | seed=62
[2026-09-17 13:16:15] DONE  confirm_selection | h=2m | student_t_state | K=3 | seed=62 | 271.0s | converged=True
[2026-09-17 13:16:15] START confirm_selection | h=2m | student_t_state | K=3 | seed=63
[2026-09-17 13:20:47] DONE  confirm_selection | h=2m | student_t_state | K=3 | seed=63 | 271.9s | converged=True
[2026-09-17 13:20:47] START confirm_selection | h=2m | student_t_state | K=3 | seed=64
[2026-09-17 13:25:24] DONE  confirm_selection | h=2m | student_t_state | K=3 | seed=64 | 276.9s | converged=True
[2026-09-17 13:25:37] START confirm_selection | h=2m | student_t_state | K=4 | seed=62
[2026-09-17 13:30:19] DONE  confirm_selection | h=2m | student_t_state | K=4 | seed=62 | 282.2s | converged=True
[2026-09-17 13:30:19] START confirm_selection | h=2m | student_t_state | K=4 | seed=63
[2026-09-17 13:35:04] DONE  confirm_selection | h=2m | student_t_state | K=4 | seed=63 | 284.9s | converged=True
[2026-09-17 13:35:04] START confirm_selection | h=2m | student_t_state | K=4 | seed=64
[2026-09-17 13:39:53] DONE  confirm_selection | h=2m | student_t_state | K=4 | seed=64 | 288.6s | converged=True
[2026-09-17 13:40:05] START confirm_selection | h=2m | student_t_state | K=5 | seed=62
[2026-09-17 13:44:48] DONE  confirm_selection | h=2m | student_t_state | K=5 | seed=62 | 282.5s | converged=True
[2026-09-17 13:44:48] START confirm_selection | h=2m | student_t_state | K=5 | seed=63
[2026-09-17 13:49:25] DONE  confirm_selection | h=2m | student_t_state | K=5 | seed=63 | 276.7s | converged=True
[2026-09-17 13:49:25] START confirm_selection | h=2m | student_t_state | K=5 | seed=64
[2026-09-17 13:54:14] DONE  confirm_selection | h=2m | student_t_state | K=5 | seed=64 | 289.6s | converged=True
[2026-09-17 13:54:27] START confirm_selection | h=2m | student_t_state | K=6 | seed=62
[2026-09-17 13:59:14] DONE  confirm_selection | h=2m | student_t_state | K=6 | seed=62 | 287.6s | converged=True
[2026-09-17 13:59:14] START confirm_selection | h=2m | student_t_state | K=6 | seed=63
[2026-09-17 14:03:45] DONE  confirm_selection | h=2m | student_t_state | K=6 | seed=63 | 270.6s | converged=True
[2026-09-17 14:03:45] START confirm_selection | h=2m | student_t_state | K=6 | seed=64
[2026-09-17 14:08:26] DONE  confirm_selection | h=2m | student_t_state | K=6 | seed=64 | 280.6s | converged=True
[2026-09-17 14:08:39] START confirm_selection | h=2m | student_t_state | K=7 | seed=62
[2026-09-17 14:13:23] DONE  confirm_selection | h=2m | student_t_state | K=7 | seed=62 | 284.4s | converged=True
[2026-09-17 14:13:23] START confirm_selection | h=2m | student_t_state | K=7 | seed=63
[2026-09-17 14:18:09] DONE  confirm_selection | h=2m | student_t_state | K=7 | seed=63 | 285.4s | converged=True
[2026-09-17 14:18:09] START confirm_selection | h=2m | student_t_state | K=7 | seed=64
[2026-09-17 14:22:49] DONE  confirm_selection | h=2m | student_t_state | K=7 | seed=64 | 280.2s | converged=True
[2026-09-17 14:23:04] CONFIRM horizon 2m | student_t_state DONE | K=7
[2026-09-17 14:23:09] REFIT horizon 1m | student_t | K=1 START
[2026-09-17 14:23:09] REFIT horizon 1m | student_t | K=1 DONE
[2026-09-17 14:23:09] REFIT horizon 1m | gaussian | K=1 START
[2026-09-17 14:23:09] REFIT horizon 1m | gaussian | K=1 DONE
[2026-09-17 14:23:09] REFIT horizon 1m | gmm | K=7 START
[2026-09-17 14:23:14] REFIT horizon 1m | gmm | K=7 DONE
[2026-09-17 14:23:14] REFIT horizon 1m | gaussian_hmm | K=7 START
[2026-09-17 14:23:14] START refit | h=1m | gaussian_hmm | K=7 | seed=142
[2026-09-17 14:58:07] DONE  refit | h=1m | gaussian_hmm | K=7 | seed=142 | 2092.5s | converged=True
[2026-09-17 14:58:07] START refit | h=1m | gaussian_hmm | K=7 | seed=143
[2026-09-17 15:29:55] DONE  refit | h=1m | gaussian_hmm | K=7 | seed=143 | 1908.1s | converged=True
[2026-09-17 15:29:55] START refit | h=1m | gaussian_hmm | K=7 | seed=144
[2026-09-17 16:00:31] DONE  refit | h=1m | gaussian_hmm | K=7 | seed=144 | 1836.4s | converged=True
[2026-09-17 16:00:31] START refit | h=1m | gaussian_hmm | K=7 | seed=145
[2026-09-17 16:30:38] DONE  refit | h=1m | gaussian_hmm | K=7 | seed=145 | 1806.7s | converged=True
[2026-09-17 16:30:38] START refit | h=1m | gaussian_hmm | K=7 | seed=146
[2026-09-17 17:00:20] DONE  refit | h=1m | gaussian_hmm | K=7 | seed=146 | 1781.6s | converged=True
[2026-09-17 17:00:48] REFIT horizon 1m | gaussian_hmm | K=7 DONE
[2026-09-17 17:00:48] REFIT horizon 1m | student_t_shared | K=7 START
[2026-09-17 17:00:48] START refit | h=1m | student_t_shared | K=7 | seed=142
[2026-09-17 17:30:46] DONE  refit | h=1m | student_t_shared | K=7 | seed=142 | 1797.4s | converged=True
[2026-09-17 17:30:46] START refit | h=1m | student_t_shared | K=7 | seed=143
[2026-09-17 18:01:28] DONE  refit | h=1m | student_t_shared | K=7 | seed=143 | 1841.9s | converged=True
[2026-09-17 18:01:28] START refit | h=1m | student_t_shared | K=7 | seed=144
[2026-09-17 18:32:31] DONE  refit | h=1m | student_t_shared | K=7 | seed=144 | 1862.9s | converged=True
[2026-09-17 18:32:31] START refit | h=1m | student_t_shared | K=7 | seed=145
[2026-09-17 19:03:29] DONE  refit | h=1m | student_t_shared | K=7 | seed=145 | 1858.5s | converged=True
[2026-09-17 19:03:29] START refit | h=1m | student_t_shared | K=7 | seed=146
[2026-09-17 19:34:57] DONE  refit | h=1m | student_t_shared | K=7 | seed=146 | 1887.5s | converged=True
[2026-09-17 19:35:28] REFIT horizon 1m | student_t_shared | K=7 DONE
[2026-09-17 19:35:28] REFIT horizon 1m | student_t_state | K=7 START
[2026-09-17 19:35:28] START refit | h=1m | student_t_state | K=7 | seed=142
[2026-09-17 20:06:25] DONE  refit | h=1m | student_t_state | K=7 | seed=142 | 1857.3s | converged=True
[2026-09-17 20:06:25] START refit | h=1m | student_t_state | K=7 | seed=143
[2026-09-17 20:37:08] DONE  refit | h=1m | student_t_state | K=7 | seed=143 | 1842.9s | converged=True
[2026-09-17 20:37:08] START refit | h=1m | student_t_state | K=7 | seed=144
[2026-09-17 21:08:02] DONE  refit | h=1m | student_t_state | K=7 | seed=144 | 1853.8s | converged=True
[2026-09-17 21:08:02] START refit | h=1m | student_t_state | K=7 | seed=145
[2026-09-17 21:36:05] DONE  refit | h=1m | student_t_state | K=7 | seed=145 | 1682.7s | converged=True
[2026-09-17 21:36:05] START refit | h=1m | student_t_state | K=7 | seed=146
Running immutable CUDA job policy_daily__f08_09
[2026-09-18 02:26:49] LOAD source data START
[2026-09-18 02:26:50] LOAD source data DONE | rows=525,635
[2026-09-18 02:26:50] AUDIT timestamp/rollover START
[2026-09-18 02:26:50] AUDIT timestamp/rollover DONE
[2026-09-18 02:26:50] BUILD returns START | horizons=[1, 2]
[2026-09-18 02:27:03] BUILD returns DONE | 1m=518,222, 2m=258,485
[2026-09-18 02:27:03] FOLD 9/2 START
[2026-09-18 02:27:03] SCREEN horizon 1m START
[2026-09-18 02:27:03] SCREEN horizon 1m DONE | Gaussian-HMM K=7 | gain=0.145513
[2026-09-18 02:27:03] SCREEN horizon 2m START
[2026-09-18 02:27:04] SCREEN horizon 2m DONE | Gaussian-HMM K=7 | gain=0.122410
[2026-09-18 02:27:04] CONFIRM horizon 1m | student_t_shared START
[2026-09-18 02:27:04] CONFIRM horizon 1m | student_t_shared DONE | K=7
[2026-09-18 02:27:04] CONFIRM horizon 1m | student_t_state START
[2026-09-18 02:27:04] CONFIRM horizon 1m | student_t_state DONE | K=7
[2026-09-18 02:27:04] CONFIRM horizon 2m | student_t_shared START
[2026-09-18 02:27:04] CONFIRM horizon 2m | student_t_shared DONE | K=7
[2026-09-18 02:27:04] CONFIRM horizon 2m | student_t_state START
[2026-09-18 02:27:04] CONFIRM horizon 2m | student_t_state DONE | K=7
[2026-09-18 02:27:08] REFIT horizon 1m | student_t | K=1 START
[2026-09-18 02:27:08] REFIT horizon 1m | student_t | K=1 DONE
[2026-09-18 02:27:08] REFIT horizon 1m | gaussian | K=1 START
[2026-09-18 02:27:08] REFIT horizon 1m | gaussian | K=1 DONE
[2026-09-18 02:27:08] REFIT horizon 1m | gmm | K=7 START
[2026-09-18 02:27:08] REFIT horizon 1m | gmm | K=7 DONE
[2026-09-18 02:27:08] REFIT horizon 1m | gaussian_hmm | K=7 START
[2026-09-18 02:27:08] REFIT horizon 1m | gaussian_hmm | K=7 DONE
[2026-09-18 02:27:08] REFIT horizon 1m | student_t_shared | K=7 START
[2026-09-18 02:27:08] REFIT horizon 1m | student_t_shared | K=7 DONE
[2026-09-18 02:27:08] REFIT horizon 1m | student_t_state | K=7 START
[2026-09-18 02:27:08] CACHE refit | h=1m | student_t_state | K=7 | seed=142
[2026-09-18 02:27:08] CACHE refit | h=1m | student_t_state | K=7 | seed=143
[2026-09-18 02:27:08] CACHE refit | h=1m | student_t_state | K=7 | seed=144
[2026-09-18 02:27:08] CACHE refit | h=1m | student_t_state | K=7 | seed=145
[2026-09-18 02:27:08] START refit | h=1m | student_t_state | K=7 | seed=146
[2026-09-18 02:54:54] DONE  refit | h=1m | student_t_state | K=7 | seed=146 | 1666.7s | converged=True
[2026-09-18 02:55:43] REFIT horizon 1m | student_t_state | K=7 DONE
[2026-09-18 02:55:45] REFIT horizon 2m | student_t | K=1 START
[2026-09-18 02:55:45] REFIT horizon 2m | student_t | K=1 DONE
[2026-09-18 02:55:45] REFIT horizon 2m | gaussian | K=1 START
[2026-09-18 02:55:45] REFIT horizon 2m | gaussian | K=1 DONE
[2026-09-18 02:55:45] REFIT horizon 2m | gmm | K=5 START
[2026-09-18 02:55:46] REFIT horizon 2m | gmm | K=5 DONE
[2026-09-18 02:55:46] REFIT horizon 2m | gaussian_hmm | K=7 START
[2026-09-18 02:55:46] START refit | h=2m | gaussian_hmm | K=7 | seed=142
[2026-09-18 03:10:22] DONE  refit | h=2m | gaussian_hmm | K=7 | seed=142 | 875.2s | converged=True
[2026-09-18 03:10:22] START refit | h=2m | gaussian_hmm | K=7 | seed=143
[2026-09-18 03:25:16] DONE  refit | h=2m | gaussian_hmm | K=7 | seed=143 | 894.9s | converged=True
[2026-09-18 03:25:16] START refit | h=2m | gaussian_hmm | K=7 | seed=144
[2026-09-18 03:39:58] DONE  refit | h=2m | gaussian_hmm | K=7 | seed=144 | 881.9s | converged=True
[2026-09-18 03:39:58] START refit | h=2m | gaussian_hmm | K=7 | seed=145
[2026-09-18 03:54:31] DONE  refit | h=2m | gaussian_hmm | K=7 | seed=145 | 872.9s | converged=True
[2026-09-18 03:54:31] START refit | h=2m | gaussian_hmm | K=7 | seed=146
[2026-09-18 04:09:12] DONE  refit | h=2m | gaussian_hmm | K=7 | seed=146 | 880.9s | converged=True
[2026-09-18 04:09:29] REFIT horizon 2m | gaussian_hmm | K=7 DONE
[2026-09-18 04:09:29] REFIT horizon 2m | student_t_shared | K=7 START
[2026-09-18 04:09:29] START refit | h=2m | student_t_shared | K=7 | seed=142
[2026-09-18 04:24:14] DONE  refit | h=2m | student_t_shared | K=7 | seed=142 | 885.4s | converged=True
[2026-09-18 04:24:14] START refit | h=2m | student_t_shared | K=7 | seed=143
[2026-09-18 04:38:59] DONE  refit | h=2m | student_t_shared | K=7 | seed=143 | 884.6s | converged=True
[2026-09-18 04:38:59] START refit | h=2m | student_t_shared | K=7 | seed=144
[2026-09-18 04:54:07] DONE  refit | h=2m | student_t_shared | K=7 | seed=144 | 908.2s | converged=True
[2026-09-18 04:54:07] START refit | h=2m | student_t_shared | K=7 | seed=145
[2026-09-18 05:09:02] DONE  refit | h=2m | student_t_shared | K=7 | seed=145 | 894.3s | converged=True
[2026-09-18 05:09:02] START refit | h=2m | student_t_shared | K=7 | seed=146
[2026-09-18 05:23:38] DONE  refit | h=2m | student_t_shared | K=7 | seed=146 | 876.3s | converged=True
[2026-09-18 05:24:08] REFIT horizon 2m | student_t_shared | K=7 DONE
[2026-09-18 05:24:08] REFIT horizon 2m | student_t_state | K=7 START
[2026-09-18 05:24:08] START refit | h=2m | student_t_state | K=7 | seed=142
[2026-09-18 05:39:39] DONE  refit | h=2m | student_t_state | K=7 | seed=142 | 930.5s | converged=True
[2026-09-18 05:39:39] START refit | h=2m | student_t_state | K=7 | seed=143
[2026-09-18 05:54:29] DONE  refit | h=2m | student_t_state | K=7 | seed=143 | 889.8s | converged=True
[2026-09-18 05:54:29] START refit | h=2m | student_t_state | K=7 | seed=144
[2026-09-18 06:09:15] DONE  refit | h=2m | student_t_state | K=7 | seed=144 | 886.3s | converged=True
[2026-09-18 06:09:15] START refit | h=2m | student_t_state | K=7 | seed=145
[2026-09-18 06:23:13] DONE  refit | h=2m | student_t_state | K=7 | seed=145 | 837.6s | converged=True
[2026-09-18 06:23:13] START refit | h=2m | student_t_state | K=7 | seed=146
[2026-09-18 06:38:35] DONE  refit | h=2m | student_t_state | K=7 | seed=146 | 922.5s | converged=True
[2026-09-18 06:39:03] REFIT horizon 2m | student_t_state | K=7 DONE
[2026-09-18 06:39:03] FOLD 9/2 DONE
[2026-09-18 06:39:03] FOLD 10/2 START
[2026-09-18 06:39:03] SCREEN horizon 1m START
[2026-09-18 06:39:08] START screen_selection | h=1m | gmm | K=2
[2026-09-18 06:39:09] DONE  screen_selection | h=1m | gmm | K=2 | 1.1s
[2026-09-18 06:39:09] START screen_selection | h=1m | gmm | K=3
[2026-09-18 06:39:10] DONE  screen_selection | h=1m | gmm | K=3 | 1.4s
[2026-09-18 06:39:10] START screen_selection | h=1m | gmm | K=4
[2026-09-18 06:39:15] DONE  screen_selection | h=1m | gmm | K=4 | 4.9s
[2026-09-18 06:39:15] START screen_selection | h=1m | gmm | K=5
[2026-09-18 06:39:18] DONE  screen_selection | h=1m | gmm | K=5 | 2.7s
[2026-09-18 06:39:18] START screen_selection | h=1m | gmm | K=6
[2026-09-18 06:39:21] DONE  screen_selection | h=1m | gmm | K=6 | 3.0s
[2026-09-18 06:39:21] START screen_selection | h=1m | gmm | K=7
[2026-09-18 06:39:23] DONE  screen_selection | h=1m | gmm | K=7 | 2.8s
[2026-09-18 06:39:24] START screen_selection | h=1m | gaussian_hmm | K=2 | seed=42
[2026-09-18 06:41:22] DONE  screen_selection | h=1m | gaussian_hmm | K=2 | seed=42 | 118.0s | converged=True
[2026-09-18 06:41:22] START screen_selection | h=1m | gaussian_hmm | K=2 | seed=43
[2026-09-18 06:43:17] DONE  screen_selection | h=1m | gaussian_hmm | K=2 | seed=43 | 115.3s | converged=True
[2026-09-18 06:43:17] START screen_selection | h=1m | gaussian_hmm | K=2 | seed=44
[2026-09-18 06:45:30] DONE  screen_selection | h=1m | gaussian_hmm | K=2 | seed=44 | 133.5s | converged=True
[2026-09-18 06:45:55] START screen_selection | h=1m | gaussian_hmm | K=3 | seed=42
[2026-09-18 06:49:36] DONE  screen_selection | h=1m | gaussian_hmm | K=3 | seed=42 | 221.0s | converged=True
[2026-09-18 06:49:36] START screen_selection | h=1m | gaussian_hmm | K=3 | seed=43
[2026-09-18 06:53:02] DONE  screen_selection | h=1m | gaussian_hmm | K=3 | seed=43 | 206.4s | converged=True
[2026-09-18 06:53:02] START screen_selection | h=1m | gaussian_hmm | K=3 | seed=44
[2026-09-18 06:56:31] DONE  screen_selection | h=1m | gaussian_hmm | K=3 | seed=44 | 209.2s | converged=True
[2026-09-18 06:57:04] START screen_selection | h=1m | gaussian_hmm | K=4 | seed=42
[2026-09-18 07:03:51] DONE  screen_selection | h=1m | gaussian_hmm | K=4 | seed=42 | 407.1s | converged=False
[2026-09-18 07:03:51] START screen_selection | h=1m | gaussian_hmm | K=4 | seed=43
[2026-09-18 07:10:04] DONE  screen_selection | h=1m | gaussian_hmm | K=4 | seed=43 | 373.1s | converged=False
[2026-09-18 07:10:04] START screen_selection | h=1m | gaussian_hmm | K=4 | seed=44
[2026-09-18 07:16:44] DONE  screen_selection | h=1m | gaussian_hmm | K=4 | seed=44 | 399.7s | converged=False
[2026-09-18 07:17:18] START screen_selection | h=1m | gaussian_hmm | K=5 | seed=42
[2026-09-18 07:24:09] DONE  screen_selection | h=1m | gaussian_hmm | K=5 | seed=42 | 411.6s | converged=False
[2026-09-18 07:24:09] START screen_selection | h=1m | gaussian_hmm | K=5 | seed=43
[2026-09-18 07:30:17] DONE  screen_selection | h=1m | gaussian_hmm | K=5 | seed=43 | 367.4s | converged=False
[2026-09-18 07:30:17] START screen_selection | h=1m | gaussian_hmm | K=5 | seed=44
[2026-09-18 07:36:45] DONE  screen_selection | h=1m | gaussian_hmm | K=5 | seed=44 | 387.9s | converged=False
[2026-09-18 07:37:15] START screen_selection | h=1m | gaussian_hmm | K=6 | seed=42
[2026-09-18 07:43:32] DONE  screen_selection | h=1m | gaussian_hmm | K=6 | seed=42 | 376.7s | converged=False
[2026-09-18 07:43:32] START screen_selection | h=1m | gaussian_hmm | K=6 | seed=43
[2026-09-18 07:49:53] DONE  screen_selection | h=1m | gaussian_hmm | K=6 | seed=43 | 381.1s | converged=False
[2026-09-18 07:49:53] START screen_selection | h=1m | gaussian_hmm | K=6 | seed=44
[2026-09-18 07:56:32] DONE  screen_selection | h=1m | gaussian_hmm | K=6 | seed=44 | 398.5s | converged=False
[2026-09-18 07:57:09] START screen_selection | h=1m | gaussian_hmm | K=7 | seed=42
[2026-09-18 08:03:18] DONE  screen_selection | h=1m | gaussian_hmm | K=7 | seed=42 | 368.5s | converged=False
[2026-09-18 08:03:18] START screen_selection | h=1m | gaussian_hmm | K=7 | seed=43
[2026-09-18 08:09:49] DONE  screen_selection | h=1m | gaussian_hmm | K=7 | seed=43 | 391.8s | converged=False
[2026-09-18 08:09:49] START screen_selection | h=1m | gaussian_hmm | K=7 | seed=44
[2026-09-18 08:16:38] DONE  screen_selection | h=1m | gaussian_hmm | K=7 | seed=44 | 408.6s | converged=False
[2026-09-18 08:17:04] SCREEN horizon 1m DONE | Gaussian-HMM K=7 | gain=0.125439
[2026-09-18 08:17:04] SCREEN horizon 2m START
[2026-09-18 08:17:06] START screen_selection | h=2m | gmm | K=2
[2026-09-18 08:17:06] DONE  screen_selection | h=2m | gmm | K=2 | 0.5s
[2026-09-18 08:17:06] START screen_selection | h=2m | gmm | K=3
[2026-09-18 08:17:07] DONE  screen_selection | h=2m | gmm | K=3 | 0.6s
[2026-09-18 08:17:07] START screen_selection | h=2m | gmm | K=4
[2026-09-18 08:17:07] DONE  screen_selection | h=2m | gmm | K=4 | 0.9s
[2026-09-18 08:17:07] START screen_selection | h=2m | gmm | K=5
[2026-09-18 08:17:08] DONE  screen_selection | h=2m | gmm | K=5 | 0.9s
[2026-09-18 08:17:08] START screen_selection | h=2m | gmm | K=6
[2026-09-18 08:17:09] DONE  screen_selection | h=2m | gmm | K=6 | 1.1s
[2026-09-18 08:17:09] START screen_selection | h=2m | gmm | K=7
[2026-09-18 08:17:10] DONE  screen_selection | h=2m | gmm | K=7 | 1.1s
[2026-09-18 08:17:11] START screen_selection | h=2m | gaussian_hmm | K=2 | seed=42
[2026-09-18 08:18:08] DONE  screen_selection | h=2m | gaussian_hmm | K=2 | seed=42 | 57.1s | converged=True
[2026-09-18 08:18:08] START screen_selection | h=2m | gaussian_hmm | K=2 | seed=43
[2026-09-18 08:19:05] DONE  screen_selection | h=2m | gaussian_hmm | K=2 | seed=43 | 57.4s | converged=True
[2026-09-18 08:19:05] START screen_selection | h=2m | gaussian_hmm | K=2 | seed=44
[2026-09-18 08:19:56] DONE  screen_selection | h=2m | gaussian_hmm | K=2 | seed=44 | 50.9s | converged=True
[2026-09-18 08:20:08] START screen_selection | h=2m | gaussian_hmm | K=3 | seed=42
[2026-09-18 08:21:46] DONE  screen_selection | h=2m | gaussian_hmm | K=3 | seed=42 | 97.2s | converged=True
[2026-09-18 08:21:46] START screen_selection | h=2m | gaussian_hmm | K=3 | seed=43
[2026-09-18 08:23:31] DONE  screen_selection | h=2m | gaussian_hmm | K=3 | seed=43 | 105.0s | converged=True
[2026-09-18 08:23:31] START screen_selection | h=2m | gaussian_hmm | K=3 | seed=44
[2026-09-18 08:25:14] DONE  screen_selection | h=2m | gaussian_hmm | K=3 | seed=44 | 103.0s | converged=True
[2026-09-18 08:25:28] START screen_selection | h=2m | gaussian_hmm | K=4 | seed=42
[2026-09-18 08:28:08] DONE  screen_selection | h=2m | gaussian_hmm | K=4 | seed=42 | 159.9s | converged=False
[2026-09-18 08:28:08] START screen_selection | h=2m | gaussian_hmm | K=4 | seed=43
[2026-09-18 08:31:12] DONE  screen_selection | h=2m | gaussian_hmm | K=4 | seed=43 | 184.0s | converged=False
[2026-09-18 08:31:12] START screen_selection | h=2m | gaussian_hmm | K=4 | seed=44
[2026-09-18 08:34:15] DONE  screen_selection | h=2m | gaussian_hmm | K=4 | seed=44 | 183.2s | converged=False
[2026-09-18 08:34:28] START screen_selection | h=2m | gaussian_hmm | K=5 | seed=42
[2026-09-18 08:37:15] DONE  screen_selection | h=2m | gaussian_hmm | K=5 | seed=42 | 167.5s | converged=False
[2026-09-18 08:37:15] START screen_selection | h=2m | gaussian_hmm | K=5 | seed=43
[2026-09-18 08:40:03] DONE  screen_selection | h=2m | gaussian_hmm | K=5 | seed=43 | 167.9s | converged=False
[2026-09-18 08:40:03] START screen_selection | h=2m | gaussian_hmm | K=5 | seed=44
[2026-09-18 08:43:00] DONE  screen_selection | h=2m | gaussian_hmm | K=5 | seed=44 | 176.7s | converged=False
[2026-09-18 08:43:15] START screen_selection | h=2m | gaussian_hmm | K=6 | seed=42
[2026-09-18 08:46:14] DONE  screen_selection | h=2m | gaussian_hmm | K=6 | seed=42 | 178.6s | converged=False
[2026-09-18 08:46:14] START screen_selection | h=2m | gaussian_hmm | K=6 | seed=43
[2026-09-18 08:49:11] DONE  screen_selection | h=2m | gaussian_hmm | K=6 | seed=43 | 177.4s | converged=False
[2026-09-18 08:49:11] START screen_selection | h=2m | gaussian_hmm | K=6 | seed=44
[2026-09-18 08:52:03] DONE  screen_selection | h=2m | gaussian_hmm | K=6 | seed=44 | 171.9s | converged=False
[2026-09-18 08:52:16] START screen_selection | h=2m | gaussian_hmm | K=7 | seed=42
[2026-09-18 08:55:09] DONE  screen_selection | h=2m | gaussian_hmm | K=7 | seed=42 | 172.8s | converged=True
[2026-09-18 08:55:09] START screen_selection | h=2m | gaussian_hmm | K=7 | seed=43
[2026-09-18 08:58:20] DONE  screen_selection | h=2m | gaussian_hmm | K=7 | seed=43 | 191.2s | converged=True
[2026-09-18 08:58:20] START screen_selection | h=2m | gaussian_hmm | K=7 | seed=44
[2026-09-18 09:01:15] DONE  screen_selection | h=2m | gaussian_hmm | K=7 | seed=44 | 174.2s | converged=True
[2026-09-18 09:01:26] SCREEN horizon 2m DONE | Gaussian-HMM K=6 | gain=0.121056
[2026-09-18 09:01:26] CONFIRM horizon 1m | student_t_shared START
[2026-09-18 09:01:26] START confirm_selection | h=1m | student_t_shared | K=2 | seed=62
[2026-09-18 09:06:31] DONE  confirm_selection | h=1m | student_t_shared | K=2 | seed=62 | 304.2s | converged=True
[2026-09-18 09:06:31] START confirm_selection | h=1m | student_t_shared | K=2 | seed=63
[2026-09-18 09:11:59] DONE  confirm_selection | h=1m | student_t_shared | K=2 | seed=63 | 328.2s | converged=True
[2026-09-18 09:11:59] START confirm_selection | h=1m | student_t_shared | K=2 | seed=64
[2026-09-18 09:17:39] DONE  confirm_selection | h=1m | student_t_shared | K=2 | seed=64 | 340.5s | converged=True
[2026-09-18 09:18:08] START confirm_selection | h=1m | student_t_shared | K=3 | seed=62
[2026-09-18 09:24:54] DONE  confirm_selection | h=1m | student_t_shared | K=3 | seed=62 | 405.5s | converged=True
[2026-09-18 09:24:54] START confirm_selection | h=1m | student_t_shared | K=3 | seed=63
[2026-09-18 09:31:47] DONE  confirm_selection | h=1m | student_t_shared | K=3 | seed=63 | 413.5s | converged=True
[2026-09-18 09:31:47] START confirm_selection | h=1m | student_t_shared | K=3 | seed=64
[2026-09-18 09:38:27] DONE  confirm_selection | h=1m | student_t_shared | K=3 | seed=64 | 399.9s | converged=True
[2026-09-18 09:38:55] START confirm_selection | h=1m | student_t_shared | K=4 | seed=62
[2026-09-18 09:45:39] DONE  confirm_selection | h=1m | student_t_shared | K=4 | seed=62 | 403.7s | converged=True
[2026-09-18 09:45:39] START confirm_selection | h=1m | student_t_shared | K=4 | seed=63
[2026-09-18 09:52:14] DONE  confirm_selection | h=1m | student_t_shared | K=4 | seed=63 | 395.3s | converged=True
[2026-09-18 09:52:14] START confirm_selection | h=1m | student_t_shared | K=4 | seed=64
[2026-09-18 09:58:51] DONE  confirm_selection | h=1m | student_t_shared | K=4 | seed=64 | 397.2s | converged=True
[2026-09-18 09:59:23] START confirm_selection | h=1m | student_t_shared | K=5 | seed=62
[2026-09-18 10:05:40] DONE  confirm_selection | h=1m | student_t_shared | K=5 | seed=62 | 376.1s | converged=True
[2026-09-18 10:05:40] START confirm_selection | h=1m | student_t_shared | K=5 | seed=63
[2026-09-18 10:12:18] DONE  confirm_selection | h=1m | student_t_shared | K=5 | seed=63 | 398.3s | converged=True
[2026-09-18 10:12:18] START confirm_selection | h=1m | student_t_shared | K=5 | seed=64
[2026-09-18 10:18:45] DONE  confirm_selection | h=1m | student_t_shared | K=5 | seed=64 | 387.1s | converged=True
[2026-09-18 10:19:14] START confirm_selection | h=1m | student_t_shared | K=6 | seed=62
[2026-09-18 10:25:52] DONE  confirm_selection | h=1m | student_t_shared | K=6 | seed=62 | 397.8s | converged=True
[2026-09-18 10:25:52] START confirm_selection | h=1m | student_t_shared | K=6 | seed=63
[2026-09-18 10:32:22] DONE  confirm_selection | h=1m | student_t_shared | K=6 | seed=63 | 390.4s | converged=True
[2026-09-18 10:32:22] START confirm_selection | h=1m | student_t_shared | K=6 | seed=64
[2026-09-18 10:38:44] DONE  confirm_selection | h=1m | student_t_shared | K=6 | seed=64 | 381.8s | converged=True
[2026-09-18 10:39:13] START confirm_selection | h=1m | student_t_shared | K=7 | seed=62
[2026-09-18 10:45:21] DONE  confirm_selection | h=1m | student_t_shared | K=7 | seed=62 | 368.3s | converged=True
[2026-09-18 10:45:21] START confirm_selection | h=1m | student_t_shared | K=7 | seed=63
[2026-09-18 10:51:54] DONE  confirm_selection | h=1m | student_t_shared | K=7 | seed=63 | 392.7s | converged=True
[2026-09-18 10:51:54] START confirm_selection | h=1m | student_t_shared | K=7 | seed=64
[2026-09-18 10:58:47] DONE  confirm_selection | h=1m | student_t_shared | K=7 | seed=64 | 413.4s | converged=True
[2026-09-18 10:59:16] CONFIRM horizon 1m | student_t_shared DONE | K=7
[2026-09-18 10:59:16] CONFIRM horizon 1m | student_t_state START
[2026-09-18 10:59:18] START confirm_selection | h=1m | student_t_state | K=2 | seed=62
[2026-09-18 11:06:08] DONE  confirm_selection | h=1m | student_t_state | K=2 | seed=62 | 410.0s | converged=True
[2026-09-18 11:06:08] START confirm_selection | h=1m | student_t_state | K=2 | seed=63
[2026-09-18 11:12:01] DONE  confirm_selection | h=1m | student_t_state | K=2 | seed=63 | 353.8s | converged=True
[2026-09-18 11:12:01] START confirm_selection | h=1m | student_t_state | K=2 | seed=64
[2026-09-18 11:17:45] DONE  confirm_selection | h=1m | student_t_state | K=2 | seed=64 | 343.6s | converged=True
[2026-09-18 11:18:17] START confirm_selection | h=1m | student_t_state | K=3 | seed=62
[2026-09-18 11:24:43] DONE  confirm_selection | h=1m | student_t_state | K=3 | seed=62 | 386.0s | converged=True
[2026-09-18 11:24:43] START confirm_selection | h=1m | student_t_state | K=3 | seed=63
[2026-09-18 11:30:51] DONE  confirm_selection | h=1m | student_t_state | K=3 | seed=63 | 368.5s | converged=True
[2026-09-18 11:30:51] START confirm_selection | h=1m | student_t_state | K=3 | seed=64
[2026-09-18 11:36:57] DONE  confirm_selection | h=1m | student_t_state | K=3 | seed=64 | 365.8s | converged=True
[2026-09-18 11:37:35] START confirm_selection | h=1m | student_t_state | K=4 | seed=62
[2026-09-18 11:43:59] DONE  confirm_selection | h=1m | student_t_state | K=4 | seed=62 | 384.2s | converged=True
[2026-09-18 11:43:59] START confirm_selection | h=1m | student_t_state | K=4 | seed=63
[2026-09-18 11:50:17] DONE  confirm_selection | h=1m | student_t_state | K=4 | seed=63 | 377.7s | converged=True
[2026-09-18 11:50:17] START confirm_selection | h=1m | student_t_state | K=4 | seed=64
[2026-09-18 11:56:25] DONE  confirm_selection | h=1m | student_t_state | K=4 | seed=64 | 367.9s | converged=True
[2026-09-18 11:57:11] START confirm_selection | h=1m | student_t_state | K=5 | seed=62
[2026-09-18 12:03:55] DONE  confirm_selection | h=1m | student_t_state | K=5 | seed=62 | 404.3s | converged=True
[2026-09-18 12:03:55] START confirm_selection | h=1m | student_t_state | K=5 | seed=63
[2026-09-18 12:09:46] DONE  confirm_selection | h=1m | student_t_state | K=5 | seed=63 | 351.2s | converged=True
[2026-09-18 12:09:46] START confirm_selection | h=1m | student_t_state | K=5 | seed=64
[2026-09-18 12:16:06] DONE  confirm_selection | h=1m | student_t_state | K=5 | seed=64 | 380.0s | converged=True
[2026-09-18 12:17:06] START confirm_selection | h=1m | student_t_state | K=6 | seed=62
[2026-09-18 12:23:40] DONE  confirm_selection | h=1m | student_t_state | K=6 | seed=62 | 394.1s | converged=True
[2026-09-18 12:23:40] START confirm_selection | h=1m | student_t_state | K=6 | seed=63
[2026-09-18 12:30:40] DONE  confirm_selection | h=1m | student_t_state | K=6 | seed=63 | 419.4s | converged=True
[2026-09-18 12:30:40] START confirm_selection | h=1m | student_t_state | K=6 | seed=64
[2026-09-18 12:37:00] DONE  confirm_selection | h=1m | student_t_state | K=6 | seed=64 | 380.4s | converged=True
[2026-09-18 12:37:35] START confirm_selection | h=1m | student_t_state | K=7 | seed=62
[2026-09-18 12:43:58] DONE  confirm_selection | h=1m | student_t_state | K=7 | seed=62 | 383.9s | converged=True
[2026-09-18 12:43:58] START confirm_selection | h=1m | student_t_state | K=7 | seed=63
[2026-09-18 12:49:53] DONE  confirm_selection | h=1m | student_t_state | K=7 | seed=63 | 354.5s | converged=False
[2026-09-18 12:49:53] START confirm_selection | h=1m | student_t_state | K=7 | seed=64
[2026-09-18 12:55:57] DONE  confirm_selection | h=1m | student_t_state | K=7 | seed=64 | 364.6s | converged=True
[2026-09-18 12:56:40] CONFIRM horizon 1m | student_t_state DONE | K=7
[2026-09-18 12:56:40] CONFIRM horizon 2m | student_t_shared START
[2026-09-18 12:56:40] START confirm_selection | h=2m | student_t_shared | K=2 | seed=62
[2026-09-18 12:58:29] DONE  confirm_selection | h=2m | student_t_shared | K=2 | seed=62 | 108.2s | converged=True
[2026-09-18 12:58:29] START confirm_selection | h=2m | student_t_shared | K=2 | seed=63
[2026-09-18 13:00:30] DONE  confirm_selection | h=2m | student_t_shared | K=2 | seed=63 | 121.3s | converged=True
[2026-09-18 13:00:30] START confirm_selection | h=2m | student_t_shared | K=2 | seed=64
[2026-09-18 13:02:52] DONE  confirm_selection | h=2m | student_t_shared | K=2 | seed=64 | 142.2s | converged=True
[2026-09-18 13:03:07] START confirm_selection | h=2m | student_t_shared | K=3 | seed=62
[2026-09-18 13:05:57] DONE  confirm_selection | h=2m | student_t_shared | K=3 | seed=62 | 169.5s | converged=True
[2026-09-18 13:05:57] START confirm_selection | h=2m | student_t_shared | K=3 | seed=63
[2026-09-18 13:08:59] DONE  confirm_selection | h=2m | student_t_shared | K=3 | seed=63 | 182.5s | converged=True
[2026-09-18 13:08:59] START confirm_selection | h=2m | student_t_shared | K=3 | seed=64
[2026-09-18 13:11:55] DONE  confirm_selection | h=2m | student_t_shared | K=3 | seed=64 | 176.1s | converged=True
[2026-09-18 13:12:10] START confirm_selection | h=2m | student_t_shared | K=4 | seed=62
[2026-09-18 13:15:15] DONE  confirm_selection | h=2m | student_t_shared | K=4 | seed=62 | 185.0s | converged=False
[2026-09-18 13:15:15] START confirm_selection | h=2m | student_t_shared | K=4 | seed=63
[2026-09-18 13:18:12] DONE  confirm_selection | h=2m | student_t_shared | K=4 | seed=63 | 176.4s | converged=True
[2026-09-18 13:18:12] START confirm_selection | h=2m | student_t_shared | K=4 | seed=64
[2026-09-18 13:21:10] DONE  confirm_selection | h=2m | student_t_shared | K=4 | seed=64 | 178.5s | converged=False
[2026-09-18 13:21:25] START confirm_selection | h=2m | student_t_shared | K=5 | seed=62
[2026-09-18 13:24:21] DONE  confirm_selection | h=2m | student_t_shared | K=5 | seed=62 | 176.5s | converged=False
[2026-09-18 13:24:21] START confirm_selection | h=2m | student_t_shared | K=5 | seed=63
[2026-09-18 13:27:26] DONE  confirm_selection | h=2m | student_t_shared | K=5 | seed=63 | 184.5s | converged=False
[2026-09-18 13:27:26] START confirm_selection | h=2m | student_t_shared | K=5 | seed=64
[2026-09-18 13:30:41] DONE  confirm_selection | h=2m | student_t_shared | K=5 | seed=64 | 195.5s | converged=False
[2026-09-18 13:31:01] START confirm_selection | h=2m | student_t_shared | K=6 | seed=62
[2026-09-18 13:33:52] DONE  confirm_selection | h=2m | student_t_shared | K=6 | seed=62 | 170.8s | converged=False
[2026-09-18 13:33:52] START confirm_selection | h=2m | student_t_shared | K=6 | seed=63
[2026-09-18 13:36:42] DONE  confirm_selection | h=2m | student_t_shared | K=6 | seed=63 | 170.3s | converged=False
[2026-09-18 13:36:42] START confirm_selection | h=2m | student_t_shared | K=6 | seed=64
[2026-09-18 13:39:48] DONE  confirm_selection | h=2m | student_t_shared | K=6 | seed=64 | 185.8s | converged=False
[2026-09-18 13:40:01] START confirm_selection | h=2m | student_t_shared | K=7 | seed=62
[2026-09-18 13:43:11] DONE  confirm_selection | h=2m | student_t_shared | K=7 | seed=62 | 190.7s | converged=False
[2026-09-18 13:43:11] START confirm_selection | h=2m | student_t_shared | K=7 | seed=63
[2026-09-18 13:46:06] DONE  confirm_selection | h=2m | student_t_shared | K=7 | seed=63 | 174.3s | converged=False
[2026-09-18 13:46:06] START confirm_selection | h=2m | student_t_shared | K=7 | seed=64
[2026-09-18 13:49:00] DONE  confirm_selection | h=2m | student_t_shared | K=7 | seed=64 | 174.6s | converged=False
[2026-09-18 13:49:16] CONFIRM horizon 2m | student_t_shared DONE | K=7
[2026-09-18 13:49:16] CONFIRM horizon 2m | student_t_state START
[2026-09-18 13:49:16] START confirm_selection | h=2m | student_t_state | K=2 | seed=62
[2026-09-18 13:52:06] DONE  confirm_selection | h=2m | student_t_state | K=2 | seed=62 | 169.8s | converged=True
[2026-09-18 13:52:06] START confirm_selection | h=2m | student_t_state | K=2 | seed=63
[2026-09-18 13:55:06] DONE  confirm_selection | h=2m | student_t_state | K=2 | seed=63 | 180.2s | converged=True
[2026-09-18 13:55:06] START confirm_selection | h=2m | student_t_state | K=2 | seed=64
[2026-09-18 13:58:00] DONE  confirm_selection | h=2m | student_t_state | K=2 | seed=64 | 174.0s | converged=True
[2026-09-18 13:58:15] START confirm_selection | h=2m | student_t_state | K=3 | seed=62
[2026-09-18 14:01:14] DONE  confirm_selection | h=2m | student_t_state | K=3 | seed=62 | 178.9s | converged=True
[2026-09-18 14:01:14] START confirm_selection | h=2m | student_t_state | K=3 | seed=63
[2026-09-18 14:04:12] DONE  confirm_selection | h=2m | student_t_state | K=3 | seed=63 | 178.1s | converged=True
[2026-09-18 14:04:12] START confirm_selection | h=2m | student_t_state | K=3 | seed=64
[2026-09-18 14:07:02] DONE  confirm_selection | h=2m | student_t_state | K=3 | seed=64 | 170.0s | converged=True
[2026-09-18 14:07:17] START confirm_selection | h=2m | student_t_state | K=4 | seed=62
[2026-09-18 14:10:21] DONE  confirm_selection | h=2m | student_t_state | K=4 | seed=62 | 184.0s | converged=True
[2026-09-18 14:10:21] START confirm_selection | h=2m | student_t_state | K=4 | seed=63
[2026-09-18 14:13:18] DONE  confirm_selection | h=2m | student_t_state | K=4 | seed=63 | 176.8s | converged=False
[2026-09-18 14:13:18] START confirm_selection | h=2m | student_t_state | K=4 | seed=64
[2026-09-18 14:16:16] DONE  confirm_selection | h=2m | student_t_state | K=4 | seed=64 | 178.1s | converged=True
[2026-09-18 14:16:33] START confirm_selection | h=2m | student_t_state | K=5 | seed=62
[2026-09-18 14:19:28] DONE  confirm_selection | h=2m | student_t_state | K=5 | seed=62 | 175.1s | converged=True
[2026-09-18 14:19:28] START confirm_selection | h=2m | student_t_state | K=5 | seed=63
[2026-09-18 14:22:04] DONE  confirm_selection | h=2m | student_t_state | K=5 | seed=63 | 156.5s | converged=True
[2026-09-18 14:22:04] START confirm_selection | h=2m | student_t_state | K=5 | seed=64
[2026-09-18 14:25:06] DONE  confirm_selection | h=2m | student_t_state | K=5 | seed=64 | 181.8s | converged=True
[2026-09-18 14:25:20] START confirm_selection | h=2m | student_t_state | K=6 | seed=62
[2026-09-18 14:28:16] DONE  confirm_selection | h=2m | student_t_state | K=6 | seed=62 | 176.0s | converged=True
[2026-09-18 14:28:16] START confirm_selection | h=2m | student_t_state | K=6 | seed=63
[2026-09-18 14:31:16] DONE  confirm_selection | h=2m | student_t_state | K=6 | seed=63 | 179.5s | converged=True
[2026-09-18 14:31:16] START confirm_selection | h=2m | student_t_state | K=6 | seed=64
[2026-09-18 14:34:27] DONE  confirm_selection | h=2m | student_t_state | K=6 | seed=64 | 191.2s | converged=True
[2026-09-18 14:34:43] START confirm_selection | h=2m | student_t_state | K=7 | seed=62
[2026-09-18 14:37:46] DONE  confirm_selection | h=2m | student_t_state | K=7 | seed=62 | 182.9s | converged=True
[2026-09-18 14:37:46] START confirm_selection | h=2m | student_t_state | K=7 | seed=63
[2026-09-18 14:40:55] DONE  confirm_selection | h=2m | student_t_state | K=7 | seed=63 | 188.9s | converged=True
[2026-09-18 14:40:55] START confirm_selection | h=2m | student_t_state | K=7 | seed=64
[2026-09-18 14:44:04] DONE  confirm_selection | h=2m | student_t_state | K=7 | seed=64 | 189.2s | converged=True
[2026-09-18 14:44:19] CONFIRM horizon 2m | student_t_state DONE | K=7
[2026-09-18 14:44:23] REFIT horizon 1m | student_t | K=1 START
[2026-09-18 14:44:23] REFIT horizon 1m | student_t | K=1 DONE
[2026-09-18 14:44:23] REFIT horizon 1m | gaussian | K=1 START
[2026-09-18 14:44:23] REFIT horizon 1m | gaussian | K=1 DONE
[2026-09-18 14:44:23] REFIT horizon 1m | gmm | K=7 START
[2026-09-18 14:44:29] REFIT horizon 1m | gmm | K=7 DONE
[2026-09-18 14:44:29] REFIT horizon 1m | gaussian_hmm | K=7 START
[2026-09-18 14:44:29] START refit | h=1m | gaussian_hmm | K=7 | seed=142
[2026-09-18 15:04:33] DONE  refit | h=1m | gaussian_hmm | K=7 | seed=142 | 1204.4s | converged=True
[2026-09-18 15:04:33] START refit | h=1m | gaussian_hmm | K=7 | seed=143
[2026-09-18 15:24:00] DONE  refit | h=1m | gaussian_hmm | K=7 | seed=143 | 1166.8s | converged=True
[2026-09-18 15:24:00] START refit | h=1m | gaussian_hmm | K=7 | seed=144
[2026-09-18 15:44:21] DONE  refit | h=1m | gaussian_hmm | K=7 | seed=144 | 1220.9s | converged=True
[2026-09-18 15:44:21] START refit | h=1m | gaussian_hmm | K=7 | seed=145
[2026-09-18 16:04:27] DONE  refit | h=1m | gaussian_hmm | K=7 | seed=145 | 1206.1s | converged=True
[2026-09-18 16:04:27] START refit | h=1m | gaussian_hmm | K=7 | seed=146
[2026-09-18 16:24:22] DONE  refit | h=1m | gaussian_hmm | K=7 | seed=146 | 1195.5s | converged=True
[2026-09-18 16:24:51] REFIT horizon 1m | gaussian_hmm | K=7 DONE
[2026-09-18 16:24:51] REFIT horizon 1m | student_t_shared | K=7 START
[2026-09-18 16:24:51] START refit | h=1m | student_t_shared | K=7 | seed=142
[2026-09-18 16:44:29] DONE  refit | h=1m | student_t_shared | K=7 | seed=142 | 1178.1s | converged=True
[2026-09-18 16:44:29] START refit | h=1m | student_t_shared | K=7 | seed=143
[2026-09-18 17:04:00] DONE  refit | h=1m | student_t_shared | K=7 | seed=143 | 1170.8s | converged=True
[2026-09-18 17:04:00] START refit | h=1m | student_t_shared | K=7 | seed=144
[2026-09-18 17:23:22] DONE  refit | h=1m | student_t_shared | K=7 | seed=144 | 1161.6s | converged=True
[2026-09-18 17:23:22] START refit | h=1m | student_t_shared | K=7 | seed=145
[2026-09-18 17:43:40] DONE  refit | h=1m | student_t_shared | K=7 | seed=145 | 1218.6s | converged=True
[2026-09-18 17:43:40] START refit | h=1m | student_t_shared | K=7 | seed=146
[2026-09-18 18:03:24] DONE  refit | h=1m | student_t_shared | K=7 | seed=146 | 1183.4s | converged=True
[2026-09-18 18:04:08] REFIT horizon 1m | student_t_shared | K=7 DONE
[2026-09-18 18:04:08] REFIT horizon 1m | student_t_state | K=7 START
[2026-09-18 18:04:08] START refit | h=1m | student_t_state | K=7 | seed=142
[2026-09-18 18:21:26] DONE  refit | h=1m | student_t_state | K=7 | seed=142 | 1037.6s | converged=True
[2026-09-18 18:21:26] START refit | h=1m | student_t_state | K=7 | seed=143
[2026-09-18 18:37:57] DONE  refit | h=1m | student_t_state | K=7 | seed=143 | 991.1s | converged=True
[2026-09-18 18:37:57] START refit | h=1m | student_t_state | K=7 | seed=144
[2026-09-18 18:55:27] DONE  refit | h=1m | student_t_state | K=7 | seed=144 | 1050.0s | converged=True
[2026-09-18 18:55:27] START refit | h=1m | student_t_state | K=7 | seed=145
[2026-09-18 19:12:50] DONE  refit | h=1m | student_t_state | K=7 | seed=145 | 1042.6s | converged=True
[2026-09-18 19:12:50] START refit | h=1m | student_t_state | K=7 | seed=146
[2026-09-18 19:30:02] DONE  refit | h=1m | student_t_state | K=7 | seed=146 | 1032.4s | converged=True
[2026-09-18 19:30:47] REFIT horizon 1m | student_t_state | K=7 DONE
[2026-09-18 19:30:48] REFIT horizon 2m | student_t | K=1 START
[2026-09-18 19:30:48] REFIT horizon 2m | student_t | K=1 DONE
[2026-09-18 19:30:48] REFIT horizon 2m | gaussian | K=1 START
[2026-09-18 19:30:48] REFIT horizon 2m | gaussian | K=1 DONE
[2026-09-18 19:30:48] REFIT horizon 2m | gmm | K=7 START
[2026-09-18 19:30:50] REFIT horizon 2m | gmm | K=7 DONE
[2026-09-18 19:30:50] REFIT horizon 2m | gaussian_hmm | K=6 START
[2026-09-18 19:30:50] START refit | h=2m | gaussian_hmm | K=6 | seed=142
[2026-09-18 19:39:48] DONE  refit | h=2m | gaussian_hmm | K=6 | seed=142 | 537.7s | converged=True
[2026-09-18 19:39:48] START refit | h=2m | gaussian_hmm | K=6 | seed=143
[2026-09-18 19:49:10] DONE  refit | h=2m | gaussian_hmm | K=6 | seed=143 | 561.9s | converged=True
[2026-09-18 19:49:10] START refit | h=2m | gaussian_hmm | K=6 | seed=144
[2026-09-18 19:58:21] DONE  refit | h=2m | gaussian_hmm | K=6 | seed=144 | 550.7s | converged=True
[2026-09-18 19:58:21] START refit | h=2m | gaussian_hmm | K=6 | seed=145
[2026-09-18 20:07:43] DONE  refit | h=2m | gaussian_hmm | K=6 | seed=145 | 562.0s | converged=True
[2026-09-18 20:07:43] START refit | h=2m | gaussian_hmm | K=6 | seed=146
[2026-09-18 20:17:09] DONE  refit | h=2m | gaussian_hmm | K=6 | seed=146 | 566.2s | converged=True
[2026-09-18 20:17:24] REFIT horizon 2m | gaussian_hmm | K=6 DONE
[2026-09-18 20:17:24] REFIT horizon 2m | student_t_shared | K=7 START
[2026-09-18 20:17:24] START refit | h=2m | student_t_shared | K=7 | seed=142
[2026-09-18 20:27:10] DONE  refit | h=2m | student_t_shared | K=7 | seed=142 | 586.6s | converged=True
[2026-09-18 20:27:10] START refit | h=2m | student_t_shared | K=7 | seed=143
[2026-09-18 20:36:49] DONE  refit | h=2m | student_t_shared | K=7 | seed=143 | 578.3s | converged=True
[2026-09-18 20:36:49] START refit | h=2m | student_t_shared | K=7 | seed=144
[2026-09-18 20:45:59] DONE  refit | h=2m | student_t_shared | K=7 | seed=144 | 549.9s | converged=True
[2026-09-18 20:45:59] START refit | h=2m | student_t_shared | K=7 | seed=145
[2026-09-18 20:55:31] DONE  refit | h=2m | student_t_shared | K=7 | seed=145 | 572.1s | converged=True
[2026-09-18 20:55:31] START refit | h=2m | student_t_shared | K=7 | seed=146
[2026-09-18 21:05:35] DONE  refit | h=2m | student_t_shared | K=7 | seed=146 | 604.2s | converged=True
[2026-09-18 21:05:50] REFIT horizon 2m | student_t_shared | K=7 DONE
[2026-09-18 21:05:50] REFIT horizon 2m | student_t_state | K=7 START
[2026-09-18 21:05:50] START refit | h=2m | student_t_state | K=7 | seed=142
[2026-09-18 21:15:51] DONE  refit | h=2m | student_t_state | K=7 | seed=142 | 601.0s | converged=True
[2026-09-18 21:15:51] START refit | h=2m | student_t_state | K=7 | seed=143
[2026-09-18 21:25:18] DONE  refit | h=2m | student_t_state | K=7 | seed=143 | 567.5s | converged=True
[2026-09-18 21:25:18] START refit | h=2m | student_t_state | K=7 | seed=144
[2026-09-18 21:34:19] DONE  refit | h=2m | student_t_state | K=7 | seed=144 | 540.9s | converged=True
[2026-09-18 21:34:19] START refit | h=2m | student_t_state | K=7 | seed=145
[2026-09-18 21:44:20] DONE  refit | h=2m | student_t_state | K=7 | seed=145 | 601.3s | converged=True
[2026-09-18 21:44:20] START refit | h=2m | student_t_state | K=7 | seed=146
[2026-09-18 21:54:16] DONE  refit | h=2m | student_t_state | K=7 | seed=146 | 595.5s | converged=True
[2026-09-18 21:54:36] REFIT horizon 2m | student_t_state | K=7 DONE
[2026-09-18 21:54:36] FOLD 10/2 DONE
{
  "best_gaussian_horizon": 1,
  "runner_up_horizon": 2,
  "winner_vs_runner_mean": 0.011255727890298238,
  "winner_vs_runner_ci20": [
    0.0033470116753408327,
    0.01816911440682104
  ],
  "bootstrap_horizon_advantage_conclusive": true,
  "winner_practical_convergence_rate": 1.0,
  "winner_k_upper_boundary_rate": 1.0,
  "preferred_research_horizon": 1,
  "lock_configuration_for_v1": false,
  "decision_vi": "\u01afu ti\u00ean khung 1 ph\u00fat, nh\u01b0ng ch\u01b0a kh\u00f3a c\u1ea5u h\u00ecnh cho v1 v\u00ec c\u1ed5ng K/h\u1ed9i t\u1ee5 ch\u01b0a \u0111\u1ea1t.",
  "best_mean_hmm_family": "student_t_shared",
  "preferred_hmm_family": "student_t_shared",
  "family_gain_vs_gaussian_ci20": [
    0.001067772647650584,
    0.005718237555976696
  ],
  "heavy_tail_replacement_conclusive": true,
  "family_fold_counts": {
    "student_t_shared": 2,
    "student_t_state": 2,
    "gaussian_hmm": 2
  }
}
Report: C:\Users\Admin\Downloads\ARSH_v0.5_CUDA_worker\runs_v05_revised\policy_daily\policy_daily__f08_09\report.html
