Running immutable CUDA job policy_session__f04_05
[2026-09-18 21:55:39] LOAD source data START
[2026-09-18 21:55:40] LOAD source data DONE | rows=525,635
[2026-09-18 21:55:40] AUDIT timestamp/rollover START
[2026-09-18 21:55:40] AUDIT timestamp/rollover DONE
[2026-09-18 21:55:40] BUILD returns START | horizons=[1, 2]
[2026-09-18 21:55:52] BUILD returns DONE | 1m=518,222, 2m=258,485
[2026-09-18 21:55:53] FOLD 5/2 START
[2026-09-18 21:55:53] SCREEN horizon 1m START
[2026-09-18 21:55:56] START screen_selection | h=1m | gmm | K=2
[2026-09-18 21:55:57] DONE  screen_selection | h=1m | gmm | K=2 | 1.2s
[2026-09-18 21:55:57] START screen_selection | h=1m | gmm | K=3
[2026-09-18 21:55:58] DONE  screen_selection | h=1m | gmm | K=3 | 1.5s
[2026-09-18 21:55:58] START screen_selection | h=1m | gmm | K=4
[2026-09-18 21:56:01] DONE  screen_selection | h=1m | gmm | K=4 | 2.3s
[2026-09-18 21:56:01] START screen_selection | h=1m | gmm | K=5
[2026-09-18 21:56:03] DONE  screen_selection | h=1m | gmm | K=5 | 2.3s
[2026-09-18 21:56:03] START screen_selection | h=1m | gmm | K=6
[2026-09-18 21:56:05] DONE  screen_selection | h=1m | gmm | K=6 | 2.2s
[2026-09-18 21:56:05] START screen_selection | h=1m | gmm | K=7
[2026-09-18 21:56:08] DONE  screen_selection | h=1m | gmm | K=7 | 2.3s
[2026-09-18 21:56:08] START screen_selection | h=1m | gaussian_hmm | K=2 | seed=42
[2026-09-18 21:59:27] DONE  screen_selection | h=1m | gaussian_hmm | K=2 | seed=42 | 198.8s | converged=True
[2026-09-18 21:59:27] START screen_selection | h=1m | gaussian_hmm | K=2 | seed=43
[2026-09-18 22:03:18] DONE  screen_selection | h=1m | gaussian_hmm | K=2 | seed=43 | 231.5s | converged=True
[2026-09-18 22:03:18] START screen_selection | h=1m | gaussian_hmm | K=2 | seed=44
[2026-09-18 22:06:37] DONE  screen_selection | h=1m | gaussian_hmm | K=2 | seed=44 | 199.4s | converged=True
[2026-09-18 22:07:01] START screen_selection | h=1m | gaussian_hmm | K=3 | seed=42
Running immutable CUDA job policy_session__f04_05
[2026-09-19 03:14:11] LOAD source data START
[2026-09-19 03:14:12] LOAD source data DONE | rows=525,635
[2026-09-19 03:14:12] AUDIT timestamp/rollover START
[2026-09-19 03:14:13] AUDIT timestamp/rollover DONE
[2026-09-19 03:14:13] BUILD returns START | horizons=[1, 2]
[2026-09-19 03:14:25] BUILD returns DONE | 1m=518,222, 2m=258,485
[2026-09-19 03:14:25] FOLD 5/2 START
[2026-09-19 03:14:25] SCREEN horizon 1m START
[2026-09-19 03:14:29] START screen_selection | h=1m | gmm | K=2
[2026-09-19 03:14:31] DONE  screen_selection | h=1m | gmm | K=2 | 1.7s
[2026-09-19 03:14:31] START screen_selection | h=1m | gmm | K=3
[2026-09-19 03:14:33] DONE  screen_selection | h=1m | gmm | K=3 | 1.9s
[2026-09-19 03:14:33] START screen_selection | h=1m | gmm | K=4
[2026-09-19 03:14:35] DONE  screen_selection | h=1m | gmm | K=4 | 2.9s
[2026-09-19 03:14:35] START screen_selection | h=1m | gmm | K=5
[2026-09-19 03:14:39] DONE  screen_selection | h=1m | gmm | K=5 | 3.2s
[2026-09-19 03:14:39] START screen_selection | h=1m | gmm | K=6
[2026-09-19 03:14:41] DONE  screen_selection | h=1m | gmm | K=6 | 2.7s
[2026-09-19 03:14:41] START screen_selection | h=1m | gmm | K=7
[2026-09-19 03:14:44] DONE  screen_selection | h=1m | gmm | K=7 | 2.7s
[2026-09-19 03:14:44] CACHE screen_selection | h=1m | gaussian_hmm | K=2 | seed=42
[2026-09-19 03:14:44] CACHE screen_selection | h=1m | gaussian_hmm | K=2 | seed=43
[2026-09-19 03:14:44] CACHE screen_selection | h=1m | gaussian_hmm | K=2 | seed=44
[2026-09-19 03:15:12] START screen_selection | h=1m | gaussian_hmm | K=3 | seed=42
[2026-09-19 03:19:24] DONE  screen_selection | h=1m | gaussian_hmm | K=3 | seed=42 | 251.7s | converged=True
[2026-09-19 03:19:24] START screen_selection | h=1m | gaussian_hmm | K=3 | seed=43
[2026-09-19 03:24:21] DONE  screen_selection | h=1m | gaussian_hmm | K=3 | seed=43 | 296.9s | converged=True
[2026-09-19 03:24:21] START screen_selection | h=1m | gaussian_hmm | K=3 | seed=44
[2026-09-19 03:29:11] DONE  screen_selection | h=1m | gaussian_hmm | K=3 | seed=44 | 290.2s | converged=True
[2026-09-19 03:29:36] START screen_selection | h=1m | gaussian_hmm | K=4 | seed=42
[2026-09-19 03:39:09] DONE  screen_selection | h=1m | gaussian_hmm | K=4 | seed=42 | 572.9s | converged=False
[2026-09-19 03:39:09] START screen_selection | h=1m | gaussian_hmm | K=4 | seed=43
[2026-09-19 03:47:18] DONE  screen_selection | h=1m | gaussian_hmm | K=4 | seed=43 | 489.1s | converged=False
[2026-09-19 03:47:18] START screen_selection | h=1m | gaussian_hmm | K=4 | seed=44
[2026-09-19 03:54:23] DONE  screen_selection | h=1m | gaussian_hmm | K=4 | seed=44 | 425.1s | converged=False
[2026-09-19 03:54:54] START screen_selection | h=1m | gaussian_hmm | K=5 | seed=42
[2026-09-19 04:02:01] DONE  screen_selection | h=1m | gaussian_hmm | K=5 | seed=42 | 427.6s | converged=True
[2026-09-19 04:02:01] START screen_selection | h=1m | gaussian_hmm | K=5 | seed=43
[2026-09-19 04:09:00] DONE  screen_selection | h=1m | gaussian_hmm | K=5 | seed=43 | 418.3s | converged=True
[2026-09-19 04:09:00] START screen_selection | h=1m | gaussian_hmm | K=5 | seed=44
[2026-09-19 04:16:03] DONE  screen_selection | h=1m | gaussian_hmm | K=5 | seed=44 | 423.0s | converged=True
[2026-09-19 04:16:33] START screen_selection | h=1m | gaussian_hmm | K=6 | seed=42
[2026-09-19 04:23:37] DONE  screen_selection | h=1m | gaussian_hmm | K=6 | seed=42 | 423.9s | converged=True
[2026-09-19 04:23:37] START screen_selection | h=1m | gaussian_hmm | K=6 | seed=43
[2026-09-19 04:30:41] DONE  screen_selection | h=1m | gaussian_hmm | K=6 | seed=43 | 424.1s | converged=True
[2026-09-19 04:30:41] START screen_selection | h=1m | gaussian_hmm | K=6 | seed=44
[2026-09-19 04:37:50] DONE  screen_selection | h=1m | gaussian_hmm | K=6 | seed=44 | 428.9s | converged=True
[2026-09-19 04:38:21] START screen_selection | h=1m | gaussian_hmm | K=7 | seed=42
[2026-09-19 04:45:13] DONE  screen_selection | h=1m | gaussian_hmm | K=7 | seed=42 | 412.3s | converged=True
[2026-09-19 04:45:13] START screen_selection | h=1m | gaussian_hmm | K=7 | seed=43
[2026-09-19 04:52:16] DONE  screen_selection | h=1m | gaussian_hmm | K=7 | seed=43 | 422.9s | converged=True
[2026-09-19 04:52:16] START screen_selection | h=1m | gaussian_hmm | K=7 | seed=44
[2026-09-19 04:59:16] DONE  screen_selection | h=1m | gaussian_hmm | K=7 | seed=44 | 419.4s | converged=True
[2026-09-19 04:59:47] SCREEN horizon 1m DONE | Gaussian-HMM K=7 | gain=0.207447
[2026-09-19 04:59:47] SCREEN horizon 2m START
[2026-09-19 04:59:48] START screen_selection | h=2m | gmm | K=2
[2026-09-19 04:59:49] DONE  screen_selection | h=2m | gmm | K=2 | 0.7s
[2026-09-19 04:59:49] START screen_selection | h=2m | gmm | K=3
[2026-09-19 04:59:50] DONE  screen_selection | h=2m | gmm | K=3 | 0.9s
[2026-09-19 04:59:50] START screen_selection | h=2m | gmm | K=4
[2026-09-19 04:59:51] DONE  screen_selection | h=2m | gmm | K=4 | 1.2s
[2026-09-19 04:59:51] START screen_selection | h=2m | gmm | K=5
[2026-09-19 04:59:52] DONE  screen_selection | h=2m | gmm | K=5 | 1.4s
[2026-09-19 04:59:52] START screen_selection | h=2m | gmm | K=6
[2026-09-19 04:59:53] DONE  screen_selection | h=2m | gmm | K=6 | 1.1s
[2026-09-19 04:59:53] START screen_selection | h=2m | gmm | K=7
[2026-09-19 04:59:55] DONE  screen_selection | h=2m | gmm | K=7 | 1.9s
[2026-09-19 04:59:55] START screen_selection | h=2m | gaussian_hmm | K=2 | seed=42
[2026-09-19 05:00:57] DONE  screen_selection | h=2m | gaussian_hmm | K=2 | seed=42 | 61.9s | converged=True
[2026-09-19 05:00:57] START screen_selection | h=2m | gaussian_hmm | K=2 | seed=43
[2026-09-19 05:01:53] DONE  screen_selection | h=2m | gaussian_hmm | K=2 | seed=43 | 56.1s | converged=True
[2026-09-19 05:01:53] START screen_selection | h=2m | gaussian_hmm | K=2 | seed=44
[2026-09-19 05:02:55] DONE  screen_selection | h=2m | gaussian_hmm | K=2 | seed=44 | 61.6s | converged=True
[2026-09-19 05:03:09] START screen_selection | h=2m | gaussian_hmm | K=3 | seed=42
[2026-09-19 05:04:35] DONE  screen_selection | h=2m | gaussian_hmm | K=3 | seed=42 | 85.7s | converged=True
[2026-09-19 05:04:35] START screen_selection | h=2m | gaussian_hmm | K=3 | seed=43
[2026-09-19 05:06:05] DONE  screen_selection | h=2m | gaussian_hmm | K=3 | seed=43 | 90.3s | converged=True
[2026-09-19 05:06:05] START screen_selection | h=2m | gaussian_hmm | K=3 | seed=44
[2026-09-19 05:07:29] DONE  screen_selection | h=2m | gaussian_hmm | K=3 | seed=44 | 83.3s | converged=True
[2026-09-19 05:07:41] START screen_selection | h=2m | gaussian_hmm | K=4 | seed=42
[2026-09-19 05:10:21] DONE  screen_selection | h=2m | gaussian_hmm | K=4 | seed=42 | 159.4s | converged=False
[2026-09-19 05:10:21] START screen_selection | h=2m | gaussian_hmm | K=4 | seed=43
[2026-09-19 05:13:02] DONE  screen_selection | h=2m | gaussian_hmm | K=4 | seed=43 | 161.7s | converged=False
[2026-09-19 05:13:02] START screen_selection | h=2m | gaussian_hmm | K=4 | seed=44
[2026-09-19 05:15:46] DONE  screen_selection | h=2m | gaussian_hmm | K=4 | seed=44 | 163.3s | converged=False
[2026-09-19 05:16:01] START screen_selection | h=2m | gaussian_hmm | K=5 | seed=42
[2026-09-19 05:18:45] DONE  screen_selection | h=2m | gaussian_hmm | K=5 | seed=42 | 163.7s | converged=False
[2026-09-19 05:18:45] START screen_selection | h=2m | gaussian_hmm | K=5 | seed=43
[2026-09-19 05:21:31] DONE  screen_selection | h=2m | gaussian_hmm | K=5 | seed=43 | 166.1s | converged=False
[2026-09-19 05:21:31] START screen_selection | h=2m | gaussian_hmm | K=5 | seed=44
[2026-09-19 05:24:22] DONE  screen_selection | h=2m | gaussian_hmm | K=5 | seed=44 | 170.6s | converged=False
[2026-09-19 05:24:34] START screen_selection | h=2m | gaussian_hmm | K=6 | seed=42
[2026-09-19 05:27:26] DONE  screen_selection | h=2m | gaussian_hmm | K=6 | seed=42 | 172.1s | converged=True
[2026-09-19 05:27:26] START screen_selection | h=2m | gaussian_hmm | K=6 | seed=43
[2026-09-19 05:30:11] DONE  screen_selection | h=2m | gaussian_hmm | K=6 | seed=43 | 164.2s | converged=False
[2026-09-19 05:30:11] START screen_selection | h=2m | gaussian_hmm | K=6 | seed=44
[2026-09-19 05:32:58] DONE  screen_selection | h=2m | gaussian_hmm | K=6 | seed=44 | 167.1s | converged=False
[2026-09-19 05:33:13] START screen_selection | h=2m | gaussian_hmm | K=7 | seed=42
[2026-09-19 05:36:06] DONE  screen_selection | h=2m | gaussian_hmm | K=7 | seed=42 | 172.6s | converged=True
[2026-09-19 05:36:06] START screen_selection | h=2m | gaussian_hmm | K=7 | seed=43
[2026-09-19 05:38:52] DONE  screen_selection | h=2m | gaussian_hmm | K=7 | seed=43 | 166.3s | converged=True
[2026-09-19 05:38:52] START screen_selection | h=2m | gaussian_hmm | K=7 | seed=44
[2026-09-19 05:41:34] DONE  screen_selection | h=2m | gaussian_hmm | K=7 | seed=44 | 161.7s | converged=True
[2026-09-19 05:41:47] SCREEN horizon 2m DONE | Gaussian-HMM K=7 | gain=0.172596
[2026-09-19 05:41:47] CONFIRM horizon 1m | student_t_shared START
[2026-09-19 05:41:47] START confirm_selection | h=1m | student_t_shared | K=2 | seed=62
[2026-09-19 05:48:10] DONE  confirm_selection | h=1m | student_t_shared | K=2 | seed=62 | 382.3s | converged=True
[2026-09-19 05:48:10] START confirm_selection | h=1m | student_t_shared | K=2 | seed=63
[2026-09-19 05:52:34] DONE  confirm_selection | h=1m | student_t_shared | K=2 | seed=63 | 264.6s | converged=True
[2026-09-19 05:52:34] START confirm_selection | h=1m | student_t_shared | K=2 | seed=64
[2026-09-19 05:57:43] DONE  confirm_selection | h=1m | student_t_shared | K=2 | seed=64 | 309.2s | converged=True
[2026-09-19 05:58:16] START confirm_selection | h=1m | student_t_shared | K=3 | seed=62
[2026-09-19 06:05:09] DONE  confirm_selection | h=1m | student_t_shared | K=3 | seed=62 | 413.0s | converged=True
[2026-09-19 06:05:09] START confirm_selection | h=1m | student_t_shared | K=3 | seed=63
[2026-09-19 06:12:15] DONE  confirm_selection | h=1m | student_t_shared | K=3 | seed=63 | 425.9s | converged=True
[2026-09-19 06:12:15] START confirm_selection | h=1m | student_t_shared | K=3 | seed=64
[2026-09-19 06:19:10] DONE  confirm_selection | h=1m | student_t_shared | K=3 | seed=64 | 414.5s | converged=True
[2026-09-19 06:19:45] START confirm_selection | h=1m | student_t_shared | K=4 | seed=62
[2026-09-19 06:26:50] DONE  confirm_selection | h=1m | student_t_shared | K=4 | seed=62 | 424.9s | converged=True
[2026-09-19 06:26:50] START confirm_selection | h=1m | student_t_shared | K=4 | seed=63
[2026-09-19 06:33:50] DONE  confirm_selection | h=1m | student_t_shared | K=4 | seed=63 | 419.9s | converged=True
[2026-09-19 06:33:50] START confirm_selection | h=1m | student_t_shared | K=4 | seed=64
[2026-09-19 06:40:49] DONE  confirm_selection | h=1m | student_t_shared | K=4 | seed=64 | 419.4s | converged=True
[2026-09-19 06:41:23] START confirm_selection | h=1m | student_t_shared | K=5 | seed=62
[2026-09-19 06:48:24] DONE  confirm_selection | h=1m | student_t_shared | K=5 | seed=62 | 420.6s | converged=True
[2026-09-19 06:48:24] START confirm_selection | h=1m | student_t_shared | K=5 | seed=63
[2026-09-19 06:55:26] DONE  confirm_selection | h=1m | student_t_shared | K=5 | seed=63 | 422.3s | converged=True
[2026-09-19 06:55:26] START confirm_selection | h=1m | student_t_shared | K=5 | seed=64
[2026-09-19 07:02:23] DONE  confirm_selection | h=1m | student_t_shared | K=5 | seed=64 | 416.7s | converged=True
[2026-09-19 07:02:54] START confirm_selection | h=1m | student_t_shared | K=6 | seed=62
[2026-09-19 07:10:04] DONE  confirm_selection | h=1m | student_t_shared | K=6 | seed=62 | 430.4s | converged=True
[2026-09-19 07:10:04] START confirm_selection | h=1m | student_t_shared | K=6 | seed=63
[2026-09-19 07:17:03] DONE  confirm_selection | h=1m | student_t_shared | K=6 | seed=63 | 418.6s | converged=True
[2026-09-19 07:17:03] START confirm_selection | h=1m | student_t_shared | K=6 | seed=64
[2026-09-19 07:24:03] DONE  confirm_selection | h=1m | student_t_shared | K=6 | seed=64 | 420.8s | converged=True
[2026-09-19 07:24:39] START confirm_selection | h=1m | student_t_shared | K=7 | seed=62
[2026-09-19 07:31:39] DONE  confirm_selection | h=1m | student_t_shared | K=7 | seed=62 | 419.3s | converged=False
[2026-09-19 07:31:39] START confirm_selection | h=1m | student_t_shared | K=7 | seed=63
[2026-09-19 07:38:49] DONE  confirm_selection | h=1m | student_t_shared | K=7 | seed=63 | 430.5s | converged=False
[2026-09-19 07:38:49] START confirm_selection | h=1m | student_t_shared | K=7 | seed=64
[2026-09-19 07:45:56] DONE  confirm_selection | h=1m | student_t_shared | K=7 | seed=64 | 426.8s | converged=False
[2026-09-19 07:46:26] CONFIRM horizon 1m | student_t_shared DONE | K=7
[2026-09-19 07:46:26] CONFIRM horizon 1m | student_t_state START
[2026-09-19 07:46:26] START confirm_selection | h=1m | student_t_state | K=2 | seed=62
[2026-09-19 07:53:38] DONE  confirm_selection | h=1m | student_t_state | K=2 | seed=62 | 432.3s | converged=True
[2026-09-19 07:53:38] START confirm_selection | h=1m | student_t_state | K=2 | seed=63
[2026-09-19 08:00:39] DONE  confirm_selection | h=1m | student_t_state | K=2 | seed=63 | 420.3s | converged=True
[2026-09-19 08:00:39] START confirm_selection | h=1m | student_t_state | K=2 | seed=64
[2026-09-19 08:07:32] DONE  confirm_selection | h=1m | student_t_state | K=2 | seed=64 | 413.9s | converged=True
[2026-09-19 08:08:02] START confirm_selection | h=1m | student_t_state | K=3 | seed=62
[2026-09-19 08:15:06] DONE  confirm_selection | h=1m | student_t_state | K=3 | seed=62 | 424.6s | converged=True
[2026-09-19 08:15:06] START confirm_selection | h=1m | student_t_state | K=3 | seed=63
[2026-09-19 08:22:08] DONE  confirm_selection | h=1m | student_t_state | K=3 | seed=63 | 421.9s | converged=True
[2026-09-19 08:22:08] START confirm_selection | h=1m | student_t_state | K=3 | seed=64
[2026-09-19 08:29:15] DONE  confirm_selection | h=1m | student_t_state | K=3 | seed=64 | 426.5s | converged=True
[2026-09-19 08:29:46] START confirm_selection | h=1m | student_t_state | K=4 | seed=62
[2026-09-19 08:36:53] DONE  confirm_selection | h=1m | student_t_state | K=4 | seed=62 | 427.2s | converged=True
[2026-09-19 08:36:53] START confirm_selection | h=1m | student_t_state | K=4 | seed=63
[2026-09-19 08:44:01] DONE  confirm_selection | h=1m | student_t_state | K=4 | seed=63 | 428.7s | converged=True
[2026-09-19 08:44:01] START confirm_selection | h=1m | student_t_state | K=4 | seed=64
[2026-09-19 08:51:00] DONE  confirm_selection | h=1m | student_t_state | K=4 | seed=64 | 418.7s | converged=True
[2026-09-19 08:51:32] START confirm_selection | h=1m | student_t_state | K=5 | seed=62
[2026-09-19 08:58:32] DONE  confirm_selection | h=1m | student_t_state | K=5 | seed=62 | 420.4s | converged=True
[2026-09-19 08:58:32] START confirm_selection | h=1m | student_t_state | K=5 | seed=63
[2026-09-19 09:05:29] DONE  confirm_selection | h=1m | student_t_state | K=5 | seed=63 | 416.9s | converged=True
[2026-09-19 09:05:29] START confirm_selection | h=1m | student_t_state | K=5 | seed=64
[2026-09-19 09:12:30] DONE  confirm_selection | h=1m | student_t_state | K=5 | seed=64 | 420.9s | converged=True
[2026-09-19 09:13:05] START confirm_selection | h=1m | student_t_state | K=6 | seed=62
[2026-09-19 09:20:10] DONE  confirm_selection | h=1m | student_t_state | K=6 | seed=62 | 425.2s | converged=True
[2026-09-19 09:20:10] START confirm_selection | h=1m | student_t_state | K=6 | seed=63
[2026-09-19 09:27:20] DONE  confirm_selection | h=1m | student_t_state | K=6 | seed=63 | 430.3s | converged=True
[2026-09-19 09:27:20] START confirm_selection | h=1m | student_t_state | K=6 | seed=64
[2026-09-19 09:34:29] DONE  confirm_selection | h=1m | student_t_state | K=6 | seed=64 | 429.1s | converged=True
[2026-09-19 09:35:05] START confirm_selection | h=1m | student_t_state | K=7 | seed=62
[2026-09-19 09:42:16] DONE  confirm_selection | h=1m | student_t_state | K=7 | seed=62 | 430.5s | converged=False
[2026-09-19 09:42:16] START confirm_selection | h=1m | student_t_state | K=7 | seed=63
[2026-09-19 09:49:32] DONE  confirm_selection | h=1m | student_t_state | K=7 | seed=63 | 436.4s | converged=False
[2026-09-19 09:49:32] START confirm_selection | h=1m | student_t_state | K=7 | seed=64
[2026-09-19 09:56:34] DONE  confirm_selection | h=1m | student_t_state | K=7 | seed=64 | 421.9s | converged=False
[2026-09-19 09:57:11] CONFIRM horizon 1m | student_t_state DONE | K=7
[2026-09-19 09:57:11] CONFIRM horizon 2m | student_t_shared START
[2026-09-19 09:57:11] START confirm_selection | h=2m | student_t_shared | K=2 | seed=62
[2026-09-19 09:59:27] DONE  confirm_selection | h=2m | student_t_shared | K=2 | seed=62 | 136.4s | converged=True
[2026-09-19 09:59:27] START confirm_selection | h=2m | student_t_shared | K=2 | seed=63
[2026-09-19 10:01:36] DONE  confirm_selection | h=2m | student_t_shared | K=2 | seed=63 | 128.7s | converged=True
[2026-09-19 10:01:36] START confirm_selection | h=2m | student_t_shared | K=2 | seed=64
[2026-09-19 10:04:05] DONE  confirm_selection | h=2m | student_t_shared | K=2 | seed=64 | 149.4s | converged=True
[2026-09-19 10:04:21] START confirm_selection | h=2m | student_t_shared | K=3 | seed=62
[2026-09-19 10:07:02] DONE  confirm_selection | h=2m | student_t_shared | K=3 | seed=62 | 161.2s | converged=False
[2026-09-19 10:07:02] START confirm_selection | h=2m | student_t_shared | K=3 | seed=63
[2026-09-19 10:09:44] DONE  confirm_selection | h=2m | student_t_shared | K=3 | seed=63 | 161.4s | converged=False
[2026-09-19 10:09:44] START confirm_selection | h=2m | student_t_shared | K=3 | seed=64
[2026-09-19 10:12:31] DONE  confirm_selection | h=2m | student_t_shared | K=3 | seed=64 | 167.3s | converged=False
[2026-09-19 10:12:48] START confirm_selection | h=2m | student_t_shared | K=4 | seed=62
[2026-09-19 10:15:34] DONE  confirm_selection | h=2m | student_t_shared | K=4 | seed=62 | 165.8s | converged=False
[2026-09-19 10:15:34] START confirm_selection | h=2m | student_t_shared | K=4 | seed=63
[2026-09-19 10:18:17] DONE  confirm_selection | h=2m | student_t_shared | K=4 | seed=63 | 162.6s | converged=False
[2026-09-19 10:18:17] START confirm_selection | h=2m | student_t_shared | K=4 | seed=64
[2026-09-19 10:21:08] DONE  confirm_selection | h=2m | student_t_shared | K=4 | seed=64 | 171.8s | converged=False
[2026-09-19 10:21:23] START confirm_selection | h=2m | student_t_shared | K=5 | seed=62
[2026-09-19 10:24:16] DONE  confirm_selection | h=2m | student_t_shared | K=5 | seed=62 | 172.4s | converged=False
[2026-09-19 10:24:16] START confirm_selection | h=2m | student_t_shared | K=5 | seed=63
[2026-09-19 10:27:05] DONE  confirm_selection | h=2m | student_t_shared | K=5 | seed=63 | 169.7s | converged=False
[2026-09-19 10:27:05] START confirm_selection | h=2m | student_t_shared | K=5 | seed=64
[2026-09-19 10:29:50] DONE  confirm_selection | h=2m | student_t_shared | K=5 | seed=64 | 165.2s | converged=False
[2026-09-19 10:30:06] START confirm_selection | h=2m | student_t_shared | K=6 | seed=62
[2026-09-19 10:32:51] DONE  confirm_selection | h=2m | student_t_shared | K=6 | seed=62 | 164.3s | converged=True
[2026-09-19 10:32:51] START confirm_selection | h=2m | student_t_shared | K=6 | seed=63
[2026-09-19 10:35:39] DONE  confirm_selection | h=2m | student_t_shared | K=6 | seed=63 | 168.5s | converged=True
[2026-09-19 10:35:39] START confirm_selection | h=2m | student_t_shared | K=6 | seed=64
[2026-09-19 10:38:36] DONE  confirm_selection | h=2m | student_t_shared | K=6 | seed=64 | 176.5s | converged=True
[2026-09-19 10:38:54] START confirm_selection | h=2m | student_t_shared | K=7 | seed=62
[2026-09-19 10:41:48] DONE  confirm_selection | h=2m | student_t_shared | K=7 | seed=62 | 173.9s | converged=False
[2026-09-19 10:41:48] START confirm_selection | h=2m | student_t_shared | K=7 | seed=63
[2026-09-19 10:44:40] DONE  confirm_selection | h=2m | student_t_shared | K=7 | seed=63 | 172.1s | converged=False
[2026-09-19 10:44:40] START confirm_selection | h=2m | student_t_shared | K=7 | seed=64
[2026-09-19 10:47:30] DONE  confirm_selection | h=2m | student_t_shared | K=7 | seed=64 | 170.0s | converged=True
[2026-09-19 10:47:46] CONFIRM horizon 2m | student_t_shared DONE | K=7
[2026-09-19 10:47:46] CONFIRM horizon 2m | student_t_state START
[2026-09-19 10:47:46] START confirm_selection | h=2m | student_t_state | K=2 | seed=62
[2026-09-19 10:50:33] DONE  confirm_selection | h=2m | student_t_state | K=2 | seed=62 | 167.3s | converged=True
[2026-09-19 10:50:33] START confirm_selection | h=2m | student_t_state | K=2 | seed=63
[2026-09-19 10:53:17] DONE  confirm_selection | h=2m | student_t_state | K=2 | seed=63 | 164.0s | converged=True
[2026-09-19 10:53:17] START confirm_selection | h=2m | student_t_state | K=2 | seed=64
[2026-09-19 10:56:07] DONE  confirm_selection | h=2m | student_t_state | K=2 | seed=64 | 169.9s | converged=True
[2026-09-19 10:56:22] START confirm_selection | h=2m | student_t_state | K=3 | seed=62
[2026-09-19 10:59:09] DONE  confirm_selection | h=2m | student_t_state | K=3 | seed=62 | 167.0s | converged=True
[2026-09-19 10:59:09] START confirm_selection | h=2m | student_t_state | K=3 | seed=63
[2026-09-19 11:02:02] DONE  confirm_selection | h=2m | student_t_state | K=3 | seed=63 | 172.9s | converged=True
[2026-09-19 11:02:02] START confirm_selection | h=2m | student_t_state | K=3 | seed=64
[2026-09-19 11:04:47] DONE  confirm_selection | h=2m | student_t_state | K=3 | seed=64 | 164.8s | converged=True
[2026-09-19 11:05:04] START confirm_selection | h=2m | student_t_state | K=4 | seed=62
[2026-09-19 11:08:07] DONE  confirm_selection | h=2m | student_t_state | K=4 | seed=62 | 182.5s | converged=True
[2026-09-19 11:08:07] START confirm_selection | h=2m | student_t_state | K=4 | seed=63
[2026-09-19 11:10:55] DONE  confirm_selection | h=2m | student_t_state | K=4 | seed=63 | 167.6s | converged=True
[2026-09-19 11:10:55] START confirm_selection | h=2m | student_t_state | K=4 | seed=64
[2026-09-19 11:13:48] DONE  confirm_selection | h=2m | student_t_state | K=4 | seed=64 | 173.7s | converged=True
[2026-09-19 11:14:04] START confirm_selection | h=2m | student_t_state | K=5 | seed=62
[2026-09-19 11:16:54] DONE  confirm_selection | h=2m | student_t_state | K=5 | seed=62 | 170.2s | converged=True
[2026-09-19 11:16:54] START confirm_selection | h=2m | student_t_state | K=5 | seed=63
[2026-09-19 11:19:48] DONE  confirm_selection | h=2m | student_t_state | K=5 | seed=63 | 174.2s | converged=True
[2026-09-19 11:19:48] START confirm_selection | h=2m | student_t_state | K=5 | seed=64
[2026-09-19 11:22:36] DONE  confirm_selection | h=2m | student_t_state | K=5 | seed=64 | 168.0s | converged=True
[2026-09-19 11:22:54] START confirm_selection | h=2m | student_t_state | K=6 | seed=62
[2026-09-19 11:25:44] DONE  confirm_selection | h=2m | student_t_state | K=6 | seed=62 | 169.5s | converged=True
[2026-09-19 11:25:44] START confirm_selection | h=2m | student_t_state | K=6 | seed=63
[2026-09-19 11:28:26] DONE  confirm_selection | h=2m | student_t_state | K=6 | seed=63 | 162.3s | converged=False
[2026-09-19 11:28:26] START confirm_selection | h=2m | student_t_state | K=6 | seed=64
[2026-09-19 11:31:13] DONE  confirm_selection | h=2m | student_t_state | K=6 | seed=64 | 167.4s | converged=False
[2026-09-19 11:31:27] START confirm_selection | h=2m | student_t_state | K=7 | seed=62
[2026-09-19 11:34:14] DONE  confirm_selection | h=2m | student_t_state | K=7 | seed=62 | 166.5s | converged=True
[2026-09-19 11:34:14] START confirm_selection | h=2m | student_t_state | K=7 | seed=63
[2026-09-19 11:36:59] DONE  confirm_selection | h=2m | student_t_state | K=7 | seed=63 | 165.2s | converged=True
[2026-09-19 11:36:59] START confirm_selection | h=2m | student_t_state | K=7 | seed=64
[2026-09-19 11:39:53] DONE  confirm_selection | h=2m | student_t_state | K=7 | seed=64 | 174.0s | converged=True
[2026-09-19 11:40:10] CONFIRM horizon 2m | student_t_state DONE | K=7
[2026-09-19 11:40:15] REFIT horizon 1m | student_t | K=1 START
[2026-09-19 11:40:15] REFIT horizon 1m | student_t | K=1 DONE
[2026-09-19 11:40:15] REFIT horizon 1m | gaussian | K=1 START
[2026-09-19 11:40:15] REFIT horizon 1m | gaussian | K=1 DONE
[2026-09-19 11:40:15] REFIT horizon 1m | gmm | K=4 START
[2026-09-19 11:40:20] REFIT horizon 1m | gmm | K=4 DONE
[2026-09-19 11:40:20] REFIT horizon 1m | gaussian_hmm | K=7 START
[2026-09-19 11:40:20] START refit | h=1m | gaussian_hmm | K=7 | seed=142
[2026-09-19 12:02:45] DONE  refit | h=1m | gaussian_hmm | K=7 | seed=142 | 1345.6s | converged=True
[2026-09-19 12:02:45] START refit | h=1m | gaussian_hmm | K=7 | seed=143
[2026-09-19 12:25:23] DONE  refit | h=1m | gaussian_hmm | K=7 | seed=143 | 1357.3s | converged=True
[2026-09-19 12:25:23] START refit | h=1m | gaussian_hmm | K=7 | seed=144
[2026-09-19 12:48:10] DONE  refit | h=1m | gaussian_hmm | K=7 | seed=144 | 1367.3s | converged=True
[2026-09-19 12:48:10] START refit | h=1m | gaussian_hmm | K=7 | seed=145
[2026-09-19 13:10:39] DONE  refit | h=1m | gaussian_hmm | K=7 | seed=145 | 1349.0s | converged=True
[2026-09-19 13:10:39] START refit | h=1m | gaussian_hmm | K=7 | seed=146
[2026-09-19 13:33:04] DONE  refit | h=1m | gaussian_hmm | K=7 | seed=146 | 1345.5s | converged=True
[2026-09-19 13:33:42] REFIT horizon 1m | gaussian_hmm | K=7 DONE
[2026-09-19 13:33:42] REFIT horizon 1m | student_t_shared | K=7 START
[2026-09-19 13:33:42] START refit | h=1m | student_t_shared | K=7 | seed=142
[2026-09-19 13:56:37] DONE  refit | h=1m | student_t_shared | K=7 | seed=142 | 1375.8s | converged=True
[2026-09-19 13:56:37] START refit | h=1m | student_t_shared | K=7 | seed=143
[2026-09-19 14:19:09] DONE  refit | h=1m | student_t_shared | K=7 | seed=143 | 1351.9s | converged=True
[2026-09-19 14:19:09] START refit | h=1m | student_t_shared | K=7 | seed=144
[2026-09-19 14:41:39] DONE  refit | h=1m | student_t_shared | K=7 | seed=144 | 1349.4s | converged=True
[2026-09-19 14:41:39] START refit | h=1m | student_t_shared | K=7 | seed=145
[2026-09-19 15:03:54] DONE  refit | h=1m | student_t_shared | K=7 | seed=145 | 1335.0s | converged=True
[2026-09-19 15:03:54] START refit | h=1m | student_t_shared | K=7 | seed=146
[2026-09-19 15:26:20] DONE  refit | h=1m | student_t_shared | K=7 | seed=146 | 1346.6s | converged=True
[2026-09-19 15:26:54] REFIT horizon 1m | student_t_shared | K=7 DONE
[2026-09-19 15:26:54] REFIT horizon 1m | student_t_state | K=7 START
[2026-09-19 15:26:54] START refit | h=1m | student_t_state | K=7 | seed=142
Running immutable CUDA job policy_session__f04_05
[2026-09-19 19:08:38] LOAD source data START
[2026-09-19 19:08:39] LOAD source data DONE | rows=525,635
[2026-09-19 19:08:39] AUDIT timestamp/rollover START
[2026-09-19 19:08:39] AUDIT timestamp/rollover DONE
[2026-09-19 19:08:39] BUILD returns START | horizons=[1, 2]
[2026-09-19 19:08:50] BUILD returns DONE | 1m=518,222, 2m=258,485
[2026-09-19 19:08:50] FOLD 5/2 START
[2026-09-19 19:08:50] SCREEN horizon 1m START
[2026-09-19 19:08:50] SCREEN horizon 1m DONE | Gaussian-HMM K=7 | gain=0.207447
[2026-09-19 19:08:50] SCREEN horizon 2m START
[2026-09-19 19:08:51] SCREEN horizon 2m DONE | Gaussian-HMM K=7 | gain=0.172596
[2026-09-19 19:08:51] CONFIRM horizon 1m | student_t_shared START
[2026-09-19 19:08:51] CONFIRM horizon 1m | student_t_shared DONE | K=7
[2026-09-19 19:08:51] CONFIRM horizon 1m | student_t_state START
[2026-09-19 19:08:51] CONFIRM horizon 1m | student_t_state DONE | K=7
[2026-09-19 19:08:51] CONFIRM horizon 2m | student_t_shared START
[2026-09-19 19:08:51] CONFIRM horizon 2m | student_t_shared DONE | K=7
[2026-09-19 19:08:51] CONFIRM horizon 2m | student_t_state START
[2026-09-19 19:08:51] CONFIRM horizon 2m | student_t_state DONE | K=7
[2026-09-19 19:08:55] REFIT horizon 1m | student_t | K=1 START
[2026-09-19 19:08:55] REFIT horizon 1m | student_t | K=1 DONE
[2026-09-19 19:08:55] REFIT horizon 1m | gaussian | K=1 START
[2026-09-19 19:08:55] REFIT horizon 1m | gaussian | K=1 DONE
[2026-09-19 19:08:55] REFIT horizon 1m | gmm | K=4 START
[2026-09-19 19:08:55] REFIT horizon 1m | gmm | K=4 DONE
[2026-09-19 19:08:55] REFIT horizon 1m | gaussian_hmm | K=7 START
[2026-09-19 19:08:55] REFIT horizon 1m | gaussian_hmm | K=7 DONE
[2026-09-19 19:08:55] REFIT horizon 1m | student_t_shared | K=7 START
[2026-09-19 19:08:55] REFIT horizon 1m | student_t_shared | K=7 DONE
[2026-09-19 19:08:55] REFIT horizon 1m | student_t_state | K=7 START
[2026-09-19 19:08:55] START refit | h=1m | student_t_state | K=7 | seed=142
[2026-09-19 19:31:12] DONE  refit | h=1m | student_t_state | K=7 | seed=142 | 1337.1s | converged=True
[2026-09-19 19:31:12] START refit | h=1m | student_t_state | K=7 | seed=143
[2026-09-19 19:53:01] DONE  refit | h=1m | student_t_state | K=7 | seed=143 | 1309.0s | converged=True
[2026-09-19 19:53:01] START refit | h=1m | student_t_state | K=7 | seed=144
[2026-09-19 20:14:33] DONE  refit | h=1m | student_t_state | K=7 | seed=144 | 1291.9s | converged=True
[2026-09-19 20:14:33] START refit | h=1m | student_t_state | K=7 | seed=145
[2026-09-19 20:36:12] DONE  refit | h=1m | student_t_state | K=7 | seed=145 | 1298.9s | converged=True
[2026-09-19 20:36:12] START refit | h=1m | student_t_state | K=7 | seed=146
[2026-09-19 20:57:38] DONE  refit | h=1m | student_t_state | K=7 | seed=146 | 1286.1s | converged=True
[2026-09-19 20:58:10] REFIT horizon 1m | student_t_state | K=7 DONE
[2026-09-19 20:58:11] REFIT horizon 2m | student_t | K=1 START
[2026-09-19 20:58:11] REFIT horizon 2m | student_t | K=1 DONE
[2026-09-19 20:58:11] REFIT horizon 2m | gaussian | K=1 START
[2026-09-19 20:58:11] REFIT horizon 2m | gaussian | K=1 DONE
[2026-09-19 20:58:11] REFIT horizon 2m | gmm | K=4 START
[2026-09-19 20:58:13] REFIT horizon 2m | gmm | K=4 DONE
[2026-09-19 20:58:13] REFIT horizon 2m | gaussian_hmm | K=7 START
[2026-09-19 20:58:13] START refit | h=2m | gaussian_hmm | K=7 | seed=142
[2026-09-19 21:06:42] DONE  refit | h=2m | gaussian_hmm | K=7 | seed=142 | 508.9s | converged=True
[2026-09-19 21:06:42] START refit | h=2m | gaussian_hmm | K=7 | seed=143
[2026-09-19 21:15:24] DONE  refit | h=2m | gaussian_hmm | K=7 | seed=143 | 521.5s | converged=True
[2026-09-19 21:15:24] START refit | h=2m | gaussian_hmm | K=7 | seed=144
[2026-09-19 21:24:06] DONE  refit | h=2m | gaussian_hmm | K=7 | seed=144 | 522.1s | converged=True
[2026-09-19 21:24:06] START refit | h=2m | gaussian_hmm | K=7 | seed=145
[2026-09-19 21:32:41] DONE  refit | h=2m | gaussian_hmm | K=7 | seed=145 | 514.7s | converged=True
[2026-09-19 21:32:41] START refit | h=2m | gaussian_hmm | K=7 | seed=146
[2026-09-19 21:41:20] DONE  refit | h=2m | gaussian_hmm | K=7 | seed=146 | 519.3s | converged=True
[2026-09-19 21:41:34] REFIT horizon 2m | gaussian_hmm | K=7 DONE
[2026-09-19 21:41:34] REFIT horizon 2m | student_t_shared | K=7 START
[2026-09-19 21:41:34] START refit | h=2m | student_t_shared | K=7 | seed=142
[2026-09-19 21:50:11] DONE  refit | h=2m | student_t_shared | K=7 | seed=142 | 516.7s | converged=True
[2026-09-19 21:50:11] START refit | h=2m | student_t_shared | K=7 | seed=143
[2026-09-19 21:58:53] DONE  refit | h=2m | student_t_shared | K=7 | seed=143 | 522.7s | converged=True
[2026-09-19 21:58:53] START refit | h=2m | student_t_shared | K=7 | seed=144
[2026-09-19 22:07:59] DONE  refit | h=2m | student_t_shared | K=7 | seed=144 | 545.0s | converged=True
[2026-09-19 22:07:59] START refit | h=2m | student_t_shared | K=7 | seed=145
[2026-09-19 22:16:39] DONE  refit | h=2m | student_t_shared | K=7 | seed=145 | 520.4s | converged=True
[2026-09-19 22:16:39] START refit | h=2m | student_t_shared | K=7 | seed=146
[2026-09-19 22:25:22] DONE  refit | h=2m | student_t_shared | K=7 | seed=146 | 522.8s | converged=True
[2026-09-19 22:25:38] REFIT horizon 2m | student_t_shared | K=7 DONE
[2026-09-19 22:25:38] REFIT horizon 2m | student_t_state | K=7 START
[2026-09-19 22:25:38] START refit | h=2m | student_t_state | K=7 | seed=142
[2026-09-19 22:34:19] DONE  refit | h=2m | student_t_state | K=7 | seed=142 | 521.1s | converged=True
[2026-09-19 22:34:19] START refit | h=2m | student_t_state | K=7 | seed=143
Running immutable CUDA job policy_session__f04_05
[2026-09-20 03:52:38] LOAD source data START
[2026-09-20 03:52:39] LOAD source data DONE | rows=525,635
[2026-09-20 03:52:39] AUDIT timestamp/rollover START
[2026-09-20 03:52:39] AUDIT timestamp/rollover DONE
[2026-09-20 03:52:39] BUILD returns START | horizons=[1, 2]
[2026-09-20 03:52:51] BUILD returns DONE | 1m=518,222, 2m=258,485
[2026-09-20 03:52:51] FOLD 5/2 START
[2026-09-20 03:52:51] SCREEN horizon 1m START
[2026-09-20 03:52:51] SCREEN horizon 1m DONE | Gaussian-HMM K=7 | gain=0.207447
[2026-09-20 03:52:51] SCREEN horizon 2m START
[2026-09-20 03:52:51] SCREEN horizon 2m DONE | Gaussian-HMM K=7 | gain=0.172596
[2026-09-20 03:52:51] CONFIRM horizon 1m | student_t_shared START
[2026-09-20 03:52:51] CONFIRM horizon 1m | student_t_shared DONE | K=7
[2026-09-20 03:52:51] CONFIRM horizon 1m | student_t_state START
[2026-09-20 03:52:51] CONFIRM horizon 1m | student_t_state DONE | K=7
[2026-09-20 03:52:51] CONFIRM horizon 2m | student_t_shared START
[2026-09-20 03:52:51] CONFIRM horizon 2m | student_t_shared DONE | K=7
[2026-09-20 03:52:51] CONFIRM horizon 2m | student_t_state START
[2026-09-20 03:52:51] CONFIRM horizon 2m | student_t_state DONE | K=7
[2026-09-20 03:52:57] REFIT horizon 1m | student_t | K=1 START
[2026-09-20 03:52:57] REFIT horizon 1m | student_t | K=1 DONE
[2026-09-20 03:52:57] REFIT horizon 1m | gaussian | K=1 START
[2026-09-20 03:52:57] REFIT horizon 1m | gaussian | K=1 DONE
[2026-09-20 03:52:57] REFIT horizon 1m | gmm | K=4 START
[2026-09-20 03:52:57] REFIT horizon 1m | gmm | K=4 DONE
[2026-09-20 03:52:57] REFIT horizon 1m | gaussian_hmm | K=7 START
[2026-09-20 03:52:57] REFIT horizon 1m | gaussian_hmm | K=7 DONE
[2026-09-20 03:52:57] REFIT horizon 1m | student_t_shared | K=7 START
[2026-09-20 03:52:57] REFIT horizon 1m | student_t_shared | K=7 DONE
[2026-09-20 03:52:57] REFIT horizon 1m | student_t_state | K=7 START
[2026-09-20 03:52:57] REFIT horizon 1m | student_t_state | K=7 DONE
[2026-09-20 03:52:59] REFIT horizon 2m | student_t | K=1 START
[2026-09-20 03:52:59] REFIT horizon 2m | student_t | K=1 DONE
[2026-09-20 03:52:59] REFIT horizon 2m | gaussian | K=1 START
[2026-09-20 03:52:59] REFIT horizon 2m | gaussian | K=1 DONE
[2026-09-20 03:52:59] REFIT horizon 2m | gmm | K=4 START
[2026-09-20 03:52:59] REFIT horizon 2m | gmm | K=4 DONE
[2026-09-20 03:52:59] REFIT horizon 2m | gaussian_hmm | K=7 START
[2026-09-20 03:52:59] REFIT horizon 2m | gaussian_hmm | K=7 DONE
[2026-09-20 03:52:59] REFIT horizon 2m | student_t_shared | K=7 START
[2026-09-20 03:52:59] REFIT horizon 2m | student_t_shared | K=7 DONE
[2026-09-20 03:52:59] REFIT horizon 2m | student_t_state | K=7 START
[2026-09-20 03:52:59] CACHE refit | h=2m | student_t_state | K=7 | seed=142
[2026-09-20 03:52:59] START refit | h=2m | student_t_state | K=7 | seed=143
[2026-09-20 04:01:20] DONE  refit | h=2m | student_t_state | K=7 | seed=143 | 500.8s | converged=True
[2026-09-20 04:01:20] START refit | h=2m | student_t_state | K=7 | seed=144
[2026-09-20 04:09:41] DONE  refit | h=2m | student_t_state | K=7 | seed=144 | 501.2s | converged=True
[2026-09-20 04:09:41] START refit | h=2m | student_t_state | K=7 | seed=145
[2026-09-20 04:18:14] DONE  refit | h=2m | student_t_state | K=7 | seed=145 | 512.7s | converged=True
[2026-09-20 04:18:14] START refit | h=2m | student_t_state | K=7 | seed=146
[2026-09-20 04:26:35] DONE  refit | h=2m | student_t_state | K=7 | seed=146 | 500.9s | converged=True
[2026-09-20 04:26:54] REFIT horizon 2m | student_t_state | K=7 DONE
[2026-09-20 04:26:54] FOLD 5/2 DONE
[2026-09-20 04:26:54] FOLD 6/2 START
[2026-09-20 04:26:54] SCREEN horizon 1m START
[2026-09-20 04:26:57] START screen_selection | h=1m | gmm | K=2
[2026-09-20 04:26:59] DONE  screen_selection | h=1m | gmm | K=2 | 1.4s
[2026-09-20 04:26:59] START screen_selection | h=1m | gmm | K=3
[2026-09-20 04:27:01] DONE  screen_selection | h=1m | gmm | K=3 | 2.1s
[2026-09-20 04:27:01] START screen_selection | h=1m | gmm | K=4
[2026-09-20 04:27:05] DONE  screen_selection | h=1m | gmm | K=4 | 3.8s
[2026-09-20 04:27:05] START screen_selection | h=1m | gmm | K=5
[2026-09-20 04:27:07] DONE  screen_selection | h=1m | gmm | K=5 | 2.3s
[2026-09-20 04:27:07] START screen_selection | h=1m | gmm | K=6
[2026-09-20 04:27:10] DONE  screen_selection | h=1m | gmm | K=6 | 2.5s
[2026-09-20 04:27:10] START screen_selection | h=1m | gmm | K=7
[2026-09-20 04:27:12] DONE  screen_selection | h=1m | gmm | K=7 | 2.8s
[2026-09-20 04:27:12] START screen_selection | h=1m | gaussian_hmm | K=2 | seed=42
[2026-09-20 04:29:15] DONE  screen_selection | h=1m | gaussian_hmm | K=2 | seed=42 | 122.3s | converged=True
[2026-09-20 04:29:15] START screen_selection | h=1m | gaussian_hmm | K=2 | seed=43
[2026-09-20 04:31:14] DONE  screen_selection | h=1m | gaussian_hmm | K=2 | seed=43 | 119.6s | converged=True
[2026-09-20 04:31:14] START screen_selection | h=1m | gaussian_hmm | K=2 | seed=44
[2026-09-20 04:33:03] DONE  screen_selection | h=1m | gaussian_hmm | K=2 | seed=44 | 108.3s | converged=True
[2026-09-20 04:33:31] START screen_selection | h=1m | gaussian_hmm | K=3 | seed=42
[2026-09-20 04:37:08] DONE  screen_selection | h=1m | gaussian_hmm | K=3 | seed=42 | 217.7s | converged=True
[2026-09-20 04:37:08] START screen_selection | h=1m | gaussian_hmm | K=3 | seed=43
[2026-09-20 04:40:45] DONE  screen_selection | h=1m | gaussian_hmm | K=3 | seed=43 | 216.4s | converged=True
[2026-09-20 04:40:45] START screen_selection | h=1m | gaussian_hmm | K=3 | seed=44
[2026-09-20 04:44:20] DONE  screen_selection | h=1m | gaussian_hmm | K=3 | seed=44 | 215.0s | converged=True
[2026-09-20 04:44:52] START screen_selection | h=1m | gaussian_hmm | K=4 | seed=42
[2026-09-20 04:50:40] DONE  screen_selection | h=1m | gaussian_hmm | K=4 | seed=42 | 348.3s | converged=False
[2026-09-20 04:50:40] START screen_selection | h=1m | gaussian_hmm | K=4 | seed=43
[2026-09-20 04:56:29] DONE  screen_selection | h=1m | gaussian_hmm | K=4 | seed=43 | 349.5s | converged=False
[2026-09-20 04:56:29] START screen_selection | h=1m | gaussian_hmm | K=4 | seed=44
[2026-09-20 05:02:20] DONE  screen_selection | h=1m | gaussian_hmm | K=4 | seed=44 | 350.6s | converged=False
[2026-09-20 05:02:51] START screen_selection | h=1m | gaussian_hmm | K=5 | seed=42
[2026-09-20 05:08:22] DONE  screen_selection | h=1m | gaussian_hmm | K=5 | seed=42 | 330.8s | converged=True
[2026-09-20 05:08:22] START screen_selection | h=1m | gaussian_hmm | K=5 | seed=43
[2026-09-20 05:14:03] DONE  screen_selection | h=1m | gaussian_hmm | K=5 | seed=43 | 341.1s | converged=True
[2026-09-20 05:14:03] START screen_selection | h=1m | gaussian_hmm | K=5 | seed=44
[2026-09-20 05:19:55] DONE  screen_selection | h=1m | gaussian_hmm | K=5 | seed=44 | 351.5s | converged=True
[2026-09-20 05:20:30] START screen_selection | h=1m | gaussian_hmm | K=6 | seed=42
[2026-09-20 05:26:18] DONE  screen_selection | h=1m | gaussian_hmm | K=6 | seed=42 | 348.0s | converged=True
[2026-09-20 05:26:18] START screen_selection | h=1m | gaussian_hmm | K=6 | seed=43
[2026-09-20 05:32:02] DONE  screen_selection | h=1m | gaussian_hmm | K=6 | seed=43 | 344.7s | converged=True
[2026-09-20 05:32:02] START screen_selection | h=1m | gaussian_hmm | K=6 | seed=44
[2026-09-20 05:37:29] DONE  screen_selection | h=1m | gaussian_hmm | K=6 | seed=44 | 326.9s | converged=True
[2026-09-20 05:38:02] START screen_selection | h=1m | gaussian_hmm | K=7 | seed=42
[2026-09-20 05:43:47] DONE  screen_selection | h=1m | gaussian_hmm | K=7 | seed=42 | 345.2s | converged=True
[2026-09-20 05:43:47] START screen_selection | h=1m | gaussian_hmm | K=7 | seed=43
[2026-09-20 05:49:49] DONE  screen_selection | h=1m | gaussian_hmm | K=7 | seed=43 | 361.9s | converged=True
[2026-09-20 05:49:49] START screen_selection | h=1m | gaussian_hmm | K=7 | seed=44
[2026-09-20 05:55:37] DONE  screen_selection | h=1m | gaussian_hmm | K=7 | seed=44 | 348.1s | converged=True
[2026-09-20 05:56:08] SCREEN horizon 1m DONE | Gaussian-HMM K=7 | gain=0.180312
[2026-09-20 05:56:08] SCREEN horizon 2m START
[2026-09-20 05:56:11] START screen_selection | h=2m | gmm | K=2
[2026-09-20 05:56:12] DONE  screen_selection | h=2m | gmm | K=2 | 1.2s
[2026-09-20 05:56:12] START screen_selection | h=2m | gmm | K=3
[2026-09-20 05:56:13] DONE  screen_selection | h=2m | gmm | K=3 | 0.6s
[2026-09-20 05:56:13] START screen_selection | h=2m | gmm | K=4
[2026-09-20 05:56:14] DONE  screen_selection | h=2m | gmm | K=4 | 1.6s
[2026-09-20 05:56:14] START screen_selection | h=2m | gmm | K=5
[2026-09-20 05:56:16] DONE  screen_selection | h=2m | gmm | K=5 | 2.0s
[2026-09-20 05:56:16] START screen_selection | h=2m | gmm | K=6
[2026-09-20 05:56:18] DONE  screen_selection | h=2m | gmm | K=6 | 2.0s
[2026-09-20 05:56:18] START screen_selection | h=2m | gmm | K=7
[2026-09-20 05:56:19] DONE  screen_selection | h=2m | gmm | K=7 | 1.1s
[2026-09-20 05:56:19] START screen_selection | h=2m | gaussian_hmm | K=2 | seed=42
[2026-09-20 05:57:11] DONE  screen_selection | h=2m | gaussian_hmm | K=2 | seed=42 | 51.2s | converged=True
[2026-09-20 05:57:11] START screen_selection | h=2m | gaussian_hmm | K=2 | seed=43
[2026-09-20 05:58:01] DONE  screen_selection | h=2m | gaussian_hmm | K=2 | seed=43 | 50.0s | converged=True
[2026-09-20 05:58:01] START screen_selection | h=2m | gaussian_hmm | K=2 | seed=44
[2026-09-20 05:58:56] DONE  screen_selection | h=2m | gaussian_hmm | K=2 | seed=44 | 55.0s | converged=True
[2026-09-20 05:59:13] START screen_selection | h=2m | gaussian_hmm | K=3 | seed=42
[2026-09-20 06:00:42] DONE  screen_selection | h=2m | gaussian_hmm | K=3 | seed=42 | 89.3s | converged=True
[2026-09-20 06:00:42] START screen_selection | h=2m | gaussian_hmm | K=3 | seed=43
[2026-09-20 06:02:09] DONE  screen_selection | h=2m | gaussian_hmm | K=3 | seed=43 | 87.5s | converged=True
[2026-09-20 06:02:09] START screen_selection | h=2m | gaussian_hmm | K=3 | seed=44
[2026-09-20 06:03:37] DONE  screen_selection | h=2m | gaussian_hmm | K=3 | seed=44 | 88.0s | converged=True
[2026-09-20 06:03:55] START screen_selection | h=2m | gaussian_hmm | K=4 | seed=42
[2026-09-20 06:06:23] DONE  screen_selection | h=2m | gaussian_hmm | K=4 | seed=42 | 148.1s | converged=False
[2026-09-20 06:06:23] START screen_selection | h=2m | gaussian_hmm | K=4 | seed=43
[2026-09-20 06:08:47] DONE  screen_selection | h=2m | gaussian_hmm | K=4 | seed=43 | 144.3s | converged=False
[2026-09-20 06:08:47] START screen_selection | h=2m | gaussian_hmm | K=4 | seed=44
[2026-09-20 06:11:16] DONE  screen_selection | h=2m | gaussian_hmm | K=4 | seed=44 | 148.2s | converged=False
[2026-09-20 06:11:29] START screen_selection | h=2m | gaussian_hmm | K=5 | seed=42
[2026-09-20 06:13:47] DONE  screen_selection | h=2m | gaussian_hmm | K=5 | seed=42 | 138.5s | converged=False
[2026-09-20 06:13:47] START screen_selection | h=2m | gaussian_hmm | K=5 | seed=43
[2026-09-20 06:16:15] DONE  screen_selection | h=2m | gaussian_hmm | K=5 | seed=43 | 147.1s | converged=False
[2026-09-20 06:16:15] START screen_selection | h=2m | gaussian_hmm | K=5 | seed=44
[2026-09-20 06:18:46] DONE  screen_selection | h=2m | gaussian_hmm | K=5 | seed=44 | 151.5s | converged=False
[2026-09-20 06:18:59] START screen_selection | h=2m | gaussian_hmm | K=6 | seed=42
[2026-09-20 06:21:18] DONE  screen_selection | h=2m | gaussian_hmm | K=6 | seed=42 | 138.5s | converged=False
[2026-09-20 06:21:18] START screen_selection | h=2m | gaussian_hmm | K=6 | seed=43
[2026-09-20 06:23:45] DONE  screen_selection | h=2m | gaussian_hmm | K=6 | seed=43 | 147.4s | converged=False
[2026-09-20 06:23:45] START screen_selection | h=2m | gaussian_hmm | K=6 | seed=44
[2026-09-20 06:26:17] DONE  screen_selection | h=2m | gaussian_hmm | K=6 | seed=44 | 151.6s | converged=False
[2026-09-20 06:26:34] START screen_selection | h=2m | gaussian_hmm | K=7 | seed=42
[2026-09-20 06:29:01] DONE  screen_selection | h=2m | gaussian_hmm | K=7 | seed=42 | 146.8s | converged=True
[2026-09-20 06:29:01] START screen_selection | h=2m | gaussian_hmm | K=7 | seed=43
[2026-09-20 06:31:24] DONE  screen_selection | h=2m | gaussian_hmm | K=7 | seed=43 | 143.4s | converged=True
[2026-09-20 06:31:24] START screen_selection | h=2m | gaussian_hmm | K=7 | seed=44
[2026-09-20 06:33:47] DONE  screen_selection | h=2m | gaussian_hmm | K=7 | seed=44 | 142.7s | converged=True
[2026-09-20 06:33:59] SCREEN horizon 2m DONE | Gaussian-HMM K=7 | gain=0.157274
[2026-09-20 06:33:59] CONFIRM horizon 1m | student_t_shared START
[2026-09-20 06:33:59] START confirm_selection | h=1m | student_t_shared | K=2 | seed=62
[2026-09-20 06:39:34] DONE  confirm_selection | h=1m | student_t_shared | K=2 | seed=62 | 334.7s | converged=True
[2026-09-20 06:39:34] START confirm_selection | h=1m | student_t_shared | K=2 | seed=63
[2026-09-20 06:43:41] DONE  confirm_selection | h=1m | student_t_shared | K=2 | seed=63 | 246.9s | converged=True
[2026-09-20 06:43:41] START confirm_selection | h=1m | student_t_shared | K=2 | seed=64
[2026-09-20 06:49:15] DONE  confirm_selection | h=1m | student_t_shared | K=2 | seed=64 | 334.8s | converged=True
[2026-09-20 06:49:54] START confirm_selection | h=1m | student_t_shared | K=3 | seed=62
[2026-09-20 06:55:37] DONE  confirm_selection | h=1m | student_t_shared | K=3 | seed=62 | 343.0s | converged=True
[2026-09-20 06:55:37] START confirm_selection | h=1m | student_t_shared | K=3 | seed=63
[2026-09-20 07:01:29] DONE  confirm_selection | h=1m | student_t_shared | K=3 | seed=63 | 351.7s | converged=True
[2026-09-20 07:01:29] START confirm_selection | h=1m | student_t_shared | K=3 | seed=64
[2026-09-20 07:07:13] DONE  confirm_selection | h=1m | student_t_shared | K=3 | seed=64 | 344.4s | converged=True
[2026-09-20 07:07:43] START confirm_selection | h=1m | student_t_shared | K=4 | seed=62
[2026-09-20 07:13:39] DONE  confirm_selection | h=1m | student_t_shared | K=4 | seed=62 | 355.4s | converged=True
[2026-09-20 07:13:39] START confirm_selection | h=1m | student_t_shared | K=4 | seed=63
[2026-09-20 07:19:25] DONE  confirm_selection | h=1m | student_t_shared | K=4 | seed=63 | 346.2s | converged=True
[2026-09-20 07:19:25] START confirm_selection | h=1m | student_t_shared | K=4 | seed=64
[2026-09-20 07:25:24] DONE  confirm_selection | h=1m | student_t_shared | K=4 | seed=64 | 359.2s | converged=True
[2026-09-20 07:26:00] START confirm_selection | h=1m | student_t_shared | K=5 | seed=62
[2026-09-20 07:31:52] DONE  confirm_selection | h=1m | student_t_shared | K=5 | seed=62 | 352.0s | converged=True
[2026-09-20 07:31:52] START confirm_selection | h=1m | student_t_shared | K=5 | seed=63
[2026-09-20 07:37:50] DONE  confirm_selection | h=1m | student_t_shared | K=5 | seed=63 | 358.8s | converged=True
[2026-09-20 07:37:50] START confirm_selection | h=1m | student_t_shared | K=5 | seed=64
[2026-09-20 07:43:45] DONE  confirm_selection | h=1m | student_t_shared | K=5 | seed=64 | 354.2s | converged=True
[2026-09-20 07:44:21] START confirm_selection | h=1m | student_t_shared | K=6 | seed=62
[2026-09-20 07:50:00] DONE  confirm_selection | h=1m | student_t_shared | K=6 | seed=62 | 339.4s | converged=True
[2026-09-20 07:50:00] START confirm_selection | h=1m | student_t_shared | K=6 | seed=63
[2026-09-20 07:55:37] DONE  confirm_selection | h=1m | student_t_shared | K=6 | seed=63 | 337.2s | converged=True
[2026-09-20 07:55:37] START confirm_selection | h=1m | student_t_shared | K=6 | seed=64
[2026-09-20 08:01:23] DONE  confirm_selection | h=1m | student_t_shared | K=6 | seed=64 | 345.6s | converged=True
[2026-09-20 08:01:55] START confirm_selection | h=1m | student_t_shared | K=7 | seed=62
[2026-09-20 08:07:45] DONE  confirm_selection | h=1m | student_t_shared | K=7 | seed=62 | 350.0s | converged=False
[2026-09-20 08:07:45] START confirm_selection | h=1m | student_t_shared | K=7 | seed=63
[2026-09-20 08:13:30] DONE  confirm_selection | h=1m | student_t_shared | K=7 | seed=63 | 344.7s | converged=False
[2026-09-20 08:13:30] START confirm_selection | h=1m | student_t_shared | K=7 | seed=64
[2026-09-20 08:19:18] DONE  confirm_selection | h=1m | student_t_shared | K=7 | seed=64 | 347.8s | converged=False
[2026-09-20 08:19:48] CONFIRM horizon 1m | student_t_shared DONE | K=7
[2026-09-20 08:19:48] CONFIRM horizon 1m | student_t_state START
[2026-09-20 08:19:48] START confirm_selection | h=1m | student_t_state | K=2 | seed=62
[2026-09-20 08:25:25] DONE  confirm_selection | h=1m | student_t_state | K=2 | seed=62 | 337.5s | converged=True
[2026-09-20 08:25:25] START confirm_selection | h=1m | student_t_state | K=2 | seed=63
[2026-09-20 08:31:19] DONE  confirm_selection | h=1m | student_t_state | K=2 | seed=63 | 354.2s | converged=True
[2026-09-20 08:31:19] START confirm_selection | h=1m | student_t_state | K=2 | seed=64
[2026-09-20 08:37:00] DONE  confirm_selection | h=1m | student_t_state | K=2 | seed=64 | 340.4s | converged=True
[2026-09-20 08:37:32] START confirm_selection | h=1m | student_t_state | K=3 | seed=62
[2026-09-20 08:43:19] DONE  confirm_selection | h=1m | student_t_state | K=3 | seed=62 | 346.5s | converged=True
[2026-09-20 08:43:19] START confirm_selection | h=1m | student_t_state | K=3 | seed=63
[2026-09-20 08:49:03] DONE  confirm_selection | h=1m | student_t_state | K=3 | seed=63 | 344.5s | converged=True
[2026-09-20 08:49:03] START confirm_selection | h=1m | student_t_state | K=3 | seed=64
[2026-09-20 08:54:42] DONE  confirm_selection | h=1m | student_t_state | K=3 | seed=64 | 338.9s | converged=True
[2026-09-20 08:55:20] START confirm_selection | h=1m | student_t_state | K=4 | seed=62
[2026-09-20 09:00:53] DONE  confirm_selection | h=1m | student_t_state | K=4 | seed=62 | 332.9s | converged=True
[2026-09-20 09:00:53] START confirm_selection | h=1m | student_t_state | K=4 | seed=63
[2026-09-20 09:06:31] DONE  confirm_selection | h=1m | student_t_state | K=4 | seed=63 | 338.4s | converged=True
[2026-09-20 09:06:31] START confirm_selection | h=1m | student_t_state | K=4 | seed=64
[2026-09-20 09:12:07] DONE  confirm_selection | h=1m | student_t_state | K=4 | seed=64 | 336.2s | converged=True
[2026-09-20 09:12:39] START confirm_selection | h=1m | student_t_state | K=5 | seed=62
[2026-09-20 09:18:29] DONE  confirm_selection | h=1m | student_t_state | K=5 | seed=62 | 349.6s | converged=True
[2026-09-20 09:18:29] START confirm_selection | h=1m | student_t_state | K=5 | seed=63
[2026-09-20 09:23:58] DONE  confirm_selection | h=1m | student_t_state | K=5 | seed=63 | 329.4s | converged=True
[2026-09-20 09:23:58] START confirm_selection | h=1m | student_t_state | K=5 | seed=64
[2026-09-20 09:29:42] DONE  confirm_selection | h=1m | student_t_state | K=5 | seed=64 | 344.2s | converged=True
[2026-09-20 09:30:14] START confirm_selection | h=1m | student_t_state | K=6 | seed=62
[2026-09-20 09:35:49] DONE  confirm_selection | h=1m | student_t_state | K=6 | seed=62 | 335.1s | converged=True
[2026-09-20 09:35:49] START confirm_selection | h=1m | student_t_state | K=6 | seed=63
[2026-09-20 09:41:39] DONE  confirm_selection | h=1m | student_t_state | K=6 | seed=63 | 349.4s | converged=True
[2026-09-20 09:41:39] START confirm_selection | h=1m | student_t_state | K=6 | seed=64
[2026-09-20 09:47:11] DONE  confirm_selection | h=1m | student_t_state | K=6 | seed=64 | 332.6s | converged=True
[2026-09-20 09:47:47] START confirm_selection | h=1m | student_t_state | K=7 | seed=62
[2026-09-20 09:53:35] DONE  confirm_selection | h=1m | student_t_state | K=7 | seed=62 | 347.9s | converged=False
[2026-09-20 09:53:35] START confirm_selection | h=1m | student_t_state | K=7 | seed=63
[2026-09-20 09:59:25] DONE  confirm_selection | h=1m | student_t_state | K=7 | seed=63 | 350.6s | converged=False
[2026-09-20 09:59:25] START confirm_selection | h=1m | student_t_state | K=7 | seed=64
[2026-09-20 10:05:17] DONE  confirm_selection | h=1m | student_t_state | K=7 | seed=64 | 351.5s | converged=False
[2026-09-20 10:05:51] CONFIRM horizon 1m | student_t_state DONE | K=7
[2026-09-20 10:05:51] CONFIRM horizon 2m | student_t_shared START
[2026-09-20 10:05:52] START confirm_selection | h=2m | student_t_shared | K=2 | seed=62
[2026-09-20 10:08:01] DONE  confirm_selection | h=2m | student_t_shared | K=2 | seed=62 | 129.5s | converged=True
[2026-09-20 10:08:01] START confirm_selection | h=2m | student_t_shared | K=2 | seed=63
[2026-09-20 10:09:41] DONE  confirm_selection | h=2m | student_t_shared | K=2 | seed=63 | 100.0s | converged=True
[2026-09-20 10:09:41] START confirm_selection | h=2m | student_t_shared | K=2 | seed=64
[2026-09-20 10:11:36] DONE  confirm_selection | h=2m | student_t_shared | K=2 | seed=64 | 114.8s | converged=True
[2026-09-20 10:11:53] START confirm_selection | h=2m | student_t_shared | K=3 | seed=62
[2026-09-20 10:14:17] DONE  confirm_selection | h=2m | student_t_shared | K=3 | seed=62 | 144.4s | converged=False
[2026-09-20 10:14:17] START confirm_selection | h=2m | student_t_shared | K=3 | seed=63
[2026-09-20 10:16:41] DONE  confirm_selection | h=2m | student_t_shared | K=3 | seed=63 | 144.4s | converged=False
[2026-09-20 10:16:41] START confirm_selection | h=2m | student_t_shared | K=3 | seed=64
[2026-09-20 10:19:05] DONE  confirm_selection | h=2m | student_t_shared | K=3 | seed=64 | 143.6s | converged=False
[2026-09-20 10:19:21] START confirm_selection | h=2m | student_t_shared | K=4 | seed=62
[2026-09-20 10:21:42] DONE  confirm_selection | h=2m | student_t_shared | K=4 | seed=62 | 140.6s | converged=False
[2026-09-20 10:21:42] START confirm_selection | h=2m | student_t_shared | K=4 | seed=63
[2026-09-20 10:24:12] DONE  confirm_selection | h=2m | student_t_shared | K=4 | seed=63 | 150.0s | converged=False
[2026-09-20 10:24:12] START confirm_selection | h=2m | student_t_shared | K=4 | seed=64
[2026-09-20 10:26:42] DONE  confirm_selection | h=2m | student_t_shared | K=4 | seed=64 | 150.0s | converged=False
[2026-09-20 10:26:59] START confirm_selection | h=2m | student_t_shared | K=5 | seed=62
[2026-09-20 10:29:21] DONE  confirm_selection | h=2m | student_t_shared | K=5 | seed=62 | 142.0s | converged=True
[2026-09-20 10:29:21] START confirm_selection | h=2m | student_t_shared | K=5 | seed=63
[2026-09-20 10:31:48] DONE  confirm_selection | h=2m | student_t_shared | K=5 | seed=63 | 146.6s | converged=True
[2026-09-20 10:31:48] START confirm_selection | h=2m | student_t_shared | K=5 | seed=64
[2026-09-20 10:34:13] DONE  confirm_selection | h=2m | student_t_shared | K=5 | seed=64 | 144.8s | converged=True
[2026-09-20 10:34:33] START confirm_selection | h=2m | student_t_shared | K=6 | seed=62
[2026-09-20 10:36:51] DONE  confirm_selection | h=2m | student_t_shared | K=6 | seed=62 | 138.2s | converged=True
[2026-09-20 10:36:51] START confirm_selection | h=2m | student_t_shared | K=6 | seed=63
[2026-09-20 10:39:23] DONE  confirm_selection | h=2m | student_t_shared | K=6 | seed=63 | 151.9s | converged=False
[2026-09-20 10:39:23] START confirm_selection | h=2m | student_t_shared | K=6 | seed=64
[2026-09-20 10:41:46] DONE  confirm_selection | h=2m | student_t_shared | K=6 | seed=64 | 143.2s | converged=True
[2026-09-20 10:42:03] START confirm_selection | h=2m | student_t_shared | K=7 | seed=62
[2026-09-20 10:44:31] DONE  confirm_selection | h=2m | student_t_shared | K=7 | seed=62 | 147.6s | converged=False
[2026-09-20 10:44:31] START confirm_selection | h=2m | student_t_shared | K=7 | seed=63
[2026-09-20 10:46:59] DONE  confirm_selection | h=2m | student_t_shared | K=7 | seed=63 | 148.9s | converged=False
[2026-09-20 10:46:59] START confirm_selection | h=2m | student_t_shared | K=7 | seed=64
[2026-09-20 10:49:26] DONE  confirm_selection | h=2m | student_t_shared | K=7 | seed=64 | 146.8s | converged=False
[2026-09-20 10:49:44] CONFIRM horizon 2m | student_t_shared DONE | K=7
[2026-09-20 10:49:44] CONFIRM horizon 2m | student_t_state START
[2026-09-20 10:49:44] START confirm_selection | h=2m | student_t_state | K=2 | seed=62
[2026-09-20 10:52:10] DONE  confirm_selection | h=2m | student_t_state | K=2 | seed=62 | 145.7s | converged=True
[2026-09-20 10:52:10] START confirm_selection | h=2m | student_t_state | K=2 | seed=63
[2026-09-20 10:54:30] DONE  confirm_selection | h=2m | student_t_state | K=2 | seed=63 | 140.9s | converged=True
[2026-09-20 10:54:30] START confirm_selection | h=2m | student_t_state | K=2 | seed=64
[2026-09-20 10:56:54] DONE  confirm_selection | h=2m | student_t_state | K=2 | seed=64 | 143.3s | converged=True
[2026-09-20 10:57:10] START confirm_selection | h=2m | student_t_state | K=3 | seed=62
[2026-09-20 10:59:32] DONE  confirm_selection | h=2m | student_t_state | K=3 | seed=62 | 142.4s | converged=True
[2026-09-20 10:59:32] START confirm_selection | h=2m | student_t_state | K=3 | seed=63
[2026-09-20 11:01:55] DONE  confirm_selection | h=2m | student_t_state | K=3 | seed=63 | 143.1s | converged=True
[2026-09-20 11:01:55] START confirm_selection | h=2m | student_t_state | K=3 | seed=64
[2026-09-20 11:04:20] DONE  confirm_selection | h=2m | student_t_state | K=3 | seed=64 | 144.4s | converged=True
[2026-09-20 11:04:34] START confirm_selection | h=2m | student_t_state | K=4 | seed=62
[2026-09-20 11:06:57] DONE  confirm_selection | h=2m | student_t_state | K=4 | seed=62 | 143.1s | converged=True
[2026-09-20 11:06:57] START confirm_selection | h=2m | student_t_state | K=4 | seed=63
[2026-09-20 11:09:24] DONE  confirm_selection | h=2m | student_t_state | K=4 | seed=63 | 146.7s | converged=True
[2026-09-20 11:09:24] START confirm_selection | h=2m | student_t_state | K=4 | seed=64
[2026-09-20 11:11:54] DONE  confirm_selection | h=2m | student_t_state | K=4 | seed=64 | 149.7s | converged=True
[2026-09-20 11:12:15] START confirm_selection | h=2m | student_t_state | K=5 | seed=62
[2026-09-20 11:14:39] DONE  confirm_selection | h=2m | student_t_state | K=5 | seed=62 | 143.8s | converged=True
[2026-09-20 11:14:39] START confirm_selection | h=2m | student_t_state | K=5 | seed=63
[2026-09-20 11:16:56] DONE  confirm_selection | h=2m | student_t_state | K=5 | seed=63 | 137.2s | converged=True
[2026-09-20 11:16:56] START confirm_selection | h=2m | student_t_state | K=5 | seed=64
[2026-09-20 11:19:30] DONE  confirm_selection | h=2m | student_t_state | K=5 | seed=64 | 153.1s | converged=True
[2026-09-20 11:19:48] START confirm_selection | h=2m | student_t_state | K=6 | seed=62
[2026-09-20 11:22:10] DONE  confirm_selection | h=2m | student_t_state | K=6 | seed=62 | 142.3s | converged=True
[2026-09-20 11:22:10] START confirm_selection | h=2m | student_t_state | K=6 | seed=63
[2026-09-20 11:24:33] DONE  confirm_selection | h=2m | student_t_state | K=6 | seed=63 | 143.2s | converged=True
[2026-09-20 11:24:33] START confirm_selection | h=2m | student_t_state | K=6 | seed=64
[2026-09-20 11:26:52] DONE  confirm_selection | h=2m | student_t_state | K=6 | seed=64 | 138.6s | converged=True
[2026-09-20 11:27:10] START confirm_selection | h=2m | student_t_state | K=7 | seed=62
[2026-09-20 11:29:36] DONE  confirm_selection | h=2m | student_t_state | K=7 | seed=62 | 145.9s | converged=True
[2026-09-20 11:29:36] START confirm_selection | h=2m | student_t_state | K=7 | seed=63
[2026-09-20 11:32:03] DONE  confirm_selection | h=2m | student_t_state | K=7 | seed=63 | 146.8s | converged=True
[2026-09-20 11:32:03] START confirm_selection | h=2m | student_t_state | K=7 | seed=64
[2026-09-20 11:34:26] DONE  confirm_selection | h=2m | student_t_state | K=7 | seed=64 | 142.9s | converged=True
[2026-09-20 11:34:41] CONFIRM horizon 2m | student_t_state DONE | K=7
[2026-09-20 11:34:46] REFIT horizon 1m | student_t | K=1 START
[2026-09-20 11:34:46] REFIT horizon 1m | student_t | K=1 DONE
[2026-09-20 11:34:46] REFIT horizon 1m | gaussian | K=1 START
[2026-09-20 11:34:46] REFIT horizon 1m | gaussian | K=1 DONE
[2026-09-20 11:34:46] REFIT horizon 1m | gmm | K=5 START
[2026-09-20 11:34:53] REFIT horizon 1m | gmm | K=5 DONE
[2026-09-20 11:34:53] REFIT horizon 1m | gaussian_hmm | K=7 START
[2026-09-20 11:34:53] START refit | h=1m | gaussian_hmm | K=7 | seed=142
[2026-09-20 11:53:28] DONE  refit | h=1m | gaussian_hmm | K=7 | seed=142 | 1114.9s | converged=True
[2026-09-20 11:53:28] START refit | h=1m | gaussian_hmm | K=7 | seed=143
[2026-09-20 12:11:56] DONE  refit | h=1m | gaussian_hmm | K=7 | seed=143 | 1108.5s | converged=True
[2026-09-20 12:11:56] START refit | h=1m | gaussian_hmm | K=7 | seed=144
[2026-09-20 12:30:38] DONE  refit | h=1m | gaussian_hmm | K=7 | seed=144 | 1122.1s | converged=True
[2026-09-20 12:30:38] START refit | h=1m | gaussian_hmm | K=7 | seed=145
[2026-09-20 12:48:52] DONE  refit | h=1m | gaussian_hmm | K=7 | seed=145 | 1094.1s | converged=True
[2026-09-20 12:48:52] START refit | h=1m | gaussian_hmm | K=7 | seed=146
[2026-09-20 13:07:21] DONE  refit | h=1m | gaussian_hmm | K=7 | seed=146 | 1108.5s | converged=True
[2026-09-20 13:08:01] REFIT horizon 1m | gaussian_hmm | K=7 DONE
[2026-09-20 13:08:01] REFIT horizon 1m | student_t_shared | K=7 START
[2026-09-20 13:08:01] START refit | h=1m | student_t_shared | K=7 | seed=142
[2026-09-20 13:26:18] DONE  refit | h=1m | student_t_shared | K=7 | seed=142 | 1097.9s | converged=True
[2026-09-20 13:26:18] START refit | h=1m | student_t_shared | K=7 | seed=143
[2026-09-20 13:44:59] DONE  refit | h=1m | student_t_shared | K=7 | seed=143 | 1120.7s | converged=True
[2026-09-20 13:44:59] START refit | h=1m | student_t_shared | K=7 | seed=144
[2026-09-20 14:03:51] DONE  refit | h=1m | student_t_shared | K=7 | seed=144 | 1131.5s | converged=True
[2026-09-20 14:03:51] START refit | h=1m | student_t_shared | K=7 | seed=145
[2026-09-20 14:22:59] DONE  refit | h=1m | student_t_shared | K=7 | seed=145 | 1148.0s | converged=True
[2026-09-20 14:22:59] START refit | h=1m | student_t_shared | K=7 | seed=146
[2026-09-20 14:42:05] DONE  refit | h=1m | student_t_shared | K=7 | seed=146 | 1146.7s | converged=True
[2026-09-20 14:42:48] REFIT horizon 1m | student_t_shared | K=7 DONE
[2026-09-20 14:42:48] REFIT horizon 1m | student_t_state | K=7 START
[2026-09-20 14:42:48] START refit | h=1m | student_t_state | K=7 | seed=142
[2026-09-20 15:02:55] DONE  refit | h=1m | student_t_state | K=7 | seed=142 | 1206.8s | converged=True
[2026-09-20 15:02:55] START refit | h=1m | student_t_state | K=7 | seed=143
Running immutable CUDA job policy_session__f04_05
[2026-09-20 17:48:33] LOAD source data START
[2026-09-20 17:48:34] LOAD source data DONE | rows=525,635
[2026-09-20 17:48:34] AUDIT timestamp/rollover START
[2026-09-20 17:48:34] AUDIT timestamp/rollover DONE
[2026-09-20 17:48:34] BUILD returns START | horizons=[1, 2]
[2026-09-20 17:48:46] BUILD returns DONE | 1m=518,222, 2m=258,485
Resume fold 5/2
[2026-09-20 17:48:47] FOLD 6/2 START
[2026-09-20 17:48:47] SCREEN horizon 1m START
[2026-09-20 17:48:47] SCREEN horizon 1m DONE | Gaussian-HMM K=7 | gain=0.180312
[2026-09-20 17:48:47] SCREEN horizon 2m START
[2026-09-20 17:48:47] SCREEN horizon 2m DONE | Gaussian-HMM K=7 | gain=0.157274
[2026-09-20 17:48:47] CONFIRM horizon 1m | student_t_shared START
[2026-09-20 17:48:47] CONFIRM horizon 1m | student_t_shared DONE | K=7
[2026-09-20 17:48:47] CONFIRM horizon 1m | student_t_state START
[2026-09-20 17:48:47] CONFIRM horizon 1m | student_t_state DONE | K=7
[2026-09-20 17:48:47] CONFIRM horizon 2m | student_t_shared START
[2026-09-20 17:48:47] CONFIRM horizon 2m | student_t_shared DONE | K=7
[2026-09-20 17:48:47] CONFIRM horizon 2m | student_t_state START
[2026-09-20 17:48:47] CONFIRM horizon 2m | student_t_state DONE | K=7
[2026-09-20 17:48:53] REFIT horizon 1m | student_t | K=1 START
[2026-09-20 17:48:53] REFIT horizon 1m | student_t | K=1 DONE
[2026-09-20 17:48:53] REFIT horizon 1m | gaussian | K=1 START
[2026-09-20 17:48:53] REFIT horizon 1m | gaussian | K=1 DONE
[2026-09-20 17:48:53] REFIT horizon 1m | gmm | K=5 START
[2026-09-20 17:48:53] REFIT horizon 1m | gmm | K=5 DONE
[2026-09-20 17:48:53] REFIT horizon 1m | gaussian_hmm | K=7 START
[2026-09-20 17:48:53] REFIT horizon 1m | gaussian_hmm | K=7 DONE
[2026-09-20 17:48:53] REFIT horizon 1m | student_t_shared | K=7 START
[2026-09-20 17:48:53] REFIT horizon 1m | student_t_shared | K=7 DONE
[2026-09-20 17:48:53] REFIT horizon 1m | student_t_state | K=7 START
[2026-09-20 17:48:53] CACHE refit | h=1m | student_t_state | K=7 | seed=142
[2026-09-20 17:48:53] START refit | h=1m | student_t_state | K=7 | seed=143
[2026-09-20 18:08:23] DONE  refit | h=1m | student_t_state | K=7 | seed=143 | 1169.3s | converged=True
[2026-09-20 18:08:23] START refit | h=1m | student_t_state | K=7 | seed=144
[2026-09-20 18:28:10] DONE  refit | h=1m | student_t_state | K=7 | seed=144 | 1187.1s | converged=True
[2026-09-20 18:28:10] START refit | h=1m | student_t_state | K=7 | seed=145
[2026-09-20 18:47:50] DONE  refit | h=1m | student_t_state | K=7 | seed=145 | 1180.1s | converged=True
[2026-09-20 18:47:50] START refit | h=1m | student_t_state | K=7 | seed=146
[2026-09-20 19:07:31] DONE  refit | h=1m | student_t_state | K=7 | seed=146 | 1181.2s | converged=True
[2026-09-20 19:08:14] REFIT horizon 1m | student_t_state | K=7 DONE
[2026-09-20 19:08:15] REFIT horizon 2m | student_t | K=1 START
[2026-09-20 19:08:15] REFIT horizon 2m | student_t | K=1 DONE
[2026-09-20 19:08:15] REFIT horizon 2m | gaussian | K=1 START
[2026-09-20 19:08:15] REFIT horizon 2m | gaussian | K=1 DONE
[2026-09-20 19:08:15] REFIT horizon 2m | gmm | K=5 START
[2026-09-20 19:08:17] REFIT horizon 2m | gmm | K=5 DONE
[2026-09-20 19:08:17] REFIT horizon 2m | gaussian_hmm | K=7 START
[2026-09-20 19:08:17] START refit | h=2m | gaussian_hmm | K=7 | seed=142
[2026-09-20 19:16:32] DONE  refit | h=2m | gaussian_hmm | K=7 | seed=142 | 495.2s | converged=True
[2026-09-20 19:16:32] START refit | h=2m | gaussian_hmm | K=7 | seed=143
[2026-09-20 19:24:46] DONE  refit | h=2m | gaussian_hmm | K=7 | seed=143 | 494.0s | converged=True
[2026-09-20 19:24:46] START refit | h=2m | gaussian_hmm | K=7 | seed=144
[2026-09-20 19:33:14] DONE  refit | h=2m | gaussian_hmm | K=7 | seed=144 | 507.7s | converged=True
[2026-09-20 19:33:14] START refit | h=2m | gaussian_hmm | K=7 | seed=145
[2026-09-20 19:41:34] DONE  refit | h=2m | gaussian_hmm | K=7 | seed=145 | 500.0s | converged=True
[2026-09-20 19:41:34] START refit | h=2m | gaussian_hmm | K=7 | seed=146
[2026-09-20 19:50:08] DONE  refit | h=2m | gaussian_hmm | K=7 | seed=146 | 513.9s | converged=True
[2026-09-20 19:50:24] REFIT horizon 2m | gaussian_hmm | K=7 DONE
[2026-09-20 19:50:24] REFIT horizon 2m | student_t_shared | K=7 START
[2026-09-20 19:50:24] START refit | h=2m | student_t_shared | K=7 | seed=142
[2026-09-20 19:58:40] DONE  refit | h=2m | student_t_shared | K=7 | seed=142 | 496.8s | converged=True
[2026-09-20 19:58:40] START refit | h=2m | student_t_shared | K=7 | seed=143
[2026-09-20 20:07:04] DONE  refit | h=2m | student_t_shared | K=7 | seed=143 | 503.7s | converged=True
[2026-09-20 20:07:04] START refit | h=2m | student_t_shared | K=7 | seed=144
[2026-09-20 20:15:26] DONE  refit | h=2m | student_t_shared | K=7 | seed=144 | 502.2s | converged=True
[2026-09-20 20:15:26] START refit | h=2m | student_t_shared | K=7 | seed=145
[2026-09-20 20:23:57] DONE  refit | h=2m | student_t_shared | K=7 | seed=145 | 510.1s | converged=True
[2026-09-20 20:23:57] START refit | h=2m | student_t_shared | K=7 | seed=146
[2026-09-20 20:32:13] DONE  refit | h=2m | student_t_shared | K=7 | seed=146 | 496.9s | converged=True
[2026-09-20 20:32:36] REFIT horizon 2m | student_t_shared | K=7 DONE
[2026-09-20 20:32:36] REFIT horizon 2m | student_t_state | K=7 START
[2026-09-20 20:32:36] START refit | h=2m | student_t_state | K=7 | seed=142
[2026-09-20 20:40:51] DONE  refit | h=2m | student_t_state | K=7 | seed=142 | 494.6s | converged=True
[2026-09-20 20:40:51] START refit | h=2m | student_t_state | K=7 | seed=143
[2026-09-20 20:48:54] DONE  refit | h=2m | student_t_state | K=7 | seed=143 | 482.9s | converged=True
[2026-09-20 20:48:54] START refit | h=2m | student_t_state | K=7 | seed=144
[2026-09-20 20:57:18] DONE  refit | h=2m | student_t_state | K=7 | seed=144 | 504.8s | converged=True
[2026-09-20 20:57:18] START refit | h=2m | student_t_state | K=7 | seed=145
[2026-09-20 21:05:38] DONE  refit | h=2m | student_t_state | K=7 | seed=145 | 499.9s | converged=True
[2026-09-20 21:05:38] START refit | h=2m | student_t_state | K=7 | seed=146
[2026-09-20 21:14:16] DONE  refit | h=2m | student_t_state | K=7 | seed=146 | 517.3s | converged=True
[2026-09-20 21:14:38] REFIT horizon 2m | student_t_state | K=7 DONE
[2026-09-20 21:14:38] FOLD 6/2 DONE
{
  "best_gaussian_horizon": 1,
  "runner_up_horizon": 2,
  "winner_vs_runner_mean": 0.026531275843946912,
  "winner_vs_runner_ci20": [
    0.022543225928763597,
    0.03059574142217376
  ],
  "bootstrap_horizon_advantage_conclusive": true,
  "winner_practical_convergence_rate": 1.0,
  "winner_k_upper_boundary_rate": 1.0,
  "preferred_research_horizon": 1,
  "lock_configuration_for_v1": false,
  "decision_vi": "\u01afu ti\u00ean khung 1 ph\u00fat, nh\u01b0ng ch\u01b0a kh\u00f3a c\u1ea5u h\u00ecnh cho v1 v\u00ec c\u1ed5ng K/h\u1ed9i t\u1ee5 ch\u01b0a \u0111\u1ea1t.",
  "best_mean_hmm_family": "student_t_state",
  "preferred_hmm_family": "gaussian_hmm",
  "family_gain_vs_gaussian_ci20": [
    -0.00020311789433298863,
    0.00312062897502231
  ],
  "heavy_tail_replacement_conclusive": false,
  "family_fold_counts": {
    "student_t_state": 2,
    "student_t_shared": 2,
    "gaussian_hmm": 2
  }
}
Report: C:\Users\Admin\Downloads\ARSH_v0.5_CUDA_worker\runs_v05_revised\policy_session\policy_session__f04_05\report.html
