Running immutable CUDA job policy_session__f08_09
[2026-09-17 15:11:22] LOAD source data START
[2026-09-17 15:11:23] LOAD source data DONE | rows=525,635
[2026-09-17 15:11:23] AUDIT timestamp/rollover START
[2026-09-17 15:11:24] AUDIT timestamp/rollover DONE
[2026-09-17 15:11:24] BUILD returns START | horizons=[1, 2]
[2026-09-17 15:11:36] BUILD returns DONE | 1m=518,222, 2m=258,485
[2026-09-17 15:11:36] FOLD 9/2 START
[2026-09-17 15:11:36] SCREEN horizon 1m START
[2026-09-17 15:11:42] START screen_selection | h=1m | gmm | K=2
[2026-09-17 15:11:43] DONE  screen_selection | h=1m | gmm | K=2 | 1.1s
[2026-09-17 15:11:43] START screen_selection | h=1m | gmm | K=3
[2026-09-17 15:11:45] DONE  screen_selection | h=1m | gmm | K=3 | 1.2s
[2026-09-17 15:11:45] START screen_selection | h=1m | gmm | K=4
[2026-09-17 15:11:48] DONE  screen_selection | h=1m | gmm | K=4 | 2.8s
[2026-09-17 15:11:48] START screen_selection | h=1m | gmm | K=5
[2026-09-17 15:11:50] DONE  screen_selection | h=1m | gmm | K=5 | 2.1s
[2026-09-17 15:11:50] START screen_selection | h=1m | gmm | K=6
[2026-09-17 15:11:52] DONE  screen_selection | h=1m | gmm | K=6 | 2.4s
[2026-09-17 15:11:52] START screen_selection | h=1m | gmm | K=7
[2026-09-17 15:11:56] DONE  screen_selection | h=1m | gmm | K=7 | 2.4s
[2026-09-17 15:11:56] START screen_selection | h=1m | gaussian_hmm | K=2 | seed=42
[2026-09-17 15:13:43] DONE  screen_selection | h=1m | gaussian_hmm | K=2 | seed=42 | 106.9s | converged=True
[2026-09-17 15:13:43] START screen_selection | h=1m | gaussian_hmm | K=2 | seed=43
[2026-09-17 15:15:45] DONE  screen_selection | h=1m | gaussian_hmm | K=2 | seed=43 | 121.7s | converged=True
[2026-09-17 15:15:45] START screen_selection | h=1m | gaussian_hmm | K=2 | seed=44
[2026-09-17 15:17:36] DONE  screen_selection | h=1m | gaussian_hmm | K=2 | seed=44 | 111.0s | converged=True
[2026-09-17 15:18:01] START screen_selection | h=1m | gaussian_hmm | K=3 | seed=42
[2026-09-17 15:21:39] DONE  screen_selection | h=1m | gaussian_hmm | K=3 | seed=42 | 218.2s | converged=True
[2026-09-17 15:21:39] START screen_selection | h=1m | gaussian_hmm | K=3 | seed=43
[2026-09-17 15:25:07] DONE  screen_selection | h=1m | gaussian_hmm | K=3 | seed=43 | 208.0s | converged=True
[2026-09-17 15:25:07] START screen_selection | h=1m | gaussian_hmm | K=3 | seed=44
[2026-09-17 15:28:44] DONE  screen_selection | h=1m | gaussian_hmm | K=3 | seed=44 | 217.0s | converged=True
[2026-09-17 15:29:09] START screen_selection | h=1m | gaussian_hmm | K=4 | seed=42
[2026-09-17 15:35:29] DONE  screen_selection | h=1m | gaussian_hmm | K=4 | seed=42 | 380.5s | converged=False
[2026-09-17 15:35:29] START screen_selection | h=1m | gaussian_hmm | K=4 | seed=43
[2026-09-17 15:41:47] DONE  screen_selection | h=1m | gaussian_hmm | K=4 | seed=43 | 378.1s | converged=False
[2026-09-17 15:41:47] START screen_selection | h=1m | gaussian_hmm | K=4 | seed=44
[2026-09-17 15:47:56] DONE  screen_selection | h=1m | gaussian_hmm | K=4 | seed=44 | 368.9s | converged=False
[2026-09-17 15:48:22] START screen_selection | h=1m | gaussian_hmm | K=5 | seed=42
[2026-09-17 15:54:38] DONE  screen_selection | h=1m | gaussian_hmm | K=5 | seed=42 | 376.1s | converged=True
[2026-09-17 15:54:38] START screen_selection | h=1m | gaussian_hmm | K=5 | seed=43
[2026-09-17 16:00:39] DONE  screen_selection | h=1m | gaussian_hmm | K=5 | seed=43 | 360.8s | converged=True
[2026-09-17 16:00:39] START screen_selection | h=1m | gaussian_hmm | K=5 | seed=44
[2026-09-17 16:06:50] DONE  screen_selection | h=1m | gaussian_hmm | K=5 | seed=44 | 371.5s | converged=True
[2026-09-17 16:07:13] START screen_selection | h=1m | gaussian_hmm | K=6 | seed=42
[2026-09-17 16:13:06] DONE  screen_selection | h=1m | gaussian_hmm | K=6 | seed=42 | 353.4s | converged=True
[2026-09-17 16:13:06] START screen_selection | h=1m | gaussian_hmm | K=6 | seed=43
[2026-09-17 16:19:13] DONE  screen_selection | h=1m | gaussian_hmm | K=6 | seed=43 | 366.8s | converged=True
[2026-09-17 16:19:13] START screen_selection | h=1m | gaussian_hmm | K=6 | seed=44
[2026-09-17 16:25:15] DONE  screen_selection | h=1m | gaussian_hmm | K=6 | seed=44 | 361.8s | converged=True
[2026-09-17 16:25:39] START screen_selection | h=1m | gaussian_hmm | K=7 | seed=42
[2026-09-17 16:31:47] DONE  screen_selection | h=1m | gaussian_hmm | K=7 | seed=42 | 368.1s | converged=False
[2026-09-17 16:31:47] START screen_selection | h=1m | gaussian_hmm | K=7 | seed=43
[2026-09-17 16:37:55] DONE  screen_selection | h=1m | gaussian_hmm | K=7 | seed=43 | 367.9s | converged=False
[2026-09-17 16:37:55] START screen_selection | h=1m | gaussian_hmm | K=7 | seed=44
[2026-09-17 16:43:48] DONE  screen_selection | h=1m | gaussian_hmm | K=7 | seed=44 | 353.5s | converged=True
[2026-09-17 16:44:14] SCREEN horizon 1m DONE | Gaussian-HMM K=7 | gain=0.143848
[2026-09-17 16:44:14] SCREEN horizon 2m START
[2026-09-17 16:44:15] START screen_selection | h=2m | gmm | K=2
[2026-09-17 16:44:16] DONE  screen_selection | h=2m | gmm | K=2 | 0.4s
[2026-09-17 16:44:16] START screen_selection | h=2m | gmm | K=3
[2026-09-17 16:44:16] DONE  screen_selection | h=2m | gmm | K=3 | 0.6s
[2026-09-17 16:44:16] START screen_selection | h=2m | gmm | K=4
[2026-09-17 16:44:17] DONE  screen_selection | h=2m | gmm | K=4 | 0.9s
[2026-09-17 16:44:17] START screen_selection | h=2m | gmm | K=5
[2026-09-17 16:44:18] DONE  screen_selection | h=2m | gmm | K=5 | 0.9s
[2026-09-17 16:44:18] START screen_selection | h=2m | gmm | K=6
[2026-09-17 16:44:19] DONE  screen_selection | h=2m | gmm | K=6 | 1.0s
[2026-09-17 16:44:19] START screen_selection | h=2m | gmm | K=7
[2026-09-17 16:44:24] DONE  screen_selection | h=2m | gmm | K=7 | 4.3s
[2026-09-17 16:44:24] START screen_selection | h=2m | gaussian_hmm | K=2 | seed=42
[2026-09-17 16:45:27] DONE  screen_selection | h=2m | gaussian_hmm | K=2 | seed=42 | 63.6s | converged=True
[2026-09-17 16:45:27] START screen_selection | h=2m | gaussian_hmm | K=2 | seed=43
[2026-09-17 16:46:16] DONE  screen_selection | h=2m | gaussian_hmm | K=2 | seed=43 | 48.8s | converged=True
[2026-09-17 16:46:16] START screen_selection | h=2m | gaussian_hmm | K=2 | seed=44
[2026-09-17 16:47:12] DONE  screen_selection | h=2m | gaussian_hmm | K=2 | seed=44 | 55.7s | converged=True
[2026-09-17 16:47:23] START screen_selection | h=2m | gaussian_hmm | K=3 | seed=42
[2026-09-17 16:48:56] DONE  screen_selection | h=2m | gaussian_hmm | K=3 | seed=42 | 93.5s | converged=True
[2026-09-17 16:48:56] START screen_selection | h=2m | gaussian_hmm | K=3 | seed=43
[2026-09-17 16:50:27] DONE  screen_selection | h=2m | gaussian_hmm | K=3 | seed=43 | 90.5s | converged=True
[2026-09-17 16:50:27] START screen_selection | h=2m | gaussian_hmm | K=3 | seed=44
[2026-09-17 16:51:57] DONE  screen_selection | h=2m | gaussian_hmm | K=3 | seed=44 | 90.5s | converged=True
[2026-09-17 16:52:10] START screen_selection | h=2m | gaussian_hmm | K=4 | seed=42
[2026-09-17 16:54:59] DONE  screen_selection | h=2m | gaussian_hmm | K=4 | seed=42 | 169.0s | converged=False
[2026-09-17 16:54:59] START screen_selection | h=2m | gaussian_hmm | K=4 | seed=43
[2026-09-17 16:57:40] DONE  screen_selection | h=2m | gaussian_hmm | K=4 | seed=43 | 161.6s | converged=False
[2026-09-17 16:57:40] START screen_selection | h=2m | gaussian_hmm | K=4 | seed=44
[2026-09-17 17:00:26] DONE  screen_selection | h=2m | gaussian_hmm | K=4 | seed=44 | 165.4s | converged=False
[2026-09-17 17:00:39] START screen_selection | h=2m | gaussian_hmm | K=5 | seed=42
[2026-09-17 17:03:12] DONE  screen_selection | h=2m | gaussian_hmm | K=5 | seed=42 | 153.0s | converged=False
[2026-09-17 17:03:12] START screen_selection | h=2m | gaussian_hmm | K=5 | seed=43
[2026-09-17 17:05:46] DONE  screen_selection | h=2m | gaussian_hmm | K=5 | seed=43 | 154.5s | converged=False
[2026-09-17 17:05:46] START screen_selection | h=2m | gaussian_hmm | K=5 | seed=44
[2026-09-17 17:08:20] DONE  screen_selection | h=2m | gaussian_hmm | K=5 | seed=44 | 154.4s | converged=False
[2026-09-17 17:08:33] START screen_selection | h=2m | gaussian_hmm | K=6 | seed=42
[2026-09-17 17:11:27] DONE  screen_selection | h=2m | gaussian_hmm | K=6 | seed=42 | 173.7s | converged=False
[2026-09-17 17:11:27] START screen_selection | h=2m | gaussian_hmm | K=6 | seed=43
[2026-09-17 17:14:08] DONE  screen_selection | h=2m | gaussian_hmm | K=6 | seed=43 | 161.2s | converged=False
[2026-09-17 17:14:08] START screen_selection | h=2m | gaussian_hmm | K=6 | seed=44
[2026-09-17 17:16:43] DONE  screen_selection | h=2m | gaussian_hmm | K=6 | seed=44 | 155.2s | converged=False
[2026-09-17 17:16:56] START screen_selection | h=2m | gaussian_hmm | K=7 | seed=42
[2026-09-17 17:19:32] DONE  screen_selection | h=2m | gaussian_hmm | K=7 | seed=42 | 156.4s | converged=True
[2026-09-17 17:19:32] START screen_selection | h=2m | gaussian_hmm | K=7 | seed=43
[2026-09-17 17:22:14] DONE  screen_selection | h=2m | gaussian_hmm | K=7 | seed=43 | 161.8s | converged=True
[2026-09-17 17:22:14] START screen_selection | h=2m | gaussian_hmm | K=7 | seed=44
[2026-09-17 17:24:50] DONE  screen_selection | h=2m | gaussian_hmm | K=7 | seed=44 | 155.8s | converged=True
[2026-09-17 17:25:05] SCREEN horizon 2m DONE | Gaussian-HMM K=7 | gain=0.118639
[2026-09-17 17:25:05] CONFIRM horizon 1m | student_t_shared START
[2026-09-17 17:25:05] START confirm_selection | h=1m | student_t_shared | K=2 | seed=62
[2026-09-17 17:30:25] DONE  confirm_selection | h=1m | student_t_shared | K=2 | seed=62 | 320.3s | converged=True
[2026-09-17 17:30:25] START confirm_selection | h=1m | student_t_shared | K=2 | seed=63
[2026-09-17 17:34:59] DONE  confirm_selection | h=1m | student_t_shared | K=2 | seed=63 | 274.0s | converged=True
[2026-09-17 17:34:59] START confirm_selection | h=1m | student_t_shared | K=2 | seed=64
[2026-09-17 17:40:51] DONE  confirm_selection | h=1m | student_t_shared | K=2 | seed=64 | 351.5s | converged=True
[2026-09-17 17:41:16] START confirm_selection | h=1m | student_t_shared | K=3 | seed=62
[2026-09-17 17:47:16] DONE  confirm_selection | h=1m | student_t_shared | K=3 | seed=62 | 359.9s | converged=True
[2026-09-17 17:47:16] START confirm_selection | h=1m | student_t_shared | K=3 | seed=63
[2026-09-17 17:53:25] DONE  confirm_selection | h=1m | student_t_shared | K=3 | seed=63 | 369.7s | converged=True
[2026-09-17 17:53:25] START confirm_selection | h=1m | student_t_shared | K=3 | seed=64
[2026-09-17 17:59:46] DONE  confirm_selection | h=1m | student_t_shared | K=3 | seed=64 | 380.3s | converged=True
[2026-09-17 18:00:13] START confirm_selection | h=1m | student_t_shared | K=4 | seed=62
[2026-09-17 18:06:41] DONE  confirm_selection | h=1m | student_t_shared | K=4 | seed=62 | 387.9s | converged=True
[2026-09-17 18:06:41] START confirm_selection | h=1m | student_t_shared | K=4 | seed=63
[2026-09-17 18:13:11] DONE  confirm_selection | h=1m | student_t_shared | K=4 | seed=63 | 390.1s | converged=True
[2026-09-17 18:13:11] START confirm_selection | h=1m | student_t_shared | K=4 | seed=64
[2026-09-17 18:19:21] DONE  confirm_selection | h=1m | student_t_shared | K=4 | seed=64 | 370.2s | converged=True
[2026-09-17 18:19:46] START confirm_selection | h=1m | student_t_shared | K=5 | seed=62
[2026-09-17 18:25:55] DONE  confirm_selection | h=1m | student_t_shared | K=5 | seed=62 | 369.3s | converged=True
[2026-09-17 18:25:55] START confirm_selection | h=1m | student_t_shared | K=5 | seed=63
[2026-09-17 18:32:02] DONE  confirm_selection | h=1m | student_t_shared | K=5 | seed=63 | 367.1s | converged=True
[2026-09-17 18:32:02] START confirm_selection | h=1m | student_t_shared | K=5 | seed=64
[2026-09-17 18:38:41] DONE  confirm_selection | h=1m | student_t_shared | K=5 | seed=64 | 399.0s | converged=True
[2026-09-17 18:39:09] START confirm_selection | h=1m | student_t_shared | K=6 | seed=62
[2026-09-17 18:45:19] DONE  confirm_selection | h=1m | student_t_shared | K=6 | seed=62 | 370.4s | converged=True
[2026-09-17 18:45:19] START confirm_selection | h=1m | student_t_shared | K=6 | seed=63
[2026-09-17 18:51:29] DONE  confirm_selection | h=1m | student_t_shared | K=6 | seed=63 | 369.7s | converged=True
[2026-09-17 18:51:29] START confirm_selection | h=1m | student_t_shared | K=6 | seed=64
[2026-09-17 18:57:41] DONE  confirm_selection | h=1m | student_t_shared | K=6 | seed=64 | 371.6s | converged=True
[2026-09-17 18:58:08] START confirm_selection | h=1m | student_t_shared | K=7 | seed=62
[2026-09-17 19:04:31] DONE  confirm_selection | h=1m | student_t_shared | K=7 | seed=62 | 383.1s | converged=True
[2026-09-17 19:04:31] START confirm_selection | h=1m | student_t_shared | K=7 | seed=63
[2026-09-17 19:10:49] DONE  confirm_selection | h=1m | student_t_shared | K=7 | seed=63 | 377.6s | converged=True
[2026-09-17 19:10:49] START confirm_selection | h=1m | student_t_shared | K=7 | seed=64
[2026-09-17 19:17:14] DONE  confirm_selection | h=1m | student_t_shared | K=7 | seed=64 | 385.1s | converged=False
[2026-09-17 19:17:40] CONFIRM horizon 1m | student_t_shared DONE | K=7
[2026-09-17 19:17:40] CONFIRM horizon 1m | student_t_state START
[2026-09-17 19:17:41] START confirm_selection | h=1m | student_t_state | K=2 | seed=62
[2026-09-17 19:23:16] DONE  confirm_selection | h=1m | student_t_state | K=2 | seed=62 | 335.6s | converged=True
[2026-09-17 19:23:16] START confirm_selection | h=1m | student_t_state | K=2 | seed=63
[2026-09-17 19:29:17] DONE  confirm_selection | h=1m | student_t_state | K=2 | seed=63 | 361.4s | converged=True
[2026-09-17 19:29:17] START confirm_selection | h=1m | student_t_state | K=2 | seed=64
[2026-09-17 19:34:03] DONE  confirm_selection | h=1m | student_t_state | K=2 | seed=64 | 285.3s | converged=True
[2026-09-17 19:34:33] START confirm_selection | h=1m | student_t_state | K=3 | seed=62
[2026-09-17 19:40:36] DONE  confirm_selection | h=1m | student_t_state | K=3 | seed=62 | 363.0s | converged=True
[2026-09-17 19:40:36] START confirm_selection | h=1m | student_t_state | K=3 | seed=63
[2026-09-17 19:46:52] DONE  confirm_selection | h=1m | student_t_state | K=3 | seed=63 | 375.7s | converged=True
[2026-09-17 19:46:52] START confirm_selection | h=1m | student_t_state | K=3 | seed=64
[2026-09-17 19:53:11] DONE  confirm_selection | h=1m | student_t_state | K=3 | seed=64 | 379.8s | converged=True
[2026-09-17 19:53:44] START confirm_selection | h=1m | student_t_state | K=4 | seed=62
[2026-09-17 20:00:02] DONE  confirm_selection | h=1m | student_t_state | K=4 | seed=62 | 378.7s | converged=True
[2026-09-17 20:00:02] START confirm_selection | h=1m | student_t_state | K=4 | seed=63
[2026-09-17 20:06:13] DONE  confirm_selection | h=1m | student_t_state | K=4 | seed=63 | 371.0s | converged=True
[2026-09-17 20:06:13] START confirm_selection | h=1m | student_t_state | K=4 | seed=64
[2026-09-17 20:12:41] DONE  confirm_selection | h=1m | student_t_state | K=4 | seed=64 | 387.3s | converged=True
[2026-09-17 20:13:06] START confirm_selection | h=1m | student_t_state | K=5 | seed=62
[2026-09-17 20:19:21] DONE  confirm_selection | h=1m | student_t_state | K=5 | seed=62 | 375.2s | converged=True
[2026-09-17 20:19:21] START confirm_selection | h=1m | student_t_state | K=5 | seed=63
[2026-09-17 20:25:23] DONE  confirm_selection | h=1m | student_t_state | K=5 | seed=63 | 361.5s | converged=True
[2026-09-17 20:25:23] START confirm_selection | h=1m | student_t_state | K=5 | seed=64
[2026-09-17 20:31:29] DONE  confirm_selection | h=1m | student_t_state | K=5 | seed=64 | 366.1s | converged=True
[2026-09-17 20:31:54] START confirm_selection | h=1m | student_t_state | K=6 | seed=62
[2026-09-17 20:38:14] DONE  confirm_selection | h=1m | student_t_state | K=6 | seed=62 | 380.2s | converged=True
[2026-09-17 20:38:14] START confirm_selection | h=1m | student_t_state | K=6 | seed=63
[2026-09-17 20:44:37] DONE  confirm_selection | h=1m | student_t_state | K=6 | seed=63 | 383.3s | converged=True
[2026-09-17 20:44:37] START confirm_selection | h=1m | student_t_state | K=6 | seed=64
[2026-09-17 20:50:51] DONE  confirm_selection | h=1m | student_t_state | K=6 | seed=64 | 374.1s | converged=True
[2026-09-17 20:51:16] START confirm_selection | h=1m | student_t_state | K=7 | seed=62
[2026-09-17 20:57:15] DONE  confirm_selection | h=1m | student_t_state | K=7 | seed=62 | 359.0s | converged=True
[2026-09-17 20:57:15] START confirm_selection | h=1m | student_t_state | K=7 | seed=63
[2026-09-17 21:03:02] DONE  confirm_selection | h=1m | student_t_state | K=7 | seed=63 | 346.7s | converged=True
[2026-09-17 21:03:02] START confirm_selection | h=1m | student_t_state | K=7 | seed=64
[2026-09-17 21:09:05] DONE  confirm_selection | h=1m | student_t_state | K=7 | seed=64 | 362.8s | converged=False
[2026-09-17 21:09:30] CONFIRM horizon 1m | student_t_state DONE | K=7
[2026-09-17 21:09:30] CONFIRM horizon 2m | student_t_shared START
[2026-09-17 21:09:30] START confirm_selection | h=2m | student_t_shared | K=2 | seed=62
[2026-09-17 21:11:14] DONE  confirm_selection | h=2m | student_t_shared | K=2 | seed=62 | 104.4s | converged=True
[2026-09-17 21:11:14] START confirm_selection | h=2m | student_t_shared | K=2 | seed=63
[2026-09-17 21:13:29] DONE  confirm_selection | h=2m | student_t_shared | K=2 | seed=63 | 134.7s | converged=True
[2026-09-17 21:13:29] START confirm_selection | h=2m | student_t_shared | K=2 | seed=64
[2026-09-17 21:15:13] DONE  confirm_selection | h=2m | student_t_shared | K=2 | seed=64 | 103.5s | converged=True
[2026-09-17 21:15:26] START confirm_selection | h=2m | student_t_shared | K=3 | seed=62
[2026-09-17 21:18:03] DONE  confirm_selection | h=2m | student_t_shared | K=3 | seed=62 | 157.5s | converged=False
[2026-09-17 21:18:03] START confirm_selection | h=2m | student_t_shared | K=3 | seed=63
[2026-09-17 21:20:50] DONE  confirm_selection | h=2m | student_t_shared | K=3 | seed=63 | 167.1s | converged=False
[2026-09-17 21:20:50] START confirm_selection | h=2m | student_t_shared | K=3 | seed=64
[2026-09-17 21:23:42] DONE  confirm_selection | h=2m | student_t_shared | K=3 | seed=64 | 171.3s | converged=False
[2026-09-17 21:23:55] START confirm_selection | h=2m | student_t_shared | K=4 | seed=62
[2026-09-17 21:26:51] DONE  confirm_selection | h=2m | student_t_shared | K=4 | seed=62 | 176.4s | converged=False
[2026-09-17 21:26:51] START confirm_selection | h=2m | student_t_shared | K=4 | seed=63
[2026-09-17 21:29:43] DONE  confirm_selection | h=2m | student_t_shared | K=4 | seed=63 | 172.3s | converged=False
[2026-09-17 21:29:43] START confirm_selection | h=2m | student_t_shared | K=4 | seed=64
[2026-09-17 21:32:42] DONE  confirm_selection | h=2m | student_t_shared | K=4 | seed=64 | 178.5s | converged=True
[2026-09-17 21:32:58] START confirm_selection | h=2m | student_t_shared | K=5 | seed=62
[2026-09-17 21:35:35] DONE  confirm_selection | h=2m | student_t_shared | K=5 | seed=62 | 156.9s | converged=False
[2026-09-17 21:35:35] START confirm_selection | h=2m | student_t_shared | K=5 | seed=63
[2026-09-17 21:38:08] DONE  confirm_selection | h=2m | student_t_shared | K=5 | seed=63 | 153.1s | converged=False
[2026-09-17 21:38:08] START confirm_selection | h=2m | student_t_shared | K=5 | seed=64
[2026-09-17 21:40:52] DONE  confirm_selection | h=2m | student_t_shared | K=5 | seed=64 | 164.2s | converged=False
[2026-09-17 21:41:05] START confirm_selection | h=2m | student_t_shared | K=6 | seed=62
[2026-09-17 21:43:41] DONE  confirm_selection | h=2m | student_t_shared | K=6 | seed=62 | 155.8s | converged=False
[2026-09-17 21:43:41] START confirm_selection | h=2m | student_t_shared | K=6 | seed=63
[2026-09-17 21:46:35] DONE  confirm_selection | h=2m | student_t_shared | K=6 | seed=63 | 174.1s | converged=False
[2026-09-17 21:46:35] START confirm_selection | h=2m | student_t_shared | K=6 | seed=64
[2026-09-17 21:49:29] DONE  confirm_selection | h=2m | student_t_shared | K=6 | seed=64 | 173.5s | converged=False
[2026-09-17 21:49:41] START confirm_selection | h=2m | student_t_shared | K=7 | seed=62
Running immutable CUDA job policy_session__f08_09
[2026-09-18 02:26:24] LOAD source data START
[2026-09-18 02:26:25] LOAD source data DONE | rows=525,635
[2026-09-18 02:26:25] AUDIT timestamp/rollover START
[2026-09-18 02:26:25] AUDIT timestamp/rollover DONE
[2026-09-18 02:26:25] BUILD returns START | horizons=[1, 2]
[2026-09-18 02:26:36] BUILD returns DONE | 1m=518,222, 2m=258,485
[2026-09-18 02:26:37] FOLD 9/2 START
[2026-09-18 02:26:37] SCREEN horizon 1m START
[2026-09-18 02:26:37] SCREEN horizon 1m DONE | Gaussian-HMM K=7 | gain=0.143848
[2026-09-18 02:26:37] SCREEN horizon 2m START
[2026-09-18 02:26:37] SCREEN horizon 2m DONE | Gaussian-HMM K=7 | gain=0.118639
[2026-09-18 02:26:37] CONFIRM horizon 1m | student_t_shared START
[2026-09-18 02:26:37] CONFIRM horizon 1m | student_t_shared DONE | K=7
[2026-09-18 02:26:37] CONFIRM horizon 1m | student_t_state START
[2026-09-18 02:26:37] CONFIRM horizon 1m | student_t_state DONE | K=7
[2026-09-18 02:26:37] CONFIRM horizon 2m | student_t_shared START
[2026-09-18 02:26:37] CACHE confirm_selection | h=2m | student_t_shared | K=2 | seed=62
[2026-09-18 02:26:37] CACHE confirm_selection | h=2m | student_t_shared | K=2 | seed=63
[2026-09-18 02:26:37] CACHE confirm_selection | h=2m | student_t_shared | K=2 | seed=64
[2026-09-18 02:26:49] CACHE confirm_selection | h=2m | student_t_shared | K=3 | seed=62
[2026-09-18 02:26:49] CACHE confirm_selection | h=2m | student_t_shared | K=3 | seed=63
[2026-09-18 02:26:49] CACHE confirm_selection | h=2m | student_t_shared | K=3 | seed=64
[2026-09-18 02:27:04] CACHE confirm_selection | h=2m | student_t_shared | K=4 | seed=62
[2026-09-18 02:27:04] CACHE confirm_selection | h=2m | student_t_shared | K=4 | seed=63
[2026-09-18 02:27:04] CACHE confirm_selection | h=2m | student_t_shared | K=4 | seed=64
[2026-09-18 02:27:17] CACHE confirm_selection | h=2m | student_t_shared | K=5 | seed=62
[2026-09-18 02:27:17] CACHE confirm_selection | h=2m | student_t_shared | K=5 | seed=63
[2026-09-18 02:27:17] CACHE confirm_selection | h=2m | student_t_shared | K=5 | seed=64
[2026-09-18 02:27:30] CACHE confirm_selection | h=2m | student_t_shared | K=6 | seed=62
[2026-09-18 02:27:30] CACHE confirm_selection | h=2m | student_t_shared | K=6 | seed=63
[2026-09-18 02:27:30] CACHE confirm_selection | h=2m | student_t_shared | K=6 | seed=64
[2026-09-18 02:27:43] START confirm_selection | h=2m | student_t_shared | K=7 | seed=62
[2026-09-18 02:30:41] DONE  confirm_selection | h=2m | student_t_shared | K=7 | seed=62 | 178.5s | converged=False
[2026-09-18 02:30:41] START confirm_selection | h=2m | student_t_shared | K=7 | seed=63
[2026-09-18 02:33:42] DONE  confirm_selection | h=2m | student_t_shared | K=7 | seed=63 | 180.8s | converged=False
[2026-09-18 02:33:42] START confirm_selection | h=2m | student_t_shared | K=7 | seed=64
[2026-09-18 02:36:34] DONE  confirm_selection | h=2m | student_t_shared | K=7 | seed=64 | 171.6s | converged=False
[2026-09-18 02:36:47] CONFIRM horizon 2m | student_t_shared DONE | K=7
[2026-09-18 02:36:47] CONFIRM horizon 2m | student_t_state START
[2026-09-18 02:36:47] START confirm_selection | h=2m | student_t_state | K=2 | seed=62
[2026-09-18 02:39:37] DONE  confirm_selection | h=2m | student_t_state | K=2 | seed=62 | 169.5s | converged=True
[2026-09-18 02:39:37] START confirm_selection | h=2m | student_t_state | K=2 | seed=63
[2026-09-18 02:42:41] DONE  confirm_selection | h=2m | student_t_state | K=2 | seed=63 | 184.3s | converged=True
[2026-09-18 02:42:41] START confirm_selection | h=2m | student_t_state | K=2 | seed=64
[2026-09-18 02:45:21] DONE  confirm_selection | h=2m | student_t_state | K=2 | seed=64 | 160.5s | converged=True
[2026-09-18 02:45:49] START confirm_selection | h=2m | student_t_state | K=3 | seed=62
[2026-09-18 02:48:36] DONE  confirm_selection | h=2m | student_t_state | K=3 | seed=62 | 167.3s | converged=True
[2026-09-18 02:48:36] START confirm_selection | h=2m | student_t_state | K=3 | seed=63
[2026-09-18 02:51:28] DONE  confirm_selection | h=2m | student_t_state | K=3 | seed=63 | 171.5s | converged=True
[2026-09-18 02:51:28] START confirm_selection | h=2m | student_t_state | K=3 | seed=64
[2026-09-18 02:54:23] DONE  confirm_selection | h=2m | student_t_state | K=3 | seed=64 | 175.3s | converged=True
[2026-09-18 02:54:39] START confirm_selection | h=2m | student_t_state | K=4 | seed=62
[2026-09-18 02:57:20] DONE  confirm_selection | h=2m | student_t_state | K=4 | seed=62 | 160.8s | converged=True
[2026-09-18 02:57:20] START confirm_selection | h=2m | student_t_state | K=4 | seed=63
[2026-09-18 03:00:07] DONE  confirm_selection | h=2m | student_t_state | K=4 | seed=63 | 167.3s | converged=True
[2026-09-18 03:00:07] START confirm_selection | h=2m | student_t_state | K=4 | seed=64
[2026-09-18 03:03:13] DONE  confirm_selection | h=2m | student_t_state | K=4 | seed=64 | 185.9s | converged=True
[2026-09-18 03:03:32] START confirm_selection | h=2m | student_t_state | K=5 | seed=62
[2026-09-18 03:06:19] DONE  confirm_selection | h=2m | student_t_state | K=5 | seed=62 | 167.5s | converged=True
[2026-09-18 03:06:19] START confirm_selection | h=2m | student_t_state | K=5 | seed=63
[2026-09-18 03:08:58] DONE  confirm_selection | h=2m | student_t_state | K=5 | seed=63 | 158.6s | converged=True
[2026-09-18 03:08:58] START confirm_selection | h=2m | student_t_state | K=5 | seed=64
[2026-09-18 03:12:00] DONE  confirm_selection | h=2m | student_t_state | K=5 | seed=64 | 182.0s | converged=True
[2026-09-18 03:12:19] START confirm_selection | h=2m | student_t_state | K=6 | seed=62
[2026-09-18 03:15:06] DONE  confirm_selection | h=2m | student_t_state | K=6 | seed=62 | 167.2s | converged=True
[2026-09-18 03:15:06] START confirm_selection | h=2m | student_t_state | K=6 | seed=63
[2026-09-18 03:17:53] DONE  confirm_selection | h=2m | student_t_state | K=6 | seed=63 | 166.4s | converged=True
[2026-09-18 03:17:53] START confirm_selection | h=2m | student_t_state | K=6 | seed=64
[2026-09-18 03:20:57] DONE  confirm_selection | h=2m | student_t_state | K=6 | seed=64 | 184.1s | converged=True
[2026-09-18 03:21:10] START confirm_selection | h=2m | student_t_state | K=7 | seed=62
[2026-09-18 03:23:51] DONE  confirm_selection | h=2m | student_t_state | K=7 | seed=62 | 160.6s | converged=True
[2026-09-18 03:23:51] START confirm_selection | h=2m | student_t_state | K=7 | seed=63
[2026-09-18 03:26:45] DONE  confirm_selection | h=2m | student_t_state | K=7 | seed=63 | 174.7s | converged=True
[2026-09-18 03:26:45] START confirm_selection | h=2m | student_t_state | K=7 | seed=64
[2026-09-18 03:29:40] DONE  confirm_selection | h=2m | student_t_state | K=7 | seed=64 | 174.5s | converged=True
[2026-09-18 03:29:56] CONFIRM horizon 2m | student_t_state DONE | K=7
[2026-09-18 03:30:00] REFIT horizon 1m | student_t | K=1 START
[2026-09-18 03:30:00] REFIT horizon 1m | student_t | K=1 DONE
[2026-09-18 03:30:00] REFIT horizon 1m | gaussian | K=1 START
[2026-09-18 03:30:00] REFIT horizon 1m | gaussian | K=1 DONE
[2026-09-18 03:30:00] REFIT horizon 1m | gmm | K=7 START
[2026-09-18 03:30:05] REFIT horizon 1m | gmm | K=7 DONE
[2026-09-18 03:30:05] REFIT horizon 1m | gaussian_hmm | K=7 START
[2026-09-18 03:30:05] START refit | h=1m | gaussian_hmm | K=7 | seed=142
[2026-09-18 03:52:08] DONE  refit | h=1m | gaussian_hmm | K=7 | seed=142 | 1323.0s | converged=True
[2026-09-18 03:52:08] START refit | h=1m | gaussian_hmm | K=7 | seed=143
[2026-09-18 04:14:26] DONE  refit | h=1m | gaussian_hmm | K=7 | seed=143 | 1338.0s | converged=True
[2026-09-18 04:14:26] START refit | h=1m | gaussian_hmm | K=7 | seed=144
[2026-09-18 04:36:33] DONE  refit | h=1m | gaussian_hmm | K=7 | seed=144 | 1327.4s | converged=True
[2026-09-18 04:36:33] START refit | h=1m | gaussian_hmm | K=7 | seed=145
[2026-09-18 04:57:31] DONE  refit | h=1m | gaussian_hmm | K=7 | seed=145 | 1258.0s | converged=True
[2026-09-18 04:57:31] START refit | h=1m | gaussian_hmm | K=7 | seed=146
[2026-09-18 05:18:51] DONE  refit | h=1m | gaussian_hmm | K=7 | seed=146 | 1280.2s | converged=True
[2026-09-18 05:19:31] REFIT horizon 1m | gaussian_hmm | K=7 DONE
[2026-09-18 05:19:31] REFIT horizon 1m | student_t_shared | K=7 START
[2026-09-18 05:19:31] START refit | h=1m | student_t_shared | K=7 | seed=142
[2026-09-18 05:41:41] DONE  refit | h=1m | student_t_shared | K=7 | seed=142 | 1330.1s | converged=True
[2026-09-18 05:41:41] START refit | h=1m | student_t_shared | K=7 | seed=143
[2026-09-18 06:03:38] DONE  refit | h=1m | student_t_shared | K=7 | seed=143 | 1317.2s | converged=True
[2026-09-18 06:03:38] START refit | h=1m | student_t_shared | K=7 | seed=144
[2026-09-18 06:25:24] DONE  refit | h=1m | student_t_shared | K=7 | seed=144 | 1306.2s | converged=True
[2026-09-18 06:25:24] START refit | h=1m | student_t_shared | K=7 | seed=145
[2026-09-18 06:47:07] DONE  refit | h=1m | student_t_shared | K=7 | seed=145 | 1302.8s | converged=True
[2026-09-18 06:47:07] START refit | h=1m | student_t_shared | K=7 | seed=146
[2026-09-18 07:09:08] DONE  refit | h=1m | student_t_shared | K=7 | seed=146 | 1320.7s | converged=True
[2026-09-18 07:09:56] REFIT horizon 1m | student_t_shared | K=7 DONE
[2026-09-18 07:09:56] REFIT horizon 1m | student_t_state | K=7 START
[2026-09-18 07:09:56] START refit | h=1m | student_t_state | K=7 | seed=142
[2026-09-18 07:32:14] DONE  refit | h=1m | student_t_state | K=7 | seed=142 | 1337.7s | converged=True
[2026-09-18 07:32:14] START refit | h=1m | student_t_state | K=7 | seed=143
[2026-09-18 07:54:05] DONE  refit | h=1m | student_t_state | K=7 | seed=143 | 1310.8s | converged=True
[2026-09-18 07:54:05] START refit | h=1m | student_t_state | K=7 | seed=144
[2026-09-18 08:15:13] DONE  refit | h=1m | student_t_state | K=7 | seed=144 | 1268.3s | converged=True
[2026-09-18 08:15:13] START refit | h=1m | student_t_state | K=7 | seed=145
[2026-09-18 08:33:45] DONE  refit | h=1m | student_t_state | K=7 | seed=145 | 1112.1s | converged=True
[2026-09-18 08:33:45] START refit | h=1m | student_t_state | K=7 | seed=146
[2026-09-18 08:52:04] DONE  refit | h=1m | student_t_state | K=7 | seed=146 | 1099.1s | converged=True
[2026-09-18 08:52:38] REFIT horizon 1m | student_t_state | K=7 DONE
[2026-09-18 08:52:40] REFIT horizon 2m | student_t | K=1 START
[2026-09-18 08:52:40] REFIT horizon 2m | student_t | K=1 DONE
[2026-09-18 08:52:40] REFIT horizon 2m | gaussian | K=1 START
[2026-09-18 08:52:40] REFIT horizon 2m | gaussian | K=1 DONE
[2026-09-18 08:52:40] REFIT horizon 2m | gmm | K=5 START
[2026-09-18 08:52:42] REFIT horizon 2m | gmm | K=5 DONE
[2026-09-18 08:52:42] REFIT horizon 2m | gaussian_hmm | K=7 START
[2026-09-18 08:52:42] START refit | h=2m | gaussian_hmm | K=7 | seed=142
[2026-09-18 09:02:05] DONE  refit | h=2m | gaussian_hmm | K=7 | seed=142 | 562.7s | converged=True
[2026-09-18 09:02:05] START refit | h=2m | gaussian_hmm | K=7 | seed=143
[2026-09-18 09:11:56] DONE  refit | h=2m | gaussian_hmm | K=7 | seed=143 | 591.8s | converged=True
[2026-09-18 09:11:56] START refit | h=2m | gaussian_hmm | K=7 | seed=144
[2026-09-18 09:21:44] DONE  refit | h=2m | gaussian_hmm | K=7 | seed=144 | 587.4s | converged=True
[2026-09-18 09:21:44] START refit | h=2m | gaussian_hmm | K=7 | seed=145
[2026-09-18 09:31:39] DONE  refit | h=2m | gaussian_hmm | K=7 | seed=145 | 594.8s | converged=True
[2026-09-18 09:31:39] START refit | h=2m | gaussian_hmm | K=7 | seed=146
[2026-09-18 09:41:13] DONE  refit | h=2m | gaussian_hmm | K=7 | seed=146 | 574.2s | converged=True
[2026-09-18 09:41:28] REFIT horizon 2m | gaussian_hmm | K=7 DONE
[2026-09-18 09:41:28] REFIT horizon 2m | student_t_shared | K=7 START
[2026-09-18 09:41:28] START refit | h=2m | student_t_shared | K=7 | seed=142
[2026-09-18 09:51:15] DONE  refit | h=2m | student_t_shared | K=7 | seed=142 | 586.2s | converged=True
[2026-09-18 09:51:15] START refit | h=2m | student_t_shared | K=7 | seed=143
[2026-09-18 10:01:01] DONE  refit | h=2m | student_t_shared | K=7 | seed=143 | 586.7s | converged=True
[2026-09-18 10:01:01] START refit | h=2m | student_t_shared | K=7 | seed=144
[2026-09-18 10:11:02] DONE  refit | h=2m | student_t_shared | K=7 | seed=144 | 600.6s | converged=True
[2026-09-18 10:11:02] START refit | h=2m | student_t_shared | K=7 | seed=145
[2026-09-18 10:21:06] DONE  refit | h=2m | student_t_shared | K=7 | seed=145 | 604.4s | converged=True
[2026-09-18 10:21:06] START refit | h=2m | student_t_shared | K=7 | seed=146
[2026-09-18 10:31:06] DONE  refit | h=2m | student_t_shared | K=7 | seed=146 | 599.8s | converged=True
[2026-09-18 10:31:23] REFIT horizon 2m | student_t_shared | K=7 DONE
[2026-09-18 10:31:23] REFIT horizon 2m | student_t_state | K=7 START
[2026-09-18 10:31:23] START refit | h=2m | student_t_state | K=7 | seed=142
[2026-09-18 10:41:06] DONE  refit | h=2m | student_t_state | K=7 | seed=142 | 582.6s | converged=True
[2026-09-18 10:41:06] START refit | h=2m | student_t_state | K=7 | seed=143
[2026-09-18 10:50:57] DONE  refit | h=2m | student_t_state | K=7 | seed=143 | 591.3s | converged=True
[2026-09-18 10:50:57] START refit | h=2m | student_t_state | K=7 | seed=144
[2026-09-18 11:00:42] DONE  refit | h=2m | student_t_state | K=7 | seed=144 | 585.1s | converged=True
[2026-09-18 11:00:42] START refit | h=2m | student_t_state | K=7 | seed=145
[2026-09-18 11:10:35] DONE  refit | h=2m | student_t_state | K=7 | seed=145 | 592.6s | converged=True
[2026-09-18 11:10:35] START refit | h=2m | student_t_state | K=7 | seed=146
[2026-09-18 11:20:28] DONE  refit | h=2m | student_t_state | K=7 | seed=146 | 593.2s | converged=True
[2026-09-18 11:20:45] REFIT horizon 2m | student_t_state | K=7 DONE
[2026-09-18 11:20:45] FOLD 9/2 DONE
[2026-09-18 11:20:45] FOLD 10/2 START
[2026-09-18 11:20:45] SCREEN horizon 1m START
[2026-09-18 11:20:49] START screen_selection | h=1m | gmm | K=2
[2026-09-18 11:20:50] DONE  screen_selection | h=1m | gmm | K=2 | 0.9s
[2026-09-18 11:20:50] START screen_selection | h=1m | gmm | K=3
[2026-09-18 11:20:52] DONE  screen_selection | h=1m | gmm | K=3 | 2.4s
[2026-09-18 11:20:52] START screen_selection | h=1m | gmm | K=4
[2026-09-18 11:20:56] DONE  screen_selection | h=1m | gmm | K=4 | 4.3s
[2026-09-18 11:20:56] START screen_selection | h=1m | gmm | K=5
[2026-09-18 11:20:59] DONE  screen_selection | h=1m | gmm | K=5 | 2.2s
[2026-09-18 11:20:59] START screen_selection | h=1m | gmm | K=6
[2026-09-18 11:21:01] DONE  screen_selection | h=1m | gmm | K=6 | 2.5s
[2026-09-18 11:21:01] START screen_selection | h=1m | gmm | K=7
[2026-09-18 11:21:04] DONE  screen_selection | h=1m | gmm | K=7 | 2.5s
[2026-09-18 11:21:04] START screen_selection | h=1m | gaussian_hmm | K=2 | seed=42
[2026-09-18 11:22:38] DONE  screen_selection | h=1m | gaussian_hmm | K=2 | seed=42 | 93.8s | converged=True
[2026-09-18 11:22:38] START screen_selection | h=1m | gaussian_hmm | K=2 | seed=43
[2026-09-18 11:24:15] DONE  screen_selection | h=1m | gaussian_hmm | K=2 | seed=43 | 97.1s | converged=True
[2026-09-18 11:24:15] START screen_selection | h=1m | gaussian_hmm | K=2 | seed=44
[2026-09-18 11:25:47] DONE  screen_selection | h=1m | gaussian_hmm | K=2 | seed=44 | 92.4s | converged=True
[2026-09-18 11:26:18] START screen_selection | h=1m | gaussian_hmm | K=3 | seed=42
[2026-09-18 11:29:20] DONE  screen_selection | h=1m | gaussian_hmm | K=3 | seed=42 | 181.9s | converged=True
[2026-09-18 11:29:20] START screen_selection | h=1m | gaussian_hmm | K=3 | seed=43
[2026-09-18 11:32:14] DONE  screen_selection | h=1m | gaussian_hmm | K=3 | seed=43 | 174.4s | converged=True
[2026-09-18 11:32:14] START screen_selection | h=1m | gaussian_hmm | K=3 | seed=44
[2026-09-18 11:35:02] DONE  screen_selection | h=1m | gaussian_hmm | K=3 | seed=44 | 168.0s | converged=True
[2026-09-18 11:35:49] START screen_selection | h=1m | gaussian_hmm | K=4 | seed=42
[2026-09-18 11:40:31] DONE  screen_selection | h=1m | gaussian_hmm | K=4 | seed=42 | 281.2s | converged=False
[2026-09-18 11:40:31] START screen_selection | h=1m | gaussian_hmm | K=4 | seed=43
[2026-09-18 11:45:23] DONE  screen_selection | h=1m | gaussian_hmm | K=4 | seed=43 | 292.5s | converged=False
[2026-09-18 11:45:23] START screen_selection | h=1m | gaussian_hmm | K=4 | seed=44
[2026-09-18 11:50:05] DONE  screen_selection | h=1m | gaussian_hmm | K=4 | seed=44 | 282.1s | converged=False
[2026-09-18 11:50:40] START screen_selection | h=1m | gaussian_hmm | K=5 | seed=42
[2026-09-18 11:55:21] DONE  screen_selection | h=1m | gaussian_hmm | K=5 | seed=42 | 280.9s | converged=False
[2026-09-18 11:55:21] START screen_selection | h=1m | gaussian_hmm | K=5 | seed=43
[2026-09-18 11:59:59] DONE  screen_selection | h=1m | gaussian_hmm | K=5 | seed=43 | 277.8s | converged=False
[2026-09-18 11:59:59] START screen_selection | h=1m | gaussian_hmm | K=5 | seed=44
[2026-09-18 12:04:47] DONE  screen_selection | h=1m | gaussian_hmm | K=5 | seed=44 | 288.1s | converged=False
[2026-09-18 12:05:11] START screen_selection | h=1m | gaussian_hmm | K=6 | seed=42
[2026-09-18 12:10:05] DONE  screen_selection | h=1m | gaussian_hmm | K=6 | seed=42 | 294.7s | converged=True
[2026-09-18 12:10:05] START screen_selection | h=1m | gaussian_hmm | K=6 | seed=43
[2026-09-18 12:14:57] DONE  screen_selection | h=1m | gaussian_hmm | K=6 | seed=43 | 291.4s | converged=True
[2026-09-18 12:14:57] START screen_selection | h=1m | gaussian_hmm | K=6 | seed=44
[2026-09-18 12:19:14] DONE  screen_selection | h=1m | gaussian_hmm | K=6 | seed=44 | 257.5s | converged=True
[2026-09-18 12:19:45] START screen_selection | h=1m | gaussian_hmm | K=7 | seed=42
[2026-09-18 12:24:42] DONE  screen_selection | h=1m | gaussian_hmm | K=7 | seed=42 | 296.4s | converged=False
[2026-09-18 12:24:42] START screen_selection | h=1m | gaussian_hmm | K=7 | seed=43
[2026-09-18 12:29:20] DONE  screen_selection | h=1m | gaussian_hmm | K=7 | seed=43 | 278.8s | converged=False
[2026-09-18 12:29:20] START screen_selection | h=1m | gaussian_hmm | K=7 | seed=44
[2026-09-18 12:34:16] DONE  screen_selection | h=1m | gaussian_hmm | K=7 | seed=44 | 296.1s | converged=False
[2026-09-18 12:35:09] SCREEN horizon 1m DONE | Gaussian-HMM K=7 | gain=0.123309
[2026-09-18 12:35:09] SCREEN horizon 2m START
[2026-09-18 12:35:10] START screen_selection | h=2m | gmm | K=2
[2026-09-18 12:35:11] DONE  screen_selection | h=2m | gmm | K=2 | 0.5s
[2026-09-18 12:35:11] START screen_selection | h=2m | gmm | K=3
[2026-09-18 12:35:12] DONE  screen_selection | h=2m | gmm | K=3 | 1.4s
[2026-09-18 12:35:13] START screen_selection | h=2m | gmm | K=4
[2026-09-18 12:35:24] DONE  screen_selection | h=2m | gmm | K=4 | 10.6s
[2026-09-18 12:35:24] START screen_selection | h=2m | gmm | K=5
[2026-09-18 12:35:24] DONE  screen_selection | h=2m | gmm | K=5 | 0.8s
[2026-09-18 12:35:24] START screen_selection | h=2m | gmm | K=6
[2026-09-18 12:35:25] DONE  screen_selection | h=2m | gmm | K=6 | 1.1s
[2026-09-18 12:35:25] START screen_selection | h=2m | gmm | K=7
[2026-09-18 12:35:26] DONE  screen_selection | h=2m | gmm | K=7 | 1.0s
[2026-09-18 12:35:27] START screen_selection | h=2m | gaussian_hmm | K=2 | seed=42
[2026-09-18 12:36:00] DONE  screen_selection | h=2m | gaussian_hmm | K=2 | seed=42 | 33.4s | converged=True
[2026-09-18 12:36:00] START screen_selection | h=2m | gaussian_hmm | K=2 | seed=43
[2026-09-18 12:36:38] DONE  screen_selection | h=2m | gaussian_hmm | K=2 | seed=43 | 38.5s | converged=True
[2026-09-18 12:36:38] START screen_selection | h=2m | gaussian_hmm | K=2 | seed=44
[2026-09-18 12:37:20] DONE  screen_selection | h=2m | gaussian_hmm | K=2 | seed=44 | 41.1s | converged=True
[2026-09-18 12:37:32] START screen_selection | h=2m | gaussian_hmm | K=3 | seed=42
[2026-09-18 12:38:40] DONE  screen_selection | h=2m | gaussian_hmm | K=3 | seed=42 | 67.4s | converged=True
[2026-09-18 12:38:40] START screen_selection | h=2m | gaussian_hmm | K=3 | seed=43
[2026-09-18 12:40:00] DONE  screen_selection | h=2m | gaussian_hmm | K=3 | seed=43 | 79.7s | converged=True
[2026-09-18 12:40:00] START screen_selection | h=2m | gaussian_hmm | K=3 | seed=44
[2026-09-18 12:41:03] DONE  screen_selection | h=2m | gaussian_hmm | K=3 | seed=44 | 63.4s | converged=True
[2026-09-18 12:41:16] START screen_selection | h=2m | gaussian_hmm | K=4 | seed=42
[2026-09-18 12:43:29] DONE  screen_selection | h=2m | gaussian_hmm | K=4 | seed=42 | 133.0s | converged=False
[2026-09-18 12:43:29] START screen_selection | h=2m | gaussian_hmm | K=4 | seed=43
[2026-09-18 12:45:41] DONE  screen_selection | h=2m | gaussian_hmm | K=4 | seed=43 | 131.8s | converged=False
[2026-09-18 12:45:41] START screen_selection | h=2m | gaussian_hmm | K=4 | seed=44
[2026-09-18 12:47:40] DONE  screen_selection | h=2m | gaussian_hmm | K=4 | seed=44 | 119.6s | converged=False
[2026-09-18 12:47:54] START screen_selection | h=2m | gaussian_hmm | K=5 | seed=42
[2026-09-18 12:50:00] DONE  screen_selection | h=2m | gaussian_hmm | K=5 | seed=42 | 125.9s | converged=False
[2026-09-18 12:50:00] START screen_selection | h=2m | gaussian_hmm | K=5 | seed=43
[2026-09-18 12:51:57] DONE  screen_selection | h=2m | gaussian_hmm | K=5 | seed=43 | 117.6s | converged=False
[2026-09-18 12:51:57] START screen_selection | h=2m | gaussian_hmm | K=5 | seed=44
[2026-09-18 12:54:01] DONE  screen_selection | h=2m | gaussian_hmm | K=5 | seed=44 | 124.1s | converged=False
[2026-09-18 12:54:19] START screen_selection | h=2m | gaussian_hmm | K=6 | seed=42
[2026-09-18 12:56:27] DONE  screen_selection | h=2m | gaussian_hmm | K=6 | seed=42 | 128.2s | converged=False
[2026-09-18 12:56:27] START screen_selection | h=2m | gaussian_hmm | K=6 | seed=43
[2026-09-18 12:58:25] DONE  screen_selection | h=2m | gaussian_hmm | K=6 | seed=43 | 117.6s | converged=False
[2026-09-18 12:58:25] START screen_selection | h=2m | gaussian_hmm | K=6 | seed=44
[2026-09-18 13:00:28] DONE  screen_selection | h=2m | gaussian_hmm | K=6 | seed=44 | 123.1s | converged=False
[2026-09-18 13:00:41] START screen_selection | h=2m | gaussian_hmm | K=7 | seed=42
[2026-09-18 13:02:55] DONE  screen_selection | h=2m | gaussian_hmm | K=7 | seed=42 | 133.2s | converged=True
[2026-09-18 13:02:55] START screen_selection | h=2m | gaussian_hmm | K=7 | seed=43
[2026-09-18 13:05:00] DONE  screen_selection | h=2m | gaussian_hmm | K=7 | seed=43 | 125.1s | converged=True
[2026-09-18 13:05:00] START screen_selection | h=2m | gaussian_hmm | K=7 | seed=44
[2026-09-18 13:07:08] DONE  screen_selection | h=2m | gaussian_hmm | K=7 | seed=44 | 128.7s | converged=True
[2026-09-18 13:07:20] SCREEN horizon 2m DONE | Gaussian-HMM K=7 | gain=0.116188
[2026-09-18 13:07:20] CONFIRM horizon 1m | student_t_shared START
[2026-09-18 13:07:21] START confirm_selection | h=1m | student_t_shared | K=2 | seed=62
[2026-09-18 13:11:09] DONE  confirm_selection | h=1m | student_t_shared | K=2 | seed=62 | 228.0s | converged=True
[2026-09-18 13:11:09] START confirm_selection | h=1m | student_t_shared | K=2 | seed=63
[2026-09-18 13:15:16] DONE  confirm_selection | h=1m | student_t_shared | K=2 | seed=63 | 247.3s | converged=True
[2026-09-18 13:15:16] START confirm_selection | h=1m | student_t_shared | K=2 | seed=64
[2026-09-18 13:19:40] DONE  confirm_selection | h=1m | student_t_shared | K=2 | seed=64 | 264.2s | converged=True
[2026-09-18 13:20:06] START confirm_selection | h=1m | student_t_shared | K=3 | seed=62
[2026-09-18 13:24:54] DONE  confirm_selection | h=1m | student_t_shared | K=3 | seed=62 | 289.0s | converged=True
[2026-09-18 13:24:54] START confirm_selection | h=1m | student_t_shared | K=3 | seed=63
[2026-09-18 13:29:45] DONE  confirm_selection | h=1m | student_t_shared | K=3 | seed=63 | 290.8s | converged=True
[2026-09-18 13:29:45] START confirm_selection | h=1m | student_t_shared | K=3 | seed=64
[2026-09-18 13:34:42] DONE  confirm_selection | h=1m | student_t_shared | K=3 | seed=64 | 296.6s | converged=True
[2026-09-18 13:35:16] START confirm_selection | h=1m | student_t_shared | K=4 | seed=62
[2026-09-18 13:40:14] DONE  confirm_selection | h=1m | student_t_shared | K=4 | seed=62 | 298.7s | converged=True
[2026-09-18 13:40:14] START confirm_selection | h=1m | student_t_shared | K=4 | seed=63
[2026-09-18 13:45:17] DONE  confirm_selection | h=1m | student_t_shared | K=4 | seed=63 | 302.8s | converged=True
[2026-09-18 13:45:17] START confirm_selection | h=1m | student_t_shared | K=4 | seed=64
[2026-09-18 13:50:13] DONE  confirm_selection | h=1m | student_t_shared | K=4 | seed=64 | 295.9s | converged=True
[2026-09-18 13:50:47] START confirm_selection | h=1m | student_t_shared | K=5 | seed=62
[2026-09-18 13:55:47] DONE  confirm_selection | h=1m | student_t_shared | K=5 | seed=62 | 300.1s | converged=True
[2026-09-18 13:55:47] START confirm_selection | h=1m | student_t_shared | K=5 | seed=63
[2026-09-18 14:00:37] DONE  confirm_selection | h=1m | student_t_shared | K=5 | seed=63 | 289.2s | converged=True
[2026-09-18 14:00:37] START confirm_selection | h=1m | student_t_shared | K=5 | seed=64
[2026-09-18 14:05:38] DONE  confirm_selection | h=1m | student_t_shared | K=5 | seed=64 | 301.4s | converged=True
[2026-09-18 14:06:05] START confirm_selection | h=1m | student_t_shared | K=6 | seed=62
[2026-09-18 14:10:51] DONE  confirm_selection | h=1m | student_t_shared | K=6 | seed=62 | 286.5s | converged=True
[2026-09-18 14:10:51] START confirm_selection | h=1m | student_t_shared | K=6 | seed=63
[2026-09-18 14:15:50] DONE  confirm_selection | h=1m | student_t_shared | K=6 | seed=63 | 298.9s | converged=True
[2026-09-18 14:15:50] START confirm_selection | h=1m | student_t_shared | K=6 | seed=64
[2026-09-18 14:20:29] DONE  confirm_selection | h=1m | student_t_shared | K=6 | seed=64 | 278.3s | converged=True
[2026-09-18 14:20:56] START confirm_selection | h=1m | student_t_shared | K=7 | seed=62
[2026-09-18 14:25:52] DONE  confirm_selection | h=1m | student_t_shared | K=7 | seed=62 | 295.6s | converged=True
[2026-09-18 14:25:52] START confirm_selection | h=1m | student_t_shared | K=7 | seed=63
[2026-09-18 14:30:52] DONE  confirm_selection | h=1m | student_t_shared | K=7 | seed=63 | 300.0s | converged=True
[2026-09-18 14:30:52] START confirm_selection | h=1m | student_t_shared | K=7 | seed=64
[2026-09-18 14:36:04] DONE  confirm_selection | h=1m | student_t_shared | K=7 | seed=64 | 312.0s | converged=True
[2026-09-18 14:36:32] CONFIRM horizon 1m | student_t_shared DONE | K=7
[2026-09-18 14:36:32] CONFIRM horizon 1m | student_t_state START
[2026-09-18 14:36:32] START confirm_selection | h=1m | student_t_state | K=2 | seed=62
[2026-09-18 14:41:36] DONE  confirm_selection | h=1m | student_t_state | K=2 | seed=62 | 304.1s | converged=True
[2026-09-18 14:41:36] START confirm_selection | h=1m | student_t_state | K=2 | seed=63
[2026-09-18 14:45:49] DONE  confirm_selection | h=1m | student_t_state | K=2 | seed=63 | 252.7s | converged=True
[2026-09-18 14:45:49] START confirm_selection | h=1m | student_t_state | K=2 | seed=64
[2026-09-18 14:50:21] DONE  confirm_selection | h=1m | student_t_state | K=2 | seed=64 | 272.7s | converged=True
[2026-09-18 14:51:00] START confirm_selection | h=1m | student_t_state | K=3 | seed=62
[2026-09-18 14:55:47] DONE  confirm_selection | h=1m | student_t_state | K=3 | seed=62 | 287.7s | converged=True
[2026-09-18 14:55:47] START confirm_selection | h=1m | student_t_state | K=3 | seed=63
[2026-09-18 15:00:26] DONE  confirm_selection | h=1m | student_t_state | K=3 | seed=63 | 278.2s | converged=True
[2026-09-18 15:00:26] START confirm_selection | h=1m | student_t_state | K=3 | seed=64
[2026-09-18 15:05:28] DONE  confirm_selection | h=1m | student_t_state | K=3 | seed=64 | 302.3s | converged=True
[2026-09-18 15:06:01] START confirm_selection | h=1m | student_t_state | K=4 | seed=62
[2026-09-18 15:11:01] DONE  confirm_selection | h=1m | student_t_state | K=4 | seed=62 | 300.6s | converged=True
[2026-09-18 15:11:01] START confirm_selection | h=1m | student_t_state | K=4 | seed=63
[2026-09-18 15:16:09] DONE  confirm_selection | h=1m | student_t_state | K=4 | seed=63 | 308.1s | converged=True
[2026-09-18 15:16:09] START confirm_selection | h=1m | student_t_state | K=4 | seed=64
[2026-09-18 15:20:50] DONE  confirm_selection | h=1m | student_t_state | K=4 | seed=64 | 280.9s | converged=True
[2026-09-18 15:21:34] START confirm_selection | h=1m | student_t_state | K=5 | seed=62
[2026-09-18 15:26:35] DONE  confirm_selection | h=1m | student_t_state | K=5 | seed=62 | 301.7s | converged=True
[2026-09-18 15:26:35] START confirm_selection | h=1m | student_t_state | K=5 | seed=63
[2026-09-18 15:31:31] DONE  confirm_selection | h=1m | student_t_state | K=5 | seed=63 | 295.5s | converged=True
[2026-09-18 15:31:31] START confirm_selection | h=1m | student_t_state | K=5 | seed=64
[2026-09-18 15:36:19] DONE  confirm_selection | h=1m | student_t_state | K=5 | seed=64 | 288.5s | converged=True
[2026-09-18 15:36:52] START confirm_selection | h=1m | student_t_state | K=6 | seed=62
[2026-09-18 15:41:55] DONE  confirm_selection | h=1m | student_t_state | K=6 | seed=62 | 303.0s | converged=True
[2026-09-18 15:41:55] START confirm_selection | h=1m | student_t_state | K=6 | seed=63
[2026-09-18 15:46:48] DONE  confirm_selection | h=1m | student_t_state | K=6 | seed=63 | 293.1s | converged=True
[2026-09-18 15:46:48] START confirm_selection | h=1m | student_t_state | K=6 | seed=64
[2026-09-18 15:51:44] DONE  confirm_selection | h=1m | student_t_state | K=6 | seed=64 | 295.8s | converged=True
[2026-09-18 15:52:12] START confirm_selection | h=1m | student_t_state | K=7 | seed=62
[2026-09-18 15:57:14] DONE  confirm_selection | h=1m | student_t_state | K=7 | seed=62 | 301.8s | converged=True
[2026-09-18 15:57:14] START confirm_selection | h=1m | student_t_state | K=7 | seed=63
[2026-09-18 16:02:16] DONE  confirm_selection | h=1m | student_t_state | K=7 | seed=63 | 302.7s | converged=False
[2026-09-18 16:02:16] START confirm_selection | h=1m | student_t_state | K=7 | seed=64
[2026-09-18 16:07:20] DONE  confirm_selection | h=1m | student_t_state | K=7 | seed=64 | 303.8s | converged=True
[2026-09-18 16:07:46] CONFIRM horizon 1m | student_t_state DONE | K=7
[2026-09-18 16:07:46] CONFIRM horizon 2m | student_t_shared START
[2026-09-18 16:07:46] START confirm_selection | h=2m | student_t_shared | K=2 | seed=62
[2026-09-18 16:09:11] DONE  confirm_selection | h=2m | student_t_shared | K=2 | seed=62 | 85.1s | converged=True
[2026-09-18 16:09:11] START confirm_selection | h=2m | student_t_shared | K=2 | seed=63
[2026-09-18 16:10:30] DONE  confirm_selection | h=2m | student_t_shared | K=2 | seed=63 | 78.5s | converged=True
[2026-09-18 16:10:30] START confirm_selection | h=2m | student_t_shared | K=2 | seed=64
[2026-09-18 16:12:13] DONE  confirm_selection | h=2m | student_t_shared | K=2 | seed=64 | 103.7s | converged=True
[2026-09-18 16:12:27] START confirm_selection | h=2m | student_t_shared | K=3 | seed=62
[2026-09-18 16:14:45] DONE  confirm_selection | h=2m | student_t_shared | K=3 | seed=62 | 137.4s | converged=False
[2026-09-18 16:14:45] START confirm_selection | h=2m | student_t_shared | K=3 | seed=63
[2026-09-18 16:16:49] DONE  confirm_selection | h=2m | student_t_shared | K=3 | seed=63 | 123.9s | converged=False
[2026-09-18 16:16:49] START confirm_selection | h=2m | student_t_shared | K=3 | seed=64
[2026-09-18 16:18:53] DONE  confirm_selection | h=2m | student_t_shared | K=3 | seed=64 | 124.5s | converged=False
[2026-09-18 16:19:19] START confirm_selection | h=2m | student_t_shared | K=4 | seed=62
[2026-09-18 16:21:44] DONE  confirm_selection | h=2m | student_t_shared | K=4 | seed=62 | 144.6s | converged=False
[2026-09-18 16:21:44] START confirm_selection | h=2m | student_t_shared | K=4 | seed=63
[2026-09-18 16:23:50] DONE  confirm_selection | h=2m | student_t_shared | K=4 | seed=63 | 126.7s | converged=True
[2026-09-18 16:23:50] START confirm_selection | h=2m | student_t_shared | K=4 | seed=64
[2026-09-18 16:25:45] DONE  confirm_selection | h=2m | student_t_shared | K=4 | seed=64 | 114.9s | converged=True
[2026-09-18 16:26:15] START confirm_selection | h=2m | student_t_shared | K=5 | seed=62
[2026-09-18 16:28:26] DONE  confirm_selection | h=2m | student_t_shared | K=5 | seed=62 | 130.8s | converged=False
[2026-09-18 16:28:26] START confirm_selection | h=2m | student_t_shared | K=5 | seed=63
[2026-09-18 16:30:28] DONE  confirm_selection | h=2m | student_t_shared | K=5 | seed=63 | 122.7s | converged=False
[2026-09-18 16:30:28] START confirm_selection | h=2m | student_t_shared | K=5 | seed=64
[2026-09-18 16:32:18] DONE  confirm_selection | h=2m | student_t_shared | K=5 | seed=64 | 110.2s | converged=False
[2026-09-18 16:32:32] START confirm_selection | h=2m | student_t_shared | K=6 | seed=62
[2026-09-18 16:34:36] DONE  confirm_selection | h=2m | student_t_shared | K=6 | seed=62 | 123.4s | converged=False
[2026-09-18 16:34:36] START confirm_selection | h=2m | student_t_shared | K=6 | seed=63
[2026-09-18 16:36:46] DONE  confirm_selection | h=2m | student_t_shared | K=6 | seed=63 | 130.2s | converged=False
[2026-09-18 16:36:46] START confirm_selection | h=2m | student_t_shared | K=6 | seed=64
[2026-09-18 16:38:47] DONE  confirm_selection | h=2m | student_t_shared | K=6 | seed=64 | 120.7s | converged=False
[2026-09-18 16:39:01] START confirm_selection | h=2m | student_t_shared | K=7 | seed=62
[2026-09-18 16:41:04] DONE  confirm_selection | h=2m | student_t_shared | K=7 | seed=62 | 123.5s | converged=False
[2026-09-18 16:41:04] START confirm_selection | h=2m | student_t_shared | K=7 | seed=63
[2026-09-18 16:43:08] DONE  confirm_selection | h=2m | student_t_shared | K=7 | seed=63 | 123.4s | converged=False
[2026-09-18 16:43:08] START confirm_selection | h=2m | student_t_shared | K=7 | seed=64
[2026-09-18 16:45:25] DONE  confirm_selection | h=2m | student_t_shared | K=7 | seed=64 | 137.7s | converged=False
[2026-09-18 16:45:51] CONFIRM horizon 2m | student_t_shared DONE | K=5
[2026-09-18 16:45:51] CONFIRM horizon 2m | student_t_state START
[2026-09-18 16:45:51] START confirm_selection | h=2m | student_t_state | K=2 | seed=62
[2026-09-18 16:47:44] DONE  confirm_selection | h=2m | student_t_state | K=2 | seed=62 | 113.1s | converged=True
[2026-09-18 16:47:44] START confirm_selection | h=2m | student_t_state | K=2 | seed=63
[2026-09-18 16:49:47] DONE  confirm_selection | h=2m | student_t_state | K=2 | seed=63 | 122.4s | converged=True
[2026-09-18 16:49:47] START confirm_selection | h=2m | student_t_state | K=2 | seed=64
[2026-09-18 16:51:43] DONE  confirm_selection | h=2m | student_t_state | K=2 | seed=64 | 115.8s | converged=True
[2026-09-18 16:52:00] START confirm_selection | h=2m | student_t_state | K=3 | seed=62
[2026-09-18 16:53:52] DONE  confirm_selection | h=2m | student_t_state | K=3 | seed=62 | 112.3s | converged=True
[2026-09-18 16:53:52] START confirm_selection | h=2m | student_t_state | K=3 | seed=63
[2026-09-18 16:55:45] DONE  confirm_selection | h=2m | student_t_state | K=3 | seed=63 | 113.5s | converged=True
[2026-09-18 16:55:45] START confirm_selection | h=2m | student_t_state | K=3 | seed=64
[2026-09-18 16:57:53] DONE  confirm_selection | h=2m | student_t_state | K=3 | seed=64 | 127.5s | converged=True
[2026-09-18 16:58:05] START confirm_selection | h=2m | student_t_state | K=4 | seed=62
[2026-09-18 16:59:59] DONE  confirm_selection | h=2m | student_t_state | K=4 | seed=62 | 113.6s | converged=True
[2026-09-18 16:59:59] START confirm_selection | h=2m | student_t_state | K=4 | seed=63
[2026-09-18 17:01:53] DONE  confirm_selection | h=2m | student_t_state | K=4 | seed=63 | 113.6s | converged=True
[2026-09-18 17:01:53] START confirm_selection | h=2m | student_t_state | K=4 | seed=64
[2026-09-18 17:03:52] DONE  confirm_selection | h=2m | student_t_state | K=4 | seed=64 | 119.5s | converged=True
[2026-09-18 17:04:08] START confirm_selection | h=2m | student_t_state | K=5 | seed=62
[2026-09-18 17:06:01] DONE  confirm_selection | h=2m | student_t_state | K=5 | seed=62 | 112.8s | converged=True
[2026-09-18 17:06:01] START confirm_selection | h=2m | student_t_state | K=5 | seed=63
[2026-09-18 17:07:50] DONE  confirm_selection | h=2m | student_t_state | K=5 | seed=63 | 108.6s | converged=True
[2026-09-18 17:07:50] START confirm_selection | h=2m | student_t_state | K=5 | seed=64
[2026-09-18 17:09:56] DONE  confirm_selection | h=2m | student_t_state | K=5 | seed=64 | 126.4s | converged=True
[2026-09-18 17:10:17] START confirm_selection | h=2m | student_t_state | K=6 | seed=62
[2026-09-18 17:12:02] DONE  confirm_selection | h=2m | student_t_state | K=6 | seed=62 | 105.4s | converged=True
[2026-09-18 17:12:02] START confirm_selection | h=2m | student_t_state | K=6 | seed=63
[2026-09-18 17:14:07] DONE  confirm_selection | h=2m | student_t_state | K=6 | seed=63 | 124.5s | converged=True
[2026-09-18 17:14:07] START confirm_selection | h=2m | student_t_state | K=6 | seed=64
[2026-09-18 17:16:13] DONE  confirm_selection | h=2m | student_t_state | K=6 | seed=64 | 126.1s | converged=True
[2026-09-18 17:16:30] START confirm_selection | h=2m | student_t_state | K=7 | seed=62
[2026-09-18 17:18:47] DONE  confirm_selection | h=2m | student_t_state | K=7 | seed=62 | 136.6s | converged=True
[2026-09-18 17:18:47] START confirm_selection | h=2m | student_t_state | K=7 | seed=63
[2026-09-18 17:20:58] DONE  confirm_selection | h=2m | student_t_state | K=7 | seed=63 | 131.1s | converged=True
[2026-09-18 17:20:58] START confirm_selection | h=2m | student_t_state | K=7 | seed=64
[2026-09-18 17:23:09] DONE  confirm_selection | h=2m | student_t_state | K=7 | seed=64 | 131.0s | converged=True
[2026-09-18 17:23:22] CONFIRM horizon 2m | student_t_state DONE | K=7
[2026-09-18 17:23:26] REFIT horizon 1m | student_t | K=1 START
[2026-09-18 17:23:26] REFIT horizon 1m | student_t | K=1 DONE
[2026-09-18 17:23:26] REFIT horizon 1m | gaussian | K=1 START
[2026-09-18 17:23:26] REFIT horizon 1m | gaussian | K=1 DONE
[2026-09-18 17:23:26] REFIT horizon 1m | gmm | K=7 START
[2026-09-18 17:23:31] REFIT horizon 1m | gmm | K=7 DONE
[2026-09-18 17:23:31] REFIT horizon 1m | gaussian_hmm | K=7 START
[2026-09-18 17:23:31] START refit | h=1m | gaussian_hmm | K=7 | seed=142
[2026-09-18 17:39:22] DONE  refit | h=1m | gaussian_hmm | K=7 | seed=142 | 951.7s | converged=True
[2026-09-18 17:39:22] START refit | h=1m | gaussian_hmm | K=7 | seed=143
[2026-09-18 17:54:46] DONE  refit | h=1m | gaussian_hmm | K=7 | seed=143 | 923.7s | converged=True
[2026-09-18 17:54:46] START refit | h=1m | gaussian_hmm | K=7 | seed=144
[2026-09-18 18:09:54] DONE  refit | h=1m | gaussian_hmm | K=7 | seed=144 | 907.6s | converged=True
[2026-09-18 18:09:54] START refit | h=1m | gaussian_hmm | K=7 | seed=145
[2026-09-18 18:25:06] DONE  refit | h=1m | gaussian_hmm | K=7 | seed=145 | 912.8s | converged=True
[2026-09-18 18:25:06] START refit | h=1m | gaussian_hmm | K=7 | seed=146
[2026-09-18 18:39:45] DONE  refit | h=1m | gaussian_hmm | K=7 | seed=146 | 878.8s | converged=True
[2026-09-18 18:40:16] REFIT horizon 1m | gaussian_hmm | K=7 DONE
[2026-09-18 18:40:16] REFIT horizon 1m | student_t_shared | K=7 START
[2026-09-18 18:40:16] START refit | h=1m | student_t_shared | K=7 | seed=142
[2026-09-18 18:53:44] DONE  refit | h=1m | student_t_shared | K=7 | seed=142 | 807.4s | converged=True
[2026-09-18 18:53:44] START refit | h=1m | student_t_shared | K=7 | seed=143
[2026-09-18 19:06:39] DONE  refit | h=1m | student_t_shared | K=7 | seed=143 | 775.3s | converged=True
[2026-09-18 19:06:39] START refit | h=1m | student_t_shared | K=7 | seed=144
[2026-09-18 19:20:40] DONE  refit | h=1m | student_t_shared | K=7 | seed=144 | 841.2s | converged=True
[2026-09-18 19:20:40] START refit | h=1m | student_t_shared | K=7 | seed=145
[2026-09-18 19:33:25] DONE  refit | h=1m | student_t_shared | K=7 | seed=145 | 764.7s | converged=True
[2026-09-18 19:33:25] START refit | h=1m | student_t_shared | K=7 | seed=146
[2026-09-18 19:47:27] DONE  refit | h=1m | student_t_shared | K=7 | seed=146 | 842.1s | converged=True
[2026-09-18 19:48:14] REFIT horizon 1m | student_t_shared | K=7 DONE
[2026-09-18 19:48:14] REFIT horizon 1m | student_t_state | K=7 START
[2026-09-18 19:48:14] START refit | h=1m | student_t_state | K=7 | seed=142
[2026-09-18 20:03:49] DONE  refit | h=1m | student_t_state | K=7 | seed=142 | 934.3s | converged=True
[2026-09-18 20:03:49] START refit | h=1m | student_t_state | K=7 | seed=143
[2026-09-18 20:18:32] DONE  refit | h=1m | student_t_state | K=7 | seed=143 | 883.9s | converged=True
[2026-09-18 20:18:32] START refit | h=1m | student_t_state | K=7 | seed=144
[2026-09-18 20:33:27] DONE  refit | h=1m | student_t_state | K=7 | seed=144 | 894.7s | converged=True
[2026-09-18 20:33:27] START refit | h=1m | student_t_state | K=7 | seed=145
[2026-09-18 20:48:01] DONE  refit | h=1m | student_t_state | K=7 | seed=145 | 873.4s | converged=True
[2026-09-18 20:48:01] START refit | h=1m | student_t_state | K=7 | seed=146
[2026-09-18 21:03:03] DONE  refit | h=1m | student_t_state | K=7 | seed=146 | 902.2s | converged=True
[2026-09-18 21:03:35] REFIT horizon 1m | student_t_state | K=7 DONE
[2026-09-18 21:03:37] REFIT horizon 2m | student_t | K=1 START
[2026-09-18 21:03:37] REFIT horizon 2m | student_t | K=1 DONE
[2026-09-18 21:03:37] REFIT horizon 2m | gaussian | K=1 START
[2026-09-18 21:03:37] REFIT horizon 2m | gaussian | K=1 DONE
[2026-09-18 21:03:37] REFIT horizon 2m | gmm | K=7 START
[2026-09-18 21:03:39] REFIT horizon 2m | gmm | K=7 DONE
[2026-09-18 21:03:39] REFIT horizon 2m | gaussian_hmm | K=7 START
[2026-09-18 21:03:39] START refit | h=2m | gaussian_hmm | K=7 | seed=142
[2026-09-18 21:10:22] DONE  refit | h=2m | gaussian_hmm | K=7 | seed=142 | 402.8s | converged=True
[2026-09-18 21:10:22] START refit | h=2m | gaussian_hmm | K=7 | seed=143
[2026-09-18 21:17:31] DONE  refit | h=2m | gaussian_hmm | K=7 | seed=143 | 429.7s | converged=True
[2026-09-18 21:17:31] START refit | h=2m | gaussian_hmm | K=7 | seed=144
[2026-09-18 21:23:46] DONE  refit | h=2m | gaussian_hmm | K=7 | seed=144 | 374.4s | converged=True
[2026-09-18 21:23:46] START refit | h=2m | gaussian_hmm | K=7 | seed=145
[2026-09-18 21:30:28] DONE  refit | h=2m | gaussian_hmm | K=7 | seed=145 | 401.6s | converged=True
[2026-09-18 21:30:28] START refit | h=2m | gaussian_hmm | K=7 | seed=146
[2026-09-18 21:37:13] DONE  refit | h=2m | gaussian_hmm | K=7 | seed=146 | 405.9s | converged=True
[2026-09-18 21:37:30] REFIT horizon 2m | gaussian_hmm | K=7 DONE
[2026-09-18 21:37:30] REFIT horizon 2m | student_t_shared | K=5 START
[2026-09-18 21:37:30] START refit | h=2m | student_t_shared | K=5 | seed=142
[2026-09-18 21:43:41] DONE  refit | h=2m | student_t_shared | K=5 | seed=142 | 371.0s | converged=True
[2026-09-18 21:43:41] START refit | h=2m | student_t_shared | K=5 | seed=143
[2026-09-18 21:48:45] DONE  refit | h=2m | student_t_shared | K=5 | seed=143 | 303.7s | converged=True
[2026-09-18 21:48:45] START refit | h=2m | student_t_shared | K=5 | seed=144
[2026-09-18 21:55:03] DONE  refit | h=2m | student_t_shared | K=5 | seed=144 | 378.1s | converged=True
[2026-09-18 21:55:03] START refit | h=2m | student_t_shared | K=5 | seed=145
[2026-09-18 22:00:48] DONE  refit | h=2m | student_t_shared | K=5 | seed=145 | 344.9s | converged=True
[2026-09-18 22:00:48] START refit | h=2m | student_t_shared | K=5 | seed=146
[2026-09-18 22:06:05] DONE  refit | h=2m | student_t_shared | K=5 | seed=146 | 317.3s | converged=True
[2026-09-18 22:06:20] REFIT horizon 2m | student_t_shared | K=5 DONE
[2026-09-18 22:06:20] REFIT horizon 2m | student_t_state | K=7 START
[2026-09-18 22:06:20] START refit | h=2m | student_t_state | K=7 | seed=142
Running immutable CUDA job policy_session__f08_09
[2026-09-19 03:14:04] LOAD source data START
[2026-09-19 03:14:05] LOAD source data DONE | rows=525,635
[2026-09-19 03:14:05] AUDIT timestamp/rollover START
[2026-09-19 03:14:05] AUDIT timestamp/rollover DONE
[2026-09-19 03:14:05] BUILD returns START | horizons=[1, 2]
[2026-09-19 03:14:17] BUILD returns DONE | 1m=518,222, 2m=258,485
Resume fold 9/2
[2026-09-19 03:14:18] FOLD 10/2 START
[2026-09-19 03:14:18] SCREEN horizon 1m START
[2026-09-19 03:14:18] SCREEN horizon 1m DONE | Gaussian-HMM K=7 | gain=0.123309
[2026-09-19 03:14:18] SCREEN horizon 2m START
[2026-09-19 03:14:18] SCREEN horizon 2m DONE | Gaussian-HMM K=7 | gain=0.116188
[2026-09-19 03:14:18] CONFIRM horizon 1m | student_t_shared START
[2026-09-19 03:14:18] CONFIRM horizon 1m | student_t_shared DONE | K=7
[2026-09-19 03:14:18] CONFIRM horizon 1m | student_t_state START
[2026-09-19 03:14:18] CONFIRM horizon 1m | student_t_state DONE | K=7
[2026-09-19 03:14:18] CONFIRM horizon 2m | student_t_shared START
[2026-09-19 03:14:18] CONFIRM horizon 2m | student_t_shared DONE | K=5
[2026-09-19 03:14:18] CONFIRM horizon 2m | student_t_state START
[2026-09-19 03:14:18] CONFIRM horizon 2m | student_t_state DONE | K=7
[2026-09-19 03:14:22] REFIT horizon 1m | student_t | K=1 START
[2026-09-19 03:14:22] REFIT horizon 1m | student_t | K=1 DONE
[2026-09-19 03:14:22] REFIT horizon 1m | gaussian | K=1 START
[2026-09-19 03:14:22] REFIT horizon 1m | gaussian | K=1 DONE
[2026-09-19 03:14:22] REFIT horizon 1m | gmm | K=7 START
[2026-09-19 03:14:22] REFIT horizon 1m | gmm | K=7 DONE
[2026-09-19 03:14:22] REFIT horizon 1m | gaussian_hmm | K=7 START
[2026-09-19 03:14:22] REFIT horizon 1m | gaussian_hmm | K=7 DONE
[2026-09-19 03:14:22] REFIT horizon 1m | student_t_shared | K=7 START
[2026-09-19 03:14:22] REFIT horizon 1m | student_t_shared | K=7 DONE
[2026-09-19 03:14:22] REFIT horizon 1m | student_t_state | K=7 START
[2026-09-19 03:14:22] REFIT horizon 1m | student_t_state | K=7 DONE
[2026-09-19 03:14:24] REFIT horizon 2m | student_t | K=1 START
[2026-09-19 03:14:24] REFIT horizon 2m | student_t | K=1 DONE
[2026-09-19 03:14:24] REFIT horizon 2m | gaussian | K=1 START
[2026-09-19 03:14:24] REFIT horizon 2m | gaussian | K=1 DONE
[2026-09-19 03:14:24] REFIT horizon 2m | gmm | K=7 START
[2026-09-19 03:14:24] REFIT horizon 2m | gmm | K=7 DONE
[2026-09-19 03:14:24] REFIT horizon 2m | gaussian_hmm | K=7 START
[2026-09-19 03:14:24] REFIT horizon 2m | gaussian_hmm | K=7 DONE
[2026-09-19 03:14:24] REFIT horizon 2m | student_t_shared | K=5 START
[2026-09-19 03:14:24] REFIT horizon 2m | student_t_shared | K=5 DONE
[2026-09-19 03:14:24] REFIT horizon 2m | student_t_state | K=7 START
[2026-09-19 03:14:24] START refit | h=2m | student_t_state | K=7 | seed=142
[2026-09-19 03:19:19] DONE  refit | h=2m | student_t_state | K=7 | seed=142 | 295.0s | converged=True
[2026-09-19 03:19:19] START refit | h=2m | student_t_state | K=7 | seed=143
[2026-09-19 03:25:45] DONE  refit | h=2m | student_t_state | K=7 | seed=143 | 386.4s | converged=True
[2026-09-19 03:25:45] START refit | h=2m | student_t_state | K=7 | seed=144
[2026-09-19 03:32:03] DONE  refit | h=2m | student_t_state | K=7 | seed=144 | 377.3s | converged=True
[2026-09-19 03:32:03] START refit | h=2m | student_t_state | K=7 | seed=145
[2026-09-19 03:38:11] DONE  refit | h=2m | student_t_state | K=7 | seed=145 | 368.2s | converged=True
[2026-09-19 03:38:11] START refit | h=2m | student_t_state | K=7 | seed=146
[2026-09-19 03:43:59] DONE  refit | h=2m | student_t_state | K=7 | seed=146 | 348.2s | converged=True
[2026-09-19 03:44:29] REFIT horizon 2m | student_t_state | K=7 DONE
[2026-09-19 03:44:29] FOLD 10/2 DONE
{
  "best_gaussian_horizon": 1,
  "runner_up_horizon": 2,
  "winner_vs_runner_mean": 0.013780678645676952,
  "winner_vs_runner_ci20": [
    0.006041361876180019,
    0.02059111542064068
  ],
  "bootstrap_horizon_advantage_conclusive": true,
  "winner_practical_convergence_rate": 1.0,
  "winner_k_upper_boundary_rate": 1.0,
  "preferred_research_horizon": 1,
  "lock_configuration_for_v1": false,
  "decision_vi": "\u01afu ti\u00ean khung 1 ph\u00fat, nh\u01b0ng ch\u01b0a kh\u00f3a c\u1ea5u h\u00ecnh cho v1 v\u00ec c\u1ed5ng K/h\u1ed9i t\u1ee5 ch\u01b0a \u0111\u1ea1t.",
  "best_mean_hmm_family": "student_t_shared",
  "preferred_hmm_family": "student_t_shared",
  "family_gain_vs_gaussian_ci20": [
    0.0009313482031529887,
    0.0054770650283494805
  ],
  "heavy_tail_replacement_conclusive": true,
  "family_fold_counts": {
    "student_t_shared": 2,
    "student_t_state": 2,
    "gaussian_hmm": 2
  }
}
Report: C:\Users\Admin\Downloads\ARSH_v0.5_CUDA_worker\runs_v05_revised\policy_session\policy_session__f08_09\report.html
