[2026-09-20 06:12:24] START screen_selection | h=1m | gmm | K=2
[2026-09-20 06:12:25] DONE  screen_selection | h=1m | gmm | K=2 | 1.1s
[2026-09-20 06:12:25] START screen_selection | h=1m | gmm | K=3
[2026-09-20 06:12:26] DONE  screen_selection | h=1m | gmm | K=3 | 1.3s
[2026-09-20 06:12:26] START screen_selection | h=1m | gmm | K=4
[2026-09-20 06:12:30] DONE  screen_selection | h=1m | gmm | K=4 | 3.5s
[2026-09-20 06:12:30] START screen_selection | h=1m | gmm | K=5
[2026-09-20 06:12:31] DONE  screen_selection | h=1m | gmm | K=5 | 1.9s
[2026-09-20 06:12:31] START screen_selection | h=1m | gmm | K=6
[2026-09-20 06:12:34] DONE  screen_selection | h=1m | gmm | K=6 | 2.3s
[2026-09-20 06:12:34] START screen_selection | h=1m | gmm | K=7
[2026-09-20 06:12:37] DONE  screen_selection | h=1m | gmm | K=7 | 3.4s
[2026-09-20 06:12:37] START screen_selection | h=1m | gaussian_hmm | K=2 | seed=42
[2026-09-20 06:14:41] DONE  screen_selection | h=1m | gaussian_hmm | K=2 | seed=42 | 123.7s | converged=True
[2026-09-20 06:14:41] START screen_selection | h=1m | gaussian_hmm | K=2 | seed=43
[2026-09-20 06:16:44] DONE  screen_selection | h=1m | gaussian_hmm | K=2 | seed=43 | 123.2s | converged=True
[2026-09-20 06:16:44] START screen_selection | h=1m | gaussian_hmm | K=2 | seed=44
[2026-09-20 06:18:46] DONE  screen_selection | h=1m | gaussian_hmm | K=2 | seed=44 | 121.8s | converged=True
[2026-09-20 06:19:14] START screen_selection | h=1m | gaussian_hmm | K=3 | seed=42
[2026-09-20 06:23:05] DONE  screen_selection | h=1m | gaussian_hmm | K=3 | seed=42 | 231.1s | converged=True
[2026-09-20 06:23:05] START screen_selection | h=1m | gaussian_hmm | K=3 | seed=43
[2026-09-20 06:26:57] DONE  screen_selection | h=1m | gaussian_hmm | K=3 | seed=43 | 232.6s | converged=True
[2026-09-20 06:26:57] START screen_selection | h=1m | gaussian_hmm | K=3 | seed=44
[2026-09-20 06:30:46] DONE  screen_selection | h=1m | gaussian_hmm | K=3 | seed=44 | 228.8s | converged=True
[2026-09-20 06:31:23] START screen_selection | h=1m | gaussian_hmm | K=4 | seed=42
[2026-09-20 06:38:04] DONE  screen_selection | h=1m | gaussian_hmm | K=4 | seed=42 | 401.0s | converged=False
[2026-09-20 06:38:04] START screen_selection | h=1m | gaussian_hmm | K=4 | seed=43
[2026-09-20 06:44:35] DONE  screen_selection | h=1m | gaussian_hmm | K=4 | seed=43 | 391.3s | converged=False
[2026-09-20 06:44:35] START screen_selection | h=1m | gaussian_hmm | K=4 | seed=44
[2026-09-20 06:50:52] DONE  screen_selection | h=1m | gaussian_hmm | K=4 | seed=44 | 377.1s | converged=False
[2026-09-20 06:51:26] START screen_selection | h=1m | gaussian_hmm | K=5 | seed=42
[2026-09-20 06:57:54] DONE  screen_selection | h=1m | gaussian_hmm | K=5 | seed=42 | 387.7s | converged=True
[2026-09-20 06:57:54] START screen_selection | h=1m | gaussian_hmm | K=5 | seed=43
[2026-09-20 07:04:27] DONE  screen_selection | h=1m | gaussian_hmm | K=5 | seed=43 | 393.6s | converged=True
[2026-09-20 07:04:27] START screen_selection | h=1m | gaussian_hmm | K=5 | seed=44
[2026-09-20 07:10:40] DONE  screen_selection | h=1m | gaussian_hmm | K=5 | seed=44 | 372.2s | converged=True
[2026-09-20 07:11:20] START screen_selection | h=1m | gaussian_hmm | K=6 | seed=42
[2026-09-20 07:17:52] DONE  screen_selection | h=1m | gaussian_hmm | K=6 | seed=42 | 392.5s | converged=True
[2026-09-20 07:17:52] START screen_selection | h=1m | gaussian_hmm | K=6 | seed=43
[2026-09-20 07:24:14] DONE  screen_selection | h=1m | gaussian_hmm | K=6 | seed=43 | 382.2s | converged=False
[2026-09-20 07:24:14] START screen_selection | h=1m | gaussian_hmm | K=6 | seed=44
[2026-09-20 07:30:31] DONE  screen_selection | h=1m | gaussian_hmm | K=6 | seed=44 | 376.5s | converged=True
[2026-09-20 07:31:04] START screen_selection | h=1m | gaussian_hmm | K=7 | seed=42
[2026-09-20 07:37:38] DONE  screen_selection | h=1m | gaussian_hmm | K=7 | seed=42 | 394.0s | converged=True
[2026-09-20 07:37:38] START screen_selection | h=1m | gaussian_hmm | K=7 | seed=43
[2026-09-20 07:44:10] DONE  screen_selection | h=1m | gaussian_hmm | K=7 | seed=43 | 392.5s | converged=True
[2026-09-20 07:44:10] START screen_selection | h=1m | gaussian_hmm | K=7 | seed=44
[2026-09-20 07:50:00] DONE  screen_selection | h=1m | gaussian_hmm | K=7 | seed=44 | 349.8s | converged=True
[2026-09-20 07:50:34] START screen_selection | h=2m | gmm | K=2
[2026-09-20 07:50:34] DONE  screen_selection | h=2m | gmm | K=2 | 0.5s
[2026-09-20 07:50:34] START screen_selection | h=2m | gmm | K=3
[2026-09-20 07:50:35] DONE  screen_selection | h=2m | gmm | K=3 | 0.5s
[2026-09-20 07:50:35] START screen_selection | h=2m | gmm | K=4
[2026-09-20 07:50:36] DONE  screen_selection | h=2m | gmm | K=4 | 1.0s
[2026-09-20 07:50:36] START screen_selection | h=2m | gmm | K=5
[2026-09-20 07:50:39] DONE  screen_selection | h=2m | gmm | K=5 | 3.3s
[2026-09-20 07:50:39] START screen_selection | h=2m | gmm | K=6
[2026-09-20 07:50:42] DONE  screen_selection | h=2m | gmm | K=6 | 3.2s
[2026-09-20 07:50:42] START screen_selection | h=2m | gmm | K=7
[2026-09-20 07:50:46] DONE  screen_selection | h=2m | gmm | K=7 | 3.5s
[2026-09-20 07:50:46] START screen_selection | h=2m | gaussian_hmm | K=2 | seed=42
[2026-09-20 07:51:57] DONE  screen_selection | h=2m | gaussian_hmm | K=2 | seed=42 | 71.0s | converged=True
[2026-09-20 07:51:57] START screen_selection | h=2m | gaussian_hmm | K=2 | seed=43
[2026-09-20 07:52:53] DONE  screen_selection | h=2m | gaussian_hmm | K=2 | seed=43 | 55.6s | converged=True
[2026-09-20 07:52:53] START screen_selection | h=2m | gaussian_hmm | K=2 | seed=44
[2026-09-20 07:53:49] DONE  screen_selection | h=2m | gaussian_hmm | K=2 | seed=44 | 56.2s | converged=True
[2026-09-20 07:54:03] START screen_selection | h=2m | gaussian_hmm | K=3 | seed=42
[2026-09-20 07:55:44] DONE  screen_selection | h=2m | gaussian_hmm | K=3 | seed=42 | 100.2s | converged=True
[2026-09-20 07:55:44] START screen_selection | h=2m | gaussian_hmm | K=3 | seed=43
[2026-09-20 07:57:17] DONE  screen_selection | h=2m | gaussian_hmm | K=3 | seed=43 | 93.2s | converged=True
[2026-09-20 07:57:17] START screen_selection | h=2m | gaussian_hmm | K=3 | seed=44
[2026-09-20 07:58:49] DONE  screen_selection | h=2m | gaussian_hmm | K=3 | seed=44 | 92.0s | converged=True
[2026-09-20 07:59:06] START screen_selection | h=2m | gaussian_hmm | K=4 | seed=42
[2026-09-20 08:01:57] DONE  screen_selection | h=2m | gaussian_hmm | K=4 | seed=42 | 170.6s | converged=False
[2026-09-20 08:01:57] START screen_selection | h=2m | gaussian_hmm | K=4 | seed=43
[2026-09-20 08:04:52] DONE  screen_selection | h=2m | gaussian_hmm | K=4 | seed=43 | 175.1s | converged=False
[2026-09-20 08:04:52] START screen_selection | h=2m | gaussian_hmm | K=4 | seed=44
[2026-09-20 08:07:36] DONE  screen_selection | h=2m | gaussian_hmm | K=4 | seed=44 | 164.2s | converged=False
[2026-09-20 08:07:49] START screen_selection | h=2m | gaussian_hmm | K=5 | seed=42
[2026-09-20 08:10:36] DONE  screen_selection | h=2m | gaussian_hmm | K=5 | seed=42 | 167.5s | converged=True
[2026-09-20 08:10:36] START screen_selection | h=2m | gaussian_hmm | K=5 | seed=43
[2026-09-20 08:13:19] DONE  screen_selection | h=2m | gaussian_hmm | K=5 | seed=43 | 162.6s | converged=True
[2026-09-20 08:13:19] START screen_selection | h=2m | gaussian_hmm | K=5 | seed=44
[2026-09-20 08:15:59] DONE  screen_selection | h=2m | gaussian_hmm | K=5 | seed=44 | 160.4s | converged=True
[2026-09-20 08:16:20] START screen_selection | h=2m | gaussian_hmm | K=6 | seed=42
[2026-09-20 08:19:00] DONE  screen_selection | h=2m | gaussian_hmm | K=6 | seed=42 | 159.9s | converged=True
[2026-09-20 08:19:00] START screen_selection | h=2m | gaussian_hmm | K=6 | seed=43
[2026-09-20 08:21:40] DONE  screen_selection | h=2m | gaussian_hmm | K=6 | seed=43 | 160.1s | converged=False
[2026-09-20 08:21:40] START screen_selection | h=2m | gaussian_hmm | K=6 | seed=44
[2026-09-20 08:24:30] DONE  screen_selection | h=2m | gaussian_hmm | K=6 | seed=44 | 170.5s | converged=True
[2026-09-20 08:24:44] START screen_selection | h=2m | gaussian_hmm | K=7 | seed=42
[2026-09-20 08:27:40] DONE  screen_selection | h=2m | gaussian_hmm | K=7 | seed=42 | 175.5s | converged=True
[2026-09-20 08:27:40] START screen_selection | h=2m | gaussian_hmm | K=7 | seed=43
[2026-09-20 08:30:25] DONE  screen_selection | h=2m | gaussian_hmm | K=7 | seed=43 | 165.1s | converged=True
[2026-09-20 08:30:25] START screen_selection | h=2m | gaussian_hmm | K=7 | seed=44
[2026-09-20 08:33:09] DONE  screen_selection | h=2m | gaussian_hmm | K=7 | seed=44 | 164.7s | converged=True
[2026-09-20 08:33:30] START confirm_selection | h=1m | student_t_shared | K=2 | seed=62
[2026-09-20 08:38:41] DONE  confirm_selection | h=1m | student_t_shared | K=2 | seed=62 | 310.8s | converged=True
[2026-09-20 08:38:41] START confirm_selection | h=1m | student_t_shared | K=2 | seed=63
[2026-09-20 08:45:00] DONE  confirm_selection | h=1m | student_t_shared | K=2 | seed=63 | 378.8s | converged=True
[2026-09-20 08:45:00] START confirm_selection | h=1m | student_t_shared | K=2 | seed=64
[2026-09-20 08:50:30] DONE  confirm_selection | h=1m | student_t_shared | K=2 | seed=64 | 330.8s | converged=True
[2026-09-20 08:51:03] START confirm_selection | h=1m | student_t_shared | K=3 | seed=62
[2026-09-20 08:57:24] DONE  confirm_selection | h=1m | student_t_shared | K=3 | seed=62 | 381.5s | converged=True
[2026-09-20 08:57:24] START confirm_selection | h=1m | student_t_shared | K=3 | seed=63
[2026-09-20 09:03:34] DONE  confirm_selection | h=1m | student_t_shared | K=3 | seed=63 | 369.8s | converged=True
[2026-09-20 09:03:34] START confirm_selection | h=1m | student_t_shared | K=3 | seed=64
[2026-09-20 09:09:56] DONE  confirm_selection | h=1m | student_t_shared | K=3 | seed=64 | 382.5s | converged=True
[2026-09-20 09:10:36] START confirm_selection | h=1m | student_t_shared | K=4 | seed=62
[2026-09-20 09:16:54] DONE  confirm_selection | h=1m | student_t_shared | K=4 | seed=62 | 378.0s | converged=True
[2026-09-20 09:16:54] START confirm_selection | h=1m | student_t_shared | K=4 | seed=63
[2026-09-20 09:23:13] DONE  confirm_selection | h=1m | student_t_shared | K=4 | seed=63 | 378.9s | converged=True
[2026-09-20 09:23:13] START confirm_selection | h=1m | student_t_shared | K=4 | seed=64
[2026-09-20 09:29:18] DONE  confirm_selection | h=1m | student_t_shared | K=4 | seed=64 | 365.0s | converged=True
[2026-09-20 09:29:55] START confirm_selection | h=1m | student_t_shared | K=5 | seed=62
[2026-09-20 09:36:07] DONE  confirm_selection | h=1m | student_t_shared | K=5 | seed=62 | 371.5s | converged=True
[2026-09-20 09:36:07] START confirm_selection | h=1m | student_t_shared | K=5 | seed=63
[2026-09-20 09:42:15] DONE  confirm_selection | h=1m | student_t_shared | K=5 | seed=63 | 368.4s | converged=True
[2026-09-20 09:42:15] START confirm_selection | h=1m | student_t_shared | K=5 | seed=64
[2026-09-20 09:48:41] DONE  confirm_selection | h=1m | student_t_shared | K=5 | seed=64 | 386.3s | converged=True
[2026-09-20 09:49:24] START confirm_selection | h=1m | student_t_shared | K=6 | seed=62
[2026-09-20 09:55:30] DONE  confirm_selection | h=1m | student_t_shared | K=6 | seed=62 | 365.4s | converged=True
[2026-09-20 09:55:30] START confirm_selection | h=1m | student_t_shared | K=6 | seed=63
[2026-09-20 10:01:51] DONE  confirm_selection | h=1m | student_t_shared | K=6 | seed=63 | 381.2s | converged=True
[2026-09-20 10:01:51] START confirm_selection | h=1m | student_t_shared | K=6 | seed=64
[2026-09-20 10:08:01] DONE  confirm_selection | h=1m | student_t_shared | K=6 | seed=64 | 369.7s | converged=True
[2026-09-20 10:08:35] START confirm_selection | h=1m | student_t_shared | K=7 | seed=62
[2026-09-20 10:14:59] DONE  confirm_selection | h=1m | student_t_shared | K=7 | seed=62 | 383.2s | converged=False
[2026-09-20 10:14:59] START confirm_selection | h=1m | student_t_shared | K=7 | seed=63
[2026-09-20 10:21:18] DONE  confirm_selection | h=1m | student_t_shared | K=7 | seed=63 | 379.9s | converged=False
[2026-09-20 10:21:18] START confirm_selection | h=1m | student_t_shared | K=7 | seed=64
[2026-09-20 10:27:42] DONE  confirm_selection | h=1m | student_t_shared | K=7 | seed=64 | 384.0s | converged=False
[2026-09-20 10:28:14] START confirm_selection | h=1m | student_t_state | K=2 | seed=62
[2026-09-20 10:34:15] DONE  confirm_selection | h=1m | student_t_state | K=2 | seed=62 | 360.7s | converged=True
[2026-09-20 10:34:15] START confirm_selection | h=1m | student_t_state | K=2 | seed=63
[2026-09-20 10:39:05] DONE  confirm_selection | h=1m | student_t_state | K=2 | seed=63 | 289.9s | converged=True
[2026-09-20 10:39:05] START confirm_selection | h=1m | student_t_state | K=2 | seed=64
[2026-09-20 10:44:12] DONE  confirm_selection | h=1m | student_t_state | K=2 | seed=64 | 307.5s | converged=True
[2026-09-20 10:44:49] START confirm_selection | h=1m | student_t_state | K=3 | seed=62
[2026-09-20 10:50:53] DONE  confirm_selection | h=1m | student_t_state | K=3 | seed=62 | 364.2s | converged=True
[2026-09-20 10:50:53] START confirm_selection | h=1m | student_t_state | K=3 | seed=63
[2026-09-20 10:57:07] DONE  confirm_selection | h=1m | student_t_state | K=3 | seed=63 | 374.2s | converged=True
[2026-09-20 10:57:07] START confirm_selection | h=1m | student_t_state | K=3 | seed=64
[2026-09-20 11:03:04] DONE  confirm_selection | h=1m | student_t_state | K=3 | seed=64 | 357.1s | converged=True
[2026-09-20 11:03:36] START confirm_selection | h=1m | student_t_state | K=4 | seed=62
[2026-09-20 11:09:46] DONE  confirm_selection | h=1m | student_t_state | K=4 | seed=62 | 370.0s | converged=True
[2026-09-20 11:09:46] START confirm_selection | h=1m | student_t_state | K=4 | seed=63
[2026-09-20 11:15:47] DONE  confirm_selection | h=1m | student_t_state | K=4 | seed=63 | 360.7s | converged=True
[2026-09-20 11:15:47] START confirm_selection | h=1m | student_t_state | K=4 | seed=64
[2026-09-20 11:21:48] DONE  confirm_selection | h=1m | student_t_state | K=4 | seed=64 | 361.5s | converged=True
[2026-09-20 11:22:30] START confirm_selection | h=1m | student_t_state | K=5 | seed=62
[2026-09-20 11:28:40] DONE  confirm_selection | h=1m | student_t_state | K=5 | seed=62 | 369.5s | converged=True
[2026-09-20 11:28:40] START confirm_selection | h=1m | student_t_state | K=5 | seed=63
[2026-09-20 11:34:48] DONE  confirm_selection | h=1m | student_t_state | K=5 | seed=63 | 368.2s | converged=True
[2026-09-20 11:34:48] START confirm_selection | h=1m | student_t_state | K=5 | seed=64
[2026-09-20 11:41:09] DONE  confirm_selection | h=1m | student_t_state | K=5 | seed=64 | 380.7s | converged=True
[2026-09-20 11:41:50] START confirm_selection | h=1m | student_t_state | K=6 | seed=62
[2026-09-20 11:48:20] DONE  confirm_selection | h=1m | student_t_state | K=6 | seed=62 | 389.8s | converged=True
[2026-09-20 11:48:20] START confirm_selection | h=1m | student_t_state | K=6 | seed=63
[2026-09-20 11:54:40] DONE  confirm_selection | h=1m | student_t_state | K=6 | seed=63 | 379.8s | converged=True
[2026-09-20 11:54:40] START confirm_selection | h=1m | student_t_state | K=6 | seed=64
[2026-09-20 12:01:13] DONE  confirm_selection | h=1m | student_t_state | K=6 | seed=64 | 393.3s | converged=True
[2026-09-20 12:01:49] START confirm_selection | h=1m | student_t_state | K=7 | seed=62
[2026-09-20 12:08:18] DONE  confirm_selection | h=1m | student_t_state | K=7 | seed=62 | 389.8s | converged=False
[2026-09-20 12:08:18] START confirm_selection | h=1m | student_t_state | K=7 | seed=63
[2026-09-20 12:14:46] DONE  confirm_selection | h=1m | student_t_state | K=7 | seed=63 | 387.4s | converged=False
[2026-09-20 12:14:46] START confirm_selection | h=1m | student_t_state | K=7 | seed=64
[2026-09-20 12:21:10] DONE  confirm_selection | h=1m | student_t_state | K=7 | seed=64 | 384.5s | converged=False
[2026-09-20 12:21:44] START confirm_selection | h=2m | student_t_shared | K=2 | seed=62
[2026-09-20 12:23:30] DONE  confirm_selection | h=2m | student_t_shared | K=2 | seed=62 | 105.2s | converged=True
[2026-09-20 12:23:30] START confirm_selection | h=2m | student_t_shared | K=2 | seed=63
[2026-09-20 12:26:10] DONE  confirm_selection | h=2m | student_t_shared | K=2 | seed=63 | 160.0s | converged=True
[2026-09-20 12:26:10] START confirm_selection | h=2m | student_t_shared | K=2 | seed=64
[2026-09-20 12:27:59] DONE  confirm_selection | h=2m | student_t_shared | K=2 | seed=64 | 109.0s | converged=True
[2026-09-20 12:28:20] START confirm_selection | h=2m | student_t_shared | K=3 | seed=62
[2026-09-20 12:31:06] DONE  confirm_selection | h=2m | student_t_shared | K=3 | seed=62 | 165.9s | converged=True
[2026-09-20 12:31:06] START confirm_selection | h=2m | student_t_shared | K=3 | seed=63
[2026-09-20 12:34:02] DONE  confirm_selection | h=2m | student_t_shared | K=3 | seed=63 | 176.4s | converged=True
[2026-09-20 12:34:02] START confirm_selection | h=2m | student_t_shared | K=3 | seed=64
[2026-09-20 12:36:54] DONE  confirm_selection | h=2m | student_t_shared | K=3 | seed=64 | 171.8s | converged=True
[2026-09-20 12:37:08] START confirm_selection | h=2m | student_t_shared | K=4 | seed=62
[2026-09-20 12:39:55] DONE  confirm_selection | h=2m | student_t_shared | K=4 | seed=62 | 166.2s | converged=False
[2026-09-20 12:39:55] START confirm_selection | h=2m | student_t_shared | K=4 | seed=63
[2026-09-20 12:42:44] DONE  confirm_selection | h=2m | student_t_shared | K=4 | seed=63 | 169.3s | converged=False
[2026-09-20 12:42:44] START confirm_selection | h=2m | student_t_shared | K=4 | seed=64
[2026-09-20 12:45:24] DONE  confirm_selection | h=2m | student_t_shared | K=4 | seed=64 | 160.6s | converged=False
[2026-09-20 12:45:40] START confirm_selection | h=2m | student_t_shared | K=5 | seed=62
[2026-09-20 12:48:27] DONE  confirm_selection | h=2m | student_t_shared | K=5 | seed=62 | 167.9s | converged=True
[2026-09-20 12:48:27] START confirm_selection | h=2m | student_t_shared | K=5 | seed=63
[2026-09-20 12:51:13] DONE  confirm_selection | h=2m | student_t_shared | K=5 | seed=63 | 165.8s | converged=True
[2026-09-20 12:51:13] START confirm_selection | h=2m | student_t_shared | K=5 | seed=64
[2026-09-20 12:54:10] DONE  confirm_selection | h=2m | student_t_shared | K=5 | seed=64 | 177.2s | converged=True
[2026-09-20 12:54:32] START confirm_selection | h=2m | student_t_shared | K=6 | seed=62
[2026-09-20 12:57:17] DONE  confirm_selection | h=2m | student_t_shared | K=6 | seed=62 | 164.6s | converged=True
[2026-09-20 12:57:17] START confirm_selection | h=2m | student_t_shared | K=6 | seed=63
[2026-09-20 12:59:59] DONE  confirm_selection | h=2m | student_t_shared | K=6 | seed=63 | 162.3s | converged=True
[2026-09-20 12:59:59] START confirm_selection | h=2m | student_t_shared | K=6 | seed=64
[2026-09-20 13:02:32] DONE  confirm_selection | h=2m | student_t_shared | K=6 | seed=64 | 153.1s | converged=False
[2026-09-20 13:02:57] START confirm_selection | h=2m | student_t_shared | K=7 | seed=62
[2026-09-20 13:05:55] DONE  confirm_selection | h=2m | student_t_shared | K=7 | seed=62 | 178.0s | converged=True
[2026-09-20 13:05:55] START confirm_selection | h=2m | student_t_shared | K=7 | seed=63
[2026-09-20 13:08:38] DONE  confirm_selection | h=2m | student_t_shared | K=7 | seed=63 | 162.9s | converged=False
[2026-09-20 13:08:38] START confirm_selection | h=2m | student_t_shared | K=7 | seed=64
[2026-09-20 13:11:32] DONE  confirm_selection | h=2m | student_t_shared | K=7 | seed=64 | 174.0s | converged=False
[2026-09-20 13:11:50] START confirm_selection | h=2m | student_t_state | K=2 | seed=62
[2026-09-20 13:14:18] DONE  confirm_selection | h=2m | student_t_state | K=2 | seed=62 | 148.4s | converged=True
[2026-09-20 13:14:18] START confirm_selection | h=2m | student_t_state | K=2 | seed=63
[2026-09-20 13:16:31] DONE  confirm_selection | h=2m | student_t_state | K=2 | seed=63 | 133.1s | converged=True
[2026-09-20 13:16:31] START confirm_selection | h=2m | student_t_state | K=2 | seed=64
[2026-09-20 13:18:50] DONE  confirm_selection | h=2m | student_t_state | K=2 | seed=64 | 138.4s | converged=True
[2026-09-20 13:19:10] START confirm_selection | h=2m | student_t_state | K=3 | seed=62
[2026-09-20 13:21:59] DONE  confirm_selection | h=2m | student_t_state | K=3 | seed=62 | 169.2s | converged=True
[2026-09-20 13:21:59] START confirm_selection | h=2m | student_t_state | K=3 | seed=63
[2026-09-20 13:24:39] DONE  confirm_selection | h=2m | student_t_state | K=3 | seed=63 | 160.0s | converged=True
[2026-09-20 13:24:39] START confirm_selection | h=2m | student_t_state | K=3 | seed=64
[2026-09-20 13:27:16] DONE  confirm_selection | h=2m | student_t_state | K=3 | seed=64 | 157.4s | converged=True
[2026-09-20 13:27:41] START confirm_selection | h=2m | student_t_state | K=4 | seed=62
[2026-09-20 13:30:30] DONE  confirm_selection | h=2m | student_t_state | K=4 | seed=62 | 169.9s | converged=True
[2026-09-20 13:30:30] START confirm_selection | h=2m | student_t_state | K=4 | seed=63
[2026-09-20 13:33:07] DONE  confirm_selection | h=2m | student_t_state | K=4 | seed=63 | 156.1s | converged=True
[2026-09-20 13:33:07] START confirm_selection | h=2m | student_t_state | K=4 | seed=64
[2026-09-20 13:35:46] DONE  confirm_selection | h=2m | student_t_state | K=4 | seed=64 | 159.3s | converged=True
[2026-09-20 13:36:06] START confirm_selection | h=2m | student_t_state | K=5 | seed=62
[2026-09-20 13:38:54] DONE  confirm_selection | h=2m | student_t_state | K=5 | seed=62 | 168.8s | converged=True
[2026-09-20 13:38:54] START confirm_selection | h=2m | student_t_state | K=5 | seed=63
[2026-09-20 13:41:33] DONE  confirm_selection | h=2m | student_t_state | K=5 | seed=63 | 158.3s | converged=True
[2026-09-20 13:41:33] START confirm_selection | h=2m | student_t_state | K=5 | seed=64
[2026-09-20 13:44:17] DONE  confirm_selection | h=2m | student_t_state | K=5 | seed=64 | 164.2s | converged=True
[2026-09-20 13:44:32] START confirm_selection | h=2m | student_t_state | K=6 | seed=62
[2026-09-20 13:47:15] DONE  confirm_selection | h=2m | student_t_state | K=6 | seed=62 | 163.0s | converged=True
[2026-09-20 13:47:15] START confirm_selection | h=2m | student_t_state | K=6 | seed=63
[2026-09-20 13:50:05] DONE  confirm_selection | h=2m | student_t_state | K=6 | seed=63 | 170.1s | converged=True
[2026-09-20 13:50:05] START confirm_selection | h=2m | student_t_state | K=6 | seed=64
[2026-09-20 13:52:43] DONE  confirm_selection | h=2m | student_t_state | K=6 | seed=64 | 157.1s | converged=True
[2026-09-20 13:52:59] START confirm_selection | h=2m | student_t_state | K=7 | seed=62
[2026-09-20 13:55:52] DONE  confirm_selection | h=2m | student_t_state | K=7 | seed=62 | 173.5s | converged=True
[2026-09-20 13:55:52] START confirm_selection | h=2m | student_t_state | K=7 | seed=63
[2026-09-20 13:58:36] DONE  confirm_selection | h=2m | student_t_state | K=7 | seed=63 | 163.7s | converged=True
[2026-09-20 13:58:36] START confirm_selection | h=2m | student_t_state | K=7 | seed=64
[2026-09-20 14:01:20] DONE  confirm_selection | h=2m | student_t_state | K=7 | seed=64 | 164.2s | converged=True
[2026-09-20 14:02:00] START refit | h=1m | gaussian_hmm | K=7 | seed=142
[2026-09-20 14:21:23] DONE  refit | h=1m | gaussian_hmm | K=7 | seed=142 | 1162.5s | converged=True
[2026-09-20 14:21:23] START refit | h=1m | gaussian_hmm | K=7 | seed=143
[2026-09-20 14:40:19] DONE  refit | h=1m | gaussian_hmm | K=7 | seed=143 | 1136.3s | converged=True
[2026-09-20 14:40:19] START refit | h=1m | gaussian_hmm | K=7 | seed=144
[2026-09-20 14:59:24] DONE  refit | h=1m | gaussian_hmm | K=7 | seed=144 | 1145.0s | converged=True
[2026-09-20 14:59:24] START refit | h=1m | gaussian_hmm | K=7 | seed=145
[2026-09-20 17:49:06] CACHE refit | h=1m | gaussian_hmm | K=7 | seed=142
[2026-09-20 17:49:06] CACHE refit | h=1m | gaussian_hmm | K=7 | seed=143
[2026-09-20 17:49:06] CACHE refit | h=1m | gaussian_hmm | K=7 | seed=144
[2026-09-20 17:49:06] START refit | h=1m | gaussian_hmm | K=7 | seed=145
[2026-09-20 18:07:51] DONE  refit | h=1m | gaussian_hmm | K=7 | seed=145 | 1124.9s | converged=True
[2026-09-20 18:07:51] START refit | h=1m | gaussian_hmm | K=7 | seed=146
[2026-09-20 18:26:23] DONE  refit | h=1m | gaussian_hmm | K=7 | seed=146 | 1112.0s | converged=True
[2026-09-20 18:27:03] START refit | h=1m | student_t_shared | K=7 | seed=142
[2026-09-20 18:46:08] DONE  refit | h=1m | student_t_shared | K=7 | seed=142 | 1144.8s | converged=True
[2026-09-20 18:46:08] START refit | h=1m | student_t_shared | K=7 | seed=143
[2026-09-20 19:05:15] DONE  refit | h=1m | student_t_shared | K=7 | seed=143 | 1146.5s | converged=True
[2026-09-20 19:05:15] START refit | h=1m | student_t_shared | K=7 | seed=144
[2026-09-20 19:23:53] DONE  refit | h=1m | student_t_shared | K=7 | seed=144 | 1118.1s | converged=True
[2026-09-20 19:23:53] START refit | h=1m | student_t_shared | K=7 | seed=145
[2026-09-20 19:43:15] DONE  refit | h=1m | student_t_shared | K=7 | seed=145 | 1162.1s | converged=True
[2026-09-20 19:43:15] START refit | h=1m | student_t_shared | K=7 | seed=146
[2026-09-20 20:01:57] DONE  refit | h=1m | student_t_shared | K=7 | seed=146 | 1122.1s | converged=True
[2026-09-20 20:02:47] START refit | h=1m | student_t_state | K=7 | seed=142
[2026-09-20 20:22:01] DONE  refit | h=1m | student_t_state | K=7 | seed=142 | 1154.1s | converged=True
[2026-09-20 20:22:01] START refit | h=1m | student_t_state | K=7 | seed=143
[2026-09-20 20:40:51] DONE  refit | h=1m | student_t_state | K=7 | seed=143 | 1130.6s | converged=True
[2026-09-20 20:40:51] START refit | h=1m | student_t_state | K=7 | seed=144
[2026-09-20 20:59:54] DONE  refit | h=1m | student_t_state | K=7 | seed=144 | 1142.3s | converged=True
[2026-09-20 20:59:54] START refit | h=1m | student_t_state | K=7 | seed=145
[2026-09-20 21:18:00] DONE  refit | h=1m | student_t_state | K=7 | seed=145 | 1086.4s | converged=True
[2026-09-20 21:18:00] START refit | h=1m | student_t_state | K=7 | seed=146
[2026-09-20 21:33:44] DONE  refit | h=1m | student_t_state | K=7 | seed=146 | 943.7s | converged=True
[2026-09-20 21:34:27] START refit | h=2m | gaussian_hmm | K=7 | seed=142
[2026-09-20 21:41:03] DONE  refit | h=2m | gaussian_hmm | K=7 | seed=142 | 396.8s | converged=True
[2026-09-20 21:41:03] START refit | h=2m | gaussian_hmm | K=7 | seed=143
[2026-09-20 21:47:51] DONE  refit | h=2m | gaussian_hmm | K=7 | seed=143 | 407.8s | converged=True
[2026-09-20 21:47:51] START refit | h=2m | gaussian_hmm | K=7 | seed=144
[2026-09-20 21:54:29] DONE  refit | h=2m | gaussian_hmm | K=7 | seed=144 | 397.9s | converged=True
[2026-09-20 21:54:29] START refit | h=2m | gaussian_hmm | K=7 | seed=145
[2026-09-20 22:01:04] DONE  refit | h=2m | gaussian_hmm | K=7 | seed=145 | 395.1s | converged=True
[2026-09-20 22:01:04] START refit | h=2m | gaussian_hmm | K=7 | seed=146
[2026-09-20 22:07:50] DONE  refit | h=2m | gaussian_hmm | K=7 | seed=146 | 406.2s | converged=True
[2026-09-20 22:08:07] START refit | h=2m | student_t_shared | K=7 | seed=142
[2026-09-20 22:14:58] DONE  refit | h=2m | student_t_shared | K=7 | seed=142 | 410.8s | converged=True
[2026-09-20 22:14:58] START refit | h=2m | student_t_shared | K=7 | seed=143
[2026-09-20 22:21:45] DONE  refit | h=2m | student_t_shared | K=7 | seed=143 | 408.0s | converged=True
[2026-09-20 22:21:45] START refit | h=2m | student_t_shared | K=7 | seed=144
[2026-09-20 22:28:26] DONE  refit | h=2m | student_t_shared | K=7 | seed=144 | 400.0s | converged=True
[2026-09-20 22:28:26] START refit | h=2m | student_t_shared | K=7 | seed=145
[2026-09-20 22:35:09] DONE  refit | h=2m | student_t_shared | K=7 | seed=145 | 403.0s | converged=True
[2026-09-20 22:35:09] START refit | h=2m | student_t_shared | K=7 | seed=146
[2026-09-21 02:55:43] CACHE refit | h=2m | student_t_shared | K=7 | seed=142
[2026-09-21 02:55:43] CACHE refit | h=2m | student_t_shared | K=7 | seed=143
[2026-09-21 02:55:44] CACHE refit | h=2m | student_t_shared | K=7 | seed=144
[2026-09-21 02:55:44] CACHE refit | h=2m | student_t_shared | K=7 | seed=145
[2026-09-21 02:55:44] START refit | h=2m | student_t_shared | K=7 | seed=146
[2026-09-21 03:02:19] DONE  refit | h=2m | student_t_shared | K=7 | seed=146 | 395.6s | converged=True
[2026-09-21 03:02:42] START refit | h=2m | student_t_state | K=7 | seed=142
[2026-09-21 03:09:45] DONE  refit | h=2m | student_t_state | K=7 | seed=142 | 423.5s | converged=True
[2026-09-21 03:09:45] START refit | h=2m | student_t_state | K=7 | seed=143
[2026-09-21 03:16:25] DONE  refit | h=2m | student_t_state | K=7 | seed=143 | 399.8s | converged=True
[2026-09-21 03:16:25] START refit | h=2m | student_t_state | K=7 | seed=144
[2026-09-21 03:23:00] DONE  refit | h=2m | student_t_state | K=7 | seed=144 | 395.2s | converged=True
[2026-09-21 03:23:00] START refit | h=2m | student_t_state | K=7 | seed=145
[2026-09-21 03:30:07] DONE  refit | h=2m | student_t_state | K=7 | seed=145 | 426.0s | converged=True
[2026-09-21 03:30:07] START refit | h=2m | student_t_state | K=7 | seed=146
[2026-09-21 03:36:56] DONE  refit | h=2m | student_t_state | K=7 | seed=146 | 409.5s | converged=True
