[2026-09-17 02:23:23] SCREEN horizon 1m START
[2026-09-17 06:11:45] SCREEN horizon 1m DONE | Gaussian-HMM K=7 | gain=0.109198
[2026-09-17 06:11:45] SCREEN horizon 2m START
[2026-09-17 07:42:19] SCREEN horizon 2m DONE | Gaussian-HMM K=7 | gain=0.095997
[2026-09-17 07:42:19] CONFIRM horizon 1m | student_t_shared START
[2026-09-17 12:14:25] CONFIRM horizon 1m | student_t_shared DONE | K=7
[2026-09-17 12:14:25] CONFIRM horizon 1m | student_t_state START
[2026-09-22 04:19:26] SCREEN horizon 1m START
[2026-09-22 04:19:26] SCREEN horizon 1m DONE | Gaussian-HMM K=7 | gain=0.109198
[2026-09-22 04:19:26] SCREEN horizon 2m START
[2026-09-22 04:19:26] SCREEN horizon 2m DONE | Gaussian-HMM K=7 | gain=0.095997
[2026-09-22 04:19:26] CONFIRM horizon 1m | student_t_shared START
[2026-09-22 04:19:26] CONFIRM horizon 1m | student_t_shared DONE | K=7
[2026-09-22 04:19:26] CONFIRM horizon 1m | student_t_state START
[2026-09-22 05:37:50] CONFIRM horizon 1m | student_t_state DONE | K=7
[2026-09-22 05:37:50] CONFIRM horizon 2m | student_t_shared START
[2026-09-22 06:54:49] CONFIRM horizon 2m | student_t_shared DONE | K=7
[2026-09-22 06:54:49] CONFIRM horizon 2m | student_t_state START
[2026-09-22 08:13:49] CONFIRM horizon 2m | student_t_state DONE | K=7
[2026-09-22 08:13:54] REFIT horizon 1m | student_t | K=1 START
[2026-09-22 08:13:54] REFIT horizon 1m | student_t | K=1 DONE
[2026-09-22 08:13:54] REFIT horizon 1m | gaussian | K=1 START
[2026-09-22 08:13:54] REFIT horizon 1m | gaussian | K=1 DONE
[2026-09-22 08:13:54] REFIT horizon 1m | gmm | K=4 START
[2026-09-22 08:14:00] REFIT horizon 1m | gmm | K=4 DONE
[2026-09-22 08:14:00] REFIT horizon 1m | gaussian_hmm | K=7 START
[2026-09-22 11:18:51] REFIT horizon 1m | gaussian_hmm | K=7 DONE
[2026-09-22 11:18:51] REFIT horizon 1m | student_t_shared | K=7 START
[2026-09-22 14:50:28] REFIT horizon 1m | student_t_shared | K=7 DONE
[2026-09-22 14:50:28] REFIT horizon 1m | student_t_state | K=7 START
[2026-09-23 07:40:30] SCREEN horizon 1m START
[2026-09-23 07:40:31] SCREEN horizon 1m DONE | Gaussian-HMM K=7 | gain=0.109198
[2026-09-23 07:40:31] SCREEN horizon 2m START
[2026-09-23 07:40:31] SCREEN horizon 2m DONE | Gaussian-HMM K=7 | gain=0.095997
[2026-09-23 07:40:31] CONFIRM horizon 1m | student_t_shared START
[2026-09-23 07:40:31] CONFIRM horizon 1m | student_t_shared DONE | K=7
[2026-09-23 07:40:31] CONFIRM horizon 1m | student_t_state START
[2026-09-23 07:40:31] CONFIRM horizon 1m | student_t_state DONE | K=7
[2026-09-23 07:40:31] CONFIRM horizon 2m | student_t_shared START
[2026-09-23 07:40:31] CONFIRM horizon 2m | student_t_shared DONE | K=7
[2026-09-23 07:40:31] CONFIRM horizon 2m | student_t_state START
[2026-09-23 07:40:31] CONFIRM horizon 2m | student_t_state DONE | K=7
[2026-09-23 07:40:35] REFIT horizon 1m | student_t | K=1 START
[2026-09-23 07:40:35] REFIT horizon 1m | student_t | K=1 DONE
[2026-09-23 07:40:35] REFIT horizon 1m | gaussian | K=1 START
[2026-09-23 07:40:35] REFIT horizon 1m | gaussian | K=1 DONE
[2026-09-23 07:40:35] REFIT horizon 1m | gmm | K=4 START
[2026-09-23 07:40:35] REFIT horizon 1m | gmm | K=4 DONE
[2026-09-23 07:40:35] REFIT horizon 1m | gaussian_hmm | K=7 START
[2026-09-23 07:40:36] REFIT horizon 1m | gaussian_hmm | K=7 DONE
[2026-09-23 07:40:36] REFIT horizon 1m | student_t_shared | K=7 START
[2026-09-23 07:40:36] REFIT horizon 1m | student_t_shared | K=7 DONE
[2026-09-23 07:40:36] REFIT horizon 1m | student_t_state | K=7 START
[2026-09-23 08:11:58] REFIT horizon 1m | student_t_state | K=7 DONE
[2026-09-23 08:12:00] REFIT horizon 2m | student_t | K=1 START
[2026-09-23 08:12:00] REFIT horizon 2m | student_t | K=1 DONE
[2026-09-23 08:12:00] REFIT horizon 2m | gaussian | K=1 START
[2026-09-23 08:12:00] REFIT horizon 2m | gaussian | K=1 DONE
[2026-09-23 08:12:00] REFIT horizon 2m | gmm | K=4 START
[2026-09-23 08:12:01] REFIT horizon 2m | gmm | K=4 DONE
[2026-09-23 08:12:01] REFIT horizon 2m | gaussian_hmm | K=7 START
[2026-09-23 09:12:10] REFIT horizon 2m | gaussian_hmm | K=7 DONE
[2026-09-23 09:12:10] REFIT horizon 2m | student_t_shared | K=7 START
[2026-09-23 10:11:54] REFIT horizon 2m | student_t_shared | K=7 DONE
[2026-09-23 10:11:54] REFIT horizon 2m | student_t_state | K=7 START
[2026-09-23 11:10:01] REFIT horizon 2m | student_t_state | K=7 DONE
[2026-09-23 11:10:01] FOLD 3/2 DONE
[2026-09-23 11:10:01] SCREEN horizon 1m START
[2026-09-23 13:32:19] SCREEN horizon 1m DONE | Gaussian-HMM K=7 | gain=0.243899
[2026-09-23 13:32:19] SCREEN horizon 2m START
[2026-09-23 14:29:21] SCREEN horizon 2m DONE | Gaussian-HMM K=7 | gain=0.215553
[2026-09-23 14:29:21] CONFIRM horizon 1m | student_t_shared START
[2026-09-23 17:27:50] CONFIRM horizon 1m | student_t_shared DONE | K=6
[2026-09-23 17:27:50] CONFIRM horizon 1m | student_t_state START
[2026-09-23 20:51:50] CONFIRM horizon 1m | student_t_state DONE | K=7
[2026-09-23 20:51:50] CONFIRM horizon 2m | student_t_shared START
[2026-09-24 01:59:50] SCREEN horizon 1m START
[2026-09-24 01:59:50] SCREEN horizon 1m DONE | Gaussian-HMM K=7 | gain=0.243899
[2026-09-24 01:59:50] SCREEN horizon 2m START
[2026-09-24 01:59:50] SCREEN horizon 2m DONE | Gaussian-HMM K=7 | gain=0.215553
[2026-09-24 01:59:50] CONFIRM horizon 1m | student_t_shared START
[2026-09-24 01:59:50] CONFIRM horizon 1m | student_t_shared DONE | K=6
[2026-09-24 01:59:50] CONFIRM horizon 1m | student_t_state START
[2026-09-24 01:59:50] CONFIRM horizon 1m | student_t_state DONE | K=7
[2026-09-24 01:59:50] CONFIRM horizon 2m | student_t_shared START
[2026-09-24 02:55:33] CONFIRM horizon 2m | student_t_shared DONE | K=6
[2026-09-24 02:55:33] CONFIRM horizon 2m | student_t_state START
[2026-09-24 04:08:45] CONFIRM horizon 2m | student_t_state DONE | K=6
[2026-09-24 04:08:49] REFIT horizon 1m | student_t | K=1 START
[2026-09-24 04:08:49] REFIT horizon 1m | student_t | K=1 DONE
[2026-09-24 04:08:49] REFIT horizon 1m | gaussian | K=1 START
[2026-09-24 04:08:49] REFIT horizon 1m | gaussian | K=1 DONE
[2026-09-24 04:08:49] REFIT horizon 1m | gmm | K=4 START
[2026-09-24 04:08:54] REFIT horizon 1m | gmm | K=4 DONE
[2026-09-24 04:08:54] REFIT horizon 1m | gaussian_hmm | K=7 START
[2026-09-24 06:40:05] REFIT horizon 1m | gaussian_hmm | K=7 DONE
[2026-09-24 06:40:05] REFIT horizon 1m | student_t_shared | K=6 START
[2026-09-24 08:43:10] REFIT horizon 1m | student_t_shared | K=6 DONE
[2026-09-24 08:43:10] REFIT horizon 1m | student_t_state | K=7 START
[2026-09-24 14:21:23] SCREEN horizon 1m START
[2026-09-24 14:21:23] SCREEN horizon 1m DONE | Gaussian-HMM K=7 | gain=0.243899
[2026-09-24 14:21:23] SCREEN horizon 2m START
[2026-09-24 14:21:23] SCREEN horizon 2m DONE | Gaussian-HMM K=7 | gain=0.215553
[2026-09-24 14:21:23] CONFIRM horizon 1m | student_t_shared START
[2026-09-24 14:21:23] CONFIRM horizon 1m | student_t_shared DONE | K=6
[2026-09-24 14:21:23] CONFIRM horizon 1m | student_t_state START
[2026-09-24 14:21:23] CONFIRM horizon 1m | student_t_state DONE | K=7
[2026-09-24 14:21:23] CONFIRM horizon 2m | student_t_shared START
[2026-09-24 14:21:23] CONFIRM horizon 2m | student_t_shared DONE | K=6
[2026-09-24 14:21:23] CONFIRM horizon 2m | student_t_state START
[2026-09-24 14:21:23] CONFIRM horizon 2m | student_t_state DONE | K=6
[2026-09-24 14:21:28] REFIT horizon 1m | student_t | K=1 START
[2026-09-24 14:21:28] REFIT horizon 1m | student_t | K=1 DONE
[2026-09-24 14:21:28] REFIT horizon 1m | gaussian | K=1 START
[2026-09-24 14:21:28] REFIT horizon 1m | gaussian | K=1 DONE
[2026-09-24 14:21:28] REFIT horizon 1m | gmm | K=4 START
[2026-09-24 14:21:28] REFIT horizon 1m | gmm | K=4 DONE
[2026-09-24 14:21:28] REFIT horizon 1m | gaussian_hmm | K=7 START
[2026-09-24 14:21:28] REFIT horizon 1m | gaussian_hmm | K=7 DONE
[2026-09-24 14:21:28] REFIT horizon 1m | student_t_shared | K=6 START
[2026-09-24 14:21:28] REFIT horizon 1m | student_t_shared | K=6 DONE
[2026-09-24 14:21:28] REFIT horizon 1m | student_t_state | K=7 START
[2026-09-24 16:40:14] REFIT horizon 1m | student_t_state | K=7 DONE
[2026-09-24 16:40:16] REFIT horizon 2m | student_t | K=1 START
[2026-09-24 16:40:16] REFIT horizon 2m | student_t | K=1 DONE
[2026-09-24 16:40:16] REFIT horizon 2m | gaussian | K=1 START
[2026-09-24 16:40:16] REFIT horizon 2m | gaussian | K=1 DONE
[2026-09-24 16:40:16] REFIT horizon 2m | gmm | K=6 START
[2026-09-24 16:40:18] REFIT horizon 2m | gmm | K=6 DONE
[2026-09-24 16:40:18] REFIT horizon 2m | gaussian_hmm | K=7 START
[2026-09-24 17:47:27] REFIT horizon 2m | gaussian_hmm | K=7 DONE
[2026-09-24 17:47:27] REFIT horizon 2m | student_t_shared | K=6 START
[2026-09-24 18:49:41] REFIT horizon 2m | student_t_shared | K=6 DONE
[2026-09-24 18:49:41] REFIT horizon 2m | student_t_state | K=6 START
[2026-09-24 19:53:05] REFIT horizon 2m | student_t_state | K=6 DONE
[2026-09-24 19:53:05] FOLD 4/2 DONE
