[2026-09-18 07:58:56] START screen_selection | h=1m | gmm | K=2
[2026-09-18 07:58:57] DONE  screen_selection | h=1m | gmm | K=2 | 1.0s
[2026-09-18 07:58:57] START screen_selection | h=1m | gmm | K=3
[2026-09-18 07:58:59] DONE  screen_selection | h=1m | gmm | K=3 | 2.2s
[2026-09-18 07:58:59] START screen_selection | h=1m | gmm | K=4
[2026-09-18 07:59:02] DONE  screen_selection | h=1m | gmm | K=4 | 2.6s
[2026-09-18 07:59:02] START screen_selection | h=1m | gmm | K=5
[2026-09-18 07:59:05] DONE  screen_selection | h=1m | gmm | K=5 | 3.0s
[2026-09-18 07:59:05] START screen_selection | h=1m | gmm | K=6
[2026-09-18 07:59:07] DONE  screen_selection | h=1m | gmm | K=6 | 2.1s
[2026-09-18 07:59:07] START screen_selection | h=1m | gmm | K=7
[2026-09-18 07:59:09] DONE  screen_selection | h=1m | gmm | K=7 | 2.6s
[2026-09-18 07:59:09] START screen_selection | h=1m | gaussian_hmm | K=2 | seed=42
[2026-09-18 08:03:13] DONE  screen_selection | h=1m | gaussian_hmm | K=2 | seed=42 | 243.7s | converged=True
[2026-09-18 08:03:13] START screen_selection | h=1m | gaussian_hmm | K=2 | seed=43
[2026-09-18 08:06:51] DONE  screen_selection | h=1m | gaussian_hmm | K=2 | seed=43 | 217.6s | converged=True
[2026-09-18 08:06:51] START screen_selection | h=1m | gaussian_hmm | K=2 | seed=44
[2026-09-18 08:11:15] DONE  screen_selection | h=1m | gaussian_hmm | K=2 | seed=44 | 263.9s | converged=True
[2026-09-18 08:11:45] START screen_selection | h=1m | gaussian_hmm | K=3 | seed=42
[2026-09-18 08:20:28] DONE  screen_selection | h=1m | gaussian_hmm | K=3 | seed=42 | 523.2s | converged=True
[2026-09-18 08:20:28] START screen_selection | h=1m | gaussian_hmm | K=3 | seed=43
[2026-09-18 08:29:15] DONE  screen_selection | h=1m | gaussian_hmm | K=3 | seed=43 | 526.2s | converged=True
[2026-09-18 08:29:15] START screen_selection | h=1m | gaussian_hmm | K=3 | seed=44
[2026-09-18 08:37:57] DONE  screen_selection | h=1m | gaussian_hmm | K=3 | seed=44 | 522.3s | converged=True
[2026-09-18 08:38:35] START screen_selection | h=1m | gaussian_hmm | K=4 | seed=42
[2026-09-18 08:53:29] DONE  screen_selection | h=1m | gaussian_hmm | K=4 | seed=42 | 894.1s | converged=False
[2026-09-18 08:53:29] START screen_selection | h=1m | gaussian_hmm | K=4 | seed=43
[2026-09-18 09:08:15] DONE  screen_selection | h=1m | gaussian_hmm | K=4 | seed=43 | 886.2s | converged=False
[2026-09-18 09:08:15] START screen_selection | h=1m | gaussian_hmm | K=4 | seed=44
[2026-09-18 09:22:08] DONE  screen_selection | h=1m | gaussian_hmm | K=4 | seed=44 | 833.0s | converged=True
[2026-09-18 09:22:32] START screen_selection | h=1m | gaussian_hmm | K=5 | seed=42
[2026-09-18 09:36:38] DONE  screen_selection | h=1m | gaussian_hmm | K=5 | seed=42 | 846.8s | converged=True
[2026-09-18 09:36:38] START screen_selection | h=1m | gaussian_hmm | K=5 | seed=43
[2026-09-18 09:50:47] DONE  screen_selection | h=1m | gaussian_hmm | K=5 | seed=43 | 848.8s | converged=True
[2026-09-18 09:50:47] START screen_selection | h=1m | gaussian_hmm | K=5 | seed=44
[2026-09-18 10:04:54] DONE  screen_selection | h=1m | gaussian_hmm | K=5 | seed=44 | 847.0s | converged=True
[2026-09-18 10:05:23] START screen_selection | h=1m | gaussian_hmm | K=6 | seed=42
[2026-09-18 10:19:04] DONE  screen_selection | h=1m | gaussian_hmm | K=6 | seed=42 | 821.0s | converged=False
[2026-09-18 10:19:04] START screen_selection | h=1m | gaussian_hmm | K=6 | seed=43
[2026-09-18 10:33:02] DONE  screen_selection | h=1m | gaussian_hmm | K=6 | seed=43 | 837.5s | converged=False
[2026-09-18 10:33:02] START screen_selection | h=1m | gaussian_hmm | K=6 | seed=44
[2026-09-18 10:47:10] DONE  screen_selection | h=1m | gaussian_hmm | K=6 | seed=44 | 847.7s | converged=False
[2026-09-18 10:47:37] START screen_selection | h=1m | gaussian_hmm | K=7 | seed=42
[2026-09-18 11:01:36] DONE  screen_selection | h=1m | gaussian_hmm | K=7 | seed=42 | 839.2s | converged=True
[2026-09-18 11:01:36] START screen_selection | h=1m | gaussian_hmm | K=7 | seed=43
[2026-09-18 11:15:52] DONE  screen_selection | h=1m | gaussian_hmm | K=7 | seed=43 | 856.2s | converged=True
[2026-09-18 11:15:52] START screen_selection | h=1m | gaussian_hmm | K=7 | seed=44
[2026-09-18 11:29:18] DONE  screen_selection | h=1m | gaussian_hmm | K=7 | seed=44 | 805.8s | converged=True
[2026-09-18 11:29:44] START screen_selection | h=2m | gmm | K=2
[2026-09-18 11:29:45] DONE  screen_selection | h=2m | gmm | K=2 | 0.5s
[2026-09-18 11:29:45] START screen_selection | h=2m | gmm | K=3
[2026-09-18 11:29:46] DONE  screen_selection | h=2m | gmm | K=3 | 0.9s
[2026-09-18 11:29:46] START screen_selection | h=2m | gmm | K=4
[2026-09-18 11:29:47] DONE  screen_selection | h=2m | gmm | K=4 | 1.0s
[2026-09-18 11:29:47] START screen_selection | h=2m | gmm | K=5
[2026-09-18 11:29:48] DONE  screen_selection | h=2m | gmm | K=5 | 1.1s
[2026-09-18 11:29:48] START screen_selection | h=2m | gmm | K=6
[2026-09-18 11:29:49] DONE  screen_selection | h=2m | gmm | K=6 | 1.1s
[2026-09-18 11:29:49] START screen_selection | h=2m | gmm | K=7
[2026-09-18 11:29:50] DONE  screen_selection | h=2m | gmm | K=7 | 1.1s
[2026-09-18 11:29:50] START screen_selection | h=2m | gaussian_hmm | K=2 | seed=42
[2026-09-18 11:31:09] DONE  screen_selection | h=2m | gaussian_hmm | K=2 | seed=42 | 79.5s | converged=True
[2026-09-18 11:31:09] START screen_selection | h=2m | gaussian_hmm | K=2 | seed=43
[2026-09-18 11:32:36] DONE  screen_selection | h=2m | gaussian_hmm | K=2 | seed=43 | 86.7s | converged=True
[2026-09-18 11:32:36] START screen_selection | h=2m | gaussian_hmm | K=2 | seed=44
[2026-09-18 11:34:05] DONE  screen_selection | h=2m | gaussian_hmm | K=2 | seed=44 | 88.5s | converged=True
[2026-09-18 11:34:22] START screen_selection | h=2m | gaussian_hmm | K=3 | seed=42
[2026-09-18 11:37:18] DONE  screen_selection | h=2m | gaussian_hmm | K=3 | seed=42 | 176.2s | converged=True
[2026-09-18 11:37:18] START screen_selection | h=2m | gaussian_hmm | K=3 | seed=43
[2026-09-18 11:40:22] DONE  screen_selection | h=2m | gaussian_hmm | K=3 | seed=43 | 183.5s | converged=True
[2026-09-18 11:40:22] START screen_selection | h=2m | gaussian_hmm | K=3 | seed=44
[2026-09-18 11:43:41] DONE  screen_selection | h=2m | gaussian_hmm | K=3 | seed=44 | 199.1s | converged=True
[2026-09-18 11:44:00] START screen_selection | h=2m | gaussian_hmm | K=4 | seed=42
[2026-09-18 11:49:06] DONE  screen_selection | h=2m | gaussian_hmm | K=4 | seed=42 | 305.7s | converged=False
[2026-09-18 11:49:06] START screen_selection | h=2m | gaussian_hmm | K=4 | seed=43
[2026-09-18 11:55:11] DONE  screen_selection | h=2m | gaussian_hmm | K=4 | seed=43 | 365.0s | converged=False
[2026-09-18 11:55:11] START screen_selection | h=2m | gaussian_hmm | K=4 | seed=44
[2026-09-18 12:00:51] DONE  screen_selection | h=2m | gaussian_hmm | K=4 | seed=44 | 340.0s | converged=True
[2026-09-18 12:01:09] START screen_selection | h=2m | gaussian_hmm | K=5 | seed=42
[2026-09-18 12:07:27] DONE  screen_selection | h=2m | gaussian_hmm | K=5 | seed=42 | 377.6s | converged=True
[2026-09-18 12:07:27] START screen_selection | h=2m | gaussian_hmm | K=5 | seed=43
[2026-09-18 12:13:19] DONE  screen_selection | h=2m | gaussian_hmm | K=5 | seed=43 | 352.0s | converged=True
[2026-09-18 12:13:19] START screen_selection | h=2m | gaussian_hmm | K=5 | seed=44
[2026-09-18 12:18:48] DONE  screen_selection | h=2m | gaussian_hmm | K=5 | seed=44 | 329.2s | converged=True
[2026-09-18 12:19:01] START screen_selection | h=2m | gaussian_hmm | K=6 | seed=42
[2026-09-18 12:24:12] DONE  screen_selection | h=2m | gaussian_hmm | K=6 | seed=42 | 310.3s | converged=True
[2026-09-18 12:24:12] START screen_selection | h=2m | gaussian_hmm | K=6 | seed=43
[2026-09-18 12:30:19] DONE  screen_selection | h=2m | gaussian_hmm | K=6 | seed=43 | 367.3s | converged=True
[2026-09-18 12:30:19] START screen_selection | h=2m | gaussian_hmm | K=6 | seed=44
[2026-09-18 12:35:46] DONE  screen_selection | h=2m | gaussian_hmm | K=6 | seed=44 | 326.6s | converged=True
[2026-09-18 12:36:01] START screen_selection | h=2m | gaussian_hmm | K=7 | seed=42
[2026-09-18 12:41:34] DONE  screen_selection | h=2m | gaussian_hmm | K=7 | seed=42 | 332.5s | converged=True
[2026-09-18 12:41:34] START screen_selection | h=2m | gaussian_hmm | K=7 | seed=43
[2026-09-18 12:47:26] DONE  screen_selection | h=2m | gaussian_hmm | K=7 | seed=43 | 352.5s | converged=True
[2026-09-18 12:47:26] START screen_selection | h=2m | gaussian_hmm | K=7 | seed=44
[2026-09-18 12:54:00] DONE  screen_selection | h=2m | gaussian_hmm | K=7 | seed=44 | 393.7s | converged=True
[2026-09-18 12:54:15] START confirm_selection | h=1m | student_t_shared | K=2 | seed=62
[2026-09-18 13:07:08] DONE  confirm_selection | h=1m | student_t_shared | K=2 | seed=62 | 773.2s | converged=True
[2026-09-18 13:07:08] START confirm_selection | h=1m | student_t_shared | K=2 | seed=63
[2026-09-18 13:19:58] DONE  confirm_selection | h=1m | student_t_shared | K=2 | seed=63 | 769.8s | converged=True
[2026-09-18 13:19:58] START confirm_selection | h=1m | student_t_shared | K=2 | seed=64
[2026-09-18 13:33:03] DONE  confirm_selection | h=1m | student_t_shared | K=2 | seed=64 | 785.6s | converged=True
[2026-09-18 13:33:30] START confirm_selection | h=1m | student_t_shared | K=3 | seed=62
[2026-09-18 13:47:14] DONE  confirm_selection | h=1m | student_t_shared | K=3 | seed=62 | 823.8s | converged=True
[2026-09-18 13:47:14] START confirm_selection | h=1m | student_t_shared | K=3 | seed=63
[2026-09-18 14:01:05] DONE  confirm_selection | h=1m | student_t_shared | K=3 | seed=63 | 830.9s | converged=True
[2026-09-18 14:01:05] START confirm_selection | h=1m | student_t_shared | K=3 | seed=64
[2026-09-18 14:15:17] DONE  confirm_selection | h=1m | student_t_shared | K=3 | seed=64 | 851.8s | converged=True
[2026-09-18 14:15:46] START confirm_selection | h=1m | student_t_shared | K=4 | seed=62
[2026-09-18 14:29:36] DONE  confirm_selection | h=1m | student_t_shared | K=4 | seed=62 | 829.8s | converged=True
[2026-09-18 14:29:36] START confirm_selection | h=1m | student_t_shared | K=4 | seed=63
[2026-09-18 14:44:40] DONE  confirm_selection | h=1m | student_t_shared | K=4 | seed=63 | 903.9s | converged=True
[2026-09-18 14:44:40] START confirm_selection | h=1m | student_t_shared | K=4 | seed=64
[2026-09-18 14:59:28] DONE  confirm_selection | h=1m | student_t_shared | K=4 | seed=64 | 887.6s | converged=False
[2026-09-18 15:00:30] START confirm_selection | h=1m | student_t_shared | K=5 | seed=62
[2026-09-18 15:13:58] DONE  confirm_selection | h=1m | student_t_shared | K=5 | seed=62 | 807.2s | converged=True
[2026-09-18 15:13:58] START confirm_selection | h=1m | student_t_shared | K=5 | seed=63
[2026-09-18 15:27:52] DONE  confirm_selection | h=1m | student_t_shared | K=5 | seed=63 | 834.1s | converged=True
[2026-09-18 15:27:52] START confirm_selection | h=1m | student_t_shared | K=5 | seed=64
[2026-09-18 15:41:36] DONE  confirm_selection | h=1m | student_t_shared | K=5 | seed=64 | 824.0s | converged=True
[2026-09-18 15:42:04] START confirm_selection | h=1m | student_t_shared | K=6 | seed=62
[2026-09-18 15:56:27] DONE  confirm_selection | h=1m | student_t_shared | K=6 | seed=62 | 862.7s | converged=False
[2026-09-18 15:56:27] START confirm_selection | h=1m | student_t_shared | K=6 | seed=63
[2026-09-18 16:11:30] DONE  confirm_selection | h=1m | student_t_shared | K=6 | seed=63 | 903.8s | converged=False
[2026-09-18 16:11:30] START confirm_selection | h=1m | student_t_shared | K=6 | seed=64
[2026-09-18 16:26:08] DONE  confirm_selection | h=1m | student_t_shared | K=6 | seed=64 | 877.5s | converged=False
[2026-09-18 16:26:40] START confirm_selection | h=1m | student_t_shared | K=7 | seed=62
[2026-09-18 16:42:07] DONE  confirm_selection | h=1m | student_t_shared | K=7 | seed=62 | 927.1s | converged=False
[2026-09-18 16:42:07] START confirm_selection | h=1m | student_t_shared | K=7 | seed=63
[2026-09-18 16:55:55] DONE  confirm_selection | h=1m | student_t_shared | K=7 | seed=63 | 828.0s | converged=False
[2026-09-18 16:55:55] START confirm_selection | h=1m | student_t_shared | K=7 | seed=64
[2026-09-18 17:11:17] DONE  confirm_selection | h=1m | student_t_shared | K=7 | seed=64 | 921.4s | converged=False
[2026-09-18 17:11:53] START confirm_selection | h=1m | student_t_state | K=2 | seed=62
[2026-09-18 17:26:15] DONE  confirm_selection | h=1m | student_t_state | K=2 | seed=62 | 862.2s | converged=True
[2026-09-18 17:26:15] START confirm_selection | h=1m | student_t_state | K=2 | seed=63
[2026-09-18 17:41:04] DONE  confirm_selection | h=1m | student_t_state | K=2 | seed=63 | 888.5s | converged=True
[2026-09-18 17:41:04] START confirm_selection | h=1m | student_t_state | K=2 | seed=64
[2026-09-18 17:55:15] DONE  confirm_selection | h=1m | student_t_state | K=2 | seed=64 | 850.6s | converged=True
[2026-09-18 17:55:40] START confirm_selection | h=1m | student_t_state | K=3 | seed=62
[2026-09-18 18:09:41] DONE  confirm_selection | h=1m | student_t_state | K=3 | seed=62 | 840.9s | converged=True
[2026-09-18 18:09:41] START confirm_selection | h=1m | student_t_state | K=3 | seed=63
[2026-09-18 18:25:09] DONE  confirm_selection | h=1m | student_t_state | K=3 | seed=63 | 927.9s | converged=True
[2026-09-18 18:25:09] START confirm_selection | h=1m | student_t_state | K=3 | seed=64
[2026-09-18 18:39:19] DONE  confirm_selection | h=1m | student_t_state | K=3 | seed=64 | 851.0s | converged=True
[2026-09-18 18:40:00] START confirm_selection | h=1m | student_t_state | K=4 | seed=62
[2026-09-18 18:53:53] DONE  confirm_selection | h=1m | student_t_state | K=4 | seed=62 | 833.8s | converged=True
[2026-09-18 18:53:53] START confirm_selection | h=1m | student_t_state | K=4 | seed=63
[2026-09-18 19:08:40] DONE  confirm_selection | h=1m | student_t_state | K=4 | seed=63 | 887.0s | converged=True
[2026-09-18 19:08:40] START confirm_selection | h=1m | student_t_state | K=4 | seed=64
[2026-09-18 19:23:05] DONE  confirm_selection | h=1m | student_t_state | K=4 | seed=64 | 864.8s | converged=True
[2026-09-18 19:23:39] START confirm_selection | h=1m | student_t_state | K=5 | seed=62
[2026-09-18 19:37:59] DONE  confirm_selection | h=1m | student_t_state | K=5 | seed=62 | 859.5s | converged=True
[2026-09-18 19:37:59] START confirm_selection | h=1m | student_t_state | K=5 | seed=63
[2026-09-18 19:51:44] DONE  confirm_selection | h=1m | student_t_state | K=5 | seed=63 | 824.9s | converged=True
[2026-09-18 19:51:44] START confirm_selection | h=1m | student_t_state | K=5 | seed=64
[2026-09-18 20:05:53] DONE  confirm_selection | h=1m | student_t_state | K=5 | seed=64 | 849.6s | converged=True
[2026-09-18 20:06:22] START confirm_selection | h=1m | student_t_state | K=6 | seed=62
[2026-09-18 20:20:08] DONE  confirm_selection | h=1m | student_t_state | K=6 | seed=62 | 825.7s | converged=False
[2026-09-18 20:20:08] START confirm_selection | h=1m | student_t_state | K=6 | seed=63
[2026-09-18 20:35:30] DONE  confirm_selection | h=1m | student_t_state | K=6 | seed=63 | 922.4s | converged=False
[2026-09-18 20:35:30] START confirm_selection | h=1m | student_t_state | K=6 | seed=64
[2026-09-18 20:49:28] DONE  confirm_selection | h=1m | student_t_state | K=6 | seed=64 | 838.0s | converged=False
[2026-09-18 20:49:59] START confirm_selection | h=1m | student_t_state | K=7 | seed=62
[2026-09-18 21:04:47] DONE  confirm_selection | h=1m | student_t_state | K=7 | seed=62 | 888.2s | converged=False
[2026-09-18 21:04:47] START confirm_selection | h=1m | student_t_state | K=7 | seed=63
[2026-09-18 21:18:51] DONE  confirm_selection | h=1m | student_t_state | K=7 | seed=63 | 844.7s | converged=False
[2026-09-18 21:18:51] START confirm_selection | h=1m | student_t_state | K=7 | seed=64
[2026-09-18 21:33:00] DONE  confirm_selection | h=1m | student_t_state | K=7 | seed=64 | 848.9s | converged=False
[2026-09-18 21:33:44] START confirm_selection | h=2m | student_t_shared | K=2 | seed=62
[2026-09-18 21:38:54] DONE  confirm_selection | h=2m | student_t_shared | K=2 | seed=62 | 310.1s | converged=True
[2026-09-18 21:38:54] START confirm_selection | h=2m | student_t_shared | K=2 | seed=63
[2026-09-18 21:44:27] DONE  confirm_selection | h=2m | student_t_shared | K=2 | seed=63 | 333.0s | converged=True
[2026-09-18 21:44:27] START confirm_selection | h=2m | student_t_shared | K=2 | seed=64
[2026-09-18 21:49:41] DONE  confirm_selection | h=2m | student_t_shared | K=2 | seed=64 | 314.0s | converged=True
[2026-09-18 21:50:00] START confirm_selection | h=2m | student_t_shared | K=3 | seed=62
[2026-09-18 21:55:32] DONE  confirm_selection | h=2m | student_t_shared | K=3 | seed=62 | 332.7s | converged=True
[2026-09-18 21:55:32] START confirm_selection | h=2m | student_t_shared | K=3 | seed=63
[2026-09-18 22:01:48] DONE  confirm_selection | h=2m | student_t_shared | K=3 | seed=63 | 375.8s | converged=True
[2026-09-18 22:01:48] START confirm_selection | h=2m | student_t_shared | K=3 | seed=64
[2026-09-18 22:07:38] DONE  confirm_selection | h=2m | student_t_shared | K=3 | seed=64 | 349.8s | converged=True
[2026-09-19 03:14:18] CACHE confirm_selection | h=2m | student_t_shared | K=2 | seed=62
[2026-09-19 03:14:18] CACHE confirm_selection | h=2m | student_t_shared | K=2 | seed=63
[2026-09-19 03:14:18] CACHE confirm_selection | h=2m | student_t_shared | K=2 | seed=64
[2026-09-19 03:14:32] CACHE confirm_selection | h=2m | student_t_shared | K=3 | seed=62
[2026-09-19 03:14:32] CACHE confirm_selection | h=2m | student_t_shared | K=3 | seed=63
[2026-09-19 03:14:32] CACHE confirm_selection | h=2m | student_t_shared | K=3 | seed=64
[2026-09-19 03:14:49] START confirm_selection | h=2m | student_t_shared | K=4 | seed=62
[2026-09-19 03:19:59] DONE  confirm_selection | h=2m | student_t_shared | K=4 | seed=62 | 310.0s | converged=True
[2026-09-19 03:19:59] START confirm_selection | h=2m | student_t_shared | K=4 | seed=63
[2026-09-19 03:25:57] DONE  confirm_selection | h=2m | student_t_shared | K=4 | seed=63 | 358.7s | converged=False
[2026-09-19 03:25:57] START confirm_selection | h=2m | student_t_shared | K=4 | seed=64
[2026-09-19 03:31:48] DONE  confirm_selection | h=2m | student_t_shared | K=4 | seed=64 | 350.5s | converged=False
[2026-09-19 03:32:02] START confirm_selection | h=2m | student_t_shared | K=5 | seed=62
[2026-09-19 03:38:16] DONE  confirm_selection | h=2m | student_t_shared | K=5 | seed=62 | 374.5s | converged=False
[2026-09-19 03:38:16] START confirm_selection | h=2m | student_t_shared | K=5 | seed=63
[2026-09-19 03:44:24] DONE  confirm_selection | h=2m | student_t_shared | K=5 | seed=63 | 368.2s | converged=False
[2026-09-19 03:44:24] START confirm_selection | h=2m | student_t_shared | K=5 | seed=64
[2026-09-19 03:49:15] DONE  confirm_selection | h=2m | student_t_shared | K=5 | seed=64 | 290.8s | converged=False
[2026-09-19 03:49:32] START confirm_selection | h=2m | student_t_shared | K=6 | seed=62
[2026-09-19 03:54:16] DONE  confirm_selection | h=2m | student_t_shared | K=6 | seed=62 | 283.8s | converged=True
[2026-09-19 03:54:16] START confirm_selection | h=2m | student_t_shared | K=6 | seed=63
[2026-09-19 03:58:51] DONE  confirm_selection | h=2m | student_t_shared | K=6 | seed=63 | 275.8s | converged=True
[2026-09-19 03:58:51] START confirm_selection | h=2m | student_t_shared | K=6 | seed=64
[2026-09-19 04:03:28] DONE  confirm_selection | h=2m | student_t_shared | K=6 | seed=64 | 276.4s | converged=False
[2026-09-19 04:03:42] START confirm_selection | h=2m | student_t_shared | K=7 | seed=62
[2026-09-19 04:08:35] DONE  confirm_selection | h=2m | student_t_shared | K=7 | seed=62 | 292.8s | converged=True
[2026-09-19 04:08:35] START confirm_selection | h=2m | student_t_shared | K=7 | seed=63
[2026-09-19 04:13:23] DONE  confirm_selection | h=2m | student_t_shared | K=7 | seed=63 | 287.7s | converged=True
[2026-09-19 04:13:23] START confirm_selection | h=2m | student_t_shared | K=7 | seed=64
[2026-09-19 04:18:02] DONE  confirm_selection | h=2m | student_t_shared | K=7 | seed=64 | 279.6s | converged=True
[2026-09-19 04:18:21] START confirm_selection | h=2m | student_t_state | K=2 | seed=62
[2026-09-19 04:23:04] DONE  confirm_selection | h=2m | student_t_state | K=2 | seed=62 | 282.3s | converged=True
[2026-09-19 04:23:04] START confirm_selection | h=2m | student_t_state | K=2 | seed=63
[2026-09-19 04:27:42] DONE  confirm_selection | h=2m | student_t_state | K=2 | seed=63 | 278.4s | converged=True
[2026-09-19 04:27:42] START confirm_selection | h=2m | student_t_state | K=2 | seed=64
[2026-09-19 04:32:14] DONE  confirm_selection | h=2m | student_t_state | K=2 | seed=64 | 271.4s | converged=True
[2026-09-19 04:32:29] START confirm_selection | h=2m | student_t_state | K=3 | seed=62
[2026-09-19 04:37:12] DONE  confirm_selection | h=2m | student_t_state | K=3 | seed=62 | 283.6s | converged=True
[2026-09-19 04:37:12] START confirm_selection | h=2m | student_t_state | K=3 | seed=63
[2026-09-19 04:41:48] DONE  confirm_selection | h=2m | student_t_state | K=3 | seed=63 | 276.0s | converged=True
[2026-09-19 04:41:48] START confirm_selection | h=2m | student_t_state | K=3 | seed=64
[2026-09-19 04:46:20] DONE  confirm_selection | h=2m | student_t_state | K=3 | seed=64 | 271.7s | converged=True
[2026-09-19 04:46:36] START confirm_selection | h=2m | student_t_state | K=4 | seed=62
[2026-09-19 04:51:21] DONE  confirm_selection | h=2m | student_t_state | K=4 | seed=62 | 284.6s | converged=True
[2026-09-19 04:51:21] START confirm_selection | h=2m | student_t_state | K=4 | seed=63
[2026-09-19 04:55:57] DONE  confirm_selection | h=2m | student_t_state | K=4 | seed=63 | 276.0s | converged=False
[2026-09-19 04:55:57] START confirm_selection | h=2m | student_t_state | K=4 | seed=64
[2026-09-19 05:00:31] DONE  confirm_selection | h=2m | student_t_state | K=4 | seed=64 | 274.2s | converged=False
[2026-09-19 05:00:48] START confirm_selection | h=2m | student_t_state | K=5 | seed=62
[2026-09-19 05:05:25] DONE  confirm_selection | h=2m | student_t_state | K=5 | seed=62 | 277.8s | converged=True
[2026-09-19 05:05:25] START confirm_selection | h=2m | student_t_state | K=5 | seed=63
[2026-09-19 05:10:02] DONE  confirm_selection | h=2m | student_t_state | K=5 | seed=63 | 277.1s | converged=True
[2026-09-19 05:10:02] START confirm_selection | h=2m | student_t_state | K=5 | seed=64
[2026-09-19 05:14:46] DONE  confirm_selection | h=2m | student_t_state | K=5 | seed=64 | 283.9s | converged=True
[2026-09-19 05:15:03] START confirm_selection | h=2m | student_t_state | K=6 | seed=62
[2026-09-19 05:19:46] DONE  confirm_selection | h=2m | student_t_state | K=6 | seed=62 | 283.3s | converged=True
[2026-09-19 05:19:46] START confirm_selection | h=2m | student_t_state | K=6 | seed=63
[2026-09-19 05:24:23] DONE  confirm_selection | h=2m | student_t_state | K=6 | seed=63 | 276.6s | converged=True
[2026-09-19 05:24:23] START confirm_selection | h=2m | student_t_state | K=6 | seed=64
[2026-09-19 05:29:03] DONE  confirm_selection | h=2m | student_t_state | K=6 | seed=64 | 280.6s | converged=True
[2026-09-19 05:29:21] START confirm_selection | h=2m | student_t_state | K=7 | seed=62
[2026-09-19 05:33:59] DONE  confirm_selection | h=2m | student_t_state | K=7 | seed=62 | 277.2s | converged=True
[2026-09-19 05:33:59] START confirm_selection | h=2m | student_t_state | K=7 | seed=63
[2026-09-19 05:38:38] DONE  confirm_selection | h=2m | student_t_state | K=7 | seed=63 | 279.0s | converged=True
[2026-09-19 05:38:38] START confirm_selection | h=2m | student_t_state | K=7 | seed=64
[2026-09-19 05:43:16] DONE  confirm_selection | h=2m | student_t_state | K=7 | seed=64 | 278.2s | converged=True
[2026-09-19 05:43:47] START refit | h=1m | gaussian_hmm | K=7 | seed=142
[2026-09-19 06:27:00] DONE  refit | h=1m | gaussian_hmm | K=7 | seed=142 | 2592.5s | converged=True
[2026-09-19 06:27:00] START refit | h=1m | gaussian_hmm | K=7 | seed=143
[2026-09-19 07:10:31] DONE  refit | h=1m | gaussian_hmm | K=7 | seed=143 | 2611.3s | converged=True
[2026-09-19 07:10:31] START refit | h=1m | gaussian_hmm | K=7 | seed=144
[2026-09-19 07:54:28] DONE  refit | h=1m | gaussian_hmm | K=7 | seed=144 | 2636.6s | converged=True
[2026-09-19 07:54:28] START refit | h=1m | gaussian_hmm | K=7 | seed=145
[2026-09-19 08:38:21] DONE  refit | h=1m | gaussian_hmm | K=7 | seed=145 | 2633.7s | converged=True
[2026-09-19 08:38:21] START refit | h=1m | gaussian_hmm | K=7 | seed=146
[2026-09-19 09:22:18] DONE  refit | h=1m | gaussian_hmm | K=7 | seed=146 | 2636.3s | converged=True
[2026-09-19 09:22:50] START refit | h=1m | student_t_shared | K=6 | seed=142
[2026-09-19 10:06:37] DONE  refit | h=1m | student_t_shared | K=6 | seed=142 | 2626.9s | converged=True
[2026-09-19 10:06:37] START refit | h=1m | student_t_shared | K=6 | seed=143
[2026-09-19 10:51:04] DONE  refit | h=1m | student_t_shared | K=6 | seed=143 | 2666.5s | converged=True
[2026-09-19 10:51:04] START refit | h=1m | student_t_shared | K=6 | seed=144
[2026-09-19 11:35:21] DONE  refit | h=1m | student_t_shared | K=6 | seed=144 | 2657.2s | converged=True
[2026-09-19 11:35:21] START refit | h=1m | student_t_shared | K=6 | seed=145
[2026-09-19 12:20:09] DONE  refit | h=1m | student_t_shared | K=6 | seed=145 | 2688.3s | converged=True
[2026-09-19 12:20:09] START refit | h=1m | student_t_shared | K=6 | seed=146
[2026-09-19 13:04:57] DONE  refit | h=1m | student_t_shared | K=6 | seed=146 | 2687.3s | converged=True
[2026-09-19 13:05:36] START refit | h=1m | student_t_state | K=7 | seed=142
[2026-09-19 13:50:12] DONE  refit | h=1m | student_t_state | K=7 | seed=142 | 2676.6s | converged=True
[2026-09-19 13:50:12] START refit | h=1m | student_t_state | K=7 | seed=143
[2026-09-19 14:34:25] DONE  refit | h=1m | student_t_state | K=7 | seed=143 | 2652.8s | converged=True
[2026-09-19 14:34:25] START refit | h=1m | student_t_state | K=7 | seed=144
[2026-09-19 15:18:25] DONE  refit | h=1m | student_t_state | K=7 | seed=144 | 2639.5s | converged=True
[2026-09-19 15:18:25] START refit | h=1m | student_t_state | K=7 | seed=145
[2026-09-19 19:08:53] CACHE refit | h=1m | student_t_state | K=7 | seed=142
[2026-09-19 19:08:53] CACHE refit | h=1m | student_t_state | K=7 | seed=143
[2026-09-19 19:08:53] CACHE refit | h=1m | student_t_state | K=7 | seed=144
[2026-09-19 19:08:53] START refit | h=1m | student_t_state | K=7 | seed=145
[2026-09-19 19:53:13] DONE  refit | h=1m | student_t_state | K=7 | seed=145 | 2659.7s | converged=True
[2026-09-19 19:53:13] START refit | h=1m | student_t_state | K=7 | seed=146
[2026-09-19 20:37:10] DONE  refit | h=1m | student_t_state | K=7 | seed=146 | 2637.4s | converged=True
[2026-09-19 20:37:49] START refit | h=2m | gaussian_hmm | K=7 | seed=142
[2026-09-19 20:54:26] DONE  refit | h=2m | gaussian_hmm | K=7 | seed=142 | 996.9s | converged=True
[2026-09-19 20:54:26] START refit | h=2m | gaussian_hmm | K=7 | seed=143
[2026-09-19 21:11:00] DONE  refit | h=2m | gaussian_hmm | K=7 | seed=143 | 994.4s | converged=True
[2026-09-19 21:11:00] START refit | h=2m | gaussian_hmm | K=7 | seed=144
[2026-09-19 21:27:43] DONE  refit | h=2m | gaussian_hmm | K=7 | seed=144 | 1003.2s | converged=True
[2026-09-19 21:27:43] START refit | h=2m | gaussian_hmm | K=7 | seed=145
[2026-09-19 21:44:17] DONE  refit | h=2m | gaussian_hmm | K=7 | seed=145 | 993.6s | converged=True
[2026-09-19 21:44:17] START refit | h=2m | gaussian_hmm | K=7 | seed=146
[2026-09-19 22:01:08] DONE  refit | h=2m | gaussian_hmm | K=7 | seed=146 | 1011.5s | converged=True
[2026-09-19 22:01:23] START refit | h=2m | student_t_shared | K=7 | seed=142
[2026-09-19 22:18:13] DONE  refit | h=2m | student_t_shared | K=7 | seed=142 | 1009.6s | converged=True
[2026-09-19 22:18:13] START refit | h=2m | student_t_shared | K=7 | seed=143
[2026-09-19 22:34:55] DONE  refit | h=2m | student_t_shared | K=7 | seed=143 | 1002.7s | converged=True
[2026-09-19 22:34:55] START refit | h=2m | student_t_shared | K=7 | seed=144
[2026-09-20 03:52:51] CACHE refit | h=2m | student_t_shared | K=7 | seed=142
[2026-09-20 03:52:51] CACHE refit | h=2m | student_t_shared | K=7 | seed=143
[2026-09-20 03:52:51] START refit | h=2m | student_t_shared | K=7 | seed=144
[2026-09-20 04:09:52] DONE  refit | h=2m | student_t_shared | K=7 | seed=144 | 1020.6s | converged=True
[2026-09-20 04:09:52] START refit | h=2m | student_t_shared | K=7 | seed=145
[2026-09-20 04:27:07] DONE  refit | h=2m | student_t_shared | K=7 | seed=145 | 1035.3s | converged=True
[2026-09-20 04:27:07] START refit | h=2m | student_t_shared | K=7 | seed=146
[2026-09-20 04:44:06] DONE  refit | h=2m | student_t_shared | K=7 | seed=146 | 1019.5s | converged=True
[2026-09-20 04:44:26] START refit | h=2m | student_t_state | K=7 | seed=142
[2026-09-20 05:01:23] DONE  refit | h=2m | student_t_state | K=7 | seed=142 | 1017.4s | converged=True
[2026-09-20 05:01:23] START refit | h=2m | student_t_state | K=7 | seed=143
[2026-09-20 05:18:44] DONE  refit | h=2m | student_t_state | K=7 | seed=143 | 1040.4s | converged=True
[2026-09-20 05:18:44] START refit | h=2m | student_t_state | K=7 | seed=144
[2026-09-20 05:35:56] DONE  refit | h=2m | student_t_state | K=7 | seed=144 | 1032.6s | converged=True
[2026-09-20 05:35:56] START refit | h=2m | student_t_state | K=7 | seed=145
[2026-09-20 05:53:34] DONE  refit | h=2m | student_t_state | K=7 | seed=145 | 1058.0s | converged=True
[2026-09-20 05:53:34] START refit | h=2m | student_t_state | K=7 | seed=146
[2026-09-20 06:10:23] DONE  refit | h=2m | student_t_state | K=7 | seed=146 | 1008.8s | converged=True
