[2026-09-18 21:55:56] START screen_selection | h=1m | gmm | K=2
[2026-09-18 21:55:57] DONE  screen_selection | h=1m | gmm | K=2 | 1.2s
[2026-09-18 21:55:57] START screen_selection | h=1m | gmm | K=3
[2026-09-18 21:55:58] DONE  screen_selection | h=1m | gmm | K=3 | 1.5s
[2026-09-18 21:55:58] START screen_selection | h=1m | gmm | K=4
[2026-09-18 21:56:01] DONE  screen_selection | h=1m | gmm | K=4 | 2.3s
[2026-09-18 21:56:01] START screen_selection | h=1m | gmm | K=5
[2026-09-18 21:56:03] DONE  screen_selection | h=1m | gmm | K=5 | 2.3s
[2026-09-18 21:56:03] START screen_selection | h=1m | gmm | K=6
[2026-09-18 21:56:05] DONE  screen_selection | h=1m | gmm | K=6 | 2.2s
[2026-09-18 21:56:05] START screen_selection | h=1m | gmm | K=7
[2026-09-18 21:56:08] DONE  screen_selection | h=1m | gmm | K=7 | 2.3s
[2026-09-18 21:56:08] START screen_selection | h=1m | gaussian_hmm | K=2 | seed=42
[2026-09-18 21:59:27] DONE  screen_selection | h=1m | gaussian_hmm | K=2 | seed=42 | 198.8s | converged=True
[2026-09-18 21:59:27] START screen_selection | h=1m | gaussian_hmm | K=2 | seed=43
[2026-09-18 22:03:18] DONE  screen_selection | h=1m | gaussian_hmm | K=2 | seed=43 | 231.5s | converged=True
[2026-09-18 22:03:18] START screen_selection | h=1m | gaussian_hmm | K=2 | seed=44
[2026-09-18 22:06:37] DONE  screen_selection | h=1m | gaussian_hmm | K=2 | seed=44 | 199.4s | converged=True
[2026-09-18 22:07:01] START screen_selection | h=1m | gaussian_hmm | K=3 | seed=42
[2026-09-19 03:14:29] START screen_selection | h=1m | gmm | K=2
[2026-09-19 03:14:31] DONE  screen_selection | h=1m | gmm | K=2 | 1.7s
[2026-09-19 03:14:31] START screen_selection | h=1m | gmm | K=3
[2026-09-19 03:14:33] DONE  screen_selection | h=1m | gmm | K=3 | 1.9s
[2026-09-19 03:14:33] START screen_selection | h=1m | gmm | K=4
[2026-09-19 03:14:35] DONE  screen_selection | h=1m | gmm | K=4 | 2.9s
[2026-09-19 03:14:35] START screen_selection | h=1m | gmm | K=5
[2026-09-19 03:14:39] DONE  screen_selection | h=1m | gmm | K=5 | 3.2s
[2026-09-19 03:14:39] START screen_selection | h=1m | gmm | K=6
[2026-09-19 03:14:41] DONE  screen_selection | h=1m | gmm | K=6 | 2.7s
[2026-09-19 03:14:41] START screen_selection | h=1m | gmm | K=7
[2026-09-19 03:14:44] DONE  screen_selection | h=1m | gmm | K=7 | 2.7s
[2026-09-19 03:14:44] CACHE screen_selection | h=1m | gaussian_hmm | K=2 | seed=42
[2026-09-19 03:14:44] CACHE screen_selection | h=1m | gaussian_hmm | K=2 | seed=43
[2026-09-19 03:14:44] CACHE screen_selection | h=1m | gaussian_hmm | K=2 | seed=44
[2026-09-19 03:15:12] START screen_selection | h=1m | gaussian_hmm | K=3 | seed=42
[2026-09-19 03:19:24] DONE  screen_selection | h=1m | gaussian_hmm | K=3 | seed=42 | 251.7s | converged=True
[2026-09-19 03:19:24] START screen_selection | h=1m | gaussian_hmm | K=3 | seed=43
[2026-09-19 03:24:21] DONE  screen_selection | h=1m | gaussian_hmm | K=3 | seed=43 | 296.9s | converged=True
[2026-09-19 03:24:21] START screen_selection | h=1m | gaussian_hmm | K=3 | seed=44
[2026-09-19 03:29:11] DONE  screen_selection | h=1m | gaussian_hmm | K=3 | seed=44 | 290.2s | converged=True
[2026-09-19 03:29:36] START screen_selection | h=1m | gaussian_hmm | K=4 | seed=42
[2026-09-19 03:39:09] DONE  screen_selection | h=1m | gaussian_hmm | K=4 | seed=42 | 572.9s | converged=False
[2026-09-19 03:39:09] START screen_selection | h=1m | gaussian_hmm | K=4 | seed=43
[2026-09-19 03:47:18] DONE  screen_selection | h=1m | gaussian_hmm | K=4 | seed=43 | 489.1s | converged=False
[2026-09-19 03:47:18] START screen_selection | h=1m | gaussian_hmm | K=4 | seed=44
[2026-09-19 03:54:23] DONE  screen_selection | h=1m | gaussian_hmm | K=4 | seed=44 | 425.1s | converged=False
[2026-09-19 03:54:54] START screen_selection | h=1m | gaussian_hmm | K=5 | seed=42
[2026-09-19 04:02:01] DONE  screen_selection | h=1m | gaussian_hmm | K=5 | seed=42 | 427.6s | converged=True
[2026-09-19 04:02:01] START screen_selection | h=1m | gaussian_hmm | K=5 | seed=43
[2026-09-19 04:09:00] DONE  screen_selection | h=1m | gaussian_hmm | K=5 | seed=43 | 418.3s | converged=True
[2026-09-19 04:09:00] START screen_selection | h=1m | gaussian_hmm | K=5 | seed=44
[2026-09-19 04:16:03] DONE  screen_selection | h=1m | gaussian_hmm | K=5 | seed=44 | 423.0s | converged=True
[2026-09-19 04:16:33] START screen_selection | h=1m | gaussian_hmm | K=6 | seed=42
[2026-09-19 04:23:37] DONE  screen_selection | h=1m | gaussian_hmm | K=6 | seed=42 | 423.9s | converged=True
[2026-09-19 04:23:37] START screen_selection | h=1m | gaussian_hmm | K=6 | seed=43
[2026-09-19 04:30:41] DONE  screen_selection | h=1m | gaussian_hmm | K=6 | seed=43 | 424.1s | converged=True
[2026-09-19 04:30:41] START screen_selection | h=1m | gaussian_hmm | K=6 | seed=44
[2026-09-19 04:37:50] DONE  screen_selection | h=1m | gaussian_hmm | K=6 | seed=44 | 428.9s | converged=True
[2026-09-19 04:38:21] START screen_selection | h=1m | gaussian_hmm | K=7 | seed=42
[2026-09-19 04:45:13] DONE  screen_selection | h=1m | gaussian_hmm | K=7 | seed=42 | 412.3s | converged=True
[2026-09-19 04:45:13] START screen_selection | h=1m | gaussian_hmm | K=7 | seed=43
[2026-09-19 04:52:16] DONE  screen_selection | h=1m | gaussian_hmm | K=7 | seed=43 | 422.9s | converged=True
[2026-09-19 04:52:16] START screen_selection | h=1m | gaussian_hmm | K=7 | seed=44
[2026-09-19 04:59:16] DONE  screen_selection | h=1m | gaussian_hmm | K=7 | seed=44 | 419.4s | converged=True
[2026-09-19 04:59:48] START screen_selection | h=2m | gmm | K=2
[2026-09-19 04:59:49] DONE  screen_selection | h=2m | gmm | K=2 | 0.7s
[2026-09-19 04:59:49] START screen_selection | h=2m | gmm | K=3
[2026-09-19 04:59:50] DONE  screen_selection | h=2m | gmm | K=3 | 0.9s
[2026-09-19 04:59:50] START screen_selection | h=2m | gmm | K=4
[2026-09-19 04:59:51] DONE  screen_selection | h=2m | gmm | K=4 | 1.2s
[2026-09-19 04:59:51] START screen_selection | h=2m | gmm | K=5
[2026-09-19 04:59:52] DONE  screen_selection | h=2m | gmm | K=5 | 1.4s
[2026-09-19 04:59:52] START screen_selection | h=2m | gmm | K=6
[2026-09-19 04:59:53] DONE  screen_selection | h=2m | gmm | K=6 | 1.1s
[2026-09-19 04:59:53] START screen_selection | h=2m | gmm | K=7
[2026-09-19 04:59:55] DONE  screen_selection | h=2m | gmm | K=7 | 1.9s
[2026-09-19 04:59:55] START screen_selection | h=2m | gaussian_hmm | K=2 | seed=42
[2026-09-19 05:00:57] DONE  screen_selection | h=2m | gaussian_hmm | K=2 | seed=42 | 61.9s | converged=True
[2026-09-19 05:00:57] START screen_selection | h=2m | gaussian_hmm | K=2 | seed=43
[2026-09-19 05:01:53] DONE  screen_selection | h=2m | gaussian_hmm | K=2 | seed=43 | 56.1s | converged=True
[2026-09-19 05:01:53] START screen_selection | h=2m | gaussian_hmm | K=2 | seed=44
[2026-09-19 05:02:55] DONE  screen_selection | h=2m | gaussian_hmm | K=2 | seed=44 | 61.6s | converged=True
[2026-09-19 05:03:09] START screen_selection | h=2m | gaussian_hmm | K=3 | seed=42
[2026-09-19 05:04:35] DONE  screen_selection | h=2m | gaussian_hmm | K=3 | seed=42 | 85.7s | converged=True
[2026-09-19 05:04:35] START screen_selection | h=2m | gaussian_hmm | K=3 | seed=43
[2026-09-19 05:06:05] DONE  screen_selection | h=2m | gaussian_hmm | K=3 | seed=43 | 90.3s | converged=True
[2026-09-19 05:06:05] START screen_selection | h=2m | gaussian_hmm | K=3 | seed=44
[2026-09-19 05:07:29] DONE  screen_selection | h=2m | gaussian_hmm | K=3 | seed=44 | 83.3s | converged=True
[2026-09-19 05:07:41] START screen_selection | h=2m | gaussian_hmm | K=4 | seed=42
[2026-09-19 05:10:21] DONE  screen_selection | h=2m | gaussian_hmm | K=4 | seed=42 | 159.4s | converged=False
[2026-09-19 05:10:21] START screen_selection | h=2m | gaussian_hmm | K=4 | seed=43
[2026-09-19 05:13:02] DONE  screen_selection | h=2m | gaussian_hmm | K=4 | seed=43 | 161.7s | converged=False
[2026-09-19 05:13:02] START screen_selection | h=2m | gaussian_hmm | K=4 | seed=44
[2026-09-19 05:15:46] DONE  screen_selection | h=2m | gaussian_hmm | K=4 | seed=44 | 163.3s | converged=False
[2026-09-19 05:16:01] START screen_selection | h=2m | gaussian_hmm | K=5 | seed=42
[2026-09-19 05:18:45] DONE  screen_selection | h=2m | gaussian_hmm | K=5 | seed=42 | 163.7s | converged=False
[2026-09-19 05:18:45] START screen_selection | h=2m | gaussian_hmm | K=5 | seed=43
[2026-09-19 05:21:31] DONE  screen_selection | h=2m | gaussian_hmm | K=5 | seed=43 | 166.1s | converged=False
[2026-09-19 05:21:31] START screen_selection | h=2m | gaussian_hmm | K=5 | seed=44
[2026-09-19 05:24:22] DONE  screen_selection | h=2m | gaussian_hmm | K=5 | seed=44 | 170.6s | converged=False
[2026-09-19 05:24:34] START screen_selection | h=2m | gaussian_hmm | K=6 | seed=42
[2026-09-19 05:27:26] DONE  screen_selection | h=2m | gaussian_hmm | K=6 | seed=42 | 172.1s | converged=True
[2026-09-19 05:27:26] START screen_selection | h=2m | gaussian_hmm | K=6 | seed=43
[2026-09-19 05:30:11] DONE  screen_selection | h=2m | gaussian_hmm | K=6 | seed=43 | 164.2s | converged=False
[2026-09-19 05:30:11] START screen_selection | h=2m | gaussian_hmm | K=6 | seed=44
[2026-09-19 05:32:58] DONE  screen_selection | h=2m | gaussian_hmm | K=6 | seed=44 | 167.1s | converged=False
[2026-09-19 05:33:13] START screen_selection | h=2m | gaussian_hmm | K=7 | seed=42
[2026-09-19 05:36:06] DONE  screen_selection | h=2m | gaussian_hmm | K=7 | seed=42 | 172.6s | converged=True
[2026-09-19 05:36:06] START screen_selection | h=2m | gaussian_hmm | K=7 | seed=43
[2026-09-19 05:38:52] DONE  screen_selection | h=2m | gaussian_hmm | K=7 | seed=43 | 166.3s | converged=True
[2026-09-19 05:38:52] START screen_selection | h=2m | gaussian_hmm | K=7 | seed=44
[2026-09-19 05:41:34] DONE  screen_selection | h=2m | gaussian_hmm | K=7 | seed=44 | 161.7s | converged=True
[2026-09-19 05:41:47] START confirm_selection | h=1m | student_t_shared | K=2 | seed=62
[2026-09-19 05:48:10] DONE  confirm_selection | h=1m | student_t_shared | K=2 | seed=62 | 382.3s | converged=True
[2026-09-19 05:48:10] START confirm_selection | h=1m | student_t_shared | K=2 | seed=63
[2026-09-19 05:52:34] DONE  confirm_selection | h=1m | student_t_shared | K=2 | seed=63 | 264.6s | converged=True
[2026-09-19 05:52:34] START confirm_selection | h=1m | student_t_shared | K=2 | seed=64
[2026-09-19 05:57:43] DONE  confirm_selection | h=1m | student_t_shared | K=2 | seed=64 | 309.2s | converged=True
[2026-09-19 05:58:16] START confirm_selection | h=1m | student_t_shared | K=3 | seed=62
[2026-09-19 06:05:09] DONE  confirm_selection | h=1m | student_t_shared | K=3 | seed=62 | 413.0s | converged=True
[2026-09-19 06:05:09] START confirm_selection | h=1m | student_t_shared | K=3 | seed=63
[2026-09-19 06:12:15] DONE  confirm_selection | h=1m | student_t_shared | K=3 | seed=63 | 425.9s | converged=True
[2026-09-19 06:12:15] START confirm_selection | h=1m | student_t_shared | K=3 | seed=64
[2026-09-19 06:19:10] DONE  confirm_selection | h=1m | student_t_shared | K=3 | seed=64 | 414.5s | converged=True
[2026-09-19 06:19:45] START confirm_selection | h=1m | student_t_shared | K=4 | seed=62
[2026-09-19 06:26:50] DONE  confirm_selection | h=1m | student_t_shared | K=4 | seed=62 | 424.9s | converged=True
[2026-09-19 06:26:50] START confirm_selection | h=1m | student_t_shared | K=4 | seed=63
[2026-09-19 06:33:50] DONE  confirm_selection | h=1m | student_t_shared | K=4 | seed=63 | 419.9s | converged=True
[2026-09-19 06:33:50] START confirm_selection | h=1m | student_t_shared | K=4 | seed=64
[2026-09-19 06:40:49] DONE  confirm_selection | h=1m | student_t_shared | K=4 | seed=64 | 419.4s | converged=True
[2026-09-19 06:41:23] START confirm_selection | h=1m | student_t_shared | K=5 | seed=62
[2026-09-19 06:48:24] DONE  confirm_selection | h=1m | student_t_shared | K=5 | seed=62 | 420.6s | converged=True
[2026-09-19 06:48:24] START confirm_selection | h=1m | student_t_shared | K=5 | seed=63
[2026-09-19 06:55:26] DONE  confirm_selection | h=1m | student_t_shared | K=5 | seed=63 | 422.3s | converged=True
[2026-09-19 06:55:26] START confirm_selection | h=1m | student_t_shared | K=5 | seed=64
[2026-09-19 07:02:23] DONE  confirm_selection | h=1m | student_t_shared | K=5 | seed=64 | 416.7s | converged=True
[2026-09-19 07:02:54] START confirm_selection | h=1m | student_t_shared | K=6 | seed=62
[2026-09-19 07:10:04] DONE  confirm_selection | h=1m | student_t_shared | K=6 | seed=62 | 430.4s | converged=True
[2026-09-19 07:10:04] START confirm_selection | h=1m | student_t_shared | K=6 | seed=63
[2026-09-19 07:17:03] DONE  confirm_selection | h=1m | student_t_shared | K=6 | seed=63 | 418.6s | converged=True
[2026-09-19 07:17:03] START confirm_selection | h=1m | student_t_shared | K=6 | seed=64
[2026-09-19 07:24:03] DONE  confirm_selection | h=1m | student_t_shared | K=6 | seed=64 | 420.8s | converged=True
[2026-09-19 07:24:39] START confirm_selection | h=1m | student_t_shared | K=7 | seed=62
[2026-09-19 07:31:39] DONE  confirm_selection | h=1m | student_t_shared | K=7 | seed=62 | 419.3s | converged=False
[2026-09-19 07:31:39] START confirm_selection | h=1m | student_t_shared | K=7 | seed=63
[2026-09-19 07:38:49] DONE  confirm_selection | h=1m | student_t_shared | K=7 | seed=63 | 430.5s | converged=False
[2026-09-19 07:38:49] START confirm_selection | h=1m | student_t_shared | K=7 | seed=64
[2026-09-19 07:45:56] DONE  confirm_selection | h=1m | student_t_shared | K=7 | seed=64 | 426.8s | converged=False
[2026-09-19 07:46:26] START confirm_selection | h=1m | student_t_state | K=2 | seed=62
[2026-09-19 07:53:38] DONE  confirm_selection | h=1m | student_t_state | K=2 | seed=62 | 432.3s | converged=True
[2026-09-19 07:53:38] START confirm_selection | h=1m | student_t_state | K=2 | seed=63
[2026-09-19 08:00:39] DONE  confirm_selection | h=1m | student_t_state | K=2 | seed=63 | 420.3s | converged=True
[2026-09-19 08:00:39] START confirm_selection | h=1m | student_t_state | K=2 | seed=64
[2026-09-19 08:07:32] DONE  confirm_selection | h=1m | student_t_state | K=2 | seed=64 | 413.9s | converged=True
[2026-09-19 08:08:02] START confirm_selection | h=1m | student_t_state | K=3 | seed=62
[2026-09-19 08:15:06] DONE  confirm_selection | h=1m | student_t_state | K=3 | seed=62 | 424.6s | converged=True
[2026-09-19 08:15:06] START confirm_selection | h=1m | student_t_state | K=3 | seed=63
[2026-09-19 08:22:08] DONE  confirm_selection | h=1m | student_t_state | K=3 | seed=63 | 421.9s | converged=True
[2026-09-19 08:22:08] START confirm_selection | h=1m | student_t_state | K=3 | seed=64
[2026-09-19 08:29:15] DONE  confirm_selection | h=1m | student_t_state | K=3 | seed=64 | 426.5s | converged=True
[2026-09-19 08:29:46] START confirm_selection | h=1m | student_t_state | K=4 | seed=62
[2026-09-19 08:36:53] DONE  confirm_selection | h=1m | student_t_state | K=4 | seed=62 | 427.2s | converged=True
[2026-09-19 08:36:53] START confirm_selection | h=1m | student_t_state | K=4 | seed=63
[2026-09-19 08:44:01] DONE  confirm_selection | h=1m | student_t_state | K=4 | seed=63 | 428.7s | converged=True
[2026-09-19 08:44:01] START confirm_selection | h=1m | student_t_state | K=4 | seed=64
[2026-09-19 08:51:00] DONE  confirm_selection | h=1m | student_t_state | K=4 | seed=64 | 418.7s | converged=True
[2026-09-19 08:51:32] START confirm_selection | h=1m | student_t_state | K=5 | seed=62
[2026-09-19 08:58:32] DONE  confirm_selection | h=1m | student_t_state | K=5 | seed=62 | 420.4s | converged=True
[2026-09-19 08:58:32] START confirm_selection | h=1m | student_t_state | K=5 | seed=63
[2026-09-19 09:05:29] DONE  confirm_selection | h=1m | student_t_state | K=5 | seed=63 | 416.9s | converged=True
[2026-09-19 09:05:29] START confirm_selection | h=1m | student_t_state | K=5 | seed=64
[2026-09-19 09:12:30] DONE  confirm_selection | h=1m | student_t_state | K=5 | seed=64 | 420.9s | converged=True
[2026-09-19 09:13:05] START confirm_selection | h=1m | student_t_state | K=6 | seed=62
[2026-09-19 09:20:10] DONE  confirm_selection | h=1m | student_t_state | K=6 | seed=62 | 425.2s | converged=True
[2026-09-19 09:20:10] START confirm_selection | h=1m | student_t_state | K=6 | seed=63
[2026-09-19 09:27:20] DONE  confirm_selection | h=1m | student_t_state | K=6 | seed=63 | 430.3s | converged=True
[2026-09-19 09:27:20] START confirm_selection | h=1m | student_t_state | K=6 | seed=64
[2026-09-19 09:34:29] DONE  confirm_selection | h=1m | student_t_state | K=6 | seed=64 | 429.1s | converged=True
[2026-09-19 09:35:05] START confirm_selection | h=1m | student_t_state | K=7 | seed=62
[2026-09-19 09:42:16] DONE  confirm_selection | h=1m | student_t_state | K=7 | seed=62 | 430.5s | converged=False
[2026-09-19 09:42:16] START confirm_selection | h=1m | student_t_state | K=7 | seed=63
[2026-09-19 09:49:32] DONE  confirm_selection | h=1m | student_t_state | K=7 | seed=63 | 436.4s | converged=False
[2026-09-19 09:49:32] START confirm_selection | h=1m | student_t_state | K=7 | seed=64
[2026-09-19 09:56:34] DONE  confirm_selection | h=1m | student_t_state | K=7 | seed=64 | 421.9s | converged=False
[2026-09-19 09:57:11] START confirm_selection | h=2m | student_t_shared | K=2 | seed=62
[2026-09-19 09:59:27] DONE  confirm_selection | h=2m | student_t_shared | K=2 | seed=62 | 136.4s | converged=True
[2026-09-19 09:59:27] START confirm_selection | h=2m | student_t_shared | K=2 | seed=63
[2026-09-19 10:01:36] DONE  confirm_selection | h=2m | student_t_shared | K=2 | seed=63 | 128.7s | converged=True
[2026-09-19 10:01:36] START confirm_selection | h=2m | student_t_shared | K=2 | seed=64
[2026-09-19 10:04:05] DONE  confirm_selection | h=2m | student_t_shared | K=2 | seed=64 | 149.4s | converged=True
[2026-09-19 10:04:21] START confirm_selection | h=2m | student_t_shared | K=3 | seed=62
[2026-09-19 10:07:02] DONE  confirm_selection | h=2m | student_t_shared | K=3 | seed=62 | 161.2s | converged=False
[2026-09-19 10:07:02] START confirm_selection | h=2m | student_t_shared | K=3 | seed=63
[2026-09-19 10:09:44] DONE  confirm_selection | h=2m | student_t_shared | K=3 | seed=63 | 161.4s | converged=False
[2026-09-19 10:09:44] START confirm_selection | h=2m | student_t_shared | K=3 | seed=64
[2026-09-19 10:12:31] DONE  confirm_selection | h=2m | student_t_shared | K=3 | seed=64 | 167.3s | converged=False
[2026-09-19 10:12:48] START confirm_selection | h=2m | student_t_shared | K=4 | seed=62
[2026-09-19 10:15:34] DONE  confirm_selection | h=2m | student_t_shared | K=4 | seed=62 | 165.8s | converged=False
[2026-09-19 10:15:34] START confirm_selection | h=2m | student_t_shared | K=4 | seed=63
[2026-09-19 10:18:17] DONE  confirm_selection | h=2m | student_t_shared | K=4 | seed=63 | 162.6s | converged=False
[2026-09-19 10:18:17] START confirm_selection | h=2m | student_t_shared | K=4 | seed=64
[2026-09-19 10:21:08] DONE  confirm_selection | h=2m | student_t_shared | K=4 | seed=64 | 171.8s | converged=False
[2026-09-19 10:21:23] START confirm_selection | h=2m | student_t_shared | K=5 | seed=62
[2026-09-19 10:24:16] DONE  confirm_selection | h=2m | student_t_shared | K=5 | seed=62 | 172.4s | converged=False
[2026-09-19 10:24:16] START confirm_selection | h=2m | student_t_shared | K=5 | seed=63
[2026-09-19 10:27:05] DONE  confirm_selection | h=2m | student_t_shared | K=5 | seed=63 | 169.7s | converged=False
[2026-09-19 10:27:05] START confirm_selection | h=2m | student_t_shared | K=5 | seed=64
[2026-09-19 10:29:50] DONE  confirm_selection | h=2m | student_t_shared | K=5 | seed=64 | 165.2s | converged=False
[2026-09-19 10:30:06] START confirm_selection | h=2m | student_t_shared | K=6 | seed=62
[2026-09-19 10:32:51] DONE  confirm_selection | h=2m | student_t_shared | K=6 | seed=62 | 164.3s | converged=True
[2026-09-19 10:32:51] START confirm_selection | h=2m | student_t_shared | K=6 | seed=63
[2026-09-19 10:35:39] DONE  confirm_selection | h=2m | student_t_shared | K=6 | seed=63 | 168.5s | converged=True
[2026-09-19 10:35:39] START confirm_selection | h=2m | student_t_shared | K=6 | seed=64
[2026-09-19 10:38:36] DONE  confirm_selection | h=2m | student_t_shared | K=6 | seed=64 | 176.5s | converged=True
[2026-09-19 10:38:54] START confirm_selection | h=2m | student_t_shared | K=7 | seed=62
[2026-09-19 10:41:48] DONE  confirm_selection | h=2m | student_t_shared | K=7 | seed=62 | 173.9s | converged=False
[2026-09-19 10:41:48] START confirm_selection | h=2m | student_t_shared | K=7 | seed=63
[2026-09-19 10:44:40] DONE  confirm_selection | h=2m | student_t_shared | K=7 | seed=63 | 172.1s | converged=False
[2026-09-19 10:44:40] START confirm_selection | h=2m | student_t_shared | K=7 | seed=64
[2026-09-19 10:47:30] DONE  confirm_selection | h=2m | student_t_shared | K=7 | seed=64 | 170.0s | converged=True
[2026-09-19 10:47:46] START confirm_selection | h=2m | student_t_state | K=2 | seed=62
[2026-09-19 10:50:33] DONE  confirm_selection | h=2m | student_t_state | K=2 | seed=62 | 167.3s | converged=True
[2026-09-19 10:50:33] START confirm_selection | h=2m | student_t_state | K=2 | seed=63
[2026-09-19 10:53:17] DONE  confirm_selection | h=2m | student_t_state | K=2 | seed=63 | 164.0s | converged=True
[2026-09-19 10:53:17] START confirm_selection | h=2m | student_t_state | K=2 | seed=64
[2026-09-19 10:56:07] DONE  confirm_selection | h=2m | student_t_state | K=2 | seed=64 | 169.9s | converged=True
[2026-09-19 10:56:22] START confirm_selection | h=2m | student_t_state | K=3 | seed=62
[2026-09-19 10:59:09] DONE  confirm_selection | h=2m | student_t_state | K=3 | seed=62 | 167.0s | converged=True
[2026-09-19 10:59:09] START confirm_selection | h=2m | student_t_state | K=3 | seed=63
[2026-09-19 11:02:02] DONE  confirm_selection | h=2m | student_t_state | K=3 | seed=63 | 172.9s | converged=True
[2026-09-19 11:02:02] START confirm_selection | h=2m | student_t_state | K=3 | seed=64
[2026-09-19 11:04:47] DONE  confirm_selection | h=2m | student_t_state | K=3 | seed=64 | 164.8s | converged=True
[2026-09-19 11:05:04] START confirm_selection | h=2m | student_t_state | K=4 | seed=62
[2026-09-19 11:08:07] DONE  confirm_selection | h=2m | student_t_state | K=4 | seed=62 | 182.5s | converged=True
[2026-09-19 11:08:07] START confirm_selection | h=2m | student_t_state | K=4 | seed=63
[2026-09-19 11:10:55] DONE  confirm_selection | h=2m | student_t_state | K=4 | seed=63 | 167.6s | converged=True
[2026-09-19 11:10:55] START confirm_selection | h=2m | student_t_state | K=4 | seed=64
[2026-09-19 11:13:48] DONE  confirm_selection | h=2m | student_t_state | K=4 | seed=64 | 173.7s | converged=True
[2026-09-19 11:14:04] START confirm_selection | h=2m | student_t_state | K=5 | seed=62
[2026-09-19 11:16:54] DONE  confirm_selection | h=2m | student_t_state | K=5 | seed=62 | 170.2s | converged=True
[2026-09-19 11:16:54] START confirm_selection | h=2m | student_t_state | K=5 | seed=63
[2026-09-19 11:19:48] DONE  confirm_selection | h=2m | student_t_state | K=5 | seed=63 | 174.2s | converged=True
[2026-09-19 11:19:48] START confirm_selection | h=2m | student_t_state | K=5 | seed=64
[2026-09-19 11:22:36] DONE  confirm_selection | h=2m | student_t_state | K=5 | seed=64 | 168.0s | converged=True
[2026-09-19 11:22:54] START confirm_selection | h=2m | student_t_state | K=6 | seed=62
[2026-09-19 11:25:44] DONE  confirm_selection | h=2m | student_t_state | K=6 | seed=62 | 169.5s | converged=True
[2026-09-19 11:25:44] START confirm_selection | h=2m | student_t_state | K=6 | seed=63
[2026-09-19 11:28:26] DONE  confirm_selection | h=2m | student_t_state | K=6 | seed=63 | 162.3s | converged=False
[2026-09-19 11:28:26] START confirm_selection | h=2m | student_t_state | K=6 | seed=64
[2026-09-19 11:31:13] DONE  confirm_selection | h=2m | student_t_state | K=6 | seed=64 | 167.4s | converged=False
[2026-09-19 11:31:27] START confirm_selection | h=2m | student_t_state | K=7 | seed=62
[2026-09-19 11:34:14] DONE  confirm_selection | h=2m | student_t_state | K=7 | seed=62 | 166.5s | converged=True
[2026-09-19 11:34:14] START confirm_selection | h=2m | student_t_state | K=7 | seed=63
[2026-09-19 11:36:59] DONE  confirm_selection | h=2m | student_t_state | K=7 | seed=63 | 165.2s | converged=True
[2026-09-19 11:36:59] START confirm_selection | h=2m | student_t_state | K=7 | seed=64
[2026-09-19 11:39:53] DONE  confirm_selection | h=2m | student_t_state | K=7 | seed=64 | 174.0s | converged=True
[2026-09-19 11:40:20] START refit | h=1m | gaussian_hmm | K=7 | seed=142
[2026-09-19 12:02:45] DONE  refit | h=1m | gaussian_hmm | K=7 | seed=142 | 1345.6s | converged=True
[2026-09-19 12:02:45] START refit | h=1m | gaussian_hmm | K=7 | seed=143
[2026-09-19 12:25:23] DONE  refit | h=1m | gaussian_hmm | K=7 | seed=143 | 1357.3s | converged=True
[2026-09-19 12:25:23] START refit | h=1m | gaussian_hmm | K=7 | seed=144
[2026-09-19 12:48:10] DONE  refit | h=1m | gaussian_hmm | K=7 | seed=144 | 1367.3s | converged=True
[2026-09-19 12:48:10] START refit | h=1m | gaussian_hmm | K=7 | seed=145
[2026-09-19 13:10:39] DONE  refit | h=1m | gaussian_hmm | K=7 | seed=145 | 1349.0s | converged=True
[2026-09-19 13:10:39] START refit | h=1m | gaussian_hmm | K=7 | seed=146
[2026-09-19 13:33:04] DONE  refit | h=1m | gaussian_hmm | K=7 | seed=146 | 1345.5s | converged=True
[2026-09-19 13:33:42] START refit | h=1m | student_t_shared | K=7 | seed=142
[2026-09-19 13:56:37] DONE  refit | h=1m | student_t_shared | K=7 | seed=142 | 1375.8s | converged=True
[2026-09-19 13:56:37] START refit | h=1m | student_t_shared | K=7 | seed=143
[2026-09-19 14:19:09] DONE  refit | h=1m | student_t_shared | K=7 | seed=143 | 1351.9s | converged=True
[2026-09-19 14:19:09] START refit | h=1m | student_t_shared | K=7 | seed=144
[2026-09-19 14:41:39] DONE  refit | h=1m | student_t_shared | K=7 | seed=144 | 1349.4s | converged=True
[2026-09-19 14:41:39] START refit | h=1m | student_t_shared | K=7 | seed=145
[2026-09-19 15:03:54] DONE  refit | h=1m | student_t_shared | K=7 | seed=145 | 1335.0s | converged=True
[2026-09-19 15:03:54] START refit | h=1m | student_t_shared | K=7 | seed=146
[2026-09-19 15:26:20] DONE  refit | h=1m | student_t_shared | K=7 | seed=146 | 1346.6s | converged=True
[2026-09-19 15:26:54] START refit | h=1m | student_t_state | K=7 | seed=142
[2026-09-19 19:08:55] START refit | h=1m | student_t_state | K=7 | seed=142
[2026-09-19 19:31:12] DONE  refit | h=1m | student_t_state | K=7 | seed=142 | 1337.1s | converged=True
[2026-09-19 19:31:12] START refit | h=1m | student_t_state | K=7 | seed=143
[2026-09-19 19:53:01] DONE  refit | h=1m | student_t_state | K=7 | seed=143 | 1309.0s | converged=True
[2026-09-19 19:53:01] START refit | h=1m | student_t_state | K=7 | seed=144
[2026-09-19 20:14:33] DONE  refit | h=1m | student_t_state | K=7 | seed=144 | 1291.9s | converged=True
[2026-09-19 20:14:33] START refit | h=1m | student_t_state | K=7 | seed=145
[2026-09-19 20:36:12] DONE  refit | h=1m | student_t_state | K=7 | seed=145 | 1298.9s | converged=True
[2026-09-19 20:36:12] START refit | h=1m | student_t_state | K=7 | seed=146
[2026-09-19 20:57:38] DONE  refit | h=1m | student_t_state | K=7 | seed=146 | 1286.1s | converged=True
[2026-09-19 20:58:13] START refit | h=2m | gaussian_hmm | K=7 | seed=142
[2026-09-19 21:06:42] DONE  refit | h=2m | gaussian_hmm | K=7 | seed=142 | 508.9s | converged=True
[2026-09-19 21:06:42] START refit | h=2m | gaussian_hmm | K=7 | seed=143
[2026-09-19 21:15:24] DONE  refit | h=2m | gaussian_hmm | K=7 | seed=143 | 521.5s | converged=True
[2026-09-19 21:15:24] START refit | h=2m | gaussian_hmm | K=7 | seed=144
[2026-09-19 21:24:06] DONE  refit | h=2m | gaussian_hmm | K=7 | seed=144 | 522.1s | converged=True
[2026-09-19 21:24:06] START refit | h=2m | gaussian_hmm | K=7 | seed=145
[2026-09-19 21:32:41] DONE  refit | h=2m | gaussian_hmm | K=7 | seed=145 | 514.7s | converged=True
[2026-09-19 21:32:41] START refit | h=2m | gaussian_hmm | K=7 | seed=146
[2026-09-19 21:41:20] DONE  refit | h=2m | gaussian_hmm | K=7 | seed=146 | 519.3s | converged=True
[2026-09-19 21:41:34] START refit | h=2m | student_t_shared | K=7 | seed=142
[2026-09-19 21:50:11] DONE  refit | h=2m | student_t_shared | K=7 | seed=142 | 516.7s | converged=True
[2026-09-19 21:50:11] START refit | h=2m | student_t_shared | K=7 | seed=143
[2026-09-19 21:58:53] DONE  refit | h=2m | student_t_shared | K=7 | seed=143 | 522.7s | converged=True
[2026-09-19 21:58:53] START refit | h=2m | student_t_shared | K=7 | seed=144
[2026-09-19 22:07:59] DONE  refit | h=2m | student_t_shared | K=7 | seed=144 | 545.0s | converged=True
[2026-09-19 22:07:59] START refit | h=2m | student_t_shared | K=7 | seed=145
[2026-09-19 22:16:39] DONE  refit | h=2m | student_t_shared | K=7 | seed=145 | 520.4s | converged=True
[2026-09-19 22:16:39] START refit | h=2m | student_t_shared | K=7 | seed=146
[2026-09-19 22:25:22] DONE  refit | h=2m | student_t_shared | K=7 | seed=146 | 522.8s | converged=True
[2026-09-19 22:25:38] START refit | h=2m | student_t_state | K=7 | seed=142
[2026-09-19 22:34:19] DONE  refit | h=2m | student_t_state | K=7 | seed=142 | 521.1s | converged=True
[2026-09-19 22:34:19] START refit | h=2m | student_t_state | K=7 | seed=143
[2026-09-20 03:52:59] CACHE refit | h=2m | student_t_state | K=7 | seed=142
[2026-09-20 03:52:59] START refit | h=2m | student_t_state | K=7 | seed=143
[2026-09-20 04:01:20] DONE  refit | h=2m | student_t_state | K=7 | seed=143 | 500.8s | converged=True
[2026-09-20 04:01:20] START refit | h=2m | student_t_state | K=7 | seed=144
[2026-09-20 04:09:41] DONE  refit | h=2m | student_t_state | K=7 | seed=144 | 501.2s | converged=True
[2026-09-20 04:09:41] START refit | h=2m | student_t_state | K=7 | seed=145
[2026-09-20 04:18:14] DONE  refit | h=2m | student_t_state | K=7 | seed=145 | 512.7s | converged=True
[2026-09-20 04:18:14] START refit | h=2m | student_t_state | K=7 | seed=146
[2026-09-20 04:26:35] DONE  refit | h=2m | student_t_state | K=7 | seed=146 | 500.9s | converged=True
