[2026-09-17 15:11:36] SCREEN horizon 1m START
[2026-09-17 16:44:14] SCREEN horizon 1m DONE | Gaussian-HMM K=7 | gain=0.143848
[2026-09-17 16:44:14] SCREEN horizon 2m START
[2026-09-17 17:25:05] SCREEN horizon 2m DONE | Gaussian-HMM K=7 | gain=0.118639
[2026-09-17 17:25:05] CONFIRM horizon 1m | student_t_shared START
[2026-09-17 19:17:40] CONFIRM horizon 1m | student_t_shared DONE | K=7
[2026-09-17 19:17:40] CONFIRM horizon 1m | student_t_state START
[2026-09-17 21:09:30] CONFIRM horizon 1m | student_t_state DONE | K=7
[2026-09-17 21:09:30] CONFIRM horizon 2m | student_t_shared START
[2026-09-18 02:26:37] SCREEN horizon 1m START
[2026-09-18 02:26:37] SCREEN horizon 1m DONE | Gaussian-HMM K=7 | gain=0.143848
[2026-09-18 02:26:37] SCREEN horizon 2m START
[2026-09-18 02:26:37] SCREEN horizon 2m DONE | Gaussian-HMM K=7 | gain=0.118639
[2026-09-18 02:26:37] CONFIRM horizon 1m | student_t_shared START
[2026-09-18 02:26:37] CONFIRM horizon 1m | student_t_shared DONE | K=7
[2026-09-18 02:26:37] CONFIRM horizon 1m | student_t_state START
[2026-09-18 02:26:37] CONFIRM horizon 1m | student_t_state DONE | K=7
[2026-09-18 02:26:37] CONFIRM horizon 2m | student_t_shared START
[2026-09-18 02:36:47] CONFIRM horizon 2m | student_t_shared DONE | K=7
[2026-09-18 02:36:47] CONFIRM horizon 2m | student_t_state START
[2026-09-18 03:29:56] CONFIRM horizon 2m | student_t_state DONE | K=7
[2026-09-18 03:30:00] REFIT horizon 1m | student_t | K=1 START
[2026-09-18 03:30:00] REFIT horizon 1m | student_t | K=1 DONE
[2026-09-18 03:30:00] REFIT horizon 1m | gaussian | K=1 START
[2026-09-18 03:30:00] REFIT horizon 1m | gaussian | K=1 DONE
[2026-09-18 03:30:00] REFIT horizon 1m | gmm | K=7 START
[2026-09-18 03:30:05] REFIT horizon 1m | gmm | K=7 DONE
[2026-09-18 03:30:05] REFIT horizon 1m | gaussian_hmm | K=7 START
[2026-09-18 05:19:31] REFIT horizon 1m | gaussian_hmm | K=7 DONE
[2026-09-18 05:19:31] REFIT horizon 1m | student_t_shared | K=7 START
[2026-09-18 07:09:56] REFIT horizon 1m | student_t_shared | K=7 DONE
[2026-09-18 07:09:56] REFIT horizon 1m | student_t_state | K=7 START
[2026-09-18 08:52:38] REFIT horizon 1m | student_t_state | K=7 DONE
[2026-09-18 08:52:40] REFIT horizon 2m | student_t | K=1 START
[2026-09-18 08:52:40] REFIT horizon 2m | student_t | K=1 DONE
[2026-09-18 08:52:40] REFIT horizon 2m | gaussian | K=1 START
[2026-09-18 08:52:40] REFIT horizon 2m | gaussian | K=1 DONE
[2026-09-18 08:52:40] REFIT horizon 2m | gmm | K=5 START
[2026-09-18 08:52:42] REFIT horizon 2m | gmm | K=5 DONE
[2026-09-18 08:52:42] REFIT horizon 2m | gaussian_hmm | K=7 START
[2026-09-18 09:41:28] REFIT horizon 2m | gaussian_hmm | K=7 DONE
[2026-09-18 09:41:28] REFIT horizon 2m | student_t_shared | K=7 START
[2026-09-18 10:31:23] REFIT horizon 2m | student_t_shared | K=7 DONE
[2026-09-18 10:31:23] REFIT horizon 2m | student_t_state | K=7 START
[2026-09-18 11:20:45] REFIT horizon 2m | student_t_state | K=7 DONE
[2026-09-18 11:20:45] FOLD 9/2 DONE
[2026-09-18 11:20:45] SCREEN horizon 1m START
[2026-09-18 12:35:09] SCREEN horizon 1m DONE | Gaussian-HMM K=7 | gain=0.123309
[2026-09-18 12:35:09] SCREEN horizon 2m START
[2026-09-18 13:07:20] SCREEN horizon 2m DONE | Gaussian-HMM K=7 | gain=0.116188
[2026-09-18 13:07:20] CONFIRM horizon 1m | student_t_shared START
[2026-09-18 14:36:32] CONFIRM horizon 1m | student_t_shared DONE | K=7
[2026-09-18 14:36:32] CONFIRM horizon 1m | student_t_state START
[2026-09-18 16:07:46] CONFIRM horizon 1m | student_t_state DONE | K=7
[2026-09-18 16:07:46] CONFIRM horizon 2m | student_t_shared START
[2026-09-18 16:45:51] CONFIRM horizon 2m | student_t_shared DONE | K=5
[2026-09-18 16:45:51] CONFIRM horizon 2m | student_t_state START
[2026-09-18 17:23:22] CONFIRM horizon 2m | student_t_state DONE | K=7
[2026-09-18 17:23:26] REFIT horizon 1m | student_t | K=1 START
[2026-09-18 17:23:26] REFIT horizon 1m | student_t | K=1 DONE
[2026-09-18 17:23:26] REFIT horizon 1m | gaussian | K=1 START
[2026-09-18 17:23:26] REFIT horizon 1m | gaussian | K=1 DONE
[2026-09-18 17:23:26] REFIT horizon 1m | gmm | K=7 START
[2026-09-18 17:23:31] REFIT horizon 1m | gmm | K=7 DONE
[2026-09-18 17:23:31] REFIT horizon 1m | gaussian_hmm | K=7 START
[2026-09-18 18:40:16] REFIT horizon 1m | gaussian_hmm | K=7 DONE
[2026-09-18 18:40:16] REFIT horizon 1m | student_t_shared | K=7 START
[2026-09-18 19:48:14] REFIT horizon 1m | student_t_shared | K=7 DONE
[2026-09-18 19:48:14] REFIT horizon 1m | student_t_state | K=7 START
[2026-09-18 21:03:35] REFIT horizon 1m | student_t_state | K=7 DONE
[2026-09-18 21:03:37] REFIT horizon 2m | student_t | K=1 START
[2026-09-18 21:03:37] REFIT horizon 2m | student_t | K=1 DONE
[2026-09-18 21:03:37] REFIT horizon 2m | gaussian | K=1 START
[2026-09-18 21:03:37] REFIT horizon 2m | gaussian | K=1 DONE
[2026-09-18 21:03:37] REFIT horizon 2m | gmm | K=7 START
[2026-09-18 21:03:39] REFIT horizon 2m | gmm | K=7 DONE
[2026-09-18 21:03:39] REFIT horizon 2m | gaussian_hmm | K=7 START
[2026-09-18 21:37:30] REFIT horizon 2m | gaussian_hmm | K=7 DONE
[2026-09-18 21:37:30] REFIT horizon 2m | student_t_shared | K=5 START
[2026-09-18 22:06:20] REFIT horizon 2m | student_t_shared | K=5 DONE
[2026-09-18 22:06:20] REFIT horizon 2m | student_t_state | K=7 START
[2026-09-19 03:14:18] SCREEN horizon 1m START
[2026-09-19 03:14:18] SCREEN horizon 1m DONE | Gaussian-HMM K=7 | gain=0.123309
[2026-09-19 03:14:18] SCREEN horizon 2m START
[2026-09-19 03:14:18] SCREEN horizon 2m DONE | Gaussian-HMM K=7 | gain=0.116188
[2026-09-19 03:14:18] CONFIRM horizon 1m | student_t_shared START
[2026-09-19 03:14:18] CONFIRM horizon 1m | student_t_shared DONE | K=7
[2026-09-19 03:14:18] CONFIRM horizon 1m | student_t_state START
[2026-09-19 03:14:18] CONFIRM horizon 1m | student_t_state DONE | K=7
[2026-09-19 03:14:18] CONFIRM horizon 2m | student_t_shared START
[2026-09-19 03:14:18] CONFIRM horizon 2m | student_t_shared DONE | K=5
[2026-09-19 03:14:18] CONFIRM horizon 2m | student_t_state START
[2026-09-19 03:14:18] CONFIRM horizon 2m | student_t_state DONE | K=7
[2026-09-19 03:14:22] REFIT horizon 1m | student_t | K=1 START
[2026-09-19 03:14:22] REFIT horizon 1m | student_t | K=1 DONE
[2026-09-19 03:14:22] REFIT horizon 1m | gaussian | K=1 START
[2026-09-19 03:14:22] REFIT horizon 1m | gaussian | K=1 DONE
[2026-09-19 03:14:22] REFIT horizon 1m | gmm | K=7 START
[2026-09-19 03:14:22] REFIT horizon 1m | gmm | K=7 DONE
[2026-09-19 03:14:22] REFIT horizon 1m | gaussian_hmm | K=7 START
[2026-09-19 03:14:22] REFIT horizon 1m | gaussian_hmm | K=7 DONE
[2026-09-19 03:14:22] REFIT horizon 1m | student_t_shared | K=7 START
[2026-09-19 03:14:22] REFIT horizon 1m | student_t_shared | K=7 DONE
[2026-09-19 03:14:22] REFIT horizon 1m | student_t_state | K=7 START
[2026-09-19 03:14:22] REFIT horizon 1m | student_t_state | K=7 DONE
[2026-09-19 03:14:24] REFIT horizon 2m | student_t | K=1 START
[2026-09-19 03:14:24] REFIT horizon 2m | student_t | K=1 DONE
[2026-09-19 03:14:24] REFIT horizon 2m | gaussian | K=1 START
[2026-09-19 03:14:24] REFIT horizon 2m | gaussian | K=1 DONE
[2026-09-19 03:14:24] REFIT horizon 2m | gmm | K=7 START
[2026-09-19 03:14:24] REFIT horizon 2m | gmm | K=7 DONE
[2026-09-19 03:14:24] REFIT horizon 2m | gaussian_hmm | K=7 START
[2026-09-19 03:14:24] REFIT horizon 2m | gaussian_hmm | K=7 DONE
[2026-09-19 03:14:24] REFIT horizon 2m | student_t_shared | K=5 START
[2026-09-19 03:14:24] REFIT horizon 2m | student_t_shared | K=5 DONE
[2026-09-19 03:14:24] REFIT horizon 2m | student_t_state | K=7 START
[2026-09-19 03:44:29] REFIT horizon 2m | student_t_state | K=7 DONE
[2026-09-19 03:44:29] FOLD 10/2 DONE
