[2026-09-20 04:26:57] START screen_selection | h=1m | gmm | K=2
[2026-09-20 04:26:59] DONE  screen_selection | h=1m | gmm | K=2 | 1.4s
[2026-09-20 04:26:59] START screen_selection | h=1m | gmm | K=3
[2026-09-20 04:27:01] DONE  screen_selection | h=1m | gmm | K=3 | 2.1s
[2026-09-20 04:27:01] START screen_selection | h=1m | gmm | K=4
[2026-09-20 04:27:05] DONE  screen_selection | h=1m | gmm | K=4 | 3.8s
[2026-09-20 04:27:05] START screen_selection | h=1m | gmm | K=5
[2026-09-20 04:27:07] DONE  screen_selection | h=1m | gmm | K=5 | 2.3s
[2026-09-20 04:27:07] START screen_selection | h=1m | gmm | K=6
[2026-09-20 04:27:10] DONE  screen_selection | h=1m | gmm | K=6 | 2.5s
[2026-09-20 04:27:10] START screen_selection | h=1m | gmm | K=7
[2026-09-20 04:27:12] DONE  screen_selection | h=1m | gmm | K=7 | 2.8s
[2026-09-20 04:27:12] START screen_selection | h=1m | gaussian_hmm | K=2 | seed=42
[2026-09-20 04:29:15] DONE  screen_selection | h=1m | gaussian_hmm | K=2 | seed=42 | 122.3s | converged=True
[2026-09-20 04:29:15] START screen_selection | h=1m | gaussian_hmm | K=2 | seed=43
[2026-09-20 04:31:14] DONE  screen_selection | h=1m | gaussian_hmm | K=2 | seed=43 | 119.6s | converged=True
[2026-09-20 04:31:14] START screen_selection | h=1m | gaussian_hmm | K=2 | seed=44
[2026-09-20 04:33:03] DONE  screen_selection | h=1m | gaussian_hmm | K=2 | seed=44 | 108.3s | converged=True
[2026-09-20 04:33:31] START screen_selection | h=1m | gaussian_hmm | K=3 | seed=42
[2026-09-20 04:37:08] DONE  screen_selection | h=1m | gaussian_hmm | K=3 | seed=42 | 217.7s | converged=True
[2026-09-20 04:37:08] START screen_selection | h=1m | gaussian_hmm | K=3 | seed=43
[2026-09-20 04:40:45] DONE  screen_selection | h=1m | gaussian_hmm | K=3 | seed=43 | 216.4s | converged=True
[2026-09-20 04:40:45] START screen_selection | h=1m | gaussian_hmm | K=3 | seed=44
[2026-09-20 04:44:20] DONE  screen_selection | h=1m | gaussian_hmm | K=3 | seed=44 | 215.0s | converged=True
[2026-09-20 04:44:52] START screen_selection | h=1m | gaussian_hmm | K=4 | seed=42
[2026-09-20 04:50:40] DONE  screen_selection | h=1m | gaussian_hmm | K=4 | seed=42 | 348.3s | converged=False
[2026-09-20 04:50:40] START screen_selection | h=1m | gaussian_hmm | K=4 | seed=43
[2026-09-20 04:56:29] DONE  screen_selection | h=1m | gaussian_hmm | K=4 | seed=43 | 349.5s | converged=False
[2026-09-20 04:56:29] START screen_selection | h=1m | gaussian_hmm | K=4 | seed=44
[2026-09-20 05:02:20] DONE  screen_selection | h=1m | gaussian_hmm | K=4 | seed=44 | 350.6s | converged=False
[2026-09-20 05:02:51] START screen_selection | h=1m | gaussian_hmm | K=5 | seed=42
[2026-09-20 05:08:22] DONE  screen_selection | h=1m | gaussian_hmm | K=5 | seed=42 | 330.8s | converged=True
[2026-09-20 05:08:22] START screen_selection | h=1m | gaussian_hmm | K=5 | seed=43
[2026-09-20 05:14:03] DONE  screen_selection | h=1m | gaussian_hmm | K=5 | seed=43 | 341.1s | converged=True
[2026-09-20 05:14:03] START screen_selection | h=1m | gaussian_hmm | K=5 | seed=44
[2026-09-20 05:19:55] DONE  screen_selection | h=1m | gaussian_hmm | K=5 | seed=44 | 351.5s | converged=True
[2026-09-20 05:20:30] START screen_selection | h=1m | gaussian_hmm | K=6 | seed=42
[2026-09-20 05:26:18] DONE  screen_selection | h=1m | gaussian_hmm | K=6 | seed=42 | 348.0s | converged=True
[2026-09-20 05:26:18] START screen_selection | h=1m | gaussian_hmm | K=6 | seed=43
[2026-09-20 05:32:02] DONE  screen_selection | h=1m | gaussian_hmm | K=6 | seed=43 | 344.7s | converged=True
[2026-09-20 05:32:02] START screen_selection | h=1m | gaussian_hmm | K=6 | seed=44
[2026-09-20 05:37:29] DONE  screen_selection | h=1m | gaussian_hmm | K=6 | seed=44 | 326.9s | converged=True
[2026-09-20 05:38:02] START screen_selection | h=1m | gaussian_hmm | K=7 | seed=42
[2026-09-20 05:43:47] DONE  screen_selection | h=1m | gaussian_hmm | K=7 | seed=42 | 345.2s | converged=True
[2026-09-20 05:43:47] START screen_selection | h=1m | gaussian_hmm | K=7 | seed=43
[2026-09-20 05:49:49] DONE  screen_selection | h=1m | gaussian_hmm | K=7 | seed=43 | 361.9s | converged=True
[2026-09-20 05:49:49] START screen_selection | h=1m | gaussian_hmm | K=7 | seed=44
[2026-09-20 05:55:37] DONE  screen_selection | h=1m | gaussian_hmm | K=7 | seed=44 | 348.1s | converged=True
[2026-09-20 05:56:11] START screen_selection | h=2m | gmm | K=2
[2026-09-20 05:56:12] DONE  screen_selection | h=2m | gmm | K=2 | 1.2s
[2026-09-20 05:56:12] START screen_selection | h=2m | gmm | K=3
[2026-09-20 05:56:13] DONE  screen_selection | h=2m | gmm | K=3 | 0.6s
[2026-09-20 05:56:13] START screen_selection | h=2m | gmm | K=4
[2026-09-20 05:56:14] DONE  screen_selection | h=2m | gmm | K=4 | 1.6s
[2026-09-20 05:56:14] START screen_selection | h=2m | gmm | K=5
[2026-09-20 05:56:16] DONE  screen_selection | h=2m | gmm | K=5 | 2.0s
[2026-09-20 05:56:16] START screen_selection | h=2m | gmm | K=6
[2026-09-20 05:56:18] DONE  screen_selection | h=2m | gmm | K=6 | 2.0s
[2026-09-20 05:56:18] START screen_selection | h=2m | gmm | K=7
[2026-09-20 05:56:19] DONE  screen_selection | h=2m | gmm | K=7 | 1.1s
[2026-09-20 05:56:19] START screen_selection | h=2m | gaussian_hmm | K=2 | seed=42
[2026-09-20 05:57:11] DONE  screen_selection | h=2m | gaussian_hmm | K=2 | seed=42 | 51.2s | converged=True
[2026-09-20 05:57:11] START screen_selection | h=2m | gaussian_hmm | K=2 | seed=43
[2026-09-20 05:58:01] DONE  screen_selection | h=2m | gaussian_hmm | K=2 | seed=43 | 50.0s | converged=True
[2026-09-20 05:58:01] START screen_selection | h=2m | gaussian_hmm | K=2 | seed=44
[2026-09-20 05:58:56] DONE  screen_selection | h=2m | gaussian_hmm | K=2 | seed=44 | 55.0s | converged=True
[2026-09-20 05:59:13] START screen_selection | h=2m | gaussian_hmm | K=3 | seed=42
[2026-09-20 06:00:42] DONE  screen_selection | h=2m | gaussian_hmm | K=3 | seed=42 | 89.3s | converged=True
[2026-09-20 06:00:42] START screen_selection | h=2m | gaussian_hmm | K=3 | seed=43
[2026-09-20 06:02:09] DONE  screen_selection | h=2m | gaussian_hmm | K=3 | seed=43 | 87.5s | converged=True
[2026-09-20 06:02:09] START screen_selection | h=2m | gaussian_hmm | K=3 | seed=44
[2026-09-20 06:03:37] DONE  screen_selection | h=2m | gaussian_hmm | K=3 | seed=44 | 88.0s | converged=True
[2026-09-20 06:03:55] START screen_selection | h=2m | gaussian_hmm | K=4 | seed=42
[2026-09-20 06:06:23] DONE  screen_selection | h=2m | gaussian_hmm | K=4 | seed=42 | 148.1s | converged=False
[2026-09-20 06:06:23] START screen_selection | h=2m | gaussian_hmm | K=4 | seed=43
[2026-09-20 06:08:47] DONE  screen_selection | h=2m | gaussian_hmm | K=4 | seed=43 | 144.3s | converged=False
[2026-09-20 06:08:47] START screen_selection | h=2m | gaussian_hmm | K=4 | seed=44
[2026-09-20 06:11:16] DONE  screen_selection | h=2m | gaussian_hmm | K=4 | seed=44 | 148.2s | converged=False
[2026-09-20 06:11:29] START screen_selection | h=2m | gaussian_hmm | K=5 | seed=42
[2026-09-20 06:13:47] DONE  screen_selection | h=2m | gaussian_hmm | K=5 | seed=42 | 138.5s | converged=False
[2026-09-20 06:13:47] START screen_selection | h=2m | gaussian_hmm | K=5 | seed=43
[2026-09-20 06:16:15] DONE  screen_selection | h=2m | gaussian_hmm | K=5 | seed=43 | 147.1s | converged=False
[2026-09-20 06:16:15] START screen_selection | h=2m | gaussian_hmm | K=5 | seed=44
[2026-09-20 06:18:46] DONE  screen_selection | h=2m | gaussian_hmm | K=5 | seed=44 | 151.5s | converged=False
[2026-09-20 06:18:59] START screen_selection | h=2m | gaussian_hmm | K=6 | seed=42
[2026-09-20 06:21:18] DONE  screen_selection | h=2m | gaussian_hmm | K=6 | seed=42 | 138.5s | converged=False
[2026-09-20 06:21:18] START screen_selection | h=2m | gaussian_hmm | K=6 | seed=43
[2026-09-20 06:23:45] DONE  screen_selection | h=2m | gaussian_hmm | K=6 | seed=43 | 147.4s | converged=False
[2026-09-20 06:23:45] START screen_selection | h=2m | gaussian_hmm | K=6 | seed=44
[2026-09-20 06:26:17] DONE  screen_selection | h=2m | gaussian_hmm | K=6 | seed=44 | 151.6s | converged=False
[2026-09-20 06:26:34] START screen_selection | h=2m | gaussian_hmm | K=7 | seed=42
[2026-09-20 06:29:01] DONE  screen_selection | h=2m | gaussian_hmm | K=7 | seed=42 | 146.8s | converged=True
[2026-09-20 06:29:01] START screen_selection | h=2m | gaussian_hmm | K=7 | seed=43
[2026-09-20 06:31:24] DONE  screen_selection | h=2m | gaussian_hmm | K=7 | seed=43 | 143.4s | converged=True
[2026-09-20 06:31:24] START screen_selection | h=2m | gaussian_hmm | K=7 | seed=44
[2026-09-20 06:33:47] DONE  screen_selection | h=2m | gaussian_hmm | K=7 | seed=44 | 142.7s | converged=True
[2026-09-20 06:33:59] START confirm_selection | h=1m | student_t_shared | K=2 | seed=62
[2026-09-20 06:39:34] DONE  confirm_selection | h=1m | student_t_shared | K=2 | seed=62 | 334.7s | converged=True
[2026-09-20 06:39:34] START confirm_selection | h=1m | student_t_shared | K=2 | seed=63
[2026-09-20 06:43:41] DONE  confirm_selection | h=1m | student_t_shared | K=2 | seed=63 | 246.9s | converged=True
[2026-09-20 06:43:41] START confirm_selection | h=1m | student_t_shared | K=2 | seed=64
[2026-09-20 06:49:15] DONE  confirm_selection | h=1m | student_t_shared | K=2 | seed=64 | 334.8s | converged=True
[2026-09-20 06:49:54] START confirm_selection | h=1m | student_t_shared | K=3 | seed=62
[2026-09-20 06:55:37] DONE  confirm_selection | h=1m | student_t_shared | K=3 | seed=62 | 343.0s | converged=True
[2026-09-20 06:55:37] START confirm_selection | h=1m | student_t_shared | K=3 | seed=63
[2026-09-20 07:01:29] DONE  confirm_selection | h=1m | student_t_shared | K=3 | seed=63 | 351.7s | converged=True
[2026-09-20 07:01:29] START confirm_selection | h=1m | student_t_shared | K=3 | seed=64
[2026-09-20 07:07:13] DONE  confirm_selection | h=1m | student_t_shared | K=3 | seed=64 | 344.4s | converged=True
[2026-09-20 07:07:43] START confirm_selection | h=1m | student_t_shared | K=4 | seed=62
[2026-09-20 07:13:39] DONE  confirm_selection | h=1m | student_t_shared | K=4 | seed=62 | 355.4s | converged=True
[2026-09-20 07:13:39] START confirm_selection | h=1m | student_t_shared | K=4 | seed=63
[2026-09-20 07:19:25] DONE  confirm_selection | h=1m | student_t_shared | K=4 | seed=63 | 346.2s | converged=True
[2026-09-20 07:19:25] START confirm_selection | h=1m | student_t_shared | K=4 | seed=64
[2026-09-20 07:25:24] DONE  confirm_selection | h=1m | student_t_shared | K=4 | seed=64 | 359.2s | converged=True
[2026-09-20 07:26:00] START confirm_selection | h=1m | student_t_shared | K=5 | seed=62
[2026-09-20 07:31:52] DONE  confirm_selection | h=1m | student_t_shared | K=5 | seed=62 | 352.0s | converged=True
[2026-09-20 07:31:52] START confirm_selection | h=1m | student_t_shared | K=5 | seed=63
[2026-09-20 07:37:50] DONE  confirm_selection | h=1m | student_t_shared | K=5 | seed=63 | 358.8s | converged=True
[2026-09-20 07:37:50] START confirm_selection | h=1m | student_t_shared | K=5 | seed=64
[2026-09-20 07:43:45] DONE  confirm_selection | h=1m | student_t_shared | K=5 | seed=64 | 354.2s | converged=True
[2026-09-20 07:44:21] START confirm_selection | h=1m | student_t_shared | K=6 | seed=62
[2026-09-20 07:50:00] DONE  confirm_selection | h=1m | student_t_shared | K=6 | seed=62 | 339.4s | converged=True
[2026-09-20 07:50:00] START confirm_selection | h=1m | student_t_shared | K=6 | seed=63
[2026-09-20 07:55:37] DONE  confirm_selection | h=1m | student_t_shared | K=6 | seed=63 | 337.2s | converged=True
[2026-09-20 07:55:37] START confirm_selection | h=1m | student_t_shared | K=6 | seed=64
[2026-09-20 08:01:23] DONE  confirm_selection | h=1m | student_t_shared | K=6 | seed=64 | 345.6s | converged=True
[2026-09-20 08:01:55] START confirm_selection | h=1m | student_t_shared | K=7 | seed=62
[2026-09-20 08:07:45] DONE  confirm_selection | h=1m | student_t_shared | K=7 | seed=62 | 350.0s | converged=False
[2026-09-20 08:07:45] START confirm_selection | h=1m | student_t_shared | K=7 | seed=63
[2026-09-20 08:13:30] DONE  confirm_selection | h=1m | student_t_shared | K=7 | seed=63 | 344.7s | converged=False
[2026-09-20 08:13:30] START confirm_selection | h=1m | student_t_shared | K=7 | seed=64
[2026-09-20 08:19:18] DONE  confirm_selection | h=1m | student_t_shared | K=7 | seed=64 | 347.8s | converged=False
[2026-09-20 08:19:48] START confirm_selection | h=1m | student_t_state | K=2 | seed=62
[2026-09-20 08:25:25] DONE  confirm_selection | h=1m | student_t_state | K=2 | seed=62 | 337.5s | converged=True
[2026-09-20 08:25:25] START confirm_selection | h=1m | student_t_state | K=2 | seed=63
[2026-09-20 08:31:19] DONE  confirm_selection | h=1m | student_t_state | K=2 | seed=63 | 354.2s | converged=True
[2026-09-20 08:31:19] START confirm_selection | h=1m | student_t_state | K=2 | seed=64
[2026-09-20 08:37:00] DONE  confirm_selection | h=1m | student_t_state | K=2 | seed=64 | 340.4s | converged=True
[2026-09-20 08:37:32] START confirm_selection | h=1m | student_t_state | K=3 | seed=62
[2026-09-20 08:43:19] DONE  confirm_selection | h=1m | student_t_state | K=3 | seed=62 | 346.5s | converged=True
[2026-09-20 08:43:19] START confirm_selection | h=1m | student_t_state | K=3 | seed=63
[2026-09-20 08:49:03] DONE  confirm_selection | h=1m | student_t_state | K=3 | seed=63 | 344.5s | converged=True
[2026-09-20 08:49:03] START confirm_selection | h=1m | student_t_state | K=3 | seed=64
[2026-09-20 08:54:42] DONE  confirm_selection | h=1m | student_t_state | K=3 | seed=64 | 338.9s | converged=True
[2026-09-20 08:55:20] START confirm_selection | h=1m | student_t_state | K=4 | seed=62
[2026-09-20 09:00:53] DONE  confirm_selection | h=1m | student_t_state | K=4 | seed=62 | 332.9s | converged=True
[2026-09-20 09:00:53] START confirm_selection | h=1m | student_t_state | K=4 | seed=63
[2026-09-20 09:06:31] DONE  confirm_selection | h=1m | student_t_state | K=4 | seed=63 | 338.4s | converged=True
[2026-09-20 09:06:31] START confirm_selection | h=1m | student_t_state | K=4 | seed=64
[2026-09-20 09:12:07] DONE  confirm_selection | h=1m | student_t_state | K=4 | seed=64 | 336.2s | converged=True
[2026-09-20 09:12:39] START confirm_selection | h=1m | student_t_state | K=5 | seed=62
[2026-09-20 09:18:29] DONE  confirm_selection | h=1m | student_t_state | K=5 | seed=62 | 349.6s | converged=True
[2026-09-20 09:18:29] START confirm_selection | h=1m | student_t_state | K=5 | seed=63
[2026-09-20 09:23:58] DONE  confirm_selection | h=1m | student_t_state | K=5 | seed=63 | 329.4s | converged=True
[2026-09-20 09:23:58] START confirm_selection | h=1m | student_t_state | K=5 | seed=64
[2026-09-20 09:29:42] DONE  confirm_selection | h=1m | student_t_state | K=5 | seed=64 | 344.2s | converged=True
[2026-09-20 09:30:14] START confirm_selection | h=1m | student_t_state | K=6 | seed=62
[2026-09-20 09:35:49] DONE  confirm_selection | h=1m | student_t_state | K=6 | seed=62 | 335.1s | converged=True
[2026-09-20 09:35:49] START confirm_selection | h=1m | student_t_state | K=6 | seed=63
[2026-09-20 09:41:39] DONE  confirm_selection | h=1m | student_t_state | K=6 | seed=63 | 349.4s | converged=True
[2026-09-20 09:41:39] START confirm_selection | h=1m | student_t_state | K=6 | seed=64
[2026-09-20 09:47:11] DONE  confirm_selection | h=1m | student_t_state | K=6 | seed=64 | 332.6s | converged=True
[2026-09-20 09:47:47] START confirm_selection | h=1m | student_t_state | K=7 | seed=62
[2026-09-20 09:53:35] DONE  confirm_selection | h=1m | student_t_state | K=7 | seed=62 | 347.9s | converged=False
[2026-09-20 09:53:35] START confirm_selection | h=1m | student_t_state | K=7 | seed=63
[2026-09-20 09:59:25] DONE  confirm_selection | h=1m | student_t_state | K=7 | seed=63 | 350.6s | converged=False
[2026-09-20 09:59:25] START confirm_selection | h=1m | student_t_state | K=7 | seed=64
[2026-09-20 10:05:17] DONE  confirm_selection | h=1m | student_t_state | K=7 | seed=64 | 351.5s | converged=False
[2026-09-20 10:05:52] START confirm_selection | h=2m | student_t_shared | K=2 | seed=62
[2026-09-20 10:08:01] DONE  confirm_selection | h=2m | student_t_shared | K=2 | seed=62 | 129.5s | converged=True
[2026-09-20 10:08:01] START confirm_selection | h=2m | student_t_shared | K=2 | seed=63
[2026-09-20 10:09:41] DONE  confirm_selection | h=2m | student_t_shared | K=2 | seed=63 | 100.0s | converged=True
[2026-09-20 10:09:41] START confirm_selection | h=2m | student_t_shared | K=2 | seed=64
[2026-09-20 10:11:36] DONE  confirm_selection | h=2m | student_t_shared | K=2 | seed=64 | 114.8s | converged=True
[2026-09-20 10:11:53] START confirm_selection | h=2m | student_t_shared | K=3 | seed=62
[2026-09-20 10:14:17] DONE  confirm_selection | h=2m | student_t_shared | K=3 | seed=62 | 144.4s | converged=False
[2026-09-20 10:14:17] START confirm_selection | h=2m | student_t_shared | K=3 | seed=63
[2026-09-20 10:16:41] DONE  confirm_selection | h=2m | student_t_shared | K=3 | seed=63 | 144.4s | converged=False
[2026-09-20 10:16:41] START confirm_selection | h=2m | student_t_shared | K=3 | seed=64
[2026-09-20 10:19:05] DONE  confirm_selection | h=2m | student_t_shared | K=3 | seed=64 | 143.6s | converged=False
[2026-09-20 10:19:21] START confirm_selection | h=2m | student_t_shared | K=4 | seed=62
[2026-09-20 10:21:42] DONE  confirm_selection | h=2m | student_t_shared | K=4 | seed=62 | 140.6s | converged=False
[2026-09-20 10:21:42] START confirm_selection | h=2m | student_t_shared | K=4 | seed=63
[2026-09-20 10:24:12] DONE  confirm_selection | h=2m | student_t_shared | K=4 | seed=63 | 150.0s | converged=False
[2026-09-20 10:24:12] START confirm_selection | h=2m | student_t_shared | K=4 | seed=64
[2026-09-20 10:26:42] DONE  confirm_selection | h=2m | student_t_shared | K=4 | seed=64 | 150.0s | converged=False
[2026-09-20 10:26:59] START confirm_selection | h=2m | student_t_shared | K=5 | seed=62
[2026-09-20 10:29:21] DONE  confirm_selection | h=2m | student_t_shared | K=5 | seed=62 | 142.0s | converged=True
[2026-09-20 10:29:21] START confirm_selection | h=2m | student_t_shared | K=5 | seed=63
[2026-09-20 10:31:48] DONE  confirm_selection | h=2m | student_t_shared | K=5 | seed=63 | 146.6s | converged=True
[2026-09-20 10:31:48] START confirm_selection | h=2m | student_t_shared | K=5 | seed=64
[2026-09-20 10:34:13] DONE  confirm_selection | h=2m | student_t_shared | K=5 | seed=64 | 144.8s | converged=True
[2026-09-20 10:34:33] START confirm_selection | h=2m | student_t_shared | K=6 | seed=62
[2026-09-20 10:36:51] DONE  confirm_selection | h=2m | student_t_shared | K=6 | seed=62 | 138.2s | converged=True
[2026-09-20 10:36:51] START confirm_selection | h=2m | student_t_shared | K=6 | seed=63
[2026-09-20 10:39:23] DONE  confirm_selection | h=2m | student_t_shared | K=6 | seed=63 | 151.9s | converged=False
[2026-09-20 10:39:23] START confirm_selection | h=2m | student_t_shared | K=6 | seed=64
[2026-09-20 10:41:46] DONE  confirm_selection | h=2m | student_t_shared | K=6 | seed=64 | 143.2s | converged=True
[2026-09-20 10:42:03] START confirm_selection | h=2m | student_t_shared | K=7 | seed=62
[2026-09-20 10:44:31] DONE  confirm_selection | h=2m | student_t_shared | K=7 | seed=62 | 147.6s | converged=False
[2026-09-20 10:44:31] START confirm_selection | h=2m | student_t_shared | K=7 | seed=63
[2026-09-20 10:46:59] DONE  confirm_selection | h=2m | student_t_shared | K=7 | seed=63 | 148.9s | converged=False
[2026-09-20 10:46:59] START confirm_selection | h=2m | student_t_shared | K=7 | seed=64
[2026-09-20 10:49:26] DONE  confirm_selection | h=2m | student_t_shared | K=7 | seed=64 | 146.8s | converged=False
[2026-09-20 10:49:44] START confirm_selection | h=2m | student_t_state | K=2 | seed=62
[2026-09-20 10:52:10] DONE  confirm_selection | h=2m | student_t_state | K=2 | seed=62 | 145.7s | converged=True
[2026-09-20 10:52:10] START confirm_selection | h=2m | student_t_state | K=2 | seed=63
[2026-09-20 10:54:30] DONE  confirm_selection | h=2m | student_t_state | K=2 | seed=63 | 140.9s | converged=True
[2026-09-20 10:54:30] START confirm_selection | h=2m | student_t_state | K=2 | seed=64
[2026-09-20 10:56:54] DONE  confirm_selection | h=2m | student_t_state | K=2 | seed=64 | 143.3s | converged=True
[2026-09-20 10:57:10] START confirm_selection | h=2m | student_t_state | K=3 | seed=62
[2026-09-20 10:59:32] DONE  confirm_selection | h=2m | student_t_state | K=3 | seed=62 | 142.4s | converged=True
[2026-09-20 10:59:32] START confirm_selection | h=2m | student_t_state | K=3 | seed=63
[2026-09-20 11:01:55] DONE  confirm_selection | h=2m | student_t_state | K=3 | seed=63 | 143.1s | converged=True
[2026-09-20 11:01:55] START confirm_selection | h=2m | student_t_state | K=3 | seed=64
[2026-09-20 11:04:20] DONE  confirm_selection | h=2m | student_t_state | K=3 | seed=64 | 144.4s | converged=True
[2026-09-20 11:04:34] START confirm_selection | h=2m | student_t_state | K=4 | seed=62
[2026-09-20 11:06:57] DONE  confirm_selection | h=2m | student_t_state | K=4 | seed=62 | 143.1s | converged=True
[2026-09-20 11:06:57] START confirm_selection | h=2m | student_t_state | K=4 | seed=63
[2026-09-20 11:09:24] DONE  confirm_selection | h=2m | student_t_state | K=4 | seed=63 | 146.7s | converged=True
[2026-09-20 11:09:24] START confirm_selection | h=2m | student_t_state | K=4 | seed=64
[2026-09-20 11:11:54] DONE  confirm_selection | h=2m | student_t_state | K=4 | seed=64 | 149.7s | converged=True
[2026-09-20 11:12:15] START confirm_selection | h=2m | student_t_state | K=5 | seed=62
[2026-09-20 11:14:39] DONE  confirm_selection | h=2m | student_t_state | K=5 | seed=62 | 143.8s | converged=True
[2026-09-20 11:14:39] START confirm_selection | h=2m | student_t_state | K=5 | seed=63
[2026-09-20 11:16:56] DONE  confirm_selection | h=2m | student_t_state | K=5 | seed=63 | 137.2s | converged=True
[2026-09-20 11:16:56] START confirm_selection | h=2m | student_t_state | K=5 | seed=64
[2026-09-20 11:19:30] DONE  confirm_selection | h=2m | student_t_state | K=5 | seed=64 | 153.1s | converged=True
[2026-09-20 11:19:48] START confirm_selection | h=2m | student_t_state | K=6 | seed=62
[2026-09-20 11:22:10] DONE  confirm_selection | h=2m | student_t_state | K=6 | seed=62 | 142.3s | converged=True
[2026-09-20 11:22:10] START confirm_selection | h=2m | student_t_state | K=6 | seed=63
[2026-09-20 11:24:33] DONE  confirm_selection | h=2m | student_t_state | K=6 | seed=63 | 143.2s | converged=True
[2026-09-20 11:24:33] START confirm_selection | h=2m | student_t_state | K=6 | seed=64
[2026-09-20 11:26:52] DONE  confirm_selection | h=2m | student_t_state | K=6 | seed=64 | 138.6s | converged=True
[2026-09-20 11:27:10] START confirm_selection | h=2m | student_t_state | K=7 | seed=62
[2026-09-20 11:29:36] DONE  confirm_selection | h=2m | student_t_state | K=7 | seed=62 | 145.9s | converged=True
[2026-09-20 11:29:36] START confirm_selection | h=2m | student_t_state | K=7 | seed=63
[2026-09-20 11:32:03] DONE  confirm_selection | h=2m | student_t_state | K=7 | seed=63 | 146.8s | converged=True
[2026-09-20 11:32:03] START confirm_selection | h=2m | student_t_state | K=7 | seed=64
[2026-09-20 11:34:26] DONE  confirm_selection | h=2m | student_t_state | K=7 | seed=64 | 142.9s | converged=True
[2026-09-20 11:34:53] START refit | h=1m | gaussian_hmm | K=7 | seed=142
[2026-09-20 11:53:28] DONE  refit | h=1m | gaussian_hmm | K=7 | seed=142 | 1114.9s | converged=True
[2026-09-20 11:53:28] START refit | h=1m | gaussian_hmm | K=7 | seed=143
[2026-09-20 12:11:56] DONE  refit | h=1m | gaussian_hmm | K=7 | seed=143 | 1108.5s | converged=True
[2026-09-20 12:11:56] START refit | h=1m | gaussian_hmm | K=7 | seed=144
[2026-09-20 12:30:38] DONE  refit | h=1m | gaussian_hmm | K=7 | seed=144 | 1122.1s | converged=True
[2026-09-20 12:30:38] START refit | h=1m | gaussian_hmm | K=7 | seed=145
[2026-09-20 12:48:52] DONE  refit | h=1m | gaussian_hmm | K=7 | seed=145 | 1094.1s | converged=True
[2026-09-20 12:48:52] START refit | h=1m | gaussian_hmm | K=7 | seed=146
[2026-09-20 13:07:21] DONE  refit | h=1m | gaussian_hmm | K=7 | seed=146 | 1108.5s | converged=True
[2026-09-20 13:08:01] START refit | h=1m | student_t_shared | K=7 | seed=142
[2026-09-20 13:26:18] DONE  refit | h=1m | student_t_shared | K=7 | seed=142 | 1097.9s | converged=True
[2026-09-20 13:26:18] START refit | h=1m | student_t_shared | K=7 | seed=143
[2026-09-20 13:44:59] DONE  refit | h=1m | student_t_shared | K=7 | seed=143 | 1120.7s | converged=True
[2026-09-20 13:44:59] START refit | h=1m | student_t_shared | K=7 | seed=144
[2026-09-20 14:03:51] DONE  refit | h=1m | student_t_shared | K=7 | seed=144 | 1131.5s | converged=True
[2026-09-20 14:03:51] START refit | h=1m | student_t_shared | K=7 | seed=145
[2026-09-20 14:22:59] DONE  refit | h=1m | student_t_shared | K=7 | seed=145 | 1148.0s | converged=True
[2026-09-20 14:22:59] START refit | h=1m | student_t_shared | K=7 | seed=146
[2026-09-20 14:42:05] DONE  refit | h=1m | student_t_shared | K=7 | seed=146 | 1146.7s | converged=True
[2026-09-20 14:42:48] START refit | h=1m | student_t_state | K=7 | seed=142
[2026-09-20 15:02:55] DONE  refit | h=1m | student_t_state | K=7 | seed=142 | 1206.8s | converged=True
[2026-09-20 15:02:55] START refit | h=1m | student_t_state | K=7 | seed=143
[2026-09-20 17:48:53] CACHE refit | h=1m | student_t_state | K=7 | seed=142
[2026-09-20 17:48:53] START refit | h=1m | student_t_state | K=7 | seed=143
[2026-09-20 18:08:23] DONE  refit | h=1m | student_t_state | K=7 | seed=143 | 1169.3s | converged=True
[2026-09-20 18:08:23] START refit | h=1m | student_t_state | K=7 | seed=144
[2026-09-20 18:28:10] DONE  refit | h=1m | student_t_state | K=7 | seed=144 | 1187.1s | converged=True
[2026-09-20 18:28:10] START refit | h=1m | student_t_state | K=7 | seed=145
[2026-09-20 18:47:50] DONE  refit | h=1m | student_t_state | K=7 | seed=145 | 1180.1s | converged=True
[2026-09-20 18:47:50] START refit | h=1m | student_t_state | K=7 | seed=146
[2026-09-20 19:07:31] DONE  refit | h=1m | student_t_state | K=7 | seed=146 | 1181.2s | converged=True
[2026-09-20 19:08:17] START refit | h=2m | gaussian_hmm | K=7 | seed=142
[2026-09-20 19:16:32] DONE  refit | h=2m | gaussian_hmm | K=7 | seed=142 | 495.2s | converged=True
[2026-09-20 19:16:32] START refit | h=2m | gaussian_hmm | K=7 | seed=143
[2026-09-20 19:24:46] DONE  refit | h=2m | gaussian_hmm | K=7 | seed=143 | 494.0s | converged=True
[2026-09-20 19:24:46] START refit | h=2m | gaussian_hmm | K=7 | seed=144
[2026-09-20 19:33:14] DONE  refit | h=2m | gaussian_hmm | K=7 | seed=144 | 507.7s | converged=True
[2026-09-20 19:33:14] START refit | h=2m | gaussian_hmm | K=7 | seed=145
[2026-09-20 19:41:34] DONE  refit | h=2m | gaussian_hmm | K=7 | seed=145 | 500.0s | converged=True
[2026-09-20 19:41:34] START refit | h=2m | gaussian_hmm | K=7 | seed=146
[2026-09-20 19:50:08] DONE  refit | h=2m | gaussian_hmm | K=7 | seed=146 | 513.9s | converged=True
[2026-09-20 19:50:24] START refit | h=2m | student_t_shared | K=7 | seed=142
[2026-09-20 19:58:40] DONE  refit | h=2m | student_t_shared | K=7 | seed=142 | 496.8s | converged=True
[2026-09-20 19:58:40] START refit | h=2m | student_t_shared | K=7 | seed=143
[2026-09-20 20:07:04] DONE  refit | h=2m | student_t_shared | K=7 | seed=143 | 503.7s | converged=True
[2026-09-20 20:07:04] START refit | h=2m | student_t_shared | K=7 | seed=144
[2026-09-20 20:15:26] DONE  refit | h=2m | student_t_shared | K=7 | seed=144 | 502.2s | converged=True
[2026-09-20 20:15:26] START refit | h=2m | student_t_shared | K=7 | seed=145
[2026-09-20 20:23:57] DONE  refit | h=2m | student_t_shared | K=7 | seed=145 | 510.1s | converged=True
[2026-09-20 20:23:57] START refit | h=2m | student_t_shared | K=7 | seed=146
[2026-09-20 20:32:13] DONE  refit | h=2m | student_t_shared | K=7 | seed=146 | 496.9s | converged=True
[2026-09-20 20:32:36] START refit | h=2m | student_t_state | K=7 | seed=142
[2026-09-20 20:40:51] DONE  refit | h=2m | student_t_state | K=7 | seed=142 | 494.6s | converged=True
[2026-09-20 20:40:51] START refit | h=2m | student_t_state | K=7 | seed=143
[2026-09-20 20:48:54] DONE  refit | h=2m | student_t_state | K=7 | seed=143 | 482.9s | converged=True
[2026-09-20 20:48:54] START refit | h=2m | student_t_state | K=7 | seed=144
[2026-09-20 20:57:18] DONE  refit | h=2m | student_t_state | K=7 | seed=144 | 504.8s | converged=True
[2026-09-20 20:57:18] START refit | h=2m | student_t_state | K=7 | seed=145
[2026-09-20 21:05:38] DONE  refit | h=2m | student_t_state | K=7 | seed=145 | 499.9s | converged=True
[2026-09-20 21:05:38] START refit | h=2m | student_t_state | K=7 | seed=146
[2026-09-20 21:14:16] DONE  refit | h=2m | student_t_state | K=7 | seed=146 | 517.3s | converged=True
