[2026-09-20 07:46:13] SCREEN horizon 1m START
[2026-09-20 11:00:44] SCREEN horizon 1m DONE | Gaussian-HMM K=7 | gain=0.211599
[2026-09-20 11:00:44] SCREEN horizon 2m START
[2026-09-20 12:07:42] SCREEN horizon 2m DONE | Gaussian-HMM K=7 | gain=0.178341
[2026-09-20 12:07:42] CONFIRM horizon 1m | student_t_shared START
[2026-09-20 17:49:08] SCREEN horizon 1m START
[2026-09-20 17:49:08] SCREEN horizon 1m DONE | Gaussian-HMM K=7 | gain=0.211599
[2026-09-20 17:49:08] SCREEN horizon 2m START
[2026-09-20 17:49:08] SCREEN horizon 2m DONE | Gaussian-HMM K=7 | gain=0.178341
[2026-09-20 17:49:08] CONFIRM horizon 1m | student_t_shared START
[2026-09-20 19:06:54] CONFIRM horizon 1m | student_t_shared DONE | K=7
[2026-09-20 19:06:54] CONFIRM horizon 1m | student_t_state START
[2026-09-21 02:55:44] SCREEN horizon 1m START
[2026-09-21 02:55:44] SCREEN horizon 1m DONE | Gaussian-HMM K=7 | gain=0.211599
[2026-09-21 02:55:44] SCREEN horizon 2m START
[2026-09-21 02:55:44] SCREEN horizon 2m DONE | Gaussian-HMM K=7 | gain=0.178341
[2026-09-21 02:55:44] CONFIRM horizon 1m | student_t_shared START
[2026-09-21 02:55:44] CONFIRM horizon 1m | student_t_shared DONE | K=7
[2026-09-21 02:55:44] CONFIRM horizon 1m | student_t_state START
[2026-09-21 03:22:35] CONFIRM horizon 1m | student_t_state DONE | K=7
[2026-09-21 03:22:35] CONFIRM horizon 2m | student_t_shared START
[2026-09-21 04:35:16] CONFIRM horizon 2m | student_t_shared DONE | K=7
[2026-09-21 04:35:16] CONFIRM horizon 2m | student_t_state START
[2026-09-21 05:48:14] CONFIRM horizon 2m | student_t_state DONE | K=7
[2026-09-21 05:48:24] REFIT horizon 1m | student_t | K=1 START
[2026-09-21 05:48:24] REFIT horizon 1m | student_t | K=1 DONE
[2026-09-21 05:48:24] REFIT horizon 1m | gaussian | K=1 START
[2026-09-21 05:48:24] REFIT horizon 1m | gaussian | K=1 DONE
[2026-09-21 05:48:24] REFIT horizon 1m | gmm | K=4 START
[2026-09-21 05:48:31] REFIT horizon 1m | gmm | K=4 DONE
[2026-09-21 05:48:31] REFIT horizon 1m | gaussian_hmm | K=7 START
[2026-09-21 14:52:35] SCREEN horizon 1m START
[2026-09-21 14:52:35] SCREEN horizon 1m DONE | Gaussian-HMM K=7 | gain=0.211599
[2026-09-21 14:52:35] SCREEN horizon 2m START
[2026-09-21 14:52:35] SCREEN horizon 2m DONE | Gaussian-HMM K=7 | gain=0.178341
[2026-09-21 14:52:35] CONFIRM horizon 1m | student_t_shared START
[2026-09-21 14:52:35] CONFIRM horizon 1m | student_t_shared DONE | K=7
[2026-09-21 14:52:35] CONFIRM horizon 1m | student_t_state START
[2026-09-21 14:52:35] CONFIRM horizon 1m | student_t_state DONE | K=7
[2026-09-21 14:52:35] CONFIRM horizon 2m | student_t_shared START
[2026-09-21 14:52:35] CONFIRM horizon 2m | student_t_shared DONE | K=7
[2026-09-21 14:52:35] CONFIRM horizon 2m | student_t_state START
[2026-09-21 14:52:35] CONFIRM horizon 2m | student_t_state DONE | K=7
[2026-09-21 14:52:39] REFIT horizon 1m | student_t | K=1 START
[2026-09-21 14:52:39] REFIT horizon 1m | student_t | K=1 DONE
[2026-09-21 14:52:39] REFIT horizon 1m | gaussian | K=1 START
[2026-09-21 14:52:39] REFIT horizon 1m | gaussian | K=1 DONE
[2026-09-21 14:52:39] REFIT horizon 1m | gmm | K=4 START
[2026-09-21 14:52:39] REFIT horizon 1m | gmm | K=4 DONE
[2026-09-21 14:52:39] REFIT horizon 1m | gaussian_hmm | K=7 START
[2026-09-21 15:26:10] REFIT horizon 1m | gaussian_hmm | K=7 DONE
[2026-09-21 15:26:10] REFIT horizon 1m | student_t_shared | K=7 START
[2026-09-21 18:45:20] REFIT horizon 1m | student_t_shared | K=7 DONE
[2026-09-21 18:45:20] REFIT horizon 1m | student_t_state | K=7 START
[2026-09-22 01:23:33] SCREEN horizon 1m START
[2026-09-22 01:23:33] SCREEN horizon 1m DONE | Gaussian-HMM K=7 | gain=0.211599
[2026-09-22 01:23:33] SCREEN horizon 2m START
[2026-09-22 01:23:33] SCREEN horizon 2m DONE | Gaussian-HMM K=7 | gain=0.178341
[2026-09-22 01:23:33] CONFIRM horizon 1m | student_t_shared START
[2026-09-22 01:23:33] CONFIRM horizon 1m | student_t_shared DONE | K=7
[2026-09-22 01:23:33] CONFIRM horizon 1m | student_t_state START
[2026-09-22 01:23:33] CONFIRM horizon 1m | student_t_state DONE | K=7
[2026-09-22 01:23:33] CONFIRM horizon 2m | student_t_shared START
[2026-09-22 01:23:33] CONFIRM horizon 2m | student_t_shared DONE | K=7
[2026-09-22 01:23:33] CONFIRM horizon 2m | student_t_state START
[2026-09-22 01:23:33] CONFIRM horizon 2m | student_t_state DONE | K=7
[2026-09-22 01:23:38] REFIT horizon 1m | student_t | K=1 START
[2026-09-22 01:23:39] REFIT horizon 1m | student_t | K=1 DONE
[2026-09-22 01:23:39] REFIT horizon 1m | gaussian | K=1 START
[2026-09-22 01:23:39] REFIT horizon 1m | gaussian | K=1 DONE
[2026-09-22 01:23:39] REFIT horizon 1m | gmm | K=4 START
[2026-09-22 01:23:39] REFIT horizon 1m | gmm | K=4 DONE
[2026-09-22 01:23:39] REFIT horizon 1m | gaussian_hmm | K=7 START
[2026-09-22 01:23:39] REFIT horizon 1m | gaussian_hmm | K=7 DONE
[2026-09-22 01:23:39] REFIT horizon 1m | student_t_shared | K=7 START
[2026-09-22 01:23:39] REFIT horizon 1m | student_t_shared | K=7 DONE
[2026-09-22 01:23:39] REFIT horizon 1m | student_t_state | K=7 START
[2026-09-22 02:24:17] REFIT horizon 1m | student_t_state | K=7 DONE
[2026-09-22 02:24:18] REFIT horizon 2m | student_t | K=1 START
[2026-09-22 02:24:18] REFIT horizon 2m | student_t | K=1 DONE
[2026-09-22 02:24:18] REFIT horizon 2m | gaussian | K=1 START
[2026-09-22 02:24:18] REFIT horizon 2m | gaussian | K=1 DONE
[2026-09-22 02:24:18] REFIT horizon 2m | gmm | K=4 START
[2026-09-22 02:24:20] REFIT horizon 2m | gmm | K=4 DONE
[2026-09-22 02:24:20] REFIT horizon 2m | gaussian_hmm | K=7 START
[2026-09-22 03:19:59] REFIT horizon 2m | gaussian_hmm | K=7 DONE
[2026-09-22 03:19:59] REFIT horizon 2m | student_t_shared | K=7 START
[2026-09-22 04:15:57] REFIT horizon 2m | student_t_shared | K=7 DONE
[2026-09-22 04:15:57] REFIT horizon 2m | student_t_state | K=7 START
[2026-09-22 05:11:27] REFIT horizon 2m | student_t_state | K=7 DONE
[2026-09-22 05:11:27] FOLD 1/2 DONE
[2026-09-22 05:11:28] SCREEN horizon 1m START
[2026-09-22 06:32:19] SCREEN horizon 1m DONE | Gaussian-HMM K=7 | gain=0.137993
[2026-09-22 06:32:19] SCREEN horizon 2m START
[2026-09-22 07:06:22] SCREEN horizon 2m DONE | Gaussian-HMM K=7 | gain=0.113612
[2026-09-22 07:06:22] CONFIRM horizon 1m | student_t_shared START
[2026-09-22 08:43:22] CONFIRM horizon 1m | student_t_shared DONE | K=6
[2026-09-22 08:43:22] CONFIRM horizon 1m | student_t_state START
[2026-09-22 10:21:40] CONFIRM horizon 1m | student_t_state DONE | K=7
[2026-09-22 10:21:40] CONFIRM horizon 2m | student_t_shared START
[2026-09-22 11:02:57] CONFIRM horizon 2m | student_t_shared DONE | K=7
[2026-09-22 11:02:57] CONFIRM horizon 2m | student_t_state START
[2026-09-22 11:44:58] CONFIRM horizon 2m | student_t_state DONE | K=7
[2026-09-22 11:45:05] REFIT horizon 1m | student_t | K=1 START
[2026-09-22 11:45:05] REFIT horizon 1m | student_t | K=1 DONE
[2026-09-22 11:45:05] REFIT horizon 1m | gaussian | K=1 START
[2026-09-22 11:45:05] REFIT horizon 1m | gaussian | K=1 DONE
[2026-09-22 11:45:05] REFIT horizon 1m | gmm | K=5 START
[2026-09-22 11:45:10] REFIT horizon 1m | gmm | K=5 DONE
[2026-09-22 11:45:10] REFIT horizon 1m | gaussian_hmm | K=7 START
[2026-09-22 13:51:05] REFIT horizon 1m | gaussian_hmm | K=7 DONE
[2026-09-22 13:51:05] REFIT horizon 1m | student_t_shared | K=6 START
[2026-09-22 15:36:52] REFIT horizon 1m | student_t_shared | K=6 DONE
[2026-09-22 15:36:52] REFIT horizon 1m | student_t_state | K=7 START
[2026-09-22 17:19:41] REFIT horizon 1m | student_t_state | K=7 DONE
[2026-09-22 17:19:42] REFIT horizon 2m | student_t | K=1 START
[2026-09-22 17:19:42] REFIT horizon 2m | student_t | K=1 DONE
[2026-09-22 17:19:42] REFIT horizon 2m | gaussian | K=1 START
[2026-09-22 17:19:43] REFIT horizon 2m | gaussian | K=1 DONE
[2026-09-22 17:19:43] REFIT horizon 2m | gmm | K=4 START
[2026-09-22 17:19:45] REFIT horizon 2m | gmm | K=4 DONE
[2026-09-22 17:19:45] REFIT horizon 2m | gaussian_hmm | K=7 START
[2026-09-22 17:57:10] SCREEN horizon 1m START
[2026-09-22 17:57:10] SCREEN horizon 1m DONE | Gaussian-HMM K=7 | gain=0.137993
[2026-09-22 17:57:10] SCREEN horizon 2m START
[2026-09-22 17:57:10] SCREEN horizon 2m DONE | Gaussian-HMM K=7 | gain=0.113612
[2026-09-22 17:57:10] CONFIRM horizon 1m | student_t_shared START
[2026-09-22 17:57:10] CONFIRM horizon 1m | student_t_shared DONE | K=6
[2026-09-22 17:57:10] CONFIRM horizon 1m | student_t_state START
[2026-09-22 17:57:10] CONFIRM horizon 1m | student_t_state DONE | K=7
[2026-09-22 17:57:10] CONFIRM horizon 2m | student_t_shared START
[2026-09-22 17:57:10] CONFIRM horizon 2m | student_t_shared DONE | K=7
[2026-09-22 17:57:10] CONFIRM horizon 2m | student_t_state START
[2026-09-22 17:57:10] CONFIRM horizon 2m | student_t_state DONE | K=7
[2026-09-22 17:57:17] REFIT horizon 1m | student_t | K=1 START
[2026-09-22 17:57:18] REFIT horizon 1m | student_t | K=1 DONE
[2026-09-22 17:57:18] REFIT horizon 1m | gaussian | K=1 START
[2026-09-22 17:57:18] REFIT horizon 1m | gaussian | K=1 DONE
[2026-09-22 17:57:18] REFIT horizon 1m | gmm | K=5 START
[2026-09-22 17:57:18] REFIT horizon 1m | gmm | K=5 DONE
[2026-09-22 17:57:18] REFIT horizon 1m | gaussian_hmm | K=7 START
[2026-09-22 17:57:18] REFIT horizon 1m | gaussian_hmm | K=7 DONE
[2026-09-22 17:57:18] REFIT horizon 1m | student_t_shared | K=6 START
[2026-09-22 17:57:18] REFIT horizon 1m | student_t_shared | K=6 DONE
[2026-09-22 17:57:18] REFIT horizon 1m | student_t_state | K=7 START
[2026-09-22 17:57:18] REFIT horizon 1m | student_t_state | K=7 DONE
[2026-09-22 17:57:20] REFIT horizon 2m | student_t | K=1 START
[2026-09-22 17:57:20] REFIT horizon 2m | student_t | K=1 DONE
[2026-09-22 17:57:20] REFIT horizon 2m | gaussian | K=1 START
[2026-09-22 17:57:20] REFIT horizon 2m | gaussian | K=1 DONE
[2026-09-22 17:57:20] REFIT horizon 2m | gmm | K=4 START
[2026-09-22 17:57:20] REFIT horizon 2m | gmm | K=4 DONE
[2026-09-22 17:57:20] REFIT horizon 2m | gaussian_hmm | K=7 START
[2026-09-22 18:07:59] REFIT horizon 2m | gaussian_hmm | K=7 DONE
[2026-09-22 18:07:59] REFIT horizon 2m | student_t_shared | K=7 START
[2026-09-22 18:51:47] REFIT horizon 2m | student_t_shared | K=7 DONE
[2026-09-22 18:51:47] REFIT horizon 2m | student_t_state | K=7 START
[2026-09-22 19:31:10] REFIT horizon 2m | student_t_state | K=7 DONE
[2026-09-22 19:31:10] FOLD 2/2 DONE
