[2026-09-18 06:39:08] START screen_selection | h=1m | gmm | K=2
[2026-09-18 06:39:09] DONE  screen_selection | h=1m | gmm | K=2 | 1.1s
[2026-09-18 06:39:09] START screen_selection | h=1m | gmm | K=3
[2026-09-18 06:39:10] DONE  screen_selection | h=1m | gmm | K=3 | 1.4s
[2026-09-18 06:39:10] START screen_selection | h=1m | gmm | K=4
[2026-09-18 06:39:15] DONE  screen_selection | h=1m | gmm | K=4 | 4.9s
[2026-09-18 06:39:15] START screen_selection | h=1m | gmm | K=5
[2026-09-18 06:39:18] DONE  screen_selection | h=1m | gmm | K=5 | 2.7s
[2026-09-18 06:39:18] START screen_selection | h=1m | gmm | K=6
[2026-09-18 06:39:21] DONE  screen_selection | h=1m | gmm | K=6 | 3.0s
[2026-09-18 06:39:21] START screen_selection | h=1m | gmm | K=7
[2026-09-18 06:39:23] DONE  screen_selection | h=1m | gmm | K=7 | 2.8s
[2026-09-18 06:39:24] START screen_selection | h=1m | gaussian_hmm | K=2 | seed=42
[2026-09-18 06:41:22] DONE  screen_selection | h=1m | gaussian_hmm | K=2 | seed=42 | 118.0s | converged=True
[2026-09-18 06:41:22] START screen_selection | h=1m | gaussian_hmm | K=2 | seed=43
[2026-09-18 06:43:17] DONE  screen_selection | h=1m | gaussian_hmm | K=2 | seed=43 | 115.3s | converged=True
[2026-09-18 06:43:17] START screen_selection | h=1m | gaussian_hmm | K=2 | seed=44
[2026-09-18 06:45:30] DONE  screen_selection | h=1m | gaussian_hmm | K=2 | seed=44 | 133.5s | converged=True
[2026-09-18 06:45:55] START screen_selection | h=1m | gaussian_hmm | K=3 | seed=42
[2026-09-18 06:49:36] DONE  screen_selection | h=1m | gaussian_hmm | K=3 | seed=42 | 221.0s | converged=True
[2026-09-18 06:49:36] START screen_selection | h=1m | gaussian_hmm | K=3 | seed=43
[2026-09-18 06:53:02] DONE  screen_selection | h=1m | gaussian_hmm | K=3 | seed=43 | 206.4s | converged=True
[2026-09-18 06:53:02] START screen_selection | h=1m | gaussian_hmm | K=3 | seed=44
[2026-09-18 06:56:31] DONE  screen_selection | h=1m | gaussian_hmm | K=3 | seed=44 | 209.2s | converged=True
[2026-09-18 06:57:04] START screen_selection | h=1m | gaussian_hmm | K=4 | seed=42
[2026-09-18 07:03:51] DONE  screen_selection | h=1m | gaussian_hmm | K=4 | seed=42 | 407.1s | converged=False
[2026-09-18 07:03:51] START screen_selection | h=1m | gaussian_hmm | K=4 | seed=43
[2026-09-18 07:10:04] DONE  screen_selection | h=1m | gaussian_hmm | K=4 | seed=43 | 373.1s | converged=False
[2026-09-18 07:10:04] START screen_selection | h=1m | gaussian_hmm | K=4 | seed=44
[2026-09-18 07:16:44] DONE  screen_selection | h=1m | gaussian_hmm | K=4 | seed=44 | 399.7s | converged=False
[2026-09-18 07:17:18] START screen_selection | h=1m | gaussian_hmm | K=5 | seed=42
[2026-09-18 07:24:09] DONE  screen_selection | h=1m | gaussian_hmm | K=5 | seed=42 | 411.6s | converged=False
[2026-09-18 07:24:09] START screen_selection | h=1m | gaussian_hmm | K=5 | seed=43
[2026-09-18 07:30:17] DONE  screen_selection | h=1m | gaussian_hmm | K=5 | seed=43 | 367.4s | converged=False
[2026-09-18 07:30:17] START screen_selection | h=1m | gaussian_hmm | K=5 | seed=44
[2026-09-18 07:36:45] DONE  screen_selection | h=1m | gaussian_hmm | K=5 | seed=44 | 387.9s | converged=False
[2026-09-18 07:37:15] START screen_selection | h=1m | gaussian_hmm | K=6 | seed=42
[2026-09-18 07:43:32] DONE  screen_selection | h=1m | gaussian_hmm | K=6 | seed=42 | 376.7s | converged=False
[2026-09-18 07:43:32] START screen_selection | h=1m | gaussian_hmm | K=6 | seed=43
[2026-09-18 07:49:53] DONE  screen_selection | h=1m | gaussian_hmm | K=6 | seed=43 | 381.1s | converged=False
[2026-09-18 07:49:53] START screen_selection | h=1m | gaussian_hmm | K=6 | seed=44
[2026-09-18 07:56:32] DONE  screen_selection | h=1m | gaussian_hmm | K=6 | seed=44 | 398.5s | converged=False
[2026-09-18 07:57:09] START screen_selection | h=1m | gaussian_hmm | K=7 | seed=42
[2026-09-18 08:03:18] DONE  screen_selection | h=1m | gaussian_hmm | K=7 | seed=42 | 368.5s | converged=False
[2026-09-18 08:03:18] START screen_selection | h=1m | gaussian_hmm | K=7 | seed=43
[2026-09-18 08:09:49] DONE  screen_selection | h=1m | gaussian_hmm | K=7 | seed=43 | 391.8s | converged=False
[2026-09-18 08:09:49] START screen_selection | h=1m | gaussian_hmm | K=7 | seed=44
[2026-09-18 08:16:38] DONE  screen_selection | h=1m | gaussian_hmm | K=7 | seed=44 | 408.6s | converged=False
[2026-09-18 08:17:06] START screen_selection | h=2m | gmm | K=2
[2026-09-18 08:17:06] DONE  screen_selection | h=2m | gmm | K=2 | 0.5s
[2026-09-18 08:17:06] START screen_selection | h=2m | gmm | K=3
[2026-09-18 08:17:07] DONE  screen_selection | h=2m | gmm | K=3 | 0.6s
[2026-09-18 08:17:07] START screen_selection | h=2m | gmm | K=4
[2026-09-18 08:17:07] DONE  screen_selection | h=2m | gmm | K=4 | 0.9s
[2026-09-18 08:17:07] START screen_selection | h=2m | gmm | K=5
[2026-09-18 08:17:08] DONE  screen_selection | h=2m | gmm | K=5 | 0.9s
[2026-09-18 08:17:08] START screen_selection | h=2m | gmm | K=6
[2026-09-18 08:17:09] DONE  screen_selection | h=2m | gmm | K=6 | 1.1s
[2026-09-18 08:17:09] START screen_selection | h=2m | gmm | K=7
[2026-09-18 08:17:10] DONE  screen_selection | h=2m | gmm | K=7 | 1.1s
[2026-09-18 08:17:11] START screen_selection | h=2m | gaussian_hmm | K=2 | seed=42
[2026-09-18 08:18:08] DONE  screen_selection | h=2m | gaussian_hmm | K=2 | seed=42 | 57.1s | converged=True
[2026-09-18 08:18:08] START screen_selection | h=2m | gaussian_hmm | K=2 | seed=43
[2026-09-18 08:19:05] DONE  screen_selection | h=2m | gaussian_hmm | K=2 | seed=43 | 57.4s | converged=True
[2026-09-18 08:19:05] START screen_selection | h=2m | gaussian_hmm | K=2 | seed=44
[2026-09-18 08:19:56] DONE  screen_selection | h=2m | gaussian_hmm | K=2 | seed=44 | 50.9s | converged=True
[2026-09-18 08:20:08] START screen_selection | h=2m | gaussian_hmm | K=3 | seed=42
[2026-09-18 08:21:46] DONE  screen_selection | h=2m | gaussian_hmm | K=3 | seed=42 | 97.2s | converged=True
[2026-09-18 08:21:46] START screen_selection | h=2m | gaussian_hmm | K=3 | seed=43
[2026-09-18 08:23:31] DONE  screen_selection | h=2m | gaussian_hmm | K=3 | seed=43 | 105.0s | converged=True
[2026-09-18 08:23:31] START screen_selection | h=2m | gaussian_hmm | K=3 | seed=44
[2026-09-18 08:25:14] DONE  screen_selection | h=2m | gaussian_hmm | K=3 | seed=44 | 103.0s | converged=True
[2026-09-18 08:25:28] START screen_selection | h=2m | gaussian_hmm | K=4 | seed=42
[2026-09-18 08:28:08] DONE  screen_selection | h=2m | gaussian_hmm | K=4 | seed=42 | 159.9s | converged=False
[2026-09-18 08:28:08] START screen_selection | h=2m | gaussian_hmm | K=4 | seed=43
[2026-09-18 08:31:12] DONE  screen_selection | h=2m | gaussian_hmm | K=4 | seed=43 | 184.0s | converged=False
[2026-09-18 08:31:12] START screen_selection | h=2m | gaussian_hmm | K=4 | seed=44
[2026-09-18 08:34:15] DONE  screen_selection | h=2m | gaussian_hmm | K=4 | seed=44 | 183.2s | converged=False
[2026-09-18 08:34:28] START screen_selection | h=2m | gaussian_hmm | K=5 | seed=42
[2026-09-18 08:37:15] DONE  screen_selection | h=2m | gaussian_hmm | K=5 | seed=42 | 167.5s | converged=False
[2026-09-18 08:37:15] START screen_selection | h=2m | gaussian_hmm | K=5 | seed=43
[2026-09-18 08:40:03] DONE  screen_selection | h=2m | gaussian_hmm | K=5 | seed=43 | 167.9s | converged=False
[2026-09-18 08:40:03] START screen_selection | h=2m | gaussian_hmm | K=5 | seed=44
[2026-09-18 08:43:00] DONE  screen_selection | h=2m | gaussian_hmm | K=5 | seed=44 | 176.7s | converged=False
[2026-09-18 08:43:15] START screen_selection | h=2m | gaussian_hmm | K=6 | seed=42
[2026-09-18 08:46:14] DONE  screen_selection | h=2m | gaussian_hmm | K=6 | seed=42 | 178.6s | converged=False
[2026-09-18 08:46:14] START screen_selection | h=2m | gaussian_hmm | K=6 | seed=43
[2026-09-18 08:49:11] DONE  screen_selection | h=2m | gaussian_hmm | K=6 | seed=43 | 177.4s | converged=False
[2026-09-18 08:49:11] START screen_selection | h=2m | gaussian_hmm | K=6 | seed=44
[2026-09-18 08:52:03] DONE  screen_selection | h=2m | gaussian_hmm | K=6 | seed=44 | 171.9s | converged=False
[2026-09-18 08:52:16] START screen_selection | h=2m | gaussian_hmm | K=7 | seed=42
[2026-09-18 08:55:09] DONE  screen_selection | h=2m | gaussian_hmm | K=7 | seed=42 | 172.8s | converged=True
[2026-09-18 08:55:09] START screen_selection | h=2m | gaussian_hmm | K=7 | seed=43
[2026-09-18 08:58:20] DONE  screen_selection | h=2m | gaussian_hmm | K=7 | seed=43 | 191.2s | converged=True
[2026-09-18 08:58:20] START screen_selection | h=2m | gaussian_hmm | K=7 | seed=44
[2026-09-18 09:01:15] DONE  screen_selection | h=2m | gaussian_hmm | K=7 | seed=44 | 174.2s | converged=True
[2026-09-18 09:01:26] START confirm_selection | h=1m | student_t_shared | K=2 | seed=62
[2026-09-18 09:06:31] DONE  confirm_selection | h=1m | student_t_shared | K=2 | seed=62 | 304.2s | converged=True
[2026-09-18 09:06:31] START confirm_selection | h=1m | student_t_shared | K=2 | seed=63
[2026-09-18 09:11:59] DONE  confirm_selection | h=1m | student_t_shared | K=2 | seed=63 | 328.2s | converged=True
[2026-09-18 09:11:59] START confirm_selection | h=1m | student_t_shared | K=2 | seed=64
[2026-09-18 09:17:39] DONE  confirm_selection | h=1m | student_t_shared | K=2 | seed=64 | 340.5s | converged=True
[2026-09-18 09:18:08] START confirm_selection | h=1m | student_t_shared | K=3 | seed=62
[2026-09-18 09:24:54] DONE  confirm_selection | h=1m | student_t_shared | K=3 | seed=62 | 405.5s | converged=True
[2026-09-18 09:24:54] START confirm_selection | h=1m | student_t_shared | K=3 | seed=63
[2026-09-18 09:31:47] DONE  confirm_selection | h=1m | student_t_shared | K=3 | seed=63 | 413.5s | converged=True
[2026-09-18 09:31:47] START confirm_selection | h=1m | student_t_shared | K=3 | seed=64
[2026-09-18 09:38:27] DONE  confirm_selection | h=1m | student_t_shared | K=3 | seed=64 | 399.9s | converged=True
[2026-09-18 09:38:55] START confirm_selection | h=1m | student_t_shared | K=4 | seed=62
[2026-09-18 09:45:39] DONE  confirm_selection | h=1m | student_t_shared | K=4 | seed=62 | 403.7s | converged=True
[2026-09-18 09:45:39] START confirm_selection | h=1m | student_t_shared | K=4 | seed=63
[2026-09-18 09:52:14] DONE  confirm_selection | h=1m | student_t_shared | K=4 | seed=63 | 395.3s | converged=True
[2026-09-18 09:52:14] START confirm_selection | h=1m | student_t_shared | K=4 | seed=64
[2026-09-18 09:58:51] DONE  confirm_selection | h=1m | student_t_shared | K=4 | seed=64 | 397.2s | converged=True
[2026-09-18 09:59:23] START confirm_selection | h=1m | student_t_shared | K=5 | seed=62
[2026-09-18 10:05:40] DONE  confirm_selection | h=1m | student_t_shared | K=5 | seed=62 | 376.1s | converged=True
[2026-09-18 10:05:40] START confirm_selection | h=1m | student_t_shared | K=5 | seed=63
[2026-09-18 10:12:18] DONE  confirm_selection | h=1m | student_t_shared | K=5 | seed=63 | 398.3s | converged=True
[2026-09-18 10:12:18] START confirm_selection | h=1m | student_t_shared | K=5 | seed=64
[2026-09-18 10:18:45] DONE  confirm_selection | h=1m | student_t_shared | K=5 | seed=64 | 387.1s | converged=True
[2026-09-18 10:19:14] START confirm_selection | h=1m | student_t_shared | K=6 | seed=62
[2026-09-18 10:25:52] DONE  confirm_selection | h=1m | student_t_shared | K=6 | seed=62 | 397.8s | converged=True
[2026-09-18 10:25:52] START confirm_selection | h=1m | student_t_shared | K=6 | seed=63
[2026-09-18 10:32:22] DONE  confirm_selection | h=1m | student_t_shared | K=6 | seed=63 | 390.4s | converged=True
[2026-09-18 10:32:22] START confirm_selection | h=1m | student_t_shared | K=6 | seed=64
[2026-09-18 10:38:44] DONE  confirm_selection | h=1m | student_t_shared | K=6 | seed=64 | 381.8s | converged=True
[2026-09-18 10:39:13] START confirm_selection | h=1m | student_t_shared | K=7 | seed=62
[2026-09-18 10:45:21] DONE  confirm_selection | h=1m | student_t_shared | K=7 | seed=62 | 368.3s | converged=True
[2026-09-18 10:45:21] START confirm_selection | h=1m | student_t_shared | K=7 | seed=63
[2026-09-18 10:51:54] DONE  confirm_selection | h=1m | student_t_shared | K=7 | seed=63 | 392.7s | converged=True
[2026-09-18 10:51:54] START confirm_selection | h=1m | student_t_shared | K=7 | seed=64
[2026-09-18 10:58:47] DONE  confirm_selection | h=1m | student_t_shared | K=7 | seed=64 | 413.4s | converged=True
[2026-09-18 10:59:18] START confirm_selection | h=1m | student_t_state | K=2 | seed=62
[2026-09-18 11:06:08] DONE  confirm_selection | h=1m | student_t_state | K=2 | seed=62 | 410.0s | converged=True
[2026-09-18 11:06:08] START confirm_selection | h=1m | student_t_state | K=2 | seed=63
[2026-09-18 11:12:01] DONE  confirm_selection | h=1m | student_t_state | K=2 | seed=63 | 353.8s | converged=True
[2026-09-18 11:12:01] START confirm_selection | h=1m | student_t_state | K=2 | seed=64
[2026-09-18 11:17:45] DONE  confirm_selection | h=1m | student_t_state | K=2 | seed=64 | 343.6s | converged=True
[2026-09-18 11:18:17] START confirm_selection | h=1m | student_t_state | K=3 | seed=62
[2026-09-18 11:24:43] DONE  confirm_selection | h=1m | student_t_state | K=3 | seed=62 | 386.0s | converged=True
[2026-09-18 11:24:43] START confirm_selection | h=1m | student_t_state | K=3 | seed=63
[2026-09-18 11:30:51] DONE  confirm_selection | h=1m | student_t_state | K=3 | seed=63 | 368.5s | converged=True
[2026-09-18 11:30:51] START confirm_selection | h=1m | student_t_state | K=3 | seed=64
[2026-09-18 11:36:57] DONE  confirm_selection | h=1m | student_t_state | K=3 | seed=64 | 365.8s | converged=True
[2026-09-18 11:37:35] START confirm_selection | h=1m | student_t_state | K=4 | seed=62
[2026-09-18 11:43:59] DONE  confirm_selection | h=1m | student_t_state | K=4 | seed=62 | 384.2s | converged=True
[2026-09-18 11:43:59] START confirm_selection | h=1m | student_t_state | K=4 | seed=63
[2026-09-18 11:50:17] DONE  confirm_selection | h=1m | student_t_state | K=4 | seed=63 | 377.7s | converged=True
[2026-09-18 11:50:17] START confirm_selection | h=1m | student_t_state | K=4 | seed=64
[2026-09-18 11:56:25] DONE  confirm_selection | h=1m | student_t_state | K=4 | seed=64 | 367.9s | converged=True
[2026-09-18 11:57:11] START confirm_selection | h=1m | student_t_state | K=5 | seed=62
[2026-09-18 12:03:55] DONE  confirm_selection | h=1m | student_t_state | K=5 | seed=62 | 404.3s | converged=True
[2026-09-18 12:03:55] START confirm_selection | h=1m | student_t_state | K=5 | seed=63
[2026-09-18 12:09:46] DONE  confirm_selection | h=1m | student_t_state | K=5 | seed=63 | 351.2s | converged=True
[2026-09-18 12:09:46] START confirm_selection | h=1m | student_t_state | K=5 | seed=64
[2026-09-18 12:16:06] DONE  confirm_selection | h=1m | student_t_state | K=5 | seed=64 | 380.0s | converged=True
[2026-09-18 12:17:06] START confirm_selection | h=1m | student_t_state | K=6 | seed=62
[2026-09-18 12:23:40] DONE  confirm_selection | h=1m | student_t_state | K=6 | seed=62 | 394.1s | converged=True
[2026-09-18 12:23:40] START confirm_selection | h=1m | student_t_state | K=6 | seed=63
[2026-09-18 12:30:40] DONE  confirm_selection | h=1m | student_t_state | K=6 | seed=63 | 419.4s | converged=True
[2026-09-18 12:30:40] START confirm_selection | h=1m | student_t_state | K=6 | seed=64
[2026-09-18 12:37:00] DONE  confirm_selection | h=1m | student_t_state | K=6 | seed=64 | 380.4s | converged=True
[2026-09-18 12:37:35] START confirm_selection | h=1m | student_t_state | K=7 | seed=62
[2026-09-18 12:43:58] DONE  confirm_selection | h=1m | student_t_state | K=7 | seed=62 | 383.9s | converged=True
[2026-09-18 12:43:58] START confirm_selection | h=1m | student_t_state | K=7 | seed=63
[2026-09-18 12:49:53] DONE  confirm_selection | h=1m | student_t_state | K=7 | seed=63 | 354.5s | converged=False
[2026-09-18 12:49:53] START confirm_selection | h=1m | student_t_state | K=7 | seed=64
[2026-09-18 12:55:57] DONE  confirm_selection | h=1m | student_t_state | K=7 | seed=64 | 364.6s | converged=True
[2026-09-18 12:56:40] START confirm_selection | h=2m | student_t_shared | K=2 | seed=62
[2026-09-18 12:58:29] DONE  confirm_selection | h=2m | student_t_shared | K=2 | seed=62 | 108.2s | converged=True
[2026-09-18 12:58:29] START confirm_selection | h=2m | student_t_shared | K=2 | seed=63
[2026-09-18 13:00:30] DONE  confirm_selection | h=2m | student_t_shared | K=2 | seed=63 | 121.3s | converged=True
[2026-09-18 13:00:30] START confirm_selection | h=2m | student_t_shared | K=2 | seed=64
[2026-09-18 13:02:52] DONE  confirm_selection | h=2m | student_t_shared | K=2 | seed=64 | 142.2s | converged=True
[2026-09-18 13:03:07] START confirm_selection | h=2m | student_t_shared | K=3 | seed=62
[2026-09-18 13:05:57] DONE  confirm_selection | h=2m | student_t_shared | K=3 | seed=62 | 169.5s | converged=True
[2026-09-18 13:05:57] START confirm_selection | h=2m | student_t_shared | K=3 | seed=63
[2026-09-18 13:08:59] DONE  confirm_selection | h=2m | student_t_shared | K=3 | seed=63 | 182.5s | converged=True
[2026-09-18 13:08:59] START confirm_selection | h=2m | student_t_shared | K=3 | seed=64
[2026-09-18 13:11:55] DONE  confirm_selection | h=2m | student_t_shared | K=3 | seed=64 | 176.1s | converged=True
[2026-09-18 13:12:10] START confirm_selection | h=2m | student_t_shared | K=4 | seed=62
[2026-09-18 13:15:15] DONE  confirm_selection | h=2m | student_t_shared | K=4 | seed=62 | 185.0s | converged=False
[2026-09-18 13:15:15] START confirm_selection | h=2m | student_t_shared | K=4 | seed=63
[2026-09-18 13:18:12] DONE  confirm_selection | h=2m | student_t_shared | K=4 | seed=63 | 176.4s | converged=True
[2026-09-18 13:18:12] START confirm_selection | h=2m | student_t_shared | K=4 | seed=64
[2026-09-18 13:21:10] DONE  confirm_selection | h=2m | student_t_shared | K=4 | seed=64 | 178.5s | converged=False
[2026-09-18 13:21:25] START confirm_selection | h=2m | student_t_shared | K=5 | seed=62
[2026-09-18 13:24:21] DONE  confirm_selection | h=2m | student_t_shared | K=5 | seed=62 | 176.5s | converged=False
[2026-09-18 13:24:21] START confirm_selection | h=2m | student_t_shared | K=5 | seed=63
[2026-09-18 13:27:26] DONE  confirm_selection | h=2m | student_t_shared | K=5 | seed=63 | 184.5s | converged=False
[2026-09-18 13:27:26] START confirm_selection | h=2m | student_t_shared | K=5 | seed=64
[2026-09-18 13:30:41] DONE  confirm_selection | h=2m | student_t_shared | K=5 | seed=64 | 195.5s | converged=False
[2026-09-18 13:31:01] START confirm_selection | h=2m | student_t_shared | K=6 | seed=62
[2026-09-18 13:33:52] DONE  confirm_selection | h=2m | student_t_shared | K=6 | seed=62 | 170.8s | converged=False
[2026-09-18 13:33:52] START confirm_selection | h=2m | student_t_shared | K=6 | seed=63
[2026-09-18 13:36:42] DONE  confirm_selection | h=2m | student_t_shared | K=6 | seed=63 | 170.3s | converged=False
[2026-09-18 13:36:42] START confirm_selection | h=2m | student_t_shared | K=6 | seed=64
[2026-09-18 13:39:48] DONE  confirm_selection | h=2m | student_t_shared | K=6 | seed=64 | 185.8s | converged=False
[2026-09-18 13:40:01] START confirm_selection | h=2m | student_t_shared | K=7 | seed=62
[2026-09-18 13:43:11] DONE  confirm_selection | h=2m | student_t_shared | K=7 | seed=62 | 190.7s | converged=False
[2026-09-18 13:43:11] START confirm_selection | h=2m | student_t_shared | K=7 | seed=63
[2026-09-18 13:46:06] DONE  confirm_selection | h=2m | student_t_shared | K=7 | seed=63 | 174.3s | converged=False
[2026-09-18 13:46:06] START confirm_selection | h=2m | student_t_shared | K=7 | seed=64
[2026-09-18 13:49:00] DONE  confirm_selection | h=2m | student_t_shared | K=7 | seed=64 | 174.6s | converged=False
[2026-09-18 13:49:16] START confirm_selection | h=2m | student_t_state | K=2 | seed=62
[2026-09-18 13:52:06] DONE  confirm_selection | h=2m | student_t_state | K=2 | seed=62 | 169.8s | converged=True
[2026-09-18 13:52:06] START confirm_selection | h=2m | student_t_state | K=2 | seed=63
[2026-09-18 13:55:06] DONE  confirm_selection | h=2m | student_t_state | K=2 | seed=63 | 180.2s | converged=True
[2026-09-18 13:55:06] START confirm_selection | h=2m | student_t_state | K=2 | seed=64
[2026-09-18 13:58:00] DONE  confirm_selection | h=2m | student_t_state | K=2 | seed=64 | 174.0s | converged=True
[2026-09-18 13:58:15] START confirm_selection | h=2m | student_t_state | K=3 | seed=62
[2026-09-18 14:01:14] DONE  confirm_selection | h=2m | student_t_state | K=3 | seed=62 | 178.9s | converged=True
[2026-09-18 14:01:14] START confirm_selection | h=2m | student_t_state | K=3 | seed=63
[2026-09-18 14:04:12] DONE  confirm_selection | h=2m | student_t_state | K=3 | seed=63 | 178.1s | converged=True
[2026-09-18 14:04:12] START confirm_selection | h=2m | student_t_state | K=3 | seed=64
[2026-09-18 14:07:02] DONE  confirm_selection | h=2m | student_t_state | K=3 | seed=64 | 170.0s | converged=True
[2026-09-18 14:07:17] START confirm_selection | h=2m | student_t_state | K=4 | seed=62
[2026-09-18 14:10:21] DONE  confirm_selection | h=2m | student_t_state | K=4 | seed=62 | 184.0s | converged=True
[2026-09-18 14:10:21] START confirm_selection | h=2m | student_t_state | K=4 | seed=63
[2026-09-18 14:13:18] DONE  confirm_selection | h=2m | student_t_state | K=4 | seed=63 | 176.8s | converged=False
[2026-09-18 14:13:18] START confirm_selection | h=2m | student_t_state | K=4 | seed=64
[2026-09-18 14:16:16] DONE  confirm_selection | h=2m | student_t_state | K=4 | seed=64 | 178.1s | converged=True
[2026-09-18 14:16:33] START confirm_selection | h=2m | student_t_state | K=5 | seed=62
[2026-09-18 14:19:28] DONE  confirm_selection | h=2m | student_t_state | K=5 | seed=62 | 175.1s | converged=True
[2026-09-18 14:19:28] START confirm_selection | h=2m | student_t_state | K=5 | seed=63
[2026-09-18 14:22:04] DONE  confirm_selection | h=2m | student_t_state | K=5 | seed=63 | 156.5s | converged=True
[2026-09-18 14:22:04] START confirm_selection | h=2m | student_t_state | K=5 | seed=64
[2026-09-18 14:25:06] DONE  confirm_selection | h=2m | student_t_state | K=5 | seed=64 | 181.8s | converged=True
[2026-09-18 14:25:20] START confirm_selection | h=2m | student_t_state | K=6 | seed=62
[2026-09-18 14:28:16] DONE  confirm_selection | h=2m | student_t_state | K=6 | seed=62 | 176.0s | converged=True
[2026-09-18 14:28:16] START confirm_selection | h=2m | student_t_state | K=6 | seed=63
[2026-09-18 14:31:16] DONE  confirm_selection | h=2m | student_t_state | K=6 | seed=63 | 179.5s | converged=True
[2026-09-18 14:31:16] START confirm_selection | h=2m | student_t_state | K=6 | seed=64
[2026-09-18 14:34:27] DONE  confirm_selection | h=2m | student_t_state | K=6 | seed=64 | 191.2s | converged=True
[2026-09-18 14:34:43] START confirm_selection | h=2m | student_t_state | K=7 | seed=62
[2026-09-18 14:37:46] DONE  confirm_selection | h=2m | student_t_state | K=7 | seed=62 | 182.9s | converged=True
[2026-09-18 14:37:46] START confirm_selection | h=2m | student_t_state | K=7 | seed=63
[2026-09-18 14:40:55] DONE  confirm_selection | h=2m | student_t_state | K=7 | seed=63 | 188.9s | converged=True
[2026-09-18 14:40:55] START confirm_selection | h=2m | student_t_state | K=7 | seed=64
[2026-09-18 14:44:04] DONE  confirm_selection | h=2m | student_t_state | K=7 | seed=64 | 189.2s | converged=True
[2026-09-18 14:44:29] START refit | h=1m | gaussian_hmm | K=7 | seed=142
[2026-09-18 15:04:33] DONE  refit | h=1m | gaussian_hmm | K=7 | seed=142 | 1204.4s | converged=True
[2026-09-18 15:04:33] START refit | h=1m | gaussian_hmm | K=7 | seed=143
[2026-09-18 15:24:00] DONE  refit | h=1m | gaussian_hmm | K=7 | seed=143 | 1166.8s | converged=True
[2026-09-18 15:24:00] START refit | h=1m | gaussian_hmm | K=7 | seed=144
[2026-09-18 15:44:21] DONE  refit | h=1m | gaussian_hmm | K=7 | seed=144 | 1220.9s | converged=True
[2026-09-18 15:44:21] START refit | h=1m | gaussian_hmm | K=7 | seed=145
[2026-09-18 16:04:27] DONE  refit | h=1m | gaussian_hmm | K=7 | seed=145 | 1206.1s | converged=True
[2026-09-18 16:04:27] START refit | h=1m | gaussian_hmm | K=7 | seed=146
[2026-09-18 16:24:22] DONE  refit | h=1m | gaussian_hmm | K=7 | seed=146 | 1195.5s | converged=True
[2026-09-18 16:24:51] START refit | h=1m | student_t_shared | K=7 | seed=142
[2026-09-18 16:44:29] DONE  refit | h=1m | student_t_shared | K=7 | seed=142 | 1178.1s | converged=True
[2026-09-18 16:44:29] START refit | h=1m | student_t_shared | K=7 | seed=143
[2026-09-18 17:04:00] DONE  refit | h=1m | student_t_shared | K=7 | seed=143 | 1170.8s | converged=True
[2026-09-18 17:04:00] START refit | h=1m | student_t_shared | K=7 | seed=144
[2026-09-18 17:23:22] DONE  refit | h=1m | student_t_shared | K=7 | seed=144 | 1161.6s | converged=True
[2026-09-18 17:23:22] START refit | h=1m | student_t_shared | K=7 | seed=145
[2026-09-18 17:43:40] DONE  refit | h=1m | student_t_shared | K=7 | seed=145 | 1218.6s | converged=True
[2026-09-18 17:43:40] START refit | h=1m | student_t_shared | K=7 | seed=146
[2026-09-18 18:03:24] DONE  refit | h=1m | student_t_shared | K=7 | seed=146 | 1183.4s | converged=True
[2026-09-18 18:04:08] START refit | h=1m | student_t_state | K=7 | seed=142
[2026-09-18 18:21:26] DONE  refit | h=1m | student_t_state | K=7 | seed=142 | 1037.6s | converged=True
[2026-09-18 18:21:26] START refit | h=1m | student_t_state | K=7 | seed=143
[2026-09-18 18:37:57] DONE  refit | h=1m | student_t_state | K=7 | seed=143 | 991.1s | converged=True
[2026-09-18 18:37:57] START refit | h=1m | student_t_state | K=7 | seed=144
[2026-09-18 18:55:27] DONE  refit | h=1m | student_t_state | K=7 | seed=144 | 1050.0s | converged=True
[2026-09-18 18:55:27] START refit | h=1m | student_t_state | K=7 | seed=145
[2026-09-18 19:12:50] DONE  refit | h=1m | student_t_state | K=7 | seed=145 | 1042.6s | converged=True
[2026-09-18 19:12:50] START refit | h=1m | student_t_state | K=7 | seed=146
[2026-09-18 19:30:02] DONE  refit | h=1m | student_t_state | K=7 | seed=146 | 1032.4s | converged=True
[2026-09-18 19:30:50] START refit | h=2m | gaussian_hmm | K=6 | seed=142
[2026-09-18 19:39:48] DONE  refit | h=2m | gaussian_hmm | K=6 | seed=142 | 537.7s | converged=True
[2026-09-18 19:39:48] START refit | h=2m | gaussian_hmm | K=6 | seed=143
[2026-09-18 19:49:10] DONE  refit | h=2m | gaussian_hmm | K=6 | seed=143 | 561.9s | converged=True
[2026-09-18 19:49:10] START refit | h=2m | gaussian_hmm | K=6 | seed=144
[2026-09-18 19:58:21] DONE  refit | h=2m | gaussian_hmm | K=6 | seed=144 | 550.7s | converged=True
[2026-09-18 19:58:21] START refit | h=2m | gaussian_hmm | K=6 | seed=145
[2026-09-18 20:07:43] DONE  refit | h=2m | gaussian_hmm | K=6 | seed=145 | 562.0s | converged=True
[2026-09-18 20:07:43] START refit | h=2m | gaussian_hmm | K=6 | seed=146
[2026-09-18 20:17:09] DONE  refit | h=2m | gaussian_hmm | K=6 | seed=146 | 566.2s | converged=True
[2026-09-18 20:17:24] START refit | h=2m | student_t_shared | K=7 | seed=142
[2026-09-18 20:27:10] DONE  refit | h=2m | student_t_shared | K=7 | seed=142 | 586.6s | converged=True
[2026-09-18 20:27:10] START refit | h=2m | student_t_shared | K=7 | seed=143
[2026-09-18 20:36:49] DONE  refit | h=2m | student_t_shared | K=7 | seed=143 | 578.3s | converged=True
[2026-09-18 20:36:49] START refit | h=2m | student_t_shared | K=7 | seed=144
[2026-09-18 20:45:59] DONE  refit | h=2m | student_t_shared | K=7 | seed=144 | 549.9s | converged=True
[2026-09-18 20:45:59] START refit | h=2m | student_t_shared | K=7 | seed=145
[2026-09-18 20:55:31] DONE  refit | h=2m | student_t_shared | K=7 | seed=145 | 572.1s | converged=True
[2026-09-18 20:55:31] START refit | h=2m | student_t_shared | K=7 | seed=146
[2026-09-18 21:05:35] DONE  refit | h=2m | student_t_shared | K=7 | seed=146 | 604.2s | converged=True
[2026-09-18 21:05:50] START refit | h=2m | student_t_state | K=7 | seed=142
[2026-09-18 21:15:51] DONE  refit | h=2m | student_t_state | K=7 | seed=142 | 601.0s | converged=True
[2026-09-18 21:15:51] START refit | h=2m | student_t_state | K=7 | seed=143
[2026-09-18 21:25:18] DONE  refit | h=2m | student_t_state | K=7 | seed=143 | 567.5s | converged=True
[2026-09-18 21:25:18] START refit | h=2m | student_t_state | K=7 | seed=144
[2026-09-18 21:34:19] DONE  refit | h=2m | student_t_state | K=7 | seed=144 | 540.9s | converged=True
[2026-09-18 21:34:19] START refit | h=2m | student_t_state | K=7 | seed=145
[2026-09-18 21:44:20] DONE  refit | h=2m | student_t_state | K=7 | seed=145 | 601.3s | converged=True
[2026-09-18 21:44:20] START refit | h=2m | student_t_state | K=7 | seed=146
[2026-09-18 21:54:16] DONE  refit | h=2m | student_t_state | K=7 | seed=146 | 595.5s | converged=True
