[2026-09-17 15:11:42] START screen_selection | h=1m | gmm | K=2
[2026-09-17 15:11:43] DONE  screen_selection | h=1m | gmm | K=2 | 1.1s
[2026-09-17 15:11:43] START screen_selection | h=1m | gmm | K=3
[2026-09-17 15:11:45] DONE  screen_selection | h=1m | gmm | K=3 | 1.2s
[2026-09-17 15:11:45] START screen_selection | h=1m | gmm | K=4
[2026-09-17 15:11:48] DONE  screen_selection | h=1m | gmm | K=4 | 2.8s
[2026-09-17 15:11:48] START screen_selection | h=1m | gmm | K=5
[2026-09-17 15:11:50] DONE  screen_selection | h=1m | gmm | K=5 | 2.1s
[2026-09-17 15:11:50] START screen_selection | h=1m | gmm | K=6
[2026-09-17 15:11:52] DONE  screen_selection | h=1m | gmm | K=6 | 2.4s
[2026-09-17 15:11:52] START screen_selection | h=1m | gmm | K=7
[2026-09-17 15:11:56] DONE  screen_selection | h=1m | gmm | K=7 | 2.4s
[2026-09-17 15:11:56] START screen_selection | h=1m | gaussian_hmm | K=2 | seed=42
[2026-09-17 15:13:43] DONE  screen_selection | h=1m | gaussian_hmm | K=2 | seed=42 | 106.9s | converged=True
[2026-09-17 15:13:43] START screen_selection | h=1m | gaussian_hmm | K=2 | seed=43
[2026-09-17 15:15:45] DONE  screen_selection | h=1m | gaussian_hmm | K=2 | seed=43 | 121.7s | converged=True
[2026-09-17 15:15:45] START screen_selection | h=1m | gaussian_hmm | K=2 | seed=44
[2026-09-17 15:17:36] DONE  screen_selection | h=1m | gaussian_hmm | K=2 | seed=44 | 111.0s | converged=True
[2026-09-17 15:18:01] START screen_selection | h=1m | gaussian_hmm | K=3 | seed=42
[2026-09-17 15:21:39] DONE  screen_selection | h=1m | gaussian_hmm | K=3 | seed=42 | 218.2s | converged=True
[2026-09-17 15:21:39] START screen_selection | h=1m | gaussian_hmm | K=3 | seed=43
[2026-09-17 15:25:07] DONE  screen_selection | h=1m | gaussian_hmm | K=3 | seed=43 | 208.0s | converged=True
[2026-09-17 15:25:07] START screen_selection | h=1m | gaussian_hmm | K=3 | seed=44
[2026-09-17 15:28:44] DONE  screen_selection | h=1m | gaussian_hmm | K=3 | seed=44 | 217.0s | converged=True
[2026-09-17 15:29:09] START screen_selection | h=1m | gaussian_hmm | K=4 | seed=42
[2026-09-17 15:35:29] DONE  screen_selection | h=1m | gaussian_hmm | K=4 | seed=42 | 380.5s | converged=False
[2026-09-17 15:35:29] START screen_selection | h=1m | gaussian_hmm | K=4 | seed=43
[2026-09-17 15:41:47] DONE  screen_selection | h=1m | gaussian_hmm | K=4 | seed=43 | 378.1s | converged=False
[2026-09-17 15:41:47] START screen_selection | h=1m | gaussian_hmm | K=4 | seed=44
[2026-09-17 15:47:56] DONE  screen_selection | h=1m | gaussian_hmm | K=4 | seed=44 | 368.9s | converged=False
[2026-09-17 15:48:22] START screen_selection | h=1m | gaussian_hmm | K=5 | seed=42
[2026-09-17 15:54:38] DONE  screen_selection | h=1m | gaussian_hmm | K=5 | seed=42 | 376.1s | converged=True
[2026-09-17 15:54:38] START screen_selection | h=1m | gaussian_hmm | K=5 | seed=43
[2026-09-17 16:00:39] DONE  screen_selection | h=1m | gaussian_hmm | K=5 | seed=43 | 360.8s | converged=True
[2026-09-17 16:00:39] START screen_selection | h=1m | gaussian_hmm | K=5 | seed=44
[2026-09-17 16:06:50] DONE  screen_selection | h=1m | gaussian_hmm | K=5 | seed=44 | 371.5s | converged=True
[2026-09-17 16:07:13] START screen_selection | h=1m | gaussian_hmm | K=6 | seed=42
[2026-09-17 16:13:06] DONE  screen_selection | h=1m | gaussian_hmm | K=6 | seed=42 | 353.4s | converged=True
[2026-09-17 16:13:06] START screen_selection | h=1m | gaussian_hmm | K=6 | seed=43
[2026-09-17 16:19:13] DONE  screen_selection | h=1m | gaussian_hmm | K=6 | seed=43 | 366.8s | converged=True
[2026-09-17 16:19:13] START screen_selection | h=1m | gaussian_hmm | K=6 | seed=44
[2026-09-17 16:25:15] DONE  screen_selection | h=1m | gaussian_hmm | K=6 | seed=44 | 361.8s | converged=True
[2026-09-17 16:25:39] START screen_selection | h=1m | gaussian_hmm | K=7 | seed=42
[2026-09-17 16:31:47] DONE  screen_selection | h=1m | gaussian_hmm | K=7 | seed=42 | 368.1s | converged=False
[2026-09-17 16:31:47] START screen_selection | h=1m | gaussian_hmm | K=7 | seed=43
[2026-09-17 16:37:55] DONE  screen_selection | h=1m | gaussian_hmm | K=7 | seed=43 | 367.9s | converged=False
[2026-09-17 16:37:55] START screen_selection | h=1m | gaussian_hmm | K=7 | seed=44
[2026-09-17 16:43:48] DONE  screen_selection | h=1m | gaussian_hmm | K=7 | seed=44 | 353.5s | converged=True
[2026-09-17 16:44:15] START screen_selection | h=2m | gmm | K=2
[2026-09-17 16:44:16] DONE  screen_selection | h=2m | gmm | K=2 | 0.4s
[2026-09-17 16:44:16] START screen_selection | h=2m | gmm | K=3
[2026-09-17 16:44:16] DONE  screen_selection | h=2m | gmm | K=3 | 0.6s
[2026-09-17 16:44:16] START screen_selection | h=2m | gmm | K=4
[2026-09-17 16:44:17] DONE  screen_selection | h=2m | gmm | K=4 | 0.9s
[2026-09-17 16:44:17] START screen_selection | h=2m | gmm | K=5
[2026-09-17 16:44:18] DONE  screen_selection | h=2m | gmm | K=5 | 0.9s
[2026-09-17 16:44:18] START screen_selection | h=2m | gmm | K=6
[2026-09-17 16:44:19] DONE  screen_selection | h=2m | gmm | K=6 | 1.0s
[2026-09-17 16:44:19] START screen_selection | h=2m | gmm | K=7
[2026-09-17 16:44:24] DONE  screen_selection | h=2m | gmm | K=7 | 4.3s
[2026-09-17 16:44:24] START screen_selection | h=2m | gaussian_hmm | K=2 | seed=42
[2026-09-17 16:45:27] DONE  screen_selection | h=2m | gaussian_hmm | K=2 | seed=42 | 63.6s | converged=True
[2026-09-17 16:45:27] START screen_selection | h=2m | gaussian_hmm | K=2 | seed=43
[2026-09-17 16:46:16] DONE  screen_selection | h=2m | gaussian_hmm | K=2 | seed=43 | 48.8s | converged=True
[2026-09-17 16:46:16] START screen_selection | h=2m | gaussian_hmm | K=2 | seed=44
[2026-09-17 16:47:12] DONE  screen_selection | h=2m | gaussian_hmm | K=2 | seed=44 | 55.7s | converged=True
[2026-09-17 16:47:23] START screen_selection | h=2m | gaussian_hmm | K=3 | seed=42
[2026-09-17 16:48:56] DONE  screen_selection | h=2m | gaussian_hmm | K=3 | seed=42 | 93.5s | converged=True
[2026-09-17 16:48:56] START screen_selection | h=2m | gaussian_hmm | K=3 | seed=43
[2026-09-17 16:50:27] DONE  screen_selection | h=2m | gaussian_hmm | K=3 | seed=43 | 90.5s | converged=True
[2026-09-17 16:50:27] START screen_selection | h=2m | gaussian_hmm | K=3 | seed=44
[2026-09-17 16:51:57] DONE  screen_selection | h=2m | gaussian_hmm | K=3 | seed=44 | 90.5s | converged=True
[2026-09-17 16:52:10] START screen_selection | h=2m | gaussian_hmm | K=4 | seed=42
[2026-09-17 16:54:59] DONE  screen_selection | h=2m | gaussian_hmm | K=4 | seed=42 | 169.0s | converged=False
[2026-09-17 16:54:59] START screen_selection | h=2m | gaussian_hmm | K=4 | seed=43
[2026-09-17 16:57:40] DONE  screen_selection | h=2m | gaussian_hmm | K=4 | seed=43 | 161.6s | converged=False
[2026-09-17 16:57:40] START screen_selection | h=2m | gaussian_hmm | K=4 | seed=44
[2026-09-17 17:00:26] DONE  screen_selection | h=2m | gaussian_hmm | K=4 | seed=44 | 165.4s | converged=False
[2026-09-17 17:00:39] START screen_selection | h=2m | gaussian_hmm | K=5 | seed=42
[2026-09-17 17:03:12] DONE  screen_selection | h=2m | gaussian_hmm | K=5 | seed=42 | 153.0s | converged=False
[2026-09-17 17:03:12] START screen_selection | h=2m | gaussian_hmm | K=5 | seed=43
[2026-09-17 17:05:46] DONE  screen_selection | h=2m | gaussian_hmm | K=5 | seed=43 | 154.5s | converged=False
[2026-09-17 17:05:46] START screen_selection | h=2m | gaussian_hmm | K=5 | seed=44
[2026-09-17 17:08:20] DONE  screen_selection | h=2m | gaussian_hmm | K=5 | seed=44 | 154.4s | converged=False
[2026-09-17 17:08:33] START screen_selection | h=2m | gaussian_hmm | K=6 | seed=42
[2026-09-17 17:11:27] DONE  screen_selection | h=2m | gaussian_hmm | K=6 | seed=42 | 173.7s | converged=False
[2026-09-17 17:11:27] START screen_selection | h=2m | gaussian_hmm | K=6 | seed=43
[2026-09-17 17:14:08] DONE  screen_selection | h=2m | gaussian_hmm | K=6 | seed=43 | 161.2s | converged=False
[2026-09-17 17:14:08] START screen_selection | h=2m | gaussian_hmm | K=6 | seed=44
[2026-09-17 17:16:43] DONE  screen_selection | h=2m | gaussian_hmm | K=6 | seed=44 | 155.2s | converged=False
[2026-09-17 17:16:56] START screen_selection | h=2m | gaussian_hmm | K=7 | seed=42
[2026-09-17 17:19:32] DONE  screen_selection | h=2m | gaussian_hmm | K=7 | seed=42 | 156.4s | converged=True
[2026-09-17 17:19:32] START screen_selection | h=2m | gaussian_hmm | K=7 | seed=43
[2026-09-17 17:22:14] DONE  screen_selection | h=2m | gaussian_hmm | K=7 | seed=43 | 161.8s | converged=True
[2026-09-17 17:22:14] START screen_selection | h=2m | gaussian_hmm | K=7 | seed=44
[2026-09-17 17:24:50] DONE  screen_selection | h=2m | gaussian_hmm | K=7 | seed=44 | 155.8s | converged=True
[2026-09-17 17:25:05] START confirm_selection | h=1m | student_t_shared | K=2 | seed=62
[2026-09-17 17:30:25] DONE  confirm_selection | h=1m | student_t_shared | K=2 | seed=62 | 320.3s | converged=True
[2026-09-17 17:30:25] START confirm_selection | h=1m | student_t_shared | K=2 | seed=63
[2026-09-17 17:34:59] DONE  confirm_selection | h=1m | student_t_shared | K=2 | seed=63 | 274.0s | converged=True
[2026-09-17 17:34:59] START confirm_selection | h=1m | student_t_shared | K=2 | seed=64
[2026-09-17 17:40:51] DONE  confirm_selection | h=1m | student_t_shared | K=2 | seed=64 | 351.5s | converged=True
[2026-09-17 17:41:16] START confirm_selection | h=1m | student_t_shared | K=3 | seed=62
[2026-09-17 17:47:16] DONE  confirm_selection | h=1m | student_t_shared | K=3 | seed=62 | 359.9s | converged=True
[2026-09-17 17:47:16] START confirm_selection | h=1m | student_t_shared | K=3 | seed=63
[2026-09-17 17:53:25] DONE  confirm_selection | h=1m | student_t_shared | K=3 | seed=63 | 369.7s | converged=True
[2026-09-17 17:53:25] START confirm_selection | h=1m | student_t_shared | K=3 | seed=64
[2026-09-17 17:59:46] DONE  confirm_selection | h=1m | student_t_shared | K=3 | seed=64 | 380.3s | converged=True
[2026-09-17 18:00:13] START confirm_selection | h=1m | student_t_shared | K=4 | seed=62
[2026-09-17 18:06:41] DONE  confirm_selection | h=1m | student_t_shared | K=4 | seed=62 | 387.9s | converged=True
[2026-09-17 18:06:41] START confirm_selection | h=1m | student_t_shared | K=4 | seed=63
[2026-09-17 18:13:11] DONE  confirm_selection | h=1m | student_t_shared | K=4 | seed=63 | 390.1s | converged=True
[2026-09-17 18:13:11] START confirm_selection | h=1m | student_t_shared | K=4 | seed=64
[2026-09-17 18:19:21] DONE  confirm_selection | h=1m | student_t_shared | K=4 | seed=64 | 370.2s | converged=True
[2026-09-17 18:19:46] START confirm_selection | h=1m | student_t_shared | K=5 | seed=62
[2026-09-17 18:25:55] DONE  confirm_selection | h=1m | student_t_shared | K=5 | seed=62 | 369.3s | converged=True
[2026-09-17 18:25:55] START confirm_selection | h=1m | student_t_shared | K=5 | seed=63
[2026-09-17 18:32:02] DONE  confirm_selection | h=1m | student_t_shared | K=5 | seed=63 | 367.1s | converged=True
[2026-09-17 18:32:02] START confirm_selection | h=1m | student_t_shared | K=5 | seed=64
[2026-09-17 18:38:41] DONE  confirm_selection | h=1m | student_t_shared | K=5 | seed=64 | 399.0s | converged=True
[2026-09-17 18:39:09] START confirm_selection | h=1m | student_t_shared | K=6 | seed=62
[2026-09-17 18:45:19] DONE  confirm_selection | h=1m | student_t_shared | K=6 | seed=62 | 370.4s | converged=True
[2026-09-17 18:45:19] START confirm_selection | h=1m | student_t_shared | K=6 | seed=63
[2026-09-17 18:51:29] DONE  confirm_selection | h=1m | student_t_shared | K=6 | seed=63 | 369.7s | converged=True
[2026-09-17 18:51:29] START confirm_selection | h=1m | student_t_shared | K=6 | seed=64
[2026-09-17 18:57:41] DONE  confirm_selection | h=1m | student_t_shared | K=6 | seed=64 | 371.6s | converged=True
[2026-09-17 18:58:08] START confirm_selection | h=1m | student_t_shared | K=7 | seed=62
[2026-09-17 19:04:31] DONE  confirm_selection | h=1m | student_t_shared | K=7 | seed=62 | 383.1s | converged=True
[2026-09-17 19:04:31] START confirm_selection | h=1m | student_t_shared | K=7 | seed=63
[2026-09-17 19:10:49] DONE  confirm_selection | h=1m | student_t_shared | K=7 | seed=63 | 377.6s | converged=True
[2026-09-17 19:10:49] START confirm_selection | h=1m | student_t_shared | K=7 | seed=64
[2026-09-17 19:17:14] DONE  confirm_selection | h=1m | student_t_shared | K=7 | seed=64 | 385.1s | converged=False
[2026-09-17 19:17:41] START confirm_selection | h=1m | student_t_state | K=2 | seed=62
[2026-09-17 19:23:16] DONE  confirm_selection | h=1m | student_t_state | K=2 | seed=62 | 335.6s | converged=True
[2026-09-17 19:23:16] START confirm_selection | h=1m | student_t_state | K=2 | seed=63
[2026-09-17 19:29:17] DONE  confirm_selection | h=1m | student_t_state | K=2 | seed=63 | 361.4s | converged=True
[2026-09-17 19:29:17] START confirm_selection | h=1m | student_t_state | K=2 | seed=64
[2026-09-17 19:34:03] DONE  confirm_selection | h=1m | student_t_state | K=2 | seed=64 | 285.3s | converged=True
[2026-09-17 19:34:33] START confirm_selection | h=1m | student_t_state | K=3 | seed=62
[2026-09-17 19:40:36] DONE  confirm_selection | h=1m | student_t_state | K=3 | seed=62 | 363.0s | converged=True
[2026-09-17 19:40:36] START confirm_selection | h=1m | student_t_state | K=3 | seed=63
[2026-09-17 19:46:52] DONE  confirm_selection | h=1m | student_t_state | K=3 | seed=63 | 375.7s | converged=True
[2026-09-17 19:46:52] START confirm_selection | h=1m | student_t_state | K=3 | seed=64
[2026-09-17 19:53:11] DONE  confirm_selection | h=1m | student_t_state | K=3 | seed=64 | 379.8s | converged=True
[2026-09-17 19:53:44] START confirm_selection | h=1m | student_t_state | K=4 | seed=62
[2026-09-17 20:00:02] DONE  confirm_selection | h=1m | student_t_state | K=4 | seed=62 | 378.7s | converged=True
[2026-09-17 20:00:02] START confirm_selection | h=1m | student_t_state | K=4 | seed=63
[2026-09-17 20:06:13] DONE  confirm_selection | h=1m | student_t_state | K=4 | seed=63 | 371.0s | converged=True
[2026-09-17 20:06:13] START confirm_selection | h=1m | student_t_state | K=4 | seed=64
[2026-09-17 20:12:41] DONE  confirm_selection | h=1m | student_t_state | K=4 | seed=64 | 387.3s | converged=True
[2026-09-17 20:13:06] START confirm_selection | h=1m | student_t_state | K=5 | seed=62
[2026-09-17 20:19:21] DONE  confirm_selection | h=1m | student_t_state | K=5 | seed=62 | 375.2s | converged=True
[2026-09-17 20:19:21] START confirm_selection | h=1m | student_t_state | K=5 | seed=63
[2026-09-17 20:25:23] DONE  confirm_selection | h=1m | student_t_state | K=5 | seed=63 | 361.5s | converged=True
[2026-09-17 20:25:23] START confirm_selection | h=1m | student_t_state | K=5 | seed=64
[2026-09-17 20:31:29] DONE  confirm_selection | h=1m | student_t_state | K=5 | seed=64 | 366.1s | converged=True
[2026-09-17 20:31:54] START confirm_selection | h=1m | student_t_state | K=6 | seed=62
[2026-09-17 20:38:14] DONE  confirm_selection | h=1m | student_t_state | K=6 | seed=62 | 380.2s | converged=True
[2026-09-17 20:38:14] START confirm_selection | h=1m | student_t_state | K=6 | seed=63
[2026-09-17 20:44:37] DONE  confirm_selection | h=1m | student_t_state | K=6 | seed=63 | 383.3s | converged=True
[2026-09-17 20:44:37] START confirm_selection | h=1m | student_t_state | K=6 | seed=64
[2026-09-17 20:50:51] DONE  confirm_selection | h=1m | student_t_state | K=6 | seed=64 | 374.1s | converged=True
[2026-09-17 20:51:16] START confirm_selection | h=1m | student_t_state | K=7 | seed=62
[2026-09-17 20:57:15] DONE  confirm_selection | h=1m | student_t_state | K=7 | seed=62 | 359.0s | converged=True
[2026-09-17 20:57:15] START confirm_selection | h=1m | student_t_state | K=7 | seed=63
[2026-09-17 21:03:02] DONE  confirm_selection | h=1m | student_t_state | K=7 | seed=63 | 346.7s | converged=True
[2026-09-17 21:03:02] START confirm_selection | h=1m | student_t_state | K=7 | seed=64
[2026-09-17 21:09:05] DONE  confirm_selection | h=1m | student_t_state | K=7 | seed=64 | 362.8s | converged=False
[2026-09-17 21:09:30] START confirm_selection | h=2m | student_t_shared | K=2 | seed=62
[2026-09-17 21:11:14] DONE  confirm_selection | h=2m | student_t_shared | K=2 | seed=62 | 104.4s | converged=True
[2026-09-17 21:11:14] START confirm_selection | h=2m | student_t_shared | K=2 | seed=63
[2026-09-17 21:13:29] DONE  confirm_selection | h=2m | student_t_shared | K=2 | seed=63 | 134.7s | converged=True
[2026-09-17 21:13:29] START confirm_selection | h=2m | student_t_shared | K=2 | seed=64
[2026-09-17 21:15:13] DONE  confirm_selection | h=2m | student_t_shared | K=2 | seed=64 | 103.5s | converged=True
[2026-09-17 21:15:26] START confirm_selection | h=2m | student_t_shared | K=3 | seed=62
[2026-09-17 21:18:03] DONE  confirm_selection | h=2m | student_t_shared | K=3 | seed=62 | 157.5s | converged=False
[2026-09-17 21:18:03] START confirm_selection | h=2m | student_t_shared | K=3 | seed=63
[2026-09-17 21:20:50] DONE  confirm_selection | h=2m | student_t_shared | K=3 | seed=63 | 167.1s | converged=False
[2026-09-17 21:20:50] START confirm_selection | h=2m | student_t_shared | K=3 | seed=64
[2026-09-17 21:23:42] DONE  confirm_selection | h=2m | student_t_shared | K=3 | seed=64 | 171.3s | converged=False
[2026-09-17 21:23:55] START confirm_selection | h=2m | student_t_shared | K=4 | seed=62
[2026-09-17 21:26:51] DONE  confirm_selection | h=2m | student_t_shared | K=4 | seed=62 | 176.4s | converged=False
[2026-09-17 21:26:51] START confirm_selection | h=2m | student_t_shared | K=4 | seed=63
[2026-09-17 21:29:43] DONE  confirm_selection | h=2m | student_t_shared | K=4 | seed=63 | 172.3s | converged=False
[2026-09-17 21:29:43] START confirm_selection | h=2m | student_t_shared | K=4 | seed=64
[2026-09-17 21:32:42] DONE  confirm_selection | h=2m | student_t_shared | K=4 | seed=64 | 178.5s | converged=True
[2026-09-17 21:32:58] START confirm_selection | h=2m | student_t_shared | K=5 | seed=62
[2026-09-17 21:35:35] DONE  confirm_selection | h=2m | student_t_shared | K=5 | seed=62 | 156.9s | converged=False
[2026-09-17 21:35:35] START confirm_selection | h=2m | student_t_shared | K=5 | seed=63
[2026-09-17 21:38:08] DONE  confirm_selection | h=2m | student_t_shared | K=5 | seed=63 | 153.1s | converged=False
[2026-09-17 21:38:08] START confirm_selection | h=2m | student_t_shared | K=5 | seed=64
[2026-09-17 21:40:52] DONE  confirm_selection | h=2m | student_t_shared | K=5 | seed=64 | 164.2s | converged=False
[2026-09-17 21:41:05] START confirm_selection | h=2m | student_t_shared | K=6 | seed=62
[2026-09-17 21:43:41] DONE  confirm_selection | h=2m | student_t_shared | K=6 | seed=62 | 155.8s | converged=False
[2026-09-17 21:43:41] START confirm_selection | h=2m | student_t_shared | K=6 | seed=63
[2026-09-17 21:46:35] DONE  confirm_selection | h=2m | student_t_shared | K=6 | seed=63 | 174.1s | converged=False
[2026-09-17 21:46:35] START confirm_selection | h=2m | student_t_shared | K=6 | seed=64
[2026-09-17 21:49:29] DONE  confirm_selection | h=2m | student_t_shared | K=6 | seed=64 | 173.5s | converged=False
[2026-09-17 21:49:41] START confirm_selection | h=2m | student_t_shared | K=7 | seed=62
[2026-09-18 02:26:37] CACHE confirm_selection | h=2m | student_t_shared | K=2 | seed=62
[2026-09-18 02:26:37] CACHE confirm_selection | h=2m | student_t_shared | K=2 | seed=63
[2026-09-18 02:26:37] CACHE confirm_selection | h=2m | student_t_shared | K=2 | seed=64
[2026-09-18 02:26:49] CACHE confirm_selection | h=2m | student_t_shared | K=3 | seed=62
[2026-09-18 02:26:49] CACHE confirm_selection | h=2m | student_t_shared | K=3 | seed=63
[2026-09-18 02:26:49] CACHE confirm_selection | h=2m | student_t_shared | K=3 | seed=64
[2026-09-18 02:27:04] CACHE confirm_selection | h=2m | student_t_shared | K=4 | seed=62
[2026-09-18 02:27:04] CACHE confirm_selection | h=2m | student_t_shared | K=4 | seed=63
[2026-09-18 02:27:04] CACHE confirm_selection | h=2m | student_t_shared | K=4 | seed=64
[2026-09-18 02:27:17] CACHE confirm_selection | h=2m | student_t_shared | K=5 | seed=62
[2026-09-18 02:27:17] CACHE confirm_selection | h=2m | student_t_shared | K=5 | seed=63
[2026-09-18 02:27:17] CACHE confirm_selection | h=2m | student_t_shared | K=5 | seed=64
[2026-09-18 02:27:30] CACHE confirm_selection | h=2m | student_t_shared | K=6 | seed=62
[2026-09-18 02:27:30] CACHE confirm_selection | h=2m | student_t_shared | K=6 | seed=63
[2026-09-18 02:27:30] CACHE confirm_selection | h=2m | student_t_shared | K=6 | seed=64
[2026-09-18 02:27:43] START confirm_selection | h=2m | student_t_shared | K=7 | seed=62
[2026-09-18 02:30:41] DONE  confirm_selection | h=2m | student_t_shared | K=7 | seed=62 | 178.5s | converged=False
[2026-09-18 02:30:41] START confirm_selection | h=2m | student_t_shared | K=7 | seed=63
[2026-09-18 02:33:42] DONE  confirm_selection | h=2m | student_t_shared | K=7 | seed=63 | 180.8s | converged=False
[2026-09-18 02:33:42] START confirm_selection | h=2m | student_t_shared | K=7 | seed=64
[2026-09-18 02:36:34] DONE  confirm_selection | h=2m | student_t_shared | K=7 | seed=64 | 171.6s | converged=False
[2026-09-18 02:36:47] START confirm_selection | h=2m | student_t_state | K=2 | seed=62
[2026-09-18 02:39:37] DONE  confirm_selection | h=2m | student_t_state | K=2 | seed=62 | 169.5s | converged=True
[2026-09-18 02:39:37] START confirm_selection | h=2m | student_t_state | K=2 | seed=63
[2026-09-18 02:42:41] DONE  confirm_selection | h=2m | student_t_state | K=2 | seed=63 | 184.3s | converged=True
[2026-09-18 02:42:41] START confirm_selection | h=2m | student_t_state | K=2 | seed=64
[2026-09-18 02:45:21] DONE  confirm_selection | h=2m | student_t_state | K=2 | seed=64 | 160.5s | converged=True
[2026-09-18 02:45:49] START confirm_selection | h=2m | student_t_state | K=3 | seed=62
[2026-09-18 02:48:36] DONE  confirm_selection | h=2m | student_t_state | K=3 | seed=62 | 167.3s | converged=True
[2026-09-18 02:48:36] START confirm_selection | h=2m | student_t_state | K=3 | seed=63
[2026-09-18 02:51:28] DONE  confirm_selection | h=2m | student_t_state | K=3 | seed=63 | 171.5s | converged=True
[2026-09-18 02:51:28] START confirm_selection | h=2m | student_t_state | K=3 | seed=64
[2026-09-18 02:54:23] DONE  confirm_selection | h=2m | student_t_state | K=3 | seed=64 | 175.3s | converged=True
[2026-09-18 02:54:39] START confirm_selection | h=2m | student_t_state | K=4 | seed=62
[2026-09-18 02:57:20] DONE  confirm_selection | h=2m | student_t_state | K=4 | seed=62 | 160.8s | converged=True
[2026-09-18 02:57:20] START confirm_selection | h=2m | student_t_state | K=4 | seed=63
[2026-09-18 03:00:07] DONE  confirm_selection | h=2m | student_t_state | K=4 | seed=63 | 167.3s | converged=True
[2026-09-18 03:00:07] START confirm_selection | h=2m | student_t_state | K=4 | seed=64
[2026-09-18 03:03:13] DONE  confirm_selection | h=2m | student_t_state | K=4 | seed=64 | 185.9s | converged=True
[2026-09-18 03:03:32] START confirm_selection | h=2m | student_t_state | K=5 | seed=62
[2026-09-18 03:06:19] DONE  confirm_selection | h=2m | student_t_state | K=5 | seed=62 | 167.5s | converged=True
[2026-09-18 03:06:19] START confirm_selection | h=2m | student_t_state | K=5 | seed=63
[2026-09-18 03:08:58] DONE  confirm_selection | h=2m | student_t_state | K=5 | seed=63 | 158.6s | converged=True
[2026-09-18 03:08:58] START confirm_selection | h=2m | student_t_state | K=5 | seed=64
[2026-09-18 03:12:00] DONE  confirm_selection | h=2m | student_t_state | K=5 | seed=64 | 182.0s | converged=True
[2026-09-18 03:12:19] START confirm_selection | h=2m | student_t_state | K=6 | seed=62
[2026-09-18 03:15:06] DONE  confirm_selection | h=2m | student_t_state | K=6 | seed=62 | 167.2s | converged=True
[2026-09-18 03:15:06] START confirm_selection | h=2m | student_t_state | K=6 | seed=63
[2026-09-18 03:17:53] DONE  confirm_selection | h=2m | student_t_state | K=6 | seed=63 | 166.4s | converged=True
[2026-09-18 03:17:53] START confirm_selection | h=2m | student_t_state | K=6 | seed=64
[2026-09-18 03:20:57] DONE  confirm_selection | h=2m | student_t_state | K=6 | seed=64 | 184.1s | converged=True
[2026-09-18 03:21:10] START confirm_selection | h=2m | student_t_state | K=7 | seed=62
[2026-09-18 03:23:51] DONE  confirm_selection | h=2m | student_t_state | K=7 | seed=62 | 160.6s | converged=True
[2026-09-18 03:23:51] START confirm_selection | h=2m | student_t_state | K=7 | seed=63
[2026-09-18 03:26:45] DONE  confirm_selection | h=2m | student_t_state | K=7 | seed=63 | 174.7s | converged=True
[2026-09-18 03:26:45] START confirm_selection | h=2m | student_t_state | K=7 | seed=64
[2026-09-18 03:29:40] DONE  confirm_selection | h=2m | student_t_state | K=7 | seed=64 | 174.5s | converged=True
[2026-09-18 03:30:05] START refit | h=1m | gaussian_hmm | K=7 | seed=142
[2026-09-18 03:52:08] DONE  refit | h=1m | gaussian_hmm | K=7 | seed=142 | 1323.0s | converged=True
[2026-09-18 03:52:08] START refit | h=1m | gaussian_hmm | K=7 | seed=143
[2026-09-18 04:14:26] DONE  refit | h=1m | gaussian_hmm | K=7 | seed=143 | 1338.0s | converged=True
[2026-09-18 04:14:26] START refit | h=1m | gaussian_hmm | K=7 | seed=144
[2026-09-18 04:36:33] DONE  refit | h=1m | gaussian_hmm | K=7 | seed=144 | 1327.4s | converged=True
[2026-09-18 04:36:33] START refit | h=1m | gaussian_hmm | K=7 | seed=145
[2026-09-18 04:57:31] DONE  refit | h=1m | gaussian_hmm | K=7 | seed=145 | 1258.0s | converged=True
[2026-09-18 04:57:31] START refit | h=1m | gaussian_hmm | K=7 | seed=146
[2026-09-18 05:18:51] DONE  refit | h=1m | gaussian_hmm | K=7 | seed=146 | 1280.2s | converged=True
[2026-09-18 05:19:31] START refit | h=1m | student_t_shared | K=7 | seed=142
[2026-09-18 05:41:41] DONE  refit | h=1m | student_t_shared | K=7 | seed=142 | 1330.1s | converged=True
[2026-09-18 05:41:41] START refit | h=1m | student_t_shared | K=7 | seed=143
[2026-09-18 06:03:38] DONE  refit | h=1m | student_t_shared | K=7 | seed=143 | 1317.2s | converged=True
[2026-09-18 06:03:38] START refit | h=1m | student_t_shared | K=7 | seed=144
[2026-09-18 06:25:24] DONE  refit | h=1m | student_t_shared | K=7 | seed=144 | 1306.2s | converged=True
[2026-09-18 06:25:24] START refit | h=1m | student_t_shared | K=7 | seed=145
[2026-09-18 06:47:07] DONE  refit | h=1m | student_t_shared | K=7 | seed=145 | 1302.8s | converged=True
[2026-09-18 06:47:07] START refit | h=1m | student_t_shared | K=7 | seed=146
[2026-09-18 07:09:08] DONE  refit | h=1m | student_t_shared | K=7 | seed=146 | 1320.7s | converged=True
[2026-09-18 07:09:56] START refit | h=1m | student_t_state | K=7 | seed=142
[2026-09-18 07:32:14] DONE  refit | h=1m | student_t_state | K=7 | seed=142 | 1337.7s | converged=True
[2026-09-18 07:32:14] START refit | h=1m | student_t_state | K=7 | seed=143
[2026-09-18 07:54:05] DONE  refit | h=1m | student_t_state | K=7 | seed=143 | 1310.8s | converged=True
[2026-09-18 07:54:05] START refit | h=1m | student_t_state | K=7 | seed=144
[2026-09-18 08:15:13] DONE  refit | h=1m | student_t_state | K=7 | seed=144 | 1268.3s | converged=True
[2026-09-18 08:15:13] START refit | h=1m | student_t_state | K=7 | seed=145
[2026-09-18 08:33:45] DONE  refit | h=1m | student_t_state | K=7 | seed=145 | 1112.1s | converged=True
[2026-09-18 08:33:45] START refit | h=1m | student_t_state | K=7 | seed=146
[2026-09-18 08:52:04] DONE  refit | h=1m | student_t_state | K=7 | seed=146 | 1099.1s | converged=True
[2026-09-18 08:52:42] START refit | h=2m | gaussian_hmm | K=7 | seed=142
[2026-09-18 09:02:05] DONE  refit | h=2m | gaussian_hmm | K=7 | seed=142 | 562.7s | converged=True
[2026-09-18 09:02:05] START refit | h=2m | gaussian_hmm | K=7 | seed=143
[2026-09-18 09:11:56] DONE  refit | h=2m | gaussian_hmm | K=7 | seed=143 | 591.8s | converged=True
[2026-09-18 09:11:56] START refit | h=2m | gaussian_hmm | K=7 | seed=144
[2026-09-18 09:21:44] DONE  refit | h=2m | gaussian_hmm | K=7 | seed=144 | 587.4s | converged=True
[2026-09-18 09:21:44] START refit | h=2m | gaussian_hmm | K=7 | seed=145
[2026-09-18 09:31:39] DONE  refit | h=2m | gaussian_hmm | K=7 | seed=145 | 594.8s | converged=True
[2026-09-18 09:31:39] START refit | h=2m | gaussian_hmm | K=7 | seed=146
[2026-09-18 09:41:13] DONE  refit | h=2m | gaussian_hmm | K=7 | seed=146 | 574.2s | converged=True
[2026-09-18 09:41:28] START refit | h=2m | student_t_shared | K=7 | seed=142
[2026-09-18 09:51:15] DONE  refit | h=2m | student_t_shared | K=7 | seed=142 | 586.2s | converged=True
[2026-09-18 09:51:15] START refit | h=2m | student_t_shared | K=7 | seed=143
[2026-09-18 10:01:01] DONE  refit | h=2m | student_t_shared | K=7 | seed=143 | 586.7s | converged=True
[2026-09-18 10:01:01] START refit | h=2m | student_t_shared | K=7 | seed=144
[2026-09-18 10:11:02] DONE  refit | h=2m | student_t_shared | K=7 | seed=144 | 600.6s | converged=True
[2026-09-18 10:11:02] START refit | h=2m | student_t_shared | K=7 | seed=145
[2026-09-18 10:21:06] DONE  refit | h=2m | student_t_shared | K=7 | seed=145 | 604.4s | converged=True
[2026-09-18 10:21:06] START refit | h=2m | student_t_shared | K=7 | seed=146
[2026-09-18 10:31:06] DONE  refit | h=2m | student_t_shared | K=7 | seed=146 | 599.8s | converged=True
[2026-09-18 10:31:23] START refit | h=2m | student_t_state | K=7 | seed=142
[2026-09-18 10:41:06] DONE  refit | h=2m | student_t_state | K=7 | seed=142 | 582.6s | converged=True
[2026-09-18 10:41:06] START refit | h=2m | student_t_state | K=7 | seed=143
[2026-09-18 10:50:57] DONE  refit | h=2m | student_t_state | K=7 | seed=143 | 591.3s | converged=True
[2026-09-18 10:50:57] START refit | h=2m | student_t_state | K=7 | seed=144
[2026-09-18 11:00:42] DONE  refit | h=2m | student_t_state | K=7 | seed=144 | 585.1s | converged=True
[2026-09-18 11:00:42] START refit | h=2m | student_t_state | K=7 | seed=145
[2026-09-18 11:10:35] DONE  refit | h=2m | student_t_state | K=7 | seed=145 | 592.6s | converged=True
[2026-09-18 11:10:35] START refit | h=2m | student_t_state | K=7 | seed=146
[2026-09-18 11:20:28] DONE  refit | h=2m | student_t_state | K=7 | seed=146 | 593.2s | converged=True
